Copyright 1986-2022 Xilinx, Inc. All Rights Reserved. Copyright 2022-2026 Advanced Micro Devices, Inc. All Rights Reserved.
-------------------------------------------------------------------------------------------------------------------------------------------------
| Tool Version : Vivado v.2026.1 (win64) Build 6511674 Tue Jun 16 11:02:23 MDT 2026
| Date         : Tue Sep 15 02:11:43 2026
| Host         : RAW2332 running 64-bit major release  (build 9200)
| Command      : check_timing -verbose -file D:/WORKBUDDY/STEM/npu-stem-repo/hardware/reports/vivado_2026_1/npu_conv2d_pipeline/check_timing.rpt
| Design       : npu_conv2d_pipeline
| Device       : 7z020-clg400
| Speed File   : -1  PRODUCTION 1.12 2019-11-22
| Design State : Synthesized
-------------------------------------------------------------------------------------------------------------------------------------------------


check_timing report

Table of Contents
-----------------
1. checking no_clock (0)
2. checking constant_clock (0)
3. checking pulse_width_clock (0)
4. checking unconstrained_internal_endpoints (0)
5. checking no_input_delay (975)
6. checking no_output_delay (245)
7. checking multiple_clock (0)
8. checking generated_clocks (0)
9. checking loops (0)
10. checking partial_input_delay (0)
11. checking partial_output_delay (0)
12. checking latch_loops (0)

1. checking no_clock (0)
------------------------
 There are 0 register/latch pins with no clock.


2. checking constant_clock (0)
------------------------------
 There are 0 register/latch pins with constant_clock.


3. checking pulse_width_clock (0)
---------------------------------
 There are 0 register/latch pins which need pulse_width check


4. checking unconstrained_internal_endpoints (0)
------------------------------------------------
 There are 0 pins that are not constrained for maximum delay.

 There are 0 pins that are not constrained for maximum delay due to constant clock.


5. checking no_input_delay (975)
--------------------------------
 There are 975 input ports with no input delay specified. (HIGH)

activation_bank_i
activation_read_data_i[0]
activation_read_data_i[100]
activation_read_data_i[101]
activation_read_data_i[102]
activation_read_data_i[103]
activation_read_data_i[104]
activation_read_data_i[105]
activation_read_data_i[106]
activation_read_data_i[107]
activation_read_data_i[108]
activation_read_data_i[109]
activation_read_data_i[10]
activation_read_data_i[110]
activation_read_data_i[111]
activation_read_data_i[112]
activation_read_data_i[113]
activation_read_data_i[114]
activation_read_data_i[115]
activation_read_data_i[116]
activation_read_data_i[117]
activation_read_data_i[118]
activation_read_data_i[119]
activation_read_data_i[11]
activation_read_data_i[120]
activation_read_data_i[121]
activation_read_data_i[122]
activation_read_data_i[123]
activation_read_data_i[124]
activation_read_data_i[125]
activation_read_data_i[126]
activation_read_data_i[127]
activation_read_data_i[12]
activation_read_data_i[13]
activation_read_data_i[14]
activation_read_data_i[15]
activation_read_data_i[16]
activation_read_data_i[17]
activation_read_data_i[18]
activation_read_data_i[19]
activation_read_data_i[1]
activation_read_data_i[20]
activation_read_data_i[21]
activation_read_data_i[22]
activation_read_data_i[23]
activation_read_data_i[24]
activation_read_data_i[25]
activation_read_data_i[26]
activation_read_data_i[27]
activation_read_data_i[28]
activation_read_data_i[29]
activation_read_data_i[2]
activation_read_data_i[30]
activation_read_data_i[31]
activation_read_data_i[32]
activation_read_data_i[33]
activation_read_data_i[34]
activation_read_data_i[35]
activation_read_data_i[36]
activation_read_data_i[37]
activation_read_data_i[38]
activation_read_data_i[39]
activation_read_data_i[3]
activation_read_data_i[40]
activation_read_data_i[41]
activation_read_data_i[42]
activation_read_data_i[43]
activation_read_data_i[44]
activation_read_data_i[45]
activation_read_data_i[46]
activation_read_data_i[47]
activation_read_data_i[48]
activation_read_data_i[49]
activation_read_data_i[4]
activation_read_data_i[50]
activation_read_data_i[51]
activation_read_data_i[52]
activation_read_data_i[53]
activation_read_data_i[54]
activation_read_data_i[55]
activation_read_data_i[56]
activation_read_data_i[57]
activation_read_data_i[58]
activation_read_data_i[59]
activation_read_data_i[5]
activation_read_data_i[60]
activation_read_data_i[61]
activation_read_data_i[62]
activation_read_data_i[63]
activation_read_data_i[64]
activation_read_data_i[65]
activation_read_data_i[66]
activation_read_data_i[67]
activation_read_data_i[68]
activation_read_data_i[69]
activation_read_data_i[6]
activation_read_data_i[70]
activation_read_data_i[71]
activation_read_data_i[72]
activation_read_data_i[73]
activation_read_data_i[74]
activation_read_data_i[75]
activation_read_data_i[76]
activation_read_data_i[77]
activation_read_data_i[78]
activation_read_data_i[79]
activation_read_data_i[7]
activation_read_data_i[80]
activation_read_data_i[81]
activation_read_data_i[82]
activation_read_data_i[83]
activation_read_data_i[84]
activation_read_data_i[85]
activation_read_data_i[86]
activation_read_data_i[87]
activation_read_data_i[88]
activation_read_data_i[89]
activation_read_data_i[8]
activation_read_data_i[90]
activation_read_data_i[91]
activation_read_data_i[92]
activation_read_data_i[93]
activation_read_data_i[94]
activation_read_data_i[95]
activation_read_data_i[96]
activation_read_data_i[97]
activation_read_data_i[98]
activation_read_data_i[99]
activation_read_data_i[9]
activation_request_ready_i
activation_response_valid_i
completion_event_i[0]
completion_event_i[1]
completion_event_i[2]
completion_event_i[3]
completion_event_i[4]
completion_event_i[5]
completion_event_i[6]
completion_event_i[7]
lut_write_address_i[0]
lut_write_address_i[10]
lut_write_address_i[11]
lut_write_address_i[1]
lut_write_address_i[2]
lut_write_address_i[3]
lut_write_address_i[4]
lut_write_address_i[5]
lut_write_address_i[6]
lut_write_address_i[7]
lut_write_address_i[8]
lut_write_address_i[9]
lut_write_data_i[0]
lut_write_data_i[10]
lut_write_data_i[11]
lut_write_data_i[12]
lut_write_data_i[13]
lut_write_data_i[14]
lut_write_data_i[15]
lut_write_data_i[1]
lut_write_data_i[2]
lut_write_data_i[3]
lut_write_data_i[4]
lut_write_data_i[5]
lut_write_data_i[6]
lut_write_data_i[7]
lut_write_data_i[8]
lut_write_data_i[9]
lut_write_valid_i
operator_desc_bits_i[100]
operator_desc_bits_i[101]
operator_desc_bits_i[102]
operator_desc_bits_i[103]
operator_desc_bits_i[104]
operator_desc_bits_i[105]
operator_desc_bits_i[106]
operator_desc_bits_i[107]
operator_desc_bits_i[108]
operator_desc_bits_i[109]
operator_desc_bits_i[110]
operator_desc_bits_i[111]
operator_desc_bits_i[112]
operator_desc_bits_i[113]
operator_desc_bits_i[114]
operator_desc_bits_i[115]
operator_desc_bits_i[116]
operator_desc_bits_i[117]
operator_desc_bits_i[118]
operator_desc_bits_i[119]
operator_desc_bits_i[120]
operator_desc_bits_i[121]
operator_desc_bits_i[122]
operator_desc_bits_i[123]
operator_desc_bits_i[124]
operator_desc_bits_i[125]
operator_desc_bits_i[126]
operator_desc_bits_i[127]
operator_desc_bits_i[128]
operator_desc_bits_i[129]
operator_desc_bits_i[130]
operator_desc_bits_i[131]
operator_desc_bits_i[132]
operator_desc_bits_i[133]
operator_desc_bits_i[134]
operator_desc_bits_i[135]
operator_desc_bits_i[136]
operator_desc_bits_i[137]
operator_desc_bits_i[138]
operator_desc_bits_i[139]
operator_desc_bits_i[140]
operator_desc_bits_i[141]
operator_desc_bits_i[142]
operator_desc_bits_i[143]
operator_desc_bits_i[144]
operator_desc_bits_i[145]
operator_desc_bits_i[146]
operator_desc_bits_i[147]
operator_desc_bits_i[148]
operator_desc_bits_i[149]
operator_desc_bits_i[150]
operator_desc_bits_i[151]
operator_desc_bits_i[152]
operator_desc_bits_i[153]
operator_desc_bits_i[154]
operator_desc_bits_i[155]
operator_desc_bits_i[156]
operator_desc_bits_i[157]
operator_desc_bits_i[158]
operator_desc_bits_i[159]
operator_desc_bits_i[224]
operator_desc_bits_i[225]
operator_desc_bits_i[226]
operator_desc_bits_i[227]
operator_desc_bits_i[228]
operator_desc_bits_i[229]
operator_desc_bits_i[230]
operator_desc_bits_i[231]
operator_desc_bits_i[232]
operator_desc_bits_i[233]
operator_desc_bits_i[234]
operator_desc_bits_i[235]
operator_desc_bits_i[236]
operator_desc_bits_i[237]
operator_desc_bits_i[238]
operator_desc_bits_i[239]
operator_desc_bits_i[240]
operator_desc_bits_i[241]
operator_desc_bits_i[242]
operator_desc_bits_i[243]
operator_desc_bits_i[244]
operator_desc_bits_i[245]
operator_desc_bits_i[246]
operator_desc_bits_i[247]
operator_desc_bits_i[248]
operator_desc_bits_i[249]
operator_desc_bits_i[250]
operator_desc_bits_i[251]
operator_desc_bits_i[252]
operator_desc_bits_i[253]
operator_desc_bits_i[254]
operator_desc_bits_i[255]
operator_desc_bits_i[352]
operator_desc_bits_i[353]
operator_desc_bits_i[354]
operator_desc_bits_i[355]
operator_desc_bits_i[356]
operator_desc_bits_i[357]
operator_desc_bits_i[358]
operator_desc_bits_i[359]
operator_desc_bits_i[360]
operator_desc_bits_i[361]
operator_desc_bits_i[362]
operator_desc_bits_i[363]
operator_desc_bits_i[364]
operator_desc_bits_i[365]
operator_desc_bits_i[366]
operator_desc_bits_i[367]
operator_desc_bits_i[368]
operator_desc_bits_i[369]
operator_desc_bits_i[370]
operator_desc_bits_i[371]
operator_desc_bits_i[372]
operator_desc_bits_i[373]
operator_desc_bits_i[374]
operator_desc_bits_i[375]
operator_desc_bits_i[376]
operator_desc_bits_i[377]
operator_desc_bits_i[378]
operator_desc_bits_i[379]
operator_desc_bits_i[380]
operator_desc_bits_i[381]
operator_desc_bits_i[382]
operator_desc_bits_i[383]
operator_desc_bits_i[384]
operator_desc_bits_i[385]
operator_desc_bits_i[386]
operator_desc_bits_i[387]
operator_desc_bits_i[388]
operator_desc_bits_i[389]
operator_desc_bits_i[390]
operator_desc_bits_i[391]
operator_desc_bits_i[392]
operator_desc_bits_i[393]
operator_desc_bits_i[394]
operator_desc_bits_i[395]
operator_desc_bits_i[396]
operator_desc_bits_i[397]
operator_desc_bits_i[398]
operator_desc_bits_i[399]
operator_desc_bits_i[400]
operator_desc_bits_i[401]
operator_desc_bits_i[402]
operator_desc_bits_i[403]
operator_desc_bits_i[404]
operator_desc_bits_i[405]
operator_desc_bits_i[406]
operator_desc_bits_i[407]
operator_desc_bits_i[408]
operator_desc_bits_i[409]
operator_desc_bits_i[410]
operator_desc_bits_i[411]
operator_desc_bits_i[412]
operator_desc_bits_i[413]
operator_desc_bits_i[414]
operator_desc_bits_i[415]
operator_desc_bits_i[416]
operator_desc_bits_i[417]
operator_desc_bits_i[418]
operator_desc_bits_i[419]
operator_desc_bits_i[420]
operator_desc_bits_i[421]
operator_desc_bits_i[422]
operator_desc_bits_i[423]
operator_desc_bits_i[424]
operator_desc_bits_i[425]
operator_desc_bits_i[426]
operator_desc_bits_i[427]
operator_desc_bits_i[428]
operator_desc_bits_i[429]
operator_desc_bits_i[430]
operator_desc_bits_i[431]
operator_desc_bits_i[432]
operator_desc_bits_i[433]
operator_desc_bits_i[434]
operator_desc_bits_i[435]
operator_desc_bits_i[436]
operator_desc_bits_i[437]
operator_desc_bits_i[438]
operator_desc_bits_i[439]
operator_desc_bits_i[440]
operator_desc_bits_i[441]
operator_desc_bits_i[442]
operator_desc_bits_i[443]
operator_desc_bits_i[444]
operator_desc_bits_i[445]
operator_desc_bits_i[446]
operator_desc_bits_i[447]
operator_desc_bits_i[448]
operator_desc_bits_i[449]
operator_desc_bits_i[450]
operator_desc_bits_i[451]
operator_desc_bits_i[452]
operator_desc_bits_i[453]
operator_desc_bits_i[454]
operator_desc_bits_i[455]
operator_desc_bits_i[456]
operator_desc_bits_i[457]
operator_desc_bits_i[458]
operator_desc_bits_i[459]
operator_desc_bits_i[460]
operator_desc_bits_i[461]
operator_desc_bits_i[462]
operator_desc_bits_i[463]
operator_desc_bits_i[464]
operator_desc_bits_i[465]
operator_desc_bits_i[466]
operator_desc_bits_i[467]
operator_desc_bits_i[468]
operator_desc_bits_i[469]
operator_desc_bits_i[470]
operator_desc_bits_i[471]
operator_desc_bits_i[472]
operator_desc_bits_i[473]
operator_desc_bits_i[474]
operator_desc_bits_i[475]
operator_desc_bits_i[476]
operator_desc_bits_i[477]
operator_desc_bits_i[478]
operator_desc_bits_i[479]
operator_desc_bits_i[480]
operator_desc_bits_i[481]
operator_desc_bits_i[482]
operator_desc_bits_i[483]
operator_desc_bits_i[484]
operator_desc_bits_i[485]
operator_desc_bits_i[486]
operator_desc_bits_i[487]
operator_desc_bits_i[488]
operator_desc_bits_i[489]
operator_desc_bits_i[490]
operator_desc_bits_i[491]
operator_desc_bits_i[492]
operator_desc_bits_i[493]
operator_desc_bits_i[494]
operator_desc_bits_i[495]
operator_desc_bits_i[496]
operator_desc_bits_i[497]
operator_desc_bits_i[498]
operator_desc_bits_i[499]
operator_desc_bits_i[500]
operator_desc_bits_i[501]
operator_desc_bits_i[502]
operator_desc_bits_i[503]
operator_desc_bits_i[504]
operator_desc_bits_i[505]
operator_desc_bits_i[506]
operator_desc_bits_i[507]
operator_desc_bits_i[508]
operator_desc_bits_i[509]
operator_desc_bits_i[510]
operator_desc_bits_i[511]
operator_desc_bits_i[64]
operator_desc_bits_i[65]
operator_desc_bits_i[66]
operator_desc_bits_i[67]
operator_desc_bits_i[68]
operator_desc_bits_i[69]
operator_desc_bits_i[70]
operator_desc_bits_i[71]
operator_desc_bits_i[72]
operator_desc_bits_i[73]
operator_desc_bits_i[74]
operator_desc_bits_i[75]
operator_desc_bits_i[76]
operator_desc_bits_i[77]
operator_desc_bits_i[78]
operator_desc_bits_i[79]
operator_desc_bits_i[80]
operator_desc_bits_i[81]
operator_desc_bits_i[82]
operator_desc_bits_i[83]
operator_desc_bits_i[84]
operator_desc_bits_i[85]
operator_desc_bits_i[86]
operator_desc_bits_i[87]
operator_desc_bits_i[88]
operator_desc_bits_i[89]
operator_desc_bits_i[90]
operator_desc_bits_i[91]
operator_desc_bits_i[92]
operator_desc_bits_i[93]
operator_desc_bits_i[94]
operator_desc_bits_i[95]
operator_desc_bits_i[96]
operator_desc_bits_i[97]
operator_desc_bits_i[98]
operator_desc_bits_i[99]
result_ready_i
rst_ni
soft_reset_i
start_valid_i
weight_bank_i
weight_read_data_i[0]
weight_read_data_i[100]
weight_read_data_i[101]
weight_read_data_i[102]
weight_read_data_i[103]
weight_read_data_i[104]
weight_read_data_i[105]
weight_read_data_i[106]
weight_read_data_i[107]
weight_read_data_i[108]
weight_read_data_i[109]
weight_read_data_i[10]
weight_read_data_i[110]
weight_read_data_i[111]
weight_read_data_i[112]
weight_read_data_i[113]
weight_read_data_i[114]
weight_read_data_i[115]
weight_read_data_i[116]
weight_read_data_i[117]
weight_read_data_i[118]
weight_read_data_i[119]
weight_read_data_i[11]
weight_read_data_i[120]
weight_read_data_i[121]
weight_read_data_i[122]
weight_read_data_i[123]
weight_read_data_i[124]
weight_read_data_i[125]
weight_read_data_i[126]
weight_read_data_i[127]
weight_read_data_i[128]
weight_read_data_i[129]
weight_read_data_i[12]
weight_read_data_i[130]
weight_read_data_i[131]
weight_read_data_i[132]
weight_read_data_i[133]
weight_read_data_i[134]
weight_read_data_i[135]
weight_read_data_i[136]
weight_read_data_i[137]
weight_read_data_i[138]
weight_read_data_i[139]
weight_read_data_i[13]
weight_read_data_i[140]
weight_read_data_i[141]
weight_read_data_i[142]
weight_read_data_i[143]
weight_read_data_i[144]
weight_read_data_i[145]
weight_read_data_i[146]
weight_read_data_i[147]
weight_read_data_i[148]
weight_read_data_i[149]
weight_read_data_i[14]
weight_read_data_i[150]
weight_read_data_i[151]
weight_read_data_i[152]
weight_read_data_i[153]
weight_read_data_i[154]
weight_read_data_i[155]
weight_read_data_i[156]
weight_read_data_i[157]
weight_read_data_i[158]
weight_read_data_i[159]
weight_read_data_i[15]
weight_read_data_i[160]
weight_read_data_i[161]
weight_read_data_i[162]
weight_read_data_i[163]
weight_read_data_i[164]
weight_read_data_i[165]
weight_read_data_i[166]
weight_read_data_i[167]
weight_read_data_i[168]
weight_read_data_i[169]
weight_read_data_i[16]
weight_read_data_i[170]
weight_read_data_i[171]
weight_read_data_i[172]
weight_read_data_i[173]
weight_read_data_i[174]
weight_read_data_i[175]
weight_read_data_i[176]
weight_read_data_i[177]
weight_read_data_i[178]
weight_read_data_i[179]
weight_read_data_i[17]
weight_read_data_i[180]
weight_read_data_i[181]
weight_read_data_i[182]
weight_read_data_i[183]
weight_read_data_i[184]
weight_read_data_i[185]
weight_read_data_i[186]
weight_read_data_i[187]
weight_read_data_i[188]
weight_read_data_i[189]
weight_read_data_i[18]
weight_read_data_i[190]
weight_read_data_i[191]
weight_read_data_i[192]
weight_read_data_i[193]
weight_read_data_i[194]
weight_read_data_i[195]
weight_read_data_i[196]
weight_read_data_i[197]
weight_read_data_i[198]
weight_read_data_i[199]
weight_read_data_i[19]
weight_read_data_i[1]
weight_read_data_i[200]
weight_read_data_i[201]
weight_read_data_i[202]
weight_read_data_i[203]
weight_read_data_i[204]
weight_read_data_i[205]
weight_read_data_i[206]
weight_read_data_i[207]
weight_read_data_i[208]
weight_read_data_i[209]
weight_read_data_i[20]
weight_read_data_i[210]
weight_read_data_i[211]
weight_read_data_i[212]
weight_read_data_i[213]
weight_read_data_i[214]
weight_read_data_i[215]
weight_read_data_i[216]
weight_read_data_i[217]
weight_read_data_i[218]
weight_read_data_i[219]
weight_read_data_i[21]
weight_read_data_i[220]
weight_read_data_i[221]
weight_read_data_i[222]
weight_read_data_i[223]
weight_read_data_i[224]
weight_read_data_i[225]
weight_read_data_i[226]
weight_read_data_i[227]
weight_read_data_i[228]
weight_read_data_i[229]
weight_read_data_i[22]
weight_read_data_i[230]
weight_read_data_i[231]
weight_read_data_i[232]
weight_read_data_i[233]
weight_read_data_i[234]
weight_read_data_i[235]
weight_read_data_i[236]
weight_read_data_i[237]
weight_read_data_i[238]
weight_read_data_i[239]
weight_read_data_i[23]
weight_read_data_i[240]
weight_read_data_i[241]
weight_read_data_i[242]
weight_read_data_i[243]
weight_read_data_i[244]
weight_read_data_i[245]
weight_read_data_i[246]
weight_read_data_i[247]
weight_read_data_i[248]
weight_read_data_i[249]
weight_read_data_i[24]
weight_read_data_i[250]
weight_read_data_i[251]
weight_read_data_i[252]
weight_read_data_i[253]
weight_read_data_i[254]
weight_read_data_i[255]
weight_read_data_i[256]
weight_read_data_i[257]
weight_read_data_i[258]
weight_read_data_i[259]
weight_read_data_i[25]
weight_read_data_i[260]
weight_read_data_i[261]
weight_read_data_i[262]
weight_read_data_i[263]
weight_read_data_i[264]
weight_read_data_i[265]
weight_read_data_i[266]
weight_read_data_i[267]
weight_read_data_i[268]
weight_read_data_i[269]
weight_read_data_i[26]
weight_read_data_i[270]
weight_read_data_i[271]
weight_read_data_i[272]
weight_read_data_i[273]
weight_read_data_i[274]
weight_read_data_i[275]
weight_read_data_i[276]
weight_read_data_i[277]
weight_read_data_i[278]
weight_read_data_i[279]
weight_read_data_i[27]
weight_read_data_i[280]
weight_read_data_i[281]
weight_read_data_i[282]
weight_read_data_i[283]
weight_read_data_i[284]
weight_read_data_i[285]
weight_read_data_i[286]
weight_read_data_i[287]
weight_read_data_i[288]
weight_read_data_i[289]
weight_read_data_i[28]
weight_read_data_i[290]
weight_read_data_i[291]
weight_read_data_i[292]
weight_read_data_i[293]
weight_read_data_i[294]
weight_read_data_i[295]
weight_read_data_i[296]
weight_read_data_i[297]
weight_read_data_i[298]
weight_read_data_i[299]
weight_read_data_i[29]
weight_read_data_i[2]
weight_read_data_i[300]
weight_read_data_i[301]
weight_read_data_i[302]
weight_read_data_i[303]
weight_read_data_i[304]
weight_read_data_i[305]
weight_read_data_i[306]
weight_read_data_i[307]
weight_read_data_i[308]
weight_read_data_i[309]
weight_read_data_i[30]
weight_read_data_i[310]
weight_read_data_i[311]
weight_read_data_i[312]
weight_read_data_i[313]
weight_read_data_i[314]
weight_read_data_i[315]
weight_read_data_i[316]
weight_read_data_i[317]
weight_read_data_i[318]
weight_read_data_i[319]
weight_read_data_i[31]
weight_read_data_i[320]
weight_read_data_i[321]
weight_read_data_i[322]
weight_read_data_i[323]
weight_read_data_i[324]
weight_read_data_i[325]
weight_read_data_i[326]
weight_read_data_i[327]
weight_read_data_i[328]
weight_read_data_i[329]
weight_read_data_i[32]
weight_read_data_i[330]
weight_read_data_i[331]
weight_read_data_i[332]
weight_read_data_i[333]
weight_read_data_i[334]
weight_read_data_i[335]
weight_read_data_i[336]
weight_read_data_i[337]
weight_read_data_i[338]
weight_read_data_i[339]
weight_read_data_i[33]
weight_read_data_i[340]
weight_read_data_i[341]
weight_read_data_i[342]
weight_read_data_i[343]
weight_read_data_i[344]
weight_read_data_i[345]
weight_read_data_i[346]
weight_read_data_i[347]
weight_read_data_i[348]
weight_read_data_i[349]
weight_read_data_i[34]
weight_read_data_i[350]
weight_read_data_i[351]
weight_read_data_i[352]
weight_read_data_i[353]
weight_read_data_i[354]
weight_read_data_i[355]
weight_read_data_i[356]
weight_read_data_i[357]
weight_read_data_i[358]
weight_read_data_i[359]
weight_read_data_i[35]
weight_read_data_i[360]
weight_read_data_i[361]
weight_read_data_i[362]
weight_read_data_i[363]
weight_read_data_i[364]
weight_read_data_i[365]
weight_read_data_i[366]
weight_read_data_i[367]
weight_read_data_i[368]
weight_read_data_i[369]
weight_read_data_i[36]
weight_read_data_i[370]
weight_read_data_i[371]
weight_read_data_i[372]
weight_read_data_i[373]
weight_read_data_i[374]
weight_read_data_i[375]
weight_read_data_i[376]
weight_read_data_i[377]
weight_read_data_i[378]
weight_read_data_i[379]
weight_read_data_i[37]
weight_read_data_i[380]
weight_read_data_i[381]
weight_read_data_i[382]
weight_read_data_i[383]
weight_read_data_i[384]
weight_read_data_i[385]
weight_read_data_i[386]
weight_read_data_i[387]
weight_read_data_i[388]
weight_read_data_i[389]
weight_read_data_i[38]
weight_read_data_i[390]
weight_read_data_i[391]
weight_read_data_i[392]
weight_read_data_i[393]
weight_read_data_i[394]
weight_read_data_i[395]
weight_read_data_i[396]
weight_read_data_i[397]
weight_read_data_i[398]
weight_read_data_i[399]
weight_read_data_i[39]
weight_read_data_i[3]
weight_read_data_i[400]
weight_read_data_i[401]
weight_read_data_i[402]
weight_read_data_i[403]
weight_read_data_i[404]
weight_read_data_i[405]
weight_read_data_i[406]
weight_read_data_i[407]
weight_read_data_i[408]
weight_read_data_i[409]
weight_read_data_i[40]
weight_read_data_i[410]
weight_read_data_i[411]
weight_read_data_i[412]
weight_read_data_i[413]
weight_read_data_i[414]
weight_read_data_i[415]
weight_read_data_i[416]
weight_read_data_i[417]
weight_read_data_i[418]
weight_read_data_i[419]
weight_read_data_i[41]
weight_read_data_i[420]
weight_read_data_i[421]
weight_read_data_i[422]
weight_read_data_i[423]
weight_read_data_i[424]
weight_read_data_i[425]
weight_read_data_i[426]
weight_read_data_i[427]
weight_read_data_i[428]
weight_read_data_i[429]
weight_read_data_i[42]
weight_read_data_i[430]
weight_read_data_i[431]
weight_read_data_i[432]
weight_read_data_i[433]
weight_read_data_i[434]
weight_read_data_i[435]
weight_read_data_i[436]
weight_read_data_i[437]
weight_read_data_i[438]
weight_read_data_i[439]
weight_read_data_i[43]
weight_read_data_i[440]
weight_read_data_i[441]
weight_read_data_i[442]
weight_read_data_i[443]
weight_read_data_i[444]
weight_read_data_i[445]
weight_read_data_i[446]
weight_read_data_i[447]
weight_read_data_i[448]
weight_read_data_i[449]
weight_read_data_i[44]
weight_read_data_i[450]
weight_read_data_i[451]
weight_read_data_i[452]
weight_read_data_i[453]
weight_read_data_i[454]
weight_read_data_i[455]
weight_read_data_i[456]
weight_read_data_i[457]
weight_read_data_i[458]
weight_read_data_i[459]
weight_read_data_i[45]
weight_read_data_i[460]
weight_read_data_i[461]
weight_read_data_i[462]
weight_read_data_i[463]
weight_read_data_i[464]
weight_read_data_i[465]
weight_read_data_i[466]
weight_read_data_i[467]
weight_read_data_i[468]
weight_read_data_i[469]
weight_read_data_i[46]
weight_read_data_i[470]
weight_read_data_i[471]
weight_read_data_i[472]
weight_read_data_i[473]
weight_read_data_i[474]
weight_read_data_i[475]
weight_read_data_i[476]
weight_read_data_i[477]
weight_read_data_i[478]
weight_read_data_i[479]
weight_read_data_i[47]
weight_read_data_i[480]
weight_read_data_i[481]
weight_read_data_i[482]
weight_read_data_i[483]
weight_read_data_i[484]
weight_read_data_i[485]
weight_read_data_i[486]
weight_read_data_i[487]
weight_read_data_i[488]
weight_read_data_i[489]
weight_read_data_i[48]
weight_read_data_i[490]
weight_read_data_i[491]
weight_read_data_i[492]
weight_read_data_i[493]
weight_read_data_i[494]
weight_read_data_i[495]
weight_read_data_i[496]
weight_read_data_i[497]
weight_read_data_i[498]
weight_read_data_i[499]
weight_read_data_i[49]
weight_read_data_i[4]
weight_read_data_i[500]
weight_read_data_i[501]
weight_read_data_i[502]
weight_read_data_i[503]
weight_read_data_i[504]
weight_read_data_i[505]
weight_read_data_i[506]
weight_read_data_i[507]
weight_read_data_i[508]
weight_read_data_i[509]
weight_read_data_i[50]
weight_read_data_i[510]
weight_read_data_i[511]
weight_read_data_i[51]
weight_read_data_i[52]
weight_read_data_i[53]
weight_read_data_i[54]
weight_read_data_i[55]
weight_read_data_i[56]
weight_read_data_i[57]
weight_read_data_i[58]
weight_read_data_i[59]
weight_read_data_i[5]
weight_read_data_i[60]
weight_read_data_i[61]
weight_read_data_i[62]
weight_read_data_i[63]
weight_read_data_i[64]
weight_read_data_i[65]
weight_read_data_i[66]
weight_read_data_i[67]
weight_read_data_i[68]
weight_read_data_i[69]
weight_read_data_i[6]
weight_read_data_i[70]
weight_read_data_i[71]
weight_read_data_i[72]
weight_read_data_i[73]
weight_read_data_i[74]
weight_read_data_i[75]
weight_read_data_i[76]
weight_read_data_i[77]
weight_read_data_i[78]
weight_read_data_i[79]
weight_read_data_i[7]
weight_read_data_i[80]
weight_read_data_i[81]
weight_read_data_i[82]
weight_read_data_i[83]
weight_read_data_i[84]
weight_read_data_i[85]
weight_read_data_i[86]
weight_read_data_i[87]
weight_read_data_i[88]
weight_read_data_i[89]
weight_read_data_i[8]
weight_read_data_i[90]
weight_read_data_i[91]
weight_read_data_i[92]
weight_read_data_i[93]
weight_read_data_i[94]
weight_read_data_i[95]
weight_read_data_i[96]
weight_read_data_i[97]
weight_read_data_i[98]
weight_read_data_i[99]
weight_read_data_i[9]
weight_request_ready_i
weight_response_valid_i

 There are 0 input ports with no input delay but user has a false path constraint.


6. checking no_output_delay (245)
---------------------------------
 There are 245 ports with no output delay specified. (HIGH)

activation_read_address_o[0]
activation_read_address_o[10]
activation_read_address_o[11]
activation_read_address_o[12]
activation_read_address_o[13]
activation_read_address_o[14]
activation_read_address_o[15]
activation_read_address_o[16]
activation_read_address_o[17]
activation_read_address_o[18]
activation_read_address_o[19]
activation_read_address_o[1]
activation_read_address_o[20]
activation_read_address_o[21]
activation_read_address_o[22]
activation_read_address_o[23]
activation_read_address_o[24]
activation_read_address_o[25]
activation_read_address_o[26]
activation_read_address_o[27]
activation_read_address_o[28]
activation_read_address_o[29]
activation_read_address_o[2]
activation_read_address_o[30]
activation_read_address_o[31]
activation_read_address_o[3]
activation_read_address_o[4]
activation_read_address_o[5]
activation_read_address_o[6]
activation_read_address_o[7]
activation_read_address_o[8]
activation_read_address_o[9]
activation_read_bank_o
activation_request_valid_o
activation_response_ready_o
busy_o
done_pulse_o
error_pulse_o
error_reason_o[0]
error_reason_o[1]
error_reason_o[2]
error_reason_o[3]
event_set_o[0]
event_set_o[1]
event_set_o[2]
event_set_o[3]
event_set_o[4]
event_set_o[5]
event_set_o[6]
event_set_o[7]
lut_write_ready_o
result_address_o[10]
result_address_o[11]
result_address_o[12]
result_address_o[13]
result_address_o[14]
result_address_o[15]
result_address_o[16]
result_address_o[17]
result_address_o[18]
result_address_o[19]
result_address_o[20]
result_address_o[21]
result_address_o[22]
result_address_o[23]
result_address_o[24]
result_address_o[25]
result_address_o[26]
result_address_o[27]
result_address_o[28]
result_address_o[29]
result_address_o[30]
result_address_o[4]
result_address_o[5]
result_address_o[6]
result_address_o[7]
result_address_o[8]
result_address_o[9]
result_data_o[0]
result_data_o[100]
result_data_o[101]
result_data_o[102]
result_data_o[103]
result_data_o[104]
result_data_o[105]
result_data_o[106]
result_data_o[107]
result_data_o[108]
result_data_o[109]
result_data_o[10]
result_data_o[110]
result_data_o[111]
result_data_o[112]
result_data_o[113]
result_data_o[114]
result_data_o[115]
result_data_o[116]
result_data_o[117]
result_data_o[118]
result_data_o[119]
result_data_o[11]
result_data_o[120]
result_data_o[121]
result_data_o[122]
result_data_o[123]
result_data_o[124]
result_data_o[125]
result_data_o[126]
result_data_o[127]
result_data_o[12]
result_data_o[13]
result_data_o[14]
result_data_o[15]
result_data_o[16]
result_data_o[17]
result_data_o[18]
result_data_o[19]
result_data_o[1]
result_data_o[20]
result_data_o[21]
result_data_o[22]
result_data_o[23]
result_data_o[24]
result_data_o[25]
result_data_o[26]
result_data_o[27]
result_data_o[28]
result_data_o[29]
result_data_o[2]
result_data_o[30]
result_data_o[31]
result_data_o[32]
result_data_o[33]
result_data_o[34]
result_data_o[35]
result_data_o[36]
result_data_o[37]
result_data_o[38]
result_data_o[39]
result_data_o[3]
result_data_o[40]
result_data_o[41]
result_data_o[42]
result_data_o[43]
result_data_o[44]
result_data_o[45]
result_data_o[46]
result_data_o[47]
result_data_o[48]
result_data_o[49]
result_data_o[4]
result_data_o[50]
result_data_o[51]
result_data_o[52]
result_data_o[53]
result_data_o[54]
result_data_o[55]
result_data_o[56]
result_data_o[57]
result_data_o[58]
result_data_o[59]
result_data_o[5]
result_data_o[60]
result_data_o[61]
result_data_o[62]
result_data_o[63]
result_data_o[64]
result_data_o[65]
result_data_o[66]
result_data_o[67]
result_data_o[68]
result_data_o[69]
result_data_o[6]
result_data_o[70]
result_data_o[71]
result_data_o[72]
result_data_o[73]
result_data_o[74]
result_data_o[75]
result_data_o[76]
result_data_o[77]
result_data_o[78]
result_data_o[79]
result_data_o[7]
result_data_o[80]
result_data_o[81]
result_data_o[82]
result_data_o[83]
result_data_o[84]
result_data_o[85]
result_data_o[86]
result_data_o[87]
result_data_o[88]
result_data_o[89]
result_data_o[8]
result_data_o[90]
result_data_o[91]
result_data_o[92]
result_data_o[93]
result_data_o[94]
result_data_o[95]
result_data_o[96]
result_data_o[97]
result_data_o[98]
result_data_o[99]
result_data_o[9]
result_lane_mask_o[1]
result_lane_mask_o[2]
result_lane_mask_o[3]
result_lane_mask_o[4]
result_lane_mask_o[5]
result_lane_mask_o[6]
result_lane_mask_o[7]
result_valid_o
start_ready_o
weight_read_address_o[10]
weight_read_address_o[11]
weight_read_address_o[12]
weight_read_address_o[13]
weight_read_address_o[14]
weight_read_address_o[15]
weight_read_address_o[16]
weight_read_address_o[17]
weight_read_address_o[18]
weight_read_address_o[19]
weight_read_address_o[20]
weight_read_address_o[21]
weight_read_address_o[22]
weight_read_address_o[23]
weight_read_address_o[24]
weight_read_address_o[25]
weight_read_address_o[26]
weight_read_address_o[27]
weight_read_address_o[28]
weight_read_address_o[29]
weight_read_address_o[30]
weight_read_address_o[31]
weight_read_address_o[5]
weight_read_address_o[6]
weight_read_address_o[7]
weight_read_address_o[8]
weight_read_address_o[9]
weight_read_bank_o
weight_request_valid_o
weight_response_ready_o

 There are 0 ports with no output delay but user has a false path constraint

 There are 0 ports with no output delay but with a timing clock defined on it or propagating through it


7. checking multiple_clock (0)
------------------------------
 There are 0 register/latch pins with multiple clocks.


8. checking generated_clocks (0)
--------------------------------
 There are 0 generated clocks that are not connected to a clock source.


9. checking loops (0)
---------------------
 There are 0 combinational loops in the design.


10. checking partial_input_delay (0)
------------------------------------
 There are 0 input ports with partial input delay specified.


11. checking partial_output_delay (0)
-------------------------------------
 There are 0 ports with partial output delay specified.


12. checking latch_loops (0)
----------------------------
 There are 0 combinational latch loops in the design through latch input


