Copyright 1986-2022 Xilinx, Inc. All Rights Reserved. Copyright 2022-2026 Advanced Micro Devices, Inc. All Rights Reserved.
---------------------------------------------------------------------------------------------------------------------------------------------
| Tool Version : Vivado v.2026.1 (win64) Build 6511674 Tue Jun 16 11:02:23 MDT 2026
| Date         : Tue Sep 15 08:39:35 2026
| Host         : RAW2332 running 64-bit major release  (build 9200)
| Command      : check_timing -verbose -file D:/WORKBUDDY/STEM/npu-stem-repo/hardware/reports/vivado_2026_1/npu_upsample2x/check_timing.rpt
| Design       : npu_upsample2x
| Device       : 7z020-clg400
| Speed File   : -1  PRODUCTION 1.12 2019-11-22
| Design State : Synthesized
---------------------------------------------------------------------------------------------------------------------------------------------


check_timing report

Table of Contents
-----------------
1. checking no_clock (0)
2. checking constant_clock (0)
3. checking pulse_width_clock (0)
4. checking unconstrained_internal_endpoints (0)
5. checking no_input_delay (861)
6. checking no_output_delay (280)
7. checking multiple_clock (0)
8. checking generated_clocks (0)
9. checking loops (0)
10. checking partial_input_delay (0)
11. checking partial_output_delay (0)
12. checking latch_loops (0)

1. checking no_clock (0)
------------------------
 There are 0 register/latch pins with no clock.


2. checking constant_clock (0)
------------------------------
 There are 0 register/latch pins with constant_clock.


3. checking pulse_width_clock (0)
---------------------------------
 There are 0 register/latch pins which need pulse_width check


4. checking unconstrained_internal_endpoints (0)
------------------------------------------------
 There are 0 pins that are not constrained for maximum delay.

 There are 0 pins that are not constrained for maximum delay due to constant clock.


5. checking no_input_delay (861)
--------------------------------
 There are 861 input ports with no input delay specified. (HIGH)

activation_base_i[0]
activation_base_i[10]
activation_base_i[11]
activation_base_i[12]
activation_base_i[13]
activation_base_i[14]
activation_base_i[15]
activation_base_i[16]
activation_base_i[17]
activation_base_i[18]
activation_base_i[19]
activation_base_i[1]
activation_base_i[20]
activation_base_i[21]
activation_base_i[22]
activation_base_i[23]
activation_base_i[24]
activation_base_i[25]
activation_base_i[26]
activation_base_i[27]
activation_base_i[28]
activation_base_i[29]
activation_base_i[2]
activation_base_i[30]
activation_base_i[31]
activation_base_i[32]
activation_base_i[33]
activation_base_i[34]
activation_base_i[35]
activation_base_i[36]
activation_base_i[37]
activation_base_i[38]
activation_base_i[39]
activation_base_i[3]
activation_base_i[40]
activation_base_i[41]
activation_base_i[42]
activation_base_i[43]
activation_base_i[44]
activation_base_i[45]
activation_base_i[46]
activation_base_i[47]
activation_base_i[48]
activation_base_i[49]
activation_base_i[4]
activation_base_i[50]
activation_base_i[51]
activation_base_i[52]
activation_base_i[53]
activation_base_i[54]
activation_base_i[55]
activation_base_i[56]
activation_base_i[57]
activation_base_i[58]
activation_base_i[59]
activation_base_i[5]
activation_base_i[60]
activation_base_i[61]
activation_base_i[62]
activation_base_i[63]
activation_base_i[6]
activation_base_i[7]
activation_base_i[8]
activation_base_i[9]
command_bits_i[0]
command_bits_i[100]
command_bits_i[101]
command_bits_i[102]
command_bits_i[103]
command_bits_i[104]
command_bits_i[105]
command_bits_i[106]
command_bits_i[107]
command_bits_i[108]
command_bits_i[109]
command_bits_i[10]
command_bits_i[110]
command_bits_i[111]
command_bits_i[112]
command_bits_i[113]
command_bits_i[114]
command_bits_i[115]
command_bits_i[116]
command_bits_i[117]
command_bits_i[118]
command_bits_i[119]
command_bits_i[11]
command_bits_i[120]
command_bits_i[121]
command_bits_i[122]
command_bits_i[123]
command_bits_i[124]
command_bits_i[125]
command_bits_i[126]
command_bits_i[127]
command_bits_i[12]
command_bits_i[13]
command_bits_i[14]
command_bits_i[15]
command_bits_i[1]
command_bits_i[2]
command_bits_i[32]
command_bits_i[33]
command_bits_i[34]
command_bits_i[35]
command_bits_i[36]
command_bits_i[37]
command_bits_i[38]
command_bits_i[39]
command_bits_i[3]
command_bits_i[40]
command_bits_i[41]
command_bits_i[42]
command_bits_i[43]
command_bits_i[44]
command_bits_i[45]
command_bits_i[46]
command_bits_i[47]
command_bits_i[48]
command_bits_i[49]
command_bits_i[4]
command_bits_i[50]
command_bits_i[51]
command_bits_i[52]
command_bits_i[53]
command_bits_i[54]
command_bits_i[55]
command_bits_i[56]
command_bits_i[57]
command_bits_i[58]
command_bits_i[59]
command_bits_i[5]
command_bits_i[60]
command_bits_i[61]
command_bits_i[62]
command_bits_i[63]
command_bits_i[64]
command_bits_i[65]
command_bits_i[66]
command_bits_i[67]
command_bits_i[68]
command_bits_i[69]
command_bits_i[6]
command_bits_i[70]
command_bits_i[71]
command_bits_i[72]
command_bits_i[73]
command_bits_i[74]
command_bits_i[75]
command_bits_i[76]
command_bits_i[77]
command_bits_i[78]
command_bits_i[79]
command_bits_i[7]
command_bits_i[80]
command_bits_i[81]
command_bits_i[82]
command_bits_i[83]
command_bits_i[84]
command_bits_i[85]
command_bits_i[86]
command_bits_i[87]
command_bits_i[88]
command_bits_i[89]
command_bits_i[8]
command_bits_i[90]
command_bits_i[91]
command_bits_i[92]
command_bits_i[93]
command_bits_i[94]
command_bits_i[95]
command_bits_i[96]
command_bits_i[97]
command_bits_i[98]
command_bits_i[99]
command_bits_i[9]
destination_desc_bits_i[0]
destination_desc_bits_i[100]
destination_desc_bits_i[101]
destination_desc_bits_i[102]
destination_desc_bits_i[103]
destination_desc_bits_i[104]
destination_desc_bits_i[105]
destination_desc_bits_i[106]
destination_desc_bits_i[107]
destination_desc_bits_i[108]
destination_desc_bits_i[109]
destination_desc_bits_i[10]
destination_desc_bits_i[110]
destination_desc_bits_i[111]
destination_desc_bits_i[112]
destination_desc_bits_i[113]
destination_desc_bits_i[114]
destination_desc_bits_i[115]
destination_desc_bits_i[116]
destination_desc_bits_i[117]
destination_desc_bits_i[118]
destination_desc_bits_i[119]
destination_desc_bits_i[11]
destination_desc_bits_i[120]
destination_desc_bits_i[121]
destination_desc_bits_i[122]
destination_desc_bits_i[123]
destination_desc_bits_i[124]
destination_desc_bits_i[125]
destination_desc_bits_i[126]
destination_desc_bits_i[127]
destination_desc_bits_i[128]
destination_desc_bits_i[129]
destination_desc_bits_i[12]
destination_desc_bits_i[130]
destination_desc_bits_i[131]
destination_desc_bits_i[132]
destination_desc_bits_i[133]
destination_desc_bits_i[134]
destination_desc_bits_i[135]
destination_desc_bits_i[136]
destination_desc_bits_i[137]
destination_desc_bits_i[138]
destination_desc_bits_i[139]
destination_desc_bits_i[13]
destination_desc_bits_i[140]
destination_desc_bits_i[141]
destination_desc_bits_i[142]
destination_desc_bits_i[143]
destination_desc_bits_i[144]
destination_desc_bits_i[145]
destination_desc_bits_i[146]
destination_desc_bits_i[147]
destination_desc_bits_i[148]
destination_desc_bits_i[149]
destination_desc_bits_i[14]
destination_desc_bits_i[150]
destination_desc_bits_i[151]
destination_desc_bits_i[152]
destination_desc_bits_i[153]
destination_desc_bits_i[154]
destination_desc_bits_i[155]
destination_desc_bits_i[156]
destination_desc_bits_i[157]
destination_desc_bits_i[158]
destination_desc_bits_i[159]
destination_desc_bits_i[15]
destination_desc_bits_i[160]
destination_desc_bits_i[161]
destination_desc_bits_i[162]
destination_desc_bits_i[163]
destination_desc_bits_i[164]
destination_desc_bits_i[165]
destination_desc_bits_i[166]
destination_desc_bits_i[167]
destination_desc_bits_i[168]
destination_desc_bits_i[169]
destination_desc_bits_i[16]
destination_desc_bits_i[170]
destination_desc_bits_i[171]
destination_desc_bits_i[172]
destination_desc_bits_i[173]
destination_desc_bits_i[174]
destination_desc_bits_i[175]
destination_desc_bits_i[176]
destination_desc_bits_i[177]
destination_desc_bits_i[178]
destination_desc_bits_i[179]
destination_desc_bits_i[17]
destination_desc_bits_i[180]
destination_desc_bits_i[181]
destination_desc_bits_i[182]
destination_desc_bits_i[183]
destination_desc_bits_i[184]
destination_desc_bits_i[185]
destination_desc_bits_i[186]
destination_desc_bits_i[187]
destination_desc_bits_i[188]
destination_desc_bits_i[189]
destination_desc_bits_i[18]
destination_desc_bits_i[190]
destination_desc_bits_i[191]
destination_desc_bits_i[192]
destination_desc_bits_i[193]
destination_desc_bits_i[194]
destination_desc_bits_i[195]
destination_desc_bits_i[196]
destination_desc_bits_i[197]
destination_desc_bits_i[198]
destination_desc_bits_i[199]
destination_desc_bits_i[19]
destination_desc_bits_i[1]
destination_desc_bits_i[200]
destination_desc_bits_i[201]
destination_desc_bits_i[202]
destination_desc_bits_i[203]
destination_desc_bits_i[204]
destination_desc_bits_i[205]
destination_desc_bits_i[206]
destination_desc_bits_i[207]
destination_desc_bits_i[208]
destination_desc_bits_i[209]
destination_desc_bits_i[20]
destination_desc_bits_i[210]
destination_desc_bits_i[211]
destination_desc_bits_i[212]
destination_desc_bits_i[213]
destination_desc_bits_i[214]
destination_desc_bits_i[215]
destination_desc_bits_i[216]
destination_desc_bits_i[217]
destination_desc_bits_i[218]
destination_desc_bits_i[219]
destination_desc_bits_i[21]
destination_desc_bits_i[220]
destination_desc_bits_i[221]
destination_desc_bits_i[222]
destination_desc_bits_i[223]
destination_desc_bits_i[224]
destination_desc_bits_i[225]
destination_desc_bits_i[226]
destination_desc_bits_i[227]
destination_desc_bits_i[228]
destination_desc_bits_i[229]
destination_desc_bits_i[22]
destination_desc_bits_i[230]
destination_desc_bits_i[231]
destination_desc_bits_i[232]
destination_desc_bits_i[233]
destination_desc_bits_i[234]
destination_desc_bits_i[235]
destination_desc_bits_i[236]
destination_desc_bits_i[237]
destination_desc_bits_i[238]
destination_desc_bits_i[239]
destination_desc_bits_i[23]
destination_desc_bits_i[240]
destination_desc_bits_i[241]
destination_desc_bits_i[242]
destination_desc_bits_i[243]
destination_desc_bits_i[244]
destination_desc_bits_i[245]
destination_desc_bits_i[246]
destination_desc_bits_i[247]
destination_desc_bits_i[248]
destination_desc_bits_i[249]
destination_desc_bits_i[24]
destination_desc_bits_i[250]
destination_desc_bits_i[251]
destination_desc_bits_i[252]
destination_desc_bits_i[253]
destination_desc_bits_i[254]
destination_desc_bits_i[255]
destination_desc_bits_i[256]
destination_desc_bits_i[257]
destination_desc_bits_i[258]
destination_desc_bits_i[259]
destination_desc_bits_i[25]
destination_desc_bits_i[260]
destination_desc_bits_i[261]
destination_desc_bits_i[262]
destination_desc_bits_i[263]
destination_desc_bits_i[264]
destination_desc_bits_i[265]
destination_desc_bits_i[266]
destination_desc_bits_i[267]
destination_desc_bits_i[268]
destination_desc_bits_i[269]
destination_desc_bits_i[26]
destination_desc_bits_i[270]
destination_desc_bits_i[271]
destination_desc_bits_i[272]
destination_desc_bits_i[273]
destination_desc_bits_i[274]
destination_desc_bits_i[275]
destination_desc_bits_i[276]
destination_desc_bits_i[277]
destination_desc_bits_i[278]
destination_desc_bits_i[279]
destination_desc_bits_i[27]
destination_desc_bits_i[280]
destination_desc_bits_i[281]
destination_desc_bits_i[282]
destination_desc_bits_i[283]
destination_desc_bits_i[284]
destination_desc_bits_i[285]
destination_desc_bits_i[286]
destination_desc_bits_i[287]
destination_desc_bits_i[288]
destination_desc_bits_i[289]
destination_desc_bits_i[28]
destination_desc_bits_i[290]
destination_desc_bits_i[291]
destination_desc_bits_i[292]
destination_desc_bits_i[293]
destination_desc_bits_i[294]
destination_desc_bits_i[295]
destination_desc_bits_i[296]
destination_desc_bits_i[297]
destination_desc_bits_i[298]
destination_desc_bits_i[299]
destination_desc_bits_i[29]
destination_desc_bits_i[2]
destination_desc_bits_i[300]
destination_desc_bits_i[301]
destination_desc_bits_i[302]
destination_desc_bits_i[303]
destination_desc_bits_i[30]
destination_desc_bits_i[31]
destination_desc_bits_i[32]
destination_desc_bits_i[33]
destination_desc_bits_i[34]
destination_desc_bits_i[35]
destination_desc_bits_i[36]
destination_desc_bits_i[37]
destination_desc_bits_i[38]
destination_desc_bits_i[39]
destination_desc_bits_i[3]
destination_desc_bits_i[40]
destination_desc_bits_i[41]
destination_desc_bits_i[42]
destination_desc_bits_i[43]
destination_desc_bits_i[44]
destination_desc_bits_i[45]
destination_desc_bits_i[46]
destination_desc_bits_i[47]
destination_desc_bits_i[48]
destination_desc_bits_i[49]
destination_desc_bits_i[4]
destination_desc_bits_i[50]
destination_desc_bits_i[51]
destination_desc_bits_i[52]
destination_desc_bits_i[53]
destination_desc_bits_i[54]
destination_desc_bits_i[55]
destination_desc_bits_i[56]
destination_desc_bits_i[57]
destination_desc_bits_i[58]
destination_desc_bits_i[59]
destination_desc_bits_i[5]
destination_desc_bits_i[60]
destination_desc_bits_i[61]
destination_desc_bits_i[62]
destination_desc_bits_i[63]
destination_desc_bits_i[64]
destination_desc_bits_i[65]
destination_desc_bits_i[66]
destination_desc_bits_i[67]
destination_desc_bits_i[68]
destination_desc_bits_i[69]
destination_desc_bits_i[6]
destination_desc_bits_i[70]
destination_desc_bits_i[71]
destination_desc_bits_i[72]
destination_desc_bits_i[73]
destination_desc_bits_i[74]
destination_desc_bits_i[75]
destination_desc_bits_i[76]
destination_desc_bits_i[77]
destination_desc_bits_i[78]
destination_desc_bits_i[79]
destination_desc_bits_i[7]
destination_desc_bits_i[80]
destination_desc_bits_i[81]
destination_desc_bits_i[82]
destination_desc_bits_i[83]
destination_desc_bits_i[84]
destination_desc_bits_i[85]
destination_desc_bits_i[86]
destination_desc_bits_i[87]
destination_desc_bits_i[88]
destination_desc_bits_i[89]
destination_desc_bits_i[8]
destination_desc_bits_i[90]
destination_desc_bits_i[91]
destination_desc_bits_i[92]
destination_desc_bits_i[93]
destination_desc_bits_i[94]
destination_desc_bits_i[95]
destination_desc_bits_i[96]
destination_desc_bits_i[97]
destination_desc_bits_i[98]
destination_desc_bits_i[99]
destination_desc_bits_i[9]
m_axi_arready_i
m_axi_awready_i
m_axi_bresp_i[0]
m_axi_bresp_i[1]
m_axi_bvalid_i
m_axi_rdata_i[0]
m_axi_rdata_i[10]
m_axi_rdata_i[11]
m_axi_rdata_i[12]
m_axi_rdata_i[13]
m_axi_rdata_i[14]
m_axi_rdata_i[15]
m_axi_rdata_i[16]
m_axi_rdata_i[17]
m_axi_rdata_i[18]
m_axi_rdata_i[19]
m_axi_rdata_i[1]
m_axi_rdata_i[20]
m_axi_rdata_i[21]
m_axi_rdata_i[22]
m_axi_rdata_i[23]
m_axi_rdata_i[24]
m_axi_rdata_i[25]
m_axi_rdata_i[26]
m_axi_rdata_i[27]
m_axi_rdata_i[28]
m_axi_rdata_i[29]
m_axi_rdata_i[2]
m_axi_rdata_i[30]
m_axi_rdata_i[31]
m_axi_rdata_i[32]
m_axi_rdata_i[33]
m_axi_rdata_i[34]
m_axi_rdata_i[35]
m_axi_rdata_i[36]
m_axi_rdata_i[37]
m_axi_rdata_i[38]
m_axi_rdata_i[39]
m_axi_rdata_i[3]
m_axi_rdata_i[40]
m_axi_rdata_i[41]
m_axi_rdata_i[42]
m_axi_rdata_i[43]
m_axi_rdata_i[44]
m_axi_rdata_i[45]
m_axi_rdata_i[46]
m_axi_rdata_i[47]
m_axi_rdata_i[48]
m_axi_rdata_i[49]
m_axi_rdata_i[4]
m_axi_rdata_i[50]
m_axi_rdata_i[51]
m_axi_rdata_i[52]
m_axi_rdata_i[53]
m_axi_rdata_i[54]
m_axi_rdata_i[55]
m_axi_rdata_i[56]
m_axi_rdata_i[57]
m_axi_rdata_i[58]
m_axi_rdata_i[59]
m_axi_rdata_i[5]
m_axi_rdata_i[60]
m_axi_rdata_i[61]
m_axi_rdata_i[62]
m_axi_rdata_i[63]
m_axi_rdata_i[6]
m_axi_rdata_i[7]
m_axi_rdata_i[8]
m_axi_rdata_i[9]
m_axi_rlast_i
m_axi_rresp_i[0]
m_axi_rresp_i[1]
m_axi_rvalid_i
m_axi_wready_i
rst_ni
soft_reset_i
source_desc_bits_i[0]
source_desc_bits_i[100]
source_desc_bits_i[101]
source_desc_bits_i[102]
source_desc_bits_i[103]
source_desc_bits_i[104]
source_desc_bits_i[105]
source_desc_bits_i[106]
source_desc_bits_i[107]
source_desc_bits_i[108]
source_desc_bits_i[109]
source_desc_bits_i[10]
source_desc_bits_i[110]
source_desc_bits_i[111]
source_desc_bits_i[112]
source_desc_bits_i[113]
source_desc_bits_i[114]
source_desc_bits_i[115]
source_desc_bits_i[116]
source_desc_bits_i[117]
source_desc_bits_i[118]
source_desc_bits_i[119]
source_desc_bits_i[11]
source_desc_bits_i[120]
source_desc_bits_i[121]
source_desc_bits_i[122]
source_desc_bits_i[123]
source_desc_bits_i[124]
source_desc_bits_i[125]
source_desc_bits_i[126]
source_desc_bits_i[127]
source_desc_bits_i[128]
source_desc_bits_i[129]
source_desc_bits_i[12]
source_desc_bits_i[130]
source_desc_bits_i[131]
source_desc_bits_i[132]
source_desc_bits_i[133]
source_desc_bits_i[134]
source_desc_bits_i[135]
source_desc_bits_i[136]
source_desc_bits_i[137]
source_desc_bits_i[138]
source_desc_bits_i[139]
source_desc_bits_i[13]
source_desc_bits_i[140]
source_desc_bits_i[141]
source_desc_bits_i[142]
source_desc_bits_i[143]
source_desc_bits_i[144]
source_desc_bits_i[145]
source_desc_bits_i[146]
source_desc_bits_i[147]
source_desc_bits_i[148]
source_desc_bits_i[149]
source_desc_bits_i[14]
source_desc_bits_i[150]
source_desc_bits_i[151]
source_desc_bits_i[152]
source_desc_bits_i[153]
source_desc_bits_i[154]
source_desc_bits_i[155]
source_desc_bits_i[156]
source_desc_bits_i[157]
source_desc_bits_i[158]
source_desc_bits_i[159]
source_desc_bits_i[15]
source_desc_bits_i[160]
source_desc_bits_i[161]
source_desc_bits_i[162]
source_desc_bits_i[163]
source_desc_bits_i[164]
source_desc_bits_i[165]
source_desc_bits_i[166]
source_desc_bits_i[167]
source_desc_bits_i[168]
source_desc_bits_i[169]
source_desc_bits_i[16]
source_desc_bits_i[170]
source_desc_bits_i[171]
source_desc_bits_i[172]
source_desc_bits_i[173]
source_desc_bits_i[174]
source_desc_bits_i[175]
source_desc_bits_i[176]
source_desc_bits_i[177]
source_desc_bits_i[178]
source_desc_bits_i[179]
source_desc_bits_i[17]
source_desc_bits_i[180]
source_desc_bits_i[181]
source_desc_bits_i[182]
source_desc_bits_i[183]
source_desc_bits_i[184]
source_desc_bits_i[185]
source_desc_bits_i[186]
source_desc_bits_i[187]
source_desc_bits_i[188]
source_desc_bits_i[189]
source_desc_bits_i[18]
source_desc_bits_i[190]
source_desc_bits_i[191]
source_desc_bits_i[192]
source_desc_bits_i[193]
source_desc_bits_i[194]
source_desc_bits_i[195]
source_desc_bits_i[196]
source_desc_bits_i[197]
source_desc_bits_i[198]
source_desc_bits_i[199]
source_desc_bits_i[19]
source_desc_bits_i[1]
source_desc_bits_i[200]
source_desc_bits_i[201]
source_desc_bits_i[202]
source_desc_bits_i[203]
source_desc_bits_i[204]
source_desc_bits_i[205]
source_desc_bits_i[206]
source_desc_bits_i[207]
source_desc_bits_i[208]
source_desc_bits_i[209]
source_desc_bits_i[20]
source_desc_bits_i[210]
source_desc_bits_i[211]
source_desc_bits_i[212]
source_desc_bits_i[213]
source_desc_bits_i[214]
source_desc_bits_i[215]
source_desc_bits_i[216]
source_desc_bits_i[217]
source_desc_bits_i[218]
source_desc_bits_i[219]
source_desc_bits_i[21]
source_desc_bits_i[220]
source_desc_bits_i[221]
source_desc_bits_i[222]
source_desc_bits_i[223]
source_desc_bits_i[224]
source_desc_bits_i[225]
source_desc_bits_i[226]
source_desc_bits_i[227]
source_desc_bits_i[228]
source_desc_bits_i[229]
source_desc_bits_i[22]
source_desc_bits_i[230]
source_desc_bits_i[231]
source_desc_bits_i[232]
source_desc_bits_i[233]
source_desc_bits_i[234]
source_desc_bits_i[235]
source_desc_bits_i[236]
source_desc_bits_i[237]
source_desc_bits_i[238]
source_desc_bits_i[239]
source_desc_bits_i[23]
source_desc_bits_i[240]
source_desc_bits_i[241]
source_desc_bits_i[242]
source_desc_bits_i[243]
source_desc_bits_i[244]
source_desc_bits_i[245]
source_desc_bits_i[246]
source_desc_bits_i[247]
source_desc_bits_i[248]
source_desc_bits_i[249]
source_desc_bits_i[24]
source_desc_bits_i[250]
source_desc_bits_i[251]
source_desc_bits_i[252]
source_desc_bits_i[253]
source_desc_bits_i[254]
source_desc_bits_i[255]
source_desc_bits_i[256]
source_desc_bits_i[257]
source_desc_bits_i[258]
source_desc_bits_i[259]
source_desc_bits_i[25]
source_desc_bits_i[260]
source_desc_bits_i[261]
source_desc_bits_i[262]
source_desc_bits_i[263]
source_desc_bits_i[264]
source_desc_bits_i[265]
source_desc_bits_i[266]
source_desc_bits_i[267]
source_desc_bits_i[268]
source_desc_bits_i[269]
source_desc_bits_i[26]
source_desc_bits_i[270]
source_desc_bits_i[271]
source_desc_bits_i[272]
source_desc_bits_i[273]
source_desc_bits_i[274]
source_desc_bits_i[275]
source_desc_bits_i[276]
source_desc_bits_i[277]
source_desc_bits_i[278]
source_desc_bits_i[279]
source_desc_bits_i[27]
source_desc_bits_i[280]
source_desc_bits_i[281]
source_desc_bits_i[282]
source_desc_bits_i[283]
source_desc_bits_i[284]
source_desc_bits_i[285]
source_desc_bits_i[286]
source_desc_bits_i[287]
source_desc_bits_i[288]
source_desc_bits_i[289]
source_desc_bits_i[28]
source_desc_bits_i[290]
source_desc_bits_i[291]
source_desc_bits_i[292]
source_desc_bits_i[293]
source_desc_bits_i[294]
source_desc_bits_i[295]
source_desc_bits_i[296]
source_desc_bits_i[297]
source_desc_bits_i[298]
source_desc_bits_i[299]
source_desc_bits_i[29]
source_desc_bits_i[2]
source_desc_bits_i[300]
source_desc_bits_i[301]
source_desc_bits_i[302]
source_desc_bits_i[303]
source_desc_bits_i[30]
source_desc_bits_i[31]
source_desc_bits_i[32]
source_desc_bits_i[33]
source_desc_bits_i[34]
source_desc_bits_i[35]
source_desc_bits_i[36]
source_desc_bits_i[37]
source_desc_bits_i[38]
source_desc_bits_i[39]
source_desc_bits_i[3]
source_desc_bits_i[40]
source_desc_bits_i[41]
source_desc_bits_i[42]
source_desc_bits_i[43]
source_desc_bits_i[44]
source_desc_bits_i[45]
source_desc_bits_i[46]
source_desc_bits_i[47]
source_desc_bits_i[48]
source_desc_bits_i[49]
source_desc_bits_i[4]
source_desc_bits_i[50]
source_desc_bits_i[51]
source_desc_bits_i[52]
source_desc_bits_i[53]
source_desc_bits_i[54]
source_desc_bits_i[55]
source_desc_bits_i[56]
source_desc_bits_i[57]
source_desc_bits_i[58]
source_desc_bits_i[59]
source_desc_bits_i[5]
source_desc_bits_i[60]
source_desc_bits_i[61]
source_desc_bits_i[62]
source_desc_bits_i[63]
source_desc_bits_i[64]
source_desc_bits_i[65]
source_desc_bits_i[66]
source_desc_bits_i[67]
source_desc_bits_i[68]
source_desc_bits_i[69]
source_desc_bits_i[6]
source_desc_bits_i[70]
source_desc_bits_i[71]
source_desc_bits_i[72]
source_desc_bits_i[73]
source_desc_bits_i[74]
source_desc_bits_i[75]
source_desc_bits_i[76]
source_desc_bits_i[77]
source_desc_bits_i[78]
source_desc_bits_i[79]
source_desc_bits_i[7]
source_desc_bits_i[80]
source_desc_bits_i[81]
source_desc_bits_i[82]
source_desc_bits_i[83]
source_desc_bits_i[84]
source_desc_bits_i[85]
source_desc_bits_i[86]
source_desc_bits_i[87]
source_desc_bits_i[88]
source_desc_bits_i[89]
source_desc_bits_i[8]
source_desc_bits_i[90]
source_desc_bits_i[91]
source_desc_bits_i[92]
source_desc_bits_i[93]
source_desc_bits_i[94]
source_desc_bits_i[95]
source_desc_bits_i[96]
source_desc_bits_i[97]
source_desc_bits_i[98]
source_desc_bits_i[99]
source_desc_bits_i[9]
start_valid_i

 There are 0 input ports with no input delay but user has a false path constraint.


6. checking no_output_delay (280)
---------------------------------
 There are 280 ports with no output delay specified. (HIGH)

busy_o
bytes_read_o[10]
bytes_read_o[11]
bytes_read_o[12]
bytes_read_o[13]
bytes_read_o[14]
bytes_read_o[15]
bytes_read_o[16]
bytes_read_o[17]
bytes_read_o[18]
bytes_read_o[19]
bytes_read_o[20]
bytes_read_o[21]
bytes_read_o[22]
bytes_read_o[23]
bytes_read_o[24]
bytes_read_o[25]
bytes_read_o[26]
bytes_read_o[27]
bytes_read_o[28]
bytes_read_o[29]
bytes_read_o[30]
bytes_read_o[31]
bytes_read_o[3]
bytes_read_o[4]
bytes_read_o[5]
bytes_read_o[6]
bytes_read_o[7]
bytes_read_o[8]
bytes_read_o[9]
bytes_written_o[10]
bytes_written_o[11]
bytes_written_o[12]
bytes_written_o[13]
bytes_written_o[14]
bytes_written_o[15]
bytes_written_o[16]
bytes_written_o[17]
bytes_written_o[18]
bytes_written_o[19]
bytes_written_o[20]
bytes_written_o[21]
bytes_written_o[22]
bytes_written_o[23]
bytes_written_o[24]
bytes_written_o[25]
bytes_written_o[26]
bytes_written_o[27]
bytes_written_o[28]
bytes_written_o[29]
bytes_written_o[30]
bytes_written_o[31]
bytes_written_o[3]
bytes_written_o[4]
bytes_written_o[5]
bytes_written_o[6]
bytes_written_o[7]
bytes_written_o[8]
bytes_written_o[9]
done_pulse_o
error_pulse_o
error_reason_o[0]
error_reason_o[1]
error_reason_o[2]
error_reason_o[3]
m_axi_araddr_o[0]
m_axi_araddr_o[10]
m_axi_araddr_o[11]
m_axi_araddr_o[12]
m_axi_araddr_o[13]
m_axi_araddr_o[14]
m_axi_araddr_o[15]
m_axi_araddr_o[16]
m_axi_araddr_o[17]
m_axi_araddr_o[18]
m_axi_araddr_o[19]
m_axi_araddr_o[1]
m_axi_araddr_o[20]
m_axi_araddr_o[21]
m_axi_araddr_o[22]
m_axi_araddr_o[23]
m_axi_araddr_o[24]
m_axi_araddr_o[25]
m_axi_araddr_o[26]
m_axi_araddr_o[27]
m_axi_araddr_o[28]
m_axi_araddr_o[29]
m_axi_araddr_o[2]
m_axi_araddr_o[30]
m_axi_araddr_o[31]
m_axi_araddr_o[32]
m_axi_araddr_o[33]
m_axi_araddr_o[34]
m_axi_araddr_o[35]
m_axi_araddr_o[36]
m_axi_araddr_o[37]
m_axi_araddr_o[38]
m_axi_araddr_o[39]
m_axi_araddr_o[3]
m_axi_araddr_o[40]
m_axi_araddr_o[41]
m_axi_araddr_o[42]
m_axi_araddr_o[43]
m_axi_araddr_o[44]
m_axi_araddr_o[45]
m_axi_araddr_o[46]
m_axi_araddr_o[47]
m_axi_araddr_o[48]
m_axi_araddr_o[49]
m_axi_araddr_o[4]
m_axi_araddr_o[50]
m_axi_araddr_o[51]
m_axi_araddr_o[52]
m_axi_araddr_o[53]
m_axi_araddr_o[54]
m_axi_araddr_o[55]
m_axi_araddr_o[56]
m_axi_araddr_o[57]
m_axi_araddr_o[58]
m_axi_araddr_o[59]
m_axi_araddr_o[5]
m_axi_araddr_o[60]
m_axi_araddr_o[61]
m_axi_araddr_o[62]
m_axi_araddr_o[63]
m_axi_araddr_o[6]
m_axi_araddr_o[7]
m_axi_araddr_o[8]
m_axi_araddr_o[9]
m_axi_arlen_o[0]
m_axi_arlen_o[1]
m_axi_arlen_o[2]
m_axi_arlen_o[3]
m_axi_arlen_o[4]
m_axi_arlen_o[5]
m_axi_arlen_o[6]
m_axi_arlen_o[7]
m_axi_arvalid_o
m_axi_awaddr_o[0]
m_axi_awaddr_o[10]
m_axi_awaddr_o[11]
m_axi_awaddr_o[12]
m_axi_awaddr_o[13]
m_axi_awaddr_o[14]
m_axi_awaddr_o[15]
m_axi_awaddr_o[16]
m_axi_awaddr_o[17]
m_axi_awaddr_o[18]
m_axi_awaddr_o[19]
m_axi_awaddr_o[1]
m_axi_awaddr_o[20]
m_axi_awaddr_o[21]
m_axi_awaddr_o[22]
m_axi_awaddr_o[23]
m_axi_awaddr_o[24]
m_axi_awaddr_o[25]
m_axi_awaddr_o[26]
m_axi_awaddr_o[27]
m_axi_awaddr_o[28]
m_axi_awaddr_o[29]
m_axi_awaddr_o[2]
m_axi_awaddr_o[30]
m_axi_awaddr_o[31]
m_axi_awaddr_o[32]
m_axi_awaddr_o[33]
m_axi_awaddr_o[34]
m_axi_awaddr_o[35]
m_axi_awaddr_o[36]
m_axi_awaddr_o[37]
m_axi_awaddr_o[38]
m_axi_awaddr_o[39]
m_axi_awaddr_o[3]
m_axi_awaddr_o[40]
m_axi_awaddr_o[41]
m_axi_awaddr_o[42]
m_axi_awaddr_o[43]
m_axi_awaddr_o[44]
m_axi_awaddr_o[45]
m_axi_awaddr_o[46]
m_axi_awaddr_o[47]
m_axi_awaddr_o[48]
m_axi_awaddr_o[49]
m_axi_awaddr_o[4]
m_axi_awaddr_o[50]
m_axi_awaddr_o[51]
m_axi_awaddr_o[52]
m_axi_awaddr_o[53]
m_axi_awaddr_o[54]
m_axi_awaddr_o[55]
m_axi_awaddr_o[56]
m_axi_awaddr_o[57]
m_axi_awaddr_o[58]
m_axi_awaddr_o[59]
m_axi_awaddr_o[5]
m_axi_awaddr_o[60]
m_axi_awaddr_o[61]
m_axi_awaddr_o[62]
m_axi_awaddr_o[63]
m_axi_awaddr_o[6]
m_axi_awaddr_o[7]
m_axi_awaddr_o[8]
m_axi_awaddr_o[9]
m_axi_awlen_o[0]
m_axi_awlen_o[1]
m_axi_awlen_o[2]
m_axi_awlen_o[3]
m_axi_awlen_o[4]
m_axi_awlen_o[5]
m_axi_awlen_o[6]
m_axi_awlen_o[7]
m_axi_awvalid_o
m_axi_bready_o
m_axi_rready_o
m_axi_wdata_o[0]
m_axi_wdata_o[10]
m_axi_wdata_o[11]
m_axi_wdata_o[12]
m_axi_wdata_o[13]
m_axi_wdata_o[14]
m_axi_wdata_o[15]
m_axi_wdata_o[16]
m_axi_wdata_o[17]
m_axi_wdata_o[18]
m_axi_wdata_o[19]
m_axi_wdata_o[1]
m_axi_wdata_o[20]
m_axi_wdata_o[21]
m_axi_wdata_o[22]
m_axi_wdata_o[23]
m_axi_wdata_o[24]
m_axi_wdata_o[25]
m_axi_wdata_o[26]
m_axi_wdata_o[27]
m_axi_wdata_o[28]
m_axi_wdata_o[29]
m_axi_wdata_o[2]
m_axi_wdata_o[30]
m_axi_wdata_o[31]
m_axi_wdata_o[32]
m_axi_wdata_o[33]
m_axi_wdata_o[34]
m_axi_wdata_o[35]
m_axi_wdata_o[36]
m_axi_wdata_o[37]
m_axi_wdata_o[38]
m_axi_wdata_o[39]
m_axi_wdata_o[3]
m_axi_wdata_o[40]
m_axi_wdata_o[41]
m_axi_wdata_o[42]
m_axi_wdata_o[43]
m_axi_wdata_o[44]
m_axi_wdata_o[45]
m_axi_wdata_o[46]
m_axi_wdata_o[47]
m_axi_wdata_o[48]
m_axi_wdata_o[49]
m_axi_wdata_o[4]
m_axi_wdata_o[50]
m_axi_wdata_o[51]
m_axi_wdata_o[52]
m_axi_wdata_o[53]
m_axi_wdata_o[54]
m_axi_wdata_o[55]
m_axi_wdata_o[56]
m_axi_wdata_o[57]
m_axi_wdata_o[58]
m_axi_wdata_o[59]
m_axi_wdata_o[5]
m_axi_wdata_o[60]
m_axi_wdata_o[61]
m_axi_wdata_o[62]
m_axi_wdata_o[63]
m_axi_wdata_o[6]
m_axi_wdata_o[7]
m_axi_wdata_o[8]
m_axi_wdata_o[9]
m_axi_wlast_o
m_axi_wvalid_o
start_ready_o

 There are 0 ports with no output delay but user has a false path constraint

 There are 0 ports with no output delay but with a timing clock defined on it or propagating through it


7. checking multiple_clock (0)
------------------------------
 There are 0 register/latch pins with multiple clocks.


8. checking generated_clocks (0)
--------------------------------
 There are 0 generated clocks that are not connected to a clock source.


9. checking loops (0)
---------------------
 There are 0 combinational loops in the design.


10. checking partial_input_delay (0)
------------------------------------
 There are 0 input ports with partial input delay specified.


11. checking partial_output_delay (0)
-------------------------------------
 There are 0 ports with partial output delay specified.


12. checking latch_loops (0)
----------------------------
 There are 0 combinational latch loops in the design through latch input


