Copyright 1986-2022 Xilinx, Inc. All Rights Reserved. Copyright 2022-2026 Advanced Micro Devices, Inc. All Rights Reserved.
----------------------------------------------------------------------------------------------------------------------------------------------
| Tool Version : Vivado v.2026.1 (win64) Build 6511674 Tue Jun 16 11:02:23 MDT 2026
| Date         : Tue Sep 15 01:52:44 2026
| Host         : RAW2332 running 64-bit major release  (build 9200)
| Command      : check_timing -verbose -file D:/WORKBUDDY/STEM/npu-stem-repo/hardware/reports/vivado_2026_1/npu_requant_post/check_timing.rpt
| Design       : npu_requant_post
| Device       : 7z020-clg400
| Speed File   : -1  PRODUCTION 1.12 2019-11-22
| Design State : Synthesized
----------------------------------------------------------------------------------------------------------------------------------------------


check_timing report

Table of Contents
-----------------
1. checking no_clock (0)
2. checking constant_clock (0)
3. checking pulse_width_clock (0)
4. checking unconstrained_internal_endpoints (0)
5. checking no_input_delay (1401)
6. checking no_output_delay (143)
7. checking multiple_clock (0)
8. checking generated_clocks (0)
9. checking loops (0)
10. checking partial_input_delay (0)
11. checking partial_output_delay (0)
12. checking latch_loops (0)

1. checking no_clock (0)
------------------------
 There are 0 register/latch pins with no clock.


2. checking constant_clock (0)
------------------------------
 There are 0 register/latch pins with constant_clock.


3. checking pulse_width_clock (0)
---------------------------------
 There are 0 register/latch pins which need pulse_width check


4. checking unconstrained_internal_endpoints (0)
------------------------------------------------
 There are 0 pins that are not constrained for maximum delay.

 There are 0 pins that are not constrained for maximum delay due to constant clock.


5. checking no_input_delay (1401)
---------------------------------
 There are 1401 input ports with no input delay specified. (HIGH)

accumulator_i[0]
accumulator_i[100]
accumulator_i[101]
accumulator_i[102]
accumulator_i[103]
accumulator_i[104]
accumulator_i[105]
accumulator_i[106]
accumulator_i[107]
accumulator_i[108]
accumulator_i[109]
accumulator_i[10]
accumulator_i[110]
accumulator_i[111]
accumulator_i[112]
accumulator_i[113]
accumulator_i[114]
accumulator_i[115]
accumulator_i[116]
accumulator_i[117]
accumulator_i[118]
accumulator_i[119]
accumulator_i[11]
accumulator_i[120]
accumulator_i[121]
accumulator_i[122]
accumulator_i[123]
accumulator_i[124]
accumulator_i[125]
accumulator_i[126]
accumulator_i[127]
accumulator_i[128]
accumulator_i[129]
accumulator_i[12]
accumulator_i[130]
accumulator_i[131]
accumulator_i[132]
accumulator_i[133]
accumulator_i[134]
accumulator_i[135]
accumulator_i[136]
accumulator_i[137]
accumulator_i[138]
accumulator_i[139]
accumulator_i[13]
accumulator_i[140]
accumulator_i[141]
accumulator_i[142]
accumulator_i[143]
accumulator_i[144]
accumulator_i[145]
accumulator_i[146]
accumulator_i[147]
accumulator_i[148]
accumulator_i[149]
accumulator_i[14]
accumulator_i[150]
accumulator_i[151]
accumulator_i[152]
accumulator_i[153]
accumulator_i[154]
accumulator_i[155]
accumulator_i[156]
accumulator_i[157]
accumulator_i[158]
accumulator_i[159]
accumulator_i[15]
accumulator_i[160]
accumulator_i[161]
accumulator_i[162]
accumulator_i[163]
accumulator_i[164]
accumulator_i[165]
accumulator_i[166]
accumulator_i[167]
accumulator_i[168]
accumulator_i[169]
accumulator_i[16]
accumulator_i[170]
accumulator_i[171]
accumulator_i[172]
accumulator_i[173]
accumulator_i[174]
accumulator_i[175]
accumulator_i[176]
accumulator_i[177]
accumulator_i[178]
accumulator_i[179]
accumulator_i[17]
accumulator_i[180]
accumulator_i[181]
accumulator_i[182]
accumulator_i[183]
accumulator_i[184]
accumulator_i[185]
accumulator_i[186]
accumulator_i[187]
accumulator_i[188]
accumulator_i[189]
accumulator_i[18]
accumulator_i[190]
accumulator_i[191]
accumulator_i[192]
accumulator_i[193]
accumulator_i[194]
accumulator_i[195]
accumulator_i[196]
accumulator_i[197]
accumulator_i[198]
accumulator_i[199]
accumulator_i[19]
accumulator_i[1]
accumulator_i[200]
accumulator_i[201]
accumulator_i[202]
accumulator_i[203]
accumulator_i[204]
accumulator_i[205]
accumulator_i[206]
accumulator_i[207]
accumulator_i[208]
accumulator_i[209]
accumulator_i[20]
accumulator_i[210]
accumulator_i[211]
accumulator_i[212]
accumulator_i[213]
accumulator_i[214]
accumulator_i[215]
accumulator_i[216]
accumulator_i[217]
accumulator_i[218]
accumulator_i[219]
accumulator_i[21]
accumulator_i[220]
accumulator_i[221]
accumulator_i[222]
accumulator_i[223]
accumulator_i[224]
accumulator_i[225]
accumulator_i[226]
accumulator_i[227]
accumulator_i[228]
accumulator_i[229]
accumulator_i[22]
accumulator_i[230]
accumulator_i[231]
accumulator_i[232]
accumulator_i[233]
accumulator_i[234]
accumulator_i[235]
accumulator_i[236]
accumulator_i[237]
accumulator_i[238]
accumulator_i[239]
accumulator_i[23]
accumulator_i[240]
accumulator_i[241]
accumulator_i[242]
accumulator_i[243]
accumulator_i[244]
accumulator_i[245]
accumulator_i[246]
accumulator_i[247]
accumulator_i[248]
accumulator_i[249]
accumulator_i[24]
accumulator_i[250]
accumulator_i[251]
accumulator_i[252]
accumulator_i[253]
accumulator_i[254]
accumulator_i[255]
accumulator_i[25]
accumulator_i[26]
accumulator_i[27]
accumulator_i[28]
accumulator_i[29]
accumulator_i[2]
accumulator_i[30]
accumulator_i[31]
accumulator_i[32]
accumulator_i[33]
accumulator_i[34]
accumulator_i[35]
accumulator_i[36]
accumulator_i[37]
accumulator_i[38]
accumulator_i[39]
accumulator_i[3]
accumulator_i[40]
accumulator_i[41]
accumulator_i[42]
accumulator_i[43]
accumulator_i[44]
accumulator_i[45]
accumulator_i[46]
accumulator_i[47]
accumulator_i[48]
accumulator_i[49]
accumulator_i[4]
accumulator_i[50]
accumulator_i[51]
accumulator_i[52]
accumulator_i[53]
accumulator_i[54]
accumulator_i[55]
accumulator_i[56]
accumulator_i[57]
accumulator_i[58]
accumulator_i[59]
accumulator_i[5]
accumulator_i[60]
accumulator_i[61]
accumulator_i[62]
accumulator_i[63]
accumulator_i[64]
accumulator_i[65]
accumulator_i[66]
accumulator_i[67]
accumulator_i[68]
accumulator_i[69]
accumulator_i[6]
accumulator_i[70]
accumulator_i[71]
accumulator_i[72]
accumulator_i[73]
accumulator_i[74]
accumulator_i[75]
accumulator_i[76]
accumulator_i[77]
accumulator_i[78]
accumulator_i[79]
accumulator_i[7]
accumulator_i[80]
accumulator_i[81]
accumulator_i[82]
accumulator_i[83]
accumulator_i[84]
accumulator_i[85]
accumulator_i[86]
accumulator_i[87]
accumulator_i[88]
accumulator_i[89]
accumulator_i[8]
accumulator_i[90]
accumulator_i[91]
accumulator_i[92]
accumulator_i[93]
accumulator_i[94]
accumulator_i[95]
accumulator_i[96]
accumulator_i[97]
accumulator_i[98]
accumulator_i[99]
accumulator_i[9]
bias_i[0]
bias_i[100]
bias_i[101]
bias_i[102]
bias_i[103]
bias_i[104]
bias_i[105]
bias_i[106]
bias_i[107]
bias_i[108]
bias_i[109]
bias_i[10]
bias_i[110]
bias_i[111]
bias_i[112]
bias_i[113]
bias_i[114]
bias_i[115]
bias_i[116]
bias_i[117]
bias_i[118]
bias_i[119]
bias_i[11]
bias_i[120]
bias_i[121]
bias_i[122]
bias_i[123]
bias_i[124]
bias_i[125]
bias_i[126]
bias_i[127]
bias_i[128]
bias_i[129]
bias_i[12]
bias_i[130]
bias_i[131]
bias_i[132]
bias_i[133]
bias_i[134]
bias_i[135]
bias_i[136]
bias_i[137]
bias_i[138]
bias_i[139]
bias_i[13]
bias_i[140]
bias_i[141]
bias_i[142]
bias_i[143]
bias_i[144]
bias_i[145]
bias_i[146]
bias_i[147]
bias_i[148]
bias_i[149]
bias_i[14]
bias_i[150]
bias_i[151]
bias_i[152]
bias_i[153]
bias_i[154]
bias_i[155]
bias_i[156]
bias_i[157]
bias_i[158]
bias_i[159]
bias_i[15]
bias_i[160]
bias_i[161]
bias_i[162]
bias_i[163]
bias_i[164]
bias_i[165]
bias_i[166]
bias_i[167]
bias_i[168]
bias_i[169]
bias_i[16]
bias_i[170]
bias_i[171]
bias_i[172]
bias_i[173]
bias_i[174]
bias_i[175]
bias_i[176]
bias_i[177]
bias_i[178]
bias_i[179]
bias_i[17]
bias_i[180]
bias_i[181]
bias_i[182]
bias_i[183]
bias_i[184]
bias_i[185]
bias_i[186]
bias_i[187]
bias_i[188]
bias_i[189]
bias_i[18]
bias_i[190]
bias_i[191]
bias_i[192]
bias_i[193]
bias_i[194]
bias_i[195]
bias_i[196]
bias_i[197]
bias_i[198]
bias_i[199]
bias_i[19]
bias_i[1]
bias_i[200]
bias_i[201]
bias_i[202]
bias_i[203]
bias_i[204]
bias_i[205]
bias_i[206]
bias_i[207]
bias_i[208]
bias_i[209]
bias_i[20]
bias_i[210]
bias_i[211]
bias_i[212]
bias_i[213]
bias_i[214]
bias_i[215]
bias_i[216]
bias_i[217]
bias_i[218]
bias_i[219]
bias_i[21]
bias_i[220]
bias_i[221]
bias_i[222]
bias_i[223]
bias_i[224]
bias_i[225]
bias_i[226]
bias_i[227]
bias_i[228]
bias_i[229]
bias_i[22]
bias_i[230]
bias_i[231]
bias_i[232]
bias_i[233]
bias_i[234]
bias_i[235]
bias_i[236]
bias_i[237]
bias_i[238]
bias_i[239]
bias_i[23]
bias_i[240]
bias_i[241]
bias_i[242]
bias_i[243]
bias_i[244]
bias_i[245]
bias_i[246]
bias_i[247]
bias_i[248]
bias_i[249]
bias_i[24]
bias_i[250]
bias_i[251]
bias_i[252]
bias_i[253]
bias_i[254]
bias_i[255]
bias_i[25]
bias_i[26]
bias_i[27]
bias_i[28]
bias_i[29]
bias_i[2]
bias_i[30]
bias_i[31]
bias_i[32]
bias_i[33]
bias_i[34]
bias_i[35]
bias_i[36]
bias_i[37]
bias_i[38]
bias_i[39]
bias_i[3]
bias_i[40]
bias_i[41]
bias_i[42]
bias_i[43]
bias_i[44]
bias_i[45]
bias_i[46]
bias_i[47]
bias_i[48]
bias_i[49]
bias_i[4]
bias_i[50]
bias_i[51]
bias_i[52]
bias_i[53]
bias_i[54]
bias_i[55]
bias_i[56]
bias_i[57]
bias_i[58]
bias_i[59]
bias_i[5]
bias_i[60]
bias_i[61]
bias_i[62]
bias_i[63]
bias_i[64]
bias_i[65]
bias_i[66]
bias_i[67]
bias_i[68]
bias_i[69]
bias_i[6]
bias_i[70]
bias_i[71]
bias_i[72]
bias_i[73]
bias_i[74]
bias_i[75]
bias_i[76]
bias_i[77]
bias_i[78]
bias_i[79]
bias_i[7]
bias_i[80]
bias_i[81]
bias_i[82]
bias_i[83]
bias_i[84]
bias_i[85]
bias_i[86]
bias_i[87]
bias_i[88]
bias_i[89]
bias_i[8]
bias_i[90]
bias_i[91]
bias_i[92]
bias_i[93]
bias_i[94]
bias_i[95]
bias_i[96]
bias_i[97]
bias_i[98]
bias_i[99]
bias_i[9]
input_valid_i
lane_mask_i[0]
lane_mask_i[1]
lane_mask_i[2]
lane_mask_i[3]
lane_mask_i[4]
lane_mask_i[5]
lane_mask_i[6]
lane_mask_i[7]
lut_write_address_i[0]
lut_write_address_i[10]
lut_write_address_i[11]
lut_write_address_i[1]
lut_write_address_i[2]
lut_write_address_i[3]
lut_write_address_i[4]
lut_write_address_i[5]
lut_write_address_i[6]
lut_write_address_i[7]
lut_write_address_i[8]
lut_write_address_i[9]
lut_write_data_i[0]
lut_write_data_i[10]
lut_write_data_i[11]
lut_write_data_i[12]
lut_write_data_i[13]
lut_write_data_i[14]
lut_write_data_i[15]
lut_write_data_i[1]
lut_write_data_i[2]
lut_write_data_i[3]
lut_write_data_i[4]
lut_write_data_i[5]
lut_write_data_i[6]
lut_write_data_i[7]
lut_write_data_i[8]
lut_write_data_i[9]
lut_write_valid_i
output_ready_i
post_op_i[0]
post_op_i[10]
post_op_i[11]
post_op_i[12]
post_op_i[13]
post_op_i[14]
post_op_i[15]
post_op_i[1]
post_op_i[2]
post_op_i[3]
post_op_i[4]
post_op_i[5]
post_op_i[6]
post_op_i[7]
post_op_i[8]
post_op_i[9]
quant_params_i[0]
quant_params_i[1000]
quant_params_i[1001]
quant_params_i[1002]
quant_params_i[1003]
quant_params_i[1004]
quant_params_i[1005]
quant_params_i[1006]
quant_params_i[1007]
quant_params_i[1008]
quant_params_i[1009]
quant_params_i[100]
quant_params_i[1010]
quant_params_i[1011]
quant_params_i[1012]
quant_params_i[1013]
quant_params_i[1014]
quant_params_i[1015]
quant_params_i[1016]
quant_params_i[1017]
quant_params_i[1018]
quant_params_i[1019]
quant_params_i[101]
quant_params_i[1020]
quant_params_i[1021]
quant_params_i[1022]
quant_params_i[1023]
quant_params_i[102]
quant_params_i[103]
quant_params_i[104]
quant_params_i[105]
quant_params_i[106]
quant_params_i[107]
quant_params_i[108]
quant_params_i[109]
quant_params_i[10]
quant_params_i[110]
quant_params_i[111]
quant_params_i[112]
quant_params_i[113]
quant_params_i[114]
quant_params_i[115]
quant_params_i[116]
quant_params_i[117]
quant_params_i[118]
quant_params_i[119]
quant_params_i[11]
quant_params_i[120]
quant_params_i[121]
quant_params_i[122]
quant_params_i[123]
quant_params_i[124]
quant_params_i[125]
quant_params_i[126]
quant_params_i[127]
quant_params_i[128]
quant_params_i[129]
quant_params_i[12]
quant_params_i[130]
quant_params_i[131]
quant_params_i[132]
quant_params_i[133]
quant_params_i[134]
quant_params_i[135]
quant_params_i[136]
quant_params_i[137]
quant_params_i[138]
quant_params_i[139]
quant_params_i[13]
quant_params_i[140]
quant_params_i[141]
quant_params_i[142]
quant_params_i[143]
quant_params_i[144]
quant_params_i[145]
quant_params_i[146]
quant_params_i[147]
quant_params_i[148]
quant_params_i[149]
quant_params_i[14]
quant_params_i[150]
quant_params_i[151]
quant_params_i[152]
quant_params_i[153]
quant_params_i[154]
quant_params_i[155]
quant_params_i[156]
quant_params_i[157]
quant_params_i[158]
quant_params_i[159]
quant_params_i[15]
quant_params_i[160]
quant_params_i[161]
quant_params_i[162]
quant_params_i[163]
quant_params_i[164]
quant_params_i[165]
quant_params_i[166]
quant_params_i[167]
quant_params_i[16]
quant_params_i[17]
quant_params_i[18]
quant_params_i[192]
quant_params_i[193]
quant_params_i[194]
quant_params_i[195]
quant_params_i[196]
quant_params_i[197]
quant_params_i[198]
quant_params_i[199]
quant_params_i[19]
quant_params_i[1]
quant_params_i[200]
quant_params_i[201]
quant_params_i[202]
quant_params_i[203]
quant_params_i[204]
quant_params_i[205]
quant_params_i[206]
quant_params_i[207]
quant_params_i[208]
quant_params_i[209]
quant_params_i[20]
quant_params_i[210]
quant_params_i[211]
quant_params_i[212]
quant_params_i[213]
quant_params_i[214]
quant_params_i[215]
quant_params_i[216]
quant_params_i[217]
quant_params_i[218]
quant_params_i[219]
quant_params_i[21]
quant_params_i[220]
quant_params_i[221]
quant_params_i[222]
quant_params_i[223]
quant_params_i[224]
quant_params_i[225]
quant_params_i[226]
quant_params_i[227]
quant_params_i[228]
quant_params_i[229]
quant_params_i[22]
quant_params_i[230]
quant_params_i[231]
quant_params_i[232]
quant_params_i[233]
quant_params_i[234]
quant_params_i[235]
quant_params_i[236]
quant_params_i[237]
quant_params_i[238]
quant_params_i[239]
quant_params_i[23]
quant_params_i[240]
quant_params_i[241]
quant_params_i[242]
quant_params_i[243]
quant_params_i[244]
quant_params_i[245]
quant_params_i[246]
quant_params_i[247]
quant_params_i[248]
quant_params_i[249]
quant_params_i[24]
quant_params_i[250]
quant_params_i[251]
quant_params_i[252]
quant_params_i[253]
quant_params_i[254]
quant_params_i[255]
quant_params_i[256]
quant_params_i[257]
quant_params_i[258]
quant_params_i[259]
quant_params_i[25]
quant_params_i[260]
quant_params_i[261]
quant_params_i[262]
quant_params_i[263]
quant_params_i[264]
quant_params_i[265]
quant_params_i[266]
quant_params_i[267]
quant_params_i[268]
quant_params_i[269]
quant_params_i[26]
quant_params_i[270]
quant_params_i[271]
quant_params_i[272]
quant_params_i[273]
quant_params_i[274]
quant_params_i[275]
quant_params_i[276]
quant_params_i[277]
quant_params_i[278]
quant_params_i[279]
quant_params_i[27]
quant_params_i[280]
quant_params_i[281]
quant_params_i[282]
quant_params_i[283]
quant_params_i[284]
quant_params_i[285]
quant_params_i[286]
quant_params_i[287]
quant_params_i[288]
quant_params_i[289]
quant_params_i[28]
quant_params_i[290]
quant_params_i[291]
quant_params_i[292]
quant_params_i[293]
quant_params_i[294]
quant_params_i[295]
quant_params_i[29]
quant_params_i[2]
quant_params_i[30]
quant_params_i[31]
quant_params_i[320]
quant_params_i[321]
quant_params_i[322]
quant_params_i[323]
quant_params_i[324]
quant_params_i[325]
quant_params_i[326]
quant_params_i[327]
quant_params_i[328]
quant_params_i[329]
quant_params_i[32]
quant_params_i[330]
quant_params_i[331]
quant_params_i[332]
quant_params_i[333]
quant_params_i[334]
quant_params_i[335]
quant_params_i[336]
quant_params_i[337]
quant_params_i[338]
quant_params_i[339]
quant_params_i[33]
quant_params_i[340]
quant_params_i[341]
quant_params_i[342]
quant_params_i[343]
quant_params_i[344]
quant_params_i[345]
quant_params_i[346]
quant_params_i[347]
quant_params_i[348]
quant_params_i[349]
quant_params_i[34]
quant_params_i[350]
quant_params_i[351]
quant_params_i[352]
quant_params_i[353]
quant_params_i[354]
quant_params_i[355]
quant_params_i[356]
quant_params_i[357]
quant_params_i[358]
quant_params_i[359]
quant_params_i[35]
quant_params_i[360]
quant_params_i[361]
quant_params_i[362]
quant_params_i[363]
quant_params_i[364]
quant_params_i[365]
quant_params_i[366]
quant_params_i[367]
quant_params_i[368]
quant_params_i[369]
quant_params_i[36]
quant_params_i[370]
quant_params_i[371]
quant_params_i[372]
quant_params_i[373]
quant_params_i[374]
quant_params_i[375]
quant_params_i[376]
quant_params_i[377]
quant_params_i[378]
quant_params_i[379]
quant_params_i[37]
quant_params_i[380]
quant_params_i[381]
quant_params_i[382]
quant_params_i[383]
quant_params_i[384]
quant_params_i[385]
quant_params_i[386]
quant_params_i[387]
quant_params_i[388]
quant_params_i[389]
quant_params_i[38]
quant_params_i[390]
quant_params_i[391]
quant_params_i[392]
quant_params_i[393]
quant_params_i[394]
quant_params_i[395]
quant_params_i[396]
quant_params_i[397]
quant_params_i[398]
quant_params_i[399]
quant_params_i[39]
quant_params_i[3]
quant_params_i[400]
quant_params_i[401]
quant_params_i[402]
quant_params_i[403]
quant_params_i[404]
quant_params_i[405]
quant_params_i[406]
quant_params_i[407]
quant_params_i[408]
quant_params_i[409]
quant_params_i[410]
quant_params_i[411]
quant_params_i[412]
quant_params_i[413]
quant_params_i[414]
quant_params_i[415]
quant_params_i[416]
quant_params_i[417]
quant_params_i[418]
quant_params_i[419]
quant_params_i[420]
quant_params_i[421]
quant_params_i[422]
quant_params_i[423]
quant_params_i[448]
quant_params_i[449]
quant_params_i[450]
quant_params_i[451]
quant_params_i[452]
quant_params_i[453]
quant_params_i[454]
quant_params_i[455]
quant_params_i[456]
quant_params_i[457]
quant_params_i[458]
quant_params_i[459]
quant_params_i[460]
quant_params_i[461]
quant_params_i[462]
quant_params_i[463]
quant_params_i[464]
quant_params_i[465]
quant_params_i[466]
quant_params_i[467]
quant_params_i[468]
quant_params_i[469]
quant_params_i[470]
quant_params_i[471]
quant_params_i[472]
quant_params_i[473]
quant_params_i[474]
quant_params_i[475]
quant_params_i[476]
quant_params_i[477]
quant_params_i[478]
quant_params_i[479]
quant_params_i[480]
quant_params_i[481]
quant_params_i[482]
quant_params_i[483]
quant_params_i[484]
quant_params_i[485]
quant_params_i[486]
quant_params_i[487]
quant_params_i[488]
quant_params_i[489]
quant_params_i[490]
quant_params_i[491]
quant_params_i[492]
quant_params_i[493]
quant_params_i[494]
quant_params_i[495]
quant_params_i[496]
quant_params_i[497]
quant_params_i[498]
quant_params_i[499]
quant_params_i[4]
quant_params_i[500]
quant_params_i[501]
quant_params_i[502]
quant_params_i[503]
quant_params_i[504]
quant_params_i[505]
quant_params_i[506]
quant_params_i[507]
quant_params_i[508]
quant_params_i[509]
quant_params_i[510]
quant_params_i[511]
quant_params_i[512]
quant_params_i[513]
quant_params_i[514]
quant_params_i[515]
quant_params_i[516]
quant_params_i[517]
quant_params_i[518]
quant_params_i[519]
quant_params_i[520]
quant_params_i[521]
quant_params_i[522]
quant_params_i[523]
quant_params_i[524]
quant_params_i[525]
quant_params_i[526]
quant_params_i[527]
quant_params_i[528]
quant_params_i[529]
quant_params_i[530]
quant_params_i[531]
quant_params_i[532]
quant_params_i[533]
quant_params_i[534]
quant_params_i[535]
quant_params_i[536]
quant_params_i[537]
quant_params_i[538]
quant_params_i[539]
quant_params_i[540]
quant_params_i[541]
quant_params_i[542]
quant_params_i[543]
quant_params_i[544]
quant_params_i[545]
quant_params_i[546]
quant_params_i[547]
quant_params_i[548]
quant_params_i[549]
quant_params_i[550]
quant_params_i[551]
quant_params_i[576]
quant_params_i[577]
quant_params_i[578]
quant_params_i[579]
quant_params_i[580]
quant_params_i[581]
quant_params_i[582]
quant_params_i[583]
quant_params_i[584]
quant_params_i[585]
quant_params_i[586]
quant_params_i[587]
quant_params_i[588]
quant_params_i[589]
quant_params_i[590]
quant_params_i[591]
quant_params_i[592]
quant_params_i[593]
quant_params_i[594]
quant_params_i[595]
quant_params_i[596]
quant_params_i[597]
quant_params_i[598]
quant_params_i[599]
quant_params_i[5]
quant_params_i[600]
quant_params_i[601]
quant_params_i[602]
quant_params_i[603]
quant_params_i[604]
quant_params_i[605]
quant_params_i[606]
quant_params_i[607]
quant_params_i[608]
quant_params_i[609]
quant_params_i[610]
quant_params_i[611]
quant_params_i[612]
quant_params_i[613]
quant_params_i[614]
quant_params_i[615]
quant_params_i[616]
quant_params_i[617]
quant_params_i[618]
quant_params_i[619]
quant_params_i[620]
quant_params_i[621]
quant_params_i[622]
quant_params_i[623]
quant_params_i[624]
quant_params_i[625]
quant_params_i[626]
quant_params_i[627]
quant_params_i[628]
quant_params_i[629]
quant_params_i[630]
quant_params_i[631]
quant_params_i[632]
quant_params_i[633]
quant_params_i[634]
quant_params_i[635]
quant_params_i[636]
quant_params_i[637]
quant_params_i[638]
quant_params_i[639]
quant_params_i[640]
quant_params_i[641]
quant_params_i[642]
quant_params_i[643]
quant_params_i[644]
quant_params_i[645]
quant_params_i[646]
quant_params_i[647]
quant_params_i[648]
quant_params_i[649]
quant_params_i[64]
quant_params_i[650]
quant_params_i[651]
quant_params_i[652]
quant_params_i[653]
quant_params_i[654]
quant_params_i[655]
quant_params_i[656]
quant_params_i[657]
quant_params_i[658]
quant_params_i[659]
quant_params_i[65]
quant_params_i[660]
quant_params_i[661]
quant_params_i[662]
quant_params_i[663]
quant_params_i[664]
quant_params_i[665]
quant_params_i[666]
quant_params_i[667]
quant_params_i[668]
quant_params_i[669]
quant_params_i[66]
quant_params_i[670]
quant_params_i[671]
quant_params_i[672]
quant_params_i[673]
quant_params_i[674]
quant_params_i[675]
quant_params_i[676]
quant_params_i[677]
quant_params_i[678]
quant_params_i[679]
quant_params_i[67]
quant_params_i[68]
quant_params_i[69]
quant_params_i[6]
quant_params_i[704]
quant_params_i[705]
quant_params_i[706]
quant_params_i[707]
quant_params_i[708]
quant_params_i[709]
quant_params_i[70]
quant_params_i[710]
quant_params_i[711]
quant_params_i[712]
quant_params_i[713]
quant_params_i[714]
quant_params_i[715]
quant_params_i[716]
quant_params_i[717]
quant_params_i[718]
quant_params_i[719]
quant_params_i[71]
quant_params_i[720]
quant_params_i[721]
quant_params_i[722]
quant_params_i[723]
quant_params_i[724]
quant_params_i[725]
quant_params_i[726]
quant_params_i[727]
quant_params_i[728]
quant_params_i[729]
quant_params_i[72]
quant_params_i[730]
quant_params_i[731]
quant_params_i[732]
quant_params_i[733]
quant_params_i[734]
quant_params_i[735]
quant_params_i[736]
quant_params_i[737]
quant_params_i[738]
quant_params_i[739]
quant_params_i[73]
quant_params_i[740]
quant_params_i[741]
quant_params_i[742]
quant_params_i[743]
quant_params_i[744]
quant_params_i[745]
quant_params_i[746]
quant_params_i[747]
quant_params_i[748]
quant_params_i[749]
quant_params_i[74]
quant_params_i[750]
quant_params_i[751]
quant_params_i[752]
quant_params_i[753]
quant_params_i[754]
quant_params_i[755]
quant_params_i[756]
quant_params_i[757]
quant_params_i[758]
quant_params_i[759]
quant_params_i[75]
quant_params_i[760]
quant_params_i[761]
quant_params_i[762]
quant_params_i[763]
quant_params_i[764]
quant_params_i[765]
quant_params_i[766]
quant_params_i[767]
quant_params_i[768]
quant_params_i[769]
quant_params_i[76]
quant_params_i[770]
quant_params_i[771]
quant_params_i[772]
quant_params_i[773]
quant_params_i[774]
quant_params_i[775]
quant_params_i[776]
quant_params_i[777]
quant_params_i[778]
quant_params_i[779]
quant_params_i[77]
quant_params_i[780]
quant_params_i[781]
quant_params_i[782]
quant_params_i[783]
quant_params_i[784]
quant_params_i[785]
quant_params_i[786]
quant_params_i[787]
quant_params_i[788]
quant_params_i[789]
quant_params_i[78]
quant_params_i[790]
quant_params_i[791]
quant_params_i[792]
quant_params_i[793]
quant_params_i[794]
quant_params_i[795]
quant_params_i[796]
quant_params_i[797]
quant_params_i[798]
quant_params_i[799]
quant_params_i[79]
quant_params_i[7]
quant_params_i[800]
quant_params_i[801]
quant_params_i[802]
quant_params_i[803]
quant_params_i[804]
quant_params_i[805]
quant_params_i[806]
quant_params_i[807]
quant_params_i[80]
quant_params_i[81]
quant_params_i[82]
quant_params_i[832]
quant_params_i[833]
quant_params_i[834]
quant_params_i[835]
quant_params_i[836]
quant_params_i[837]
quant_params_i[838]
quant_params_i[839]
quant_params_i[83]
quant_params_i[840]
quant_params_i[841]
quant_params_i[842]
quant_params_i[843]
quant_params_i[844]
quant_params_i[845]
quant_params_i[846]
quant_params_i[847]
quant_params_i[848]
quant_params_i[849]
quant_params_i[84]
quant_params_i[850]
quant_params_i[851]
quant_params_i[852]
quant_params_i[853]
quant_params_i[854]
quant_params_i[855]
quant_params_i[856]
quant_params_i[857]
quant_params_i[858]
quant_params_i[859]
quant_params_i[85]
quant_params_i[860]
quant_params_i[861]
quant_params_i[862]
quant_params_i[863]
quant_params_i[864]
quant_params_i[865]
quant_params_i[866]
quant_params_i[867]
quant_params_i[868]
quant_params_i[869]
quant_params_i[86]
quant_params_i[870]
quant_params_i[871]
quant_params_i[872]
quant_params_i[873]
quant_params_i[874]
quant_params_i[875]
quant_params_i[876]
quant_params_i[877]
quant_params_i[878]
quant_params_i[879]
quant_params_i[87]
quant_params_i[880]
quant_params_i[881]
quant_params_i[882]
quant_params_i[883]
quant_params_i[884]
quant_params_i[885]
quant_params_i[886]
quant_params_i[887]
quant_params_i[888]
quant_params_i[889]
quant_params_i[88]
quant_params_i[890]
quant_params_i[891]
quant_params_i[892]
quant_params_i[893]
quant_params_i[894]
quant_params_i[895]
quant_params_i[896]
quant_params_i[897]
quant_params_i[898]
quant_params_i[899]
quant_params_i[89]
quant_params_i[8]
quant_params_i[900]
quant_params_i[901]
quant_params_i[902]
quant_params_i[903]
quant_params_i[904]
quant_params_i[905]
quant_params_i[906]
quant_params_i[907]
quant_params_i[908]
quant_params_i[909]
quant_params_i[90]
quant_params_i[910]
quant_params_i[911]
quant_params_i[912]
quant_params_i[913]
quant_params_i[914]
quant_params_i[915]
quant_params_i[916]
quant_params_i[917]
quant_params_i[918]
quant_params_i[919]
quant_params_i[91]
quant_params_i[920]
quant_params_i[921]
quant_params_i[922]
quant_params_i[923]
quant_params_i[924]
quant_params_i[925]
quant_params_i[926]
quant_params_i[927]
quant_params_i[928]
quant_params_i[929]
quant_params_i[92]
quant_params_i[930]
quant_params_i[931]
quant_params_i[932]
quant_params_i[933]
quant_params_i[934]
quant_params_i[935]
quant_params_i[93]
quant_params_i[94]
quant_params_i[95]
quant_params_i[960]
quant_params_i[961]
quant_params_i[962]
quant_params_i[963]
quant_params_i[964]
quant_params_i[965]
quant_params_i[966]
quant_params_i[967]
quant_params_i[968]
quant_params_i[969]
quant_params_i[96]
quant_params_i[970]
quant_params_i[971]
quant_params_i[972]
quant_params_i[973]
quant_params_i[974]
quant_params_i[975]
quant_params_i[976]
quant_params_i[977]
quant_params_i[978]
quant_params_i[979]
quant_params_i[97]
quant_params_i[980]
quant_params_i[981]
quant_params_i[982]
quant_params_i[983]
quant_params_i[984]
quant_params_i[985]
quant_params_i[986]
quant_params_i[987]
quant_params_i[988]
quant_params_i[989]
quant_params_i[98]
quant_params_i[990]
quant_params_i[991]
quant_params_i[992]
quant_params_i[993]
quant_params_i[994]
quant_params_i[995]
quant_params_i[996]
quant_params_i[997]
quant_params_i[998]
quant_params_i[999]
quant_params_i[99]
quant_params_i[9]
rst_ni
soft_reset_i

 There are 0 input ports with no input delay but user has a false path constraint.


6. checking no_output_delay (143)
---------------------------------
 There are 143 ports with no output delay specified. (HIGH)

error_pulse_o
error_reason_o[0]
error_reason_o[1]
error_reason_o[2]
input_ready_o
lut_write_ready_o
output_data_o[0]
output_data_o[100]
output_data_o[101]
output_data_o[102]
output_data_o[103]
output_data_o[104]
output_data_o[105]
output_data_o[106]
output_data_o[107]
output_data_o[108]
output_data_o[109]
output_data_o[10]
output_data_o[110]
output_data_o[111]
output_data_o[112]
output_data_o[113]
output_data_o[114]
output_data_o[115]
output_data_o[116]
output_data_o[117]
output_data_o[118]
output_data_o[119]
output_data_o[11]
output_data_o[120]
output_data_o[121]
output_data_o[122]
output_data_o[123]
output_data_o[124]
output_data_o[125]
output_data_o[126]
output_data_o[127]
output_data_o[12]
output_data_o[13]
output_data_o[14]
output_data_o[15]
output_data_o[16]
output_data_o[17]
output_data_o[18]
output_data_o[19]
output_data_o[1]
output_data_o[20]
output_data_o[21]
output_data_o[22]
output_data_o[23]
output_data_o[24]
output_data_o[25]
output_data_o[26]
output_data_o[27]
output_data_o[28]
output_data_o[29]
output_data_o[2]
output_data_o[30]
output_data_o[31]
output_data_o[32]
output_data_o[33]
output_data_o[34]
output_data_o[35]
output_data_o[36]
output_data_o[37]
output_data_o[38]
output_data_o[39]
output_data_o[3]
output_data_o[40]
output_data_o[41]
output_data_o[42]
output_data_o[43]
output_data_o[44]
output_data_o[45]
output_data_o[46]
output_data_o[47]
output_data_o[48]
output_data_o[49]
output_data_o[4]
output_data_o[50]
output_data_o[51]
output_data_o[52]
output_data_o[53]
output_data_o[54]
output_data_o[55]
output_data_o[56]
output_data_o[57]
output_data_o[58]
output_data_o[59]
output_data_o[5]
output_data_o[60]
output_data_o[61]
output_data_o[62]
output_data_o[63]
output_data_o[64]
output_data_o[65]
output_data_o[66]
output_data_o[67]
output_data_o[68]
output_data_o[69]
output_data_o[6]
output_data_o[70]
output_data_o[71]
output_data_o[72]
output_data_o[73]
output_data_o[74]
output_data_o[75]
output_data_o[76]
output_data_o[77]
output_data_o[78]
output_data_o[79]
output_data_o[7]
output_data_o[80]
output_data_o[81]
output_data_o[82]
output_data_o[83]
output_data_o[84]
output_data_o[85]
output_data_o[86]
output_data_o[87]
output_data_o[88]
output_data_o[89]
output_data_o[8]
output_data_o[90]
output_data_o[91]
output_data_o[92]
output_data_o[93]
output_data_o[94]
output_data_o[95]
output_data_o[96]
output_data_o[97]
output_data_o[98]
output_data_o[99]
output_data_o[9]
output_lane_mask_o[0]
output_lane_mask_o[1]
output_lane_mask_o[2]
output_lane_mask_o[3]
output_lane_mask_o[4]
output_lane_mask_o[5]
output_lane_mask_o[6]
output_lane_mask_o[7]
output_valid_o

 There are 0 ports with no output delay but user has a false path constraint

 There are 0 ports with no output delay but with a timing clock defined on it or propagating through it


7. checking multiple_clock (0)
------------------------------
 There are 0 register/latch pins with multiple clocks.


8. checking generated_clocks (0)
--------------------------------
 There are 0 generated clocks that are not connected to a clock source.


9. checking loops (0)
---------------------
 There are 0 combinational loops in the design.


10. checking partial_input_delay (0)
------------------------------------
 There are 0 input ports with partial input delay specified.


11. checking partial_output_delay (0)
-------------------------------------
 There are 0 ports with partial output delay specified.


12. checking latch_loops (0)
----------------------------
 There are 0 combinational latch loops in the design through latch input


