Copyright 1986-2022 Xilinx, Inc. All Rights Reserved. Copyright 2022-2026 Advanced Micro Devices, Inc. All Rights Reserved.
-----------------------------------------------------------------------------------------------------------------------------------------------
| Tool Version : Vivado v.2026.1 (win64) Build 6511674 Tue Jun 16 11:02:23 MDT 2026
| Date         : Mon Sep 14 23:33:12 2026
| Host         : RAW2332 running 64-bit major release  (build 9200)
| Command      : check_timing -verbose -file D:/WORKBUDDY/STEM/npu-stem-repo/hardware/reports/vivado_2026_1/npu_dma_subsystem/check_timing.rpt
| Design       : npu_dma_subsystem
| Device       : 7z020-clg400
| Speed File   : -1  PRODUCTION 1.12 2019-11-22
| Design State : Synthesized
-----------------------------------------------------------------------------------------------------------------------------------------------


check_timing report

Table of Contents
-----------------
1. checking no_clock (0)
2. checking constant_clock (0)
3. checking pulse_width_clock (0)
4. checking unconstrained_internal_endpoints (0)
5. checking no_input_delay (1362)
6. checking no_output_delay (494)
7. checking multiple_clock (0)
8. checking generated_clocks (0)
9. checking loops (0)
10. checking partial_input_delay (0)
11. checking partial_output_delay (0)
12. checking latch_loops (0)

1. checking no_clock (0)
------------------------
 There are 0 register/latch pins with no clock.


2. checking constant_clock (0)
------------------------------
 There are 0 register/latch pins with constant_clock.


3. checking pulse_width_clock (0)
---------------------------------
 There are 0 register/latch pins which need pulse_width check


4. checking unconstrained_internal_endpoints (0)
------------------------------------------------
 There are 0 pins that are not constrained for maximum delay.

 There are 0 pins that are not constrained for maximum delay due to constant clock.


5. checking no_input_delay (1362)
---------------------------------
 There are 1362 input ports with no input delay specified. (HIGH)

accelerator_read_address_i[10]
accelerator_read_address_i[11]
accelerator_read_address_i[12]
accelerator_read_address_i[13]
accelerator_read_address_i[14]
accelerator_read_address_i[15]
accelerator_read_address_i[16]
accelerator_read_address_i[17]
accelerator_read_address_i[18]
accelerator_read_address_i[19]
accelerator_read_address_i[20]
accelerator_read_address_i[21]
accelerator_read_address_i[22]
accelerator_read_address_i[23]
accelerator_read_address_i[24]
accelerator_read_address_i[25]
accelerator_read_address_i[26]
accelerator_read_address_i[27]
accelerator_read_address_i[28]
accelerator_read_address_i[29]
accelerator_read_address_i[30]
accelerator_read_address_i[31]
accelerator_read_address_i[3]
accelerator_read_address_i[4]
accelerator_read_address_i[5]
accelerator_read_address_i[6]
accelerator_read_address_i[7]
accelerator_read_address_i[8]
accelerator_read_address_i[9]
accelerator_read_bank_i
accelerator_read_kind_i[0]
accelerator_read_kind_i[1]
accelerator_read_request_valid_i
accelerator_read_response_ready_i
accelerator_write_address_i[10]
accelerator_write_address_i[11]
accelerator_write_address_i[12]
accelerator_write_address_i[13]
accelerator_write_address_i[14]
accelerator_write_address_i[15]
accelerator_write_address_i[16]
accelerator_write_address_i[17]
accelerator_write_address_i[18]
accelerator_write_address_i[19]
accelerator_write_address_i[20]
accelerator_write_address_i[21]
accelerator_write_address_i[22]
accelerator_write_address_i[23]
accelerator_write_address_i[24]
accelerator_write_address_i[25]
accelerator_write_address_i[26]
accelerator_write_address_i[27]
accelerator_write_address_i[28]
accelerator_write_address_i[29]
accelerator_write_address_i[30]
accelerator_write_address_i[31]
accelerator_write_address_i[3]
accelerator_write_address_i[4]
accelerator_write_address_i[5]
accelerator_write_address_i[6]
accelerator_write_address_i[7]
accelerator_write_address_i[8]
accelerator_write_address_i[9]
accelerator_write_bank_i
accelerator_write_data_i[0]
accelerator_write_data_i[10]
accelerator_write_data_i[11]
accelerator_write_data_i[12]
accelerator_write_data_i[13]
accelerator_write_data_i[14]
accelerator_write_data_i[15]
accelerator_write_data_i[16]
accelerator_write_data_i[17]
accelerator_write_data_i[18]
accelerator_write_data_i[19]
accelerator_write_data_i[1]
accelerator_write_data_i[20]
accelerator_write_data_i[21]
accelerator_write_data_i[22]
accelerator_write_data_i[23]
accelerator_write_data_i[24]
accelerator_write_data_i[25]
accelerator_write_data_i[26]
accelerator_write_data_i[27]
accelerator_write_data_i[28]
accelerator_write_data_i[29]
accelerator_write_data_i[2]
accelerator_write_data_i[30]
accelerator_write_data_i[31]
accelerator_write_data_i[32]
accelerator_write_data_i[33]
accelerator_write_data_i[34]
accelerator_write_data_i[35]
accelerator_write_data_i[36]
accelerator_write_data_i[37]
accelerator_write_data_i[38]
accelerator_write_data_i[39]
accelerator_write_data_i[3]
accelerator_write_data_i[40]
accelerator_write_data_i[41]
accelerator_write_data_i[42]
accelerator_write_data_i[43]
accelerator_write_data_i[44]
accelerator_write_data_i[45]
accelerator_write_data_i[46]
accelerator_write_data_i[47]
accelerator_write_data_i[48]
accelerator_write_data_i[49]
accelerator_write_data_i[4]
accelerator_write_data_i[50]
accelerator_write_data_i[51]
accelerator_write_data_i[52]
accelerator_write_data_i[53]
accelerator_write_data_i[54]
accelerator_write_data_i[55]
accelerator_write_data_i[56]
accelerator_write_data_i[57]
accelerator_write_data_i[58]
accelerator_write_data_i[59]
accelerator_write_data_i[5]
accelerator_write_data_i[60]
accelerator_write_data_i[61]
accelerator_write_data_i[62]
accelerator_write_data_i[63]
accelerator_write_data_i[6]
accelerator_write_data_i[7]
accelerator_write_data_i[8]
accelerator_write_data_i[9]
accelerator_write_kind_i[0]
accelerator_write_kind_i[1]
accelerator_write_strobe_i[0]
accelerator_write_strobe_i[1]
accelerator_write_strobe_i[2]
accelerator_write_strobe_i[3]
accelerator_write_strobe_i[4]
accelerator_write_strobe_i[5]
accelerator_write_strobe_i[6]
accelerator_write_strobe_i[7]
accelerator_write_valid_i
activation_base_i[0]
activation_base_i[10]
activation_base_i[11]
activation_base_i[12]
activation_base_i[13]
activation_base_i[14]
activation_base_i[15]
activation_base_i[16]
activation_base_i[17]
activation_base_i[18]
activation_base_i[19]
activation_base_i[1]
activation_base_i[20]
activation_base_i[21]
activation_base_i[22]
activation_base_i[23]
activation_base_i[24]
activation_base_i[25]
activation_base_i[26]
activation_base_i[27]
activation_base_i[28]
activation_base_i[29]
activation_base_i[2]
activation_base_i[30]
activation_base_i[31]
activation_base_i[32]
activation_base_i[33]
activation_base_i[34]
activation_base_i[35]
activation_base_i[36]
activation_base_i[37]
activation_base_i[38]
activation_base_i[39]
activation_base_i[3]
activation_base_i[40]
activation_base_i[41]
activation_base_i[42]
activation_base_i[43]
activation_base_i[44]
activation_base_i[45]
activation_base_i[46]
activation_base_i[47]
activation_base_i[48]
activation_base_i[49]
activation_base_i[4]
activation_base_i[50]
activation_base_i[51]
activation_base_i[52]
activation_base_i[53]
activation_base_i[54]
activation_base_i[55]
activation_base_i[56]
activation_base_i[57]
activation_base_i[58]
activation_base_i[59]
activation_base_i[5]
activation_base_i[60]
activation_base_i[61]
activation_base_i[62]
activation_base_i[63]
activation_base_i[6]
activation_base_i[7]
activation_base_i[8]
activation_base_i[9]
bias_base_i[0]
bias_base_i[10]
bias_base_i[11]
bias_base_i[12]
bias_base_i[13]
bias_base_i[14]
bias_base_i[15]
bias_base_i[16]
bias_base_i[17]
bias_base_i[18]
bias_base_i[19]
bias_base_i[1]
bias_base_i[20]
bias_base_i[21]
bias_base_i[22]
bias_base_i[23]
bias_base_i[24]
bias_base_i[25]
bias_base_i[26]
bias_base_i[27]
bias_base_i[28]
bias_base_i[29]
bias_base_i[2]
bias_base_i[30]
bias_base_i[31]
bias_base_i[32]
bias_base_i[33]
bias_base_i[34]
bias_base_i[35]
bias_base_i[36]
bias_base_i[37]
bias_base_i[38]
bias_base_i[39]
bias_base_i[3]
bias_base_i[40]
bias_base_i[41]
bias_base_i[42]
bias_base_i[43]
bias_base_i[44]
bias_base_i[45]
bias_base_i[46]
bias_base_i[47]
bias_base_i[48]
bias_base_i[49]
bias_base_i[4]
bias_base_i[50]
bias_base_i[51]
bias_base_i[52]
bias_base_i[53]
bias_base_i[54]
bias_base_i[55]
bias_base_i[56]
bias_base_i[57]
bias_base_i[58]
bias_base_i[59]
bias_base_i[5]
bias_base_i[60]
bias_base_i[61]
bias_base_i[62]
bias_base_i[63]
bias_base_i[6]
bias_base_i[7]
bias_base_i[8]
bias_base_i[9]
command_bits_i[0]
command_bits_i[100]
command_bits_i[101]
command_bits_i[102]
command_bits_i[103]
command_bits_i[104]
command_bits_i[105]
command_bits_i[106]
command_bits_i[107]
command_bits_i[108]
command_bits_i[109]
command_bits_i[110]
command_bits_i[111]
command_bits_i[112]
command_bits_i[113]
command_bits_i[114]
command_bits_i[115]
command_bits_i[116]
command_bits_i[117]
command_bits_i[118]
command_bits_i[119]
command_bits_i[120]
command_bits_i[121]
command_bits_i[122]
command_bits_i[123]
command_bits_i[124]
command_bits_i[125]
command_bits_i[126]
command_bits_i[16]
command_bits_i[17]
command_bits_i[18]
command_bits_i[19]
command_bits_i[1]
command_bits_i[20]
command_bits_i[21]
command_bits_i[22]
command_bits_i[23]
command_bits_i[24]
command_bits_i[25]
command_bits_i[26]
command_bits_i[27]
command_bits_i[28]
command_bits_i[29]
command_bits_i[2]
command_bits_i[30]
command_bits_i[31]
command_bits_i[32]
command_bits_i[33]
command_bits_i[34]
command_bits_i[35]
command_bits_i[36]
command_bits_i[37]
command_bits_i[38]
command_bits_i[39]
command_bits_i[3]
command_bits_i[40]
command_bits_i[41]
command_bits_i[42]
command_bits_i[43]
command_bits_i[44]
command_bits_i[45]
command_bits_i[46]
command_bits_i[47]
command_bits_i[48]
command_bits_i[49]
command_bits_i[4]
command_bits_i[50]
command_bits_i[51]
command_bits_i[52]
command_bits_i[53]
command_bits_i[54]
command_bits_i[55]
command_bits_i[56]
command_bits_i[57]
command_bits_i[58]
command_bits_i[59]
command_bits_i[5]
command_bits_i[60]
command_bits_i[61]
command_bits_i[62]
command_bits_i[63]
command_bits_i[6]
command_bits_i[7]
command_bits_i[80]
command_bits_i[81]
command_bits_i[82]
command_bits_i[83]
command_bits_i[84]
command_bits_i[85]
command_bits_i[86]
command_bits_i[87]
command_bits_i[88]
command_bits_i[89]
command_bits_i[90]
command_bits_i[91]
command_bits_i[92]
command_bits_i[93]
command_bits_i[94]
command_bits_i[95]
command_bits_i[96]
command_bits_i[97]
command_bits_i[98]
command_bits_i[99]
command_pc_i[0]
command_pc_i[10]
command_pc_i[11]
command_pc_i[12]
command_pc_i[13]
command_pc_i[14]
command_pc_i[15]
command_pc_i[16]
command_pc_i[17]
command_pc_i[18]
command_pc_i[19]
command_pc_i[1]
command_pc_i[20]
command_pc_i[21]
command_pc_i[22]
command_pc_i[23]
command_pc_i[24]
command_pc_i[25]
command_pc_i[26]
command_pc_i[27]
command_pc_i[28]
command_pc_i[29]
command_pc_i[2]
command_pc_i[30]
command_pc_i[31]
command_pc_i[3]
command_pc_i[4]
command_pc_i[5]
command_pc_i[6]
command_pc_i[7]
command_pc_i[8]
command_pc_i[9]
command_valid_i
descriptor_memory_request_ready_i
descriptor_memory_response_data_i[0]
descriptor_memory_response_data_i[100]
descriptor_memory_response_data_i[101]
descriptor_memory_response_data_i[102]
descriptor_memory_response_data_i[103]
descriptor_memory_response_data_i[104]
descriptor_memory_response_data_i[105]
descriptor_memory_response_data_i[106]
descriptor_memory_response_data_i[107]
descriptor_memory_response_data_i[108]
descriptor_memory_response_data_i[109]
descriptor_memory_response_data_i[10]
descriptor_memory_response_data_i[110]
descriptor_memory_response_data_i[111]
descriptor_memory_response_data_i[112]
descriptor_memory_response_data_i[113]
descriptor_memory_response_data_i[114]
descriptor_memory_response_data_i[115]
descriptor_memory_response_data_i[116]
descriptor_memory_response_data_i[117]
descriptor_memory_response_data_i[118]
descriptor_memory_response_data_i[119]
descriptor_memory_response_data_i[11]
descriptor_memory_response_data_i[120]
descriptor_memory_response_data_i[121]
descriptor_memory_response_data_i[122]
descriptor_memory_response_data_i[123]
descriptor_memory_response_data_i[124]
descriptor_memory_response_data_i[125]
descriptor_memory_response_data_i[126]
descriptor_memory_response_data_i[127]
descriptor_memory_response_data_i[128]
descriptor_memory_response_data_i[129]
descriptor_memory_response_data_i[12]
descriptor_memory_response_data_i[130]
descriptor_memory_response_data_i[131]
descriptor_memory_response_data_i[132]
descriptor_memory_response_data_i[133]
descriptor_memory_response_data_i[134]
descriptor_memory_response_data_i[135]
descriptor_memory_response_data_i[136]
descriptor_memory_response_data_i[137]
descriptor_memory_response_data_i[138]
descriptor_memory_response_data_i[139]
descriptor_memory_response_data_i[13]
descriptor_memory_response_data_i[140]
descriptor_memory_response_data_i[141]
descriptor_memory_response_data_i[142]
descriptor_memory_response_data_i[143]
descriptor_memory_response_data_i[144]
descriptor_memory_response_data_i[145]
descriptor_memory_response_data_i[146]
descriptor_memory_response_data_i[147]
descriptor_memory_response_data_i[148]
descriptor_memory_response_data_i[149]
descriptor_memory_response_data_i[14]
descriptor_memory_response_data_i[150]
descriptor_memory_response_data_i[151]
descriptor_memory_response_data_i[152]
descriptor_memory_response_data_i[153]
descriptor_memory_response_data_i[154]
descriptor_memory_response_data_i[155]
descriptor_memory_response_data_i[156]
descriptor_memory_response_data_i[157]
descriptor_memory_response_data_i[158]
descriptor_memory_response_data_i[159]
descriptor_memory_response_data_i[15]
descriptor_memory_response_data_i[160]
descriptor_memory_response_data_i[161]
descriptor_memory_response_data_i[162]
descriptor_memory_response_data_i[163]
descriptor_memory_response_data_i[164]
descriptor_memory_response_data_i[165]
descriptor_memory_response_data_i[166]
descriptor_memory_response_data_i[167]
descriptor_memory_response_data_i[168]
descriptor_memory_response_data_i[169]
descriptor_memory_response_data_i[16]
descriptor_memory_response_data_i[170]
descriptor_memory_response_data_i[171]
descriptor_memory_response_data_i[172]
descriptor_memory_response_data_i[173]
descriptor_memory_response_data_i[174]
descriptor_memory_response_data_i[175]
descriptor_memory_response_data_i[17]
descriptor_memory_response_data_i[18]
descriptor_memory_response_data_i[192]
descriptor_memory_response_data_i[193]
descriptor_memory_response_data_i[194]
descriptor_memory_response_data_i[195]
descriptor_memory_response_data_i[196]
descriptor_memory_response_data_i[197]
descriptor_memory_response_data_i[198]
descriptor_memory_response_data_i[199]
descriptor_memory_response_data_i[19]
descriptor_memory_response_data_i[1]
descriptor_memory_response_data_i[200]
descriptor_memory_response_data_i[201]
descriptor_memory_response_data_i[202]
descriptor_memory_response_data_i[203]
descriptor_memory_response_data_i[204]
descriptor_memory_response_data_i[205]
descriptor_memory_response_data_i[206]
descriptor_memory_response_data_i[207]
descriptor_memory_response_data_i[208]
descriptor_memory_response_data_i[209]
descriptor_memory_response_data_i[20]
descriptor_memory_response_data_i[210]
descriptor_memory_response_data_i[211]
descriptor_memory_response_data_i[212]
descriptor_memory_response_data_i[213]
descriptor_memory_response_data_i[214]
descriptor_memory_response_data_i[215]
descriptor_memory_response_data_i[216]
descriptor_memory_response_data_i[217]
descriptor_memory_response_data_i[218]
descriptor_memory_response_data_i[219]
descriptor_memory_response_data_i[21]
descriptor_memory_response_data_i[220]
descriptor_memory_response_data_i[221]
descriptor_memory_response_data_i[222]
descriptor_memory_response_data_i[223]
descriptor_memory_response_data_i[224]
descriptor_memory_response_data_i[225]
descriptor_memory_response_data_i[226]
descriptor_memory_response_data_i[227]
descriptor_memory_response_data_i[228]
descriptor_memory_response_data_i[229]
descriptor_memory_response_data_i[22]
descriptor_memory_response_data_i[230]
descriptor_memory_response_data_i[231]
descriptor_memory_response_data_i[232]
descriptor_memory_response_data_i[233]
descriptor_memory_response_data_i[234]
descriptor_memory_response_data_i[235]
descriptor_memory_response_data_i[236]
descriptor_memory_response_data_i[237]
descriptor_memory_response_data_i[238]
descriptor_memory_response_data_i[239]
descriptor_memory_response_data_i[23]
descriptor_memory_response_data_i[240]
descriptor_memory_response_data_i[241]
descriptor_memory_response_data_i[242]
descriptor_memory_response_data_i[243]
descriptor_memory_response_data_i[244]
descriptor_memory_response_data_i[245]
descriptor_memory_response_data_i[246]
descriptor_memory_response_data_i[247]
descriptor_memory_response_data_i[248]
descriptor_memory_response_data_i[249]
descriptor_memory_response_data_i[24]
descriptor_memory_response_data_i[250]
descriptor_memory_response_data_i[251]
descriptor_memory_response_data_i[252]
descriptor_memory_response_data_i[253]
descriptor_memory_response_data_i[254]
descriptor_memory_response_data_i[255]
descriptor_memory_response_data_i[256]
descriptor_memory_response_data_i[257]
descriptor_memory_response_data_i[258]
descriptor_memory_response_data_i[259]
descriptor_memory_response_data_i[25]
descriptor_memory_response_data_i[260]
descriptor_memory_response_data_i[261]
descriptor_memory_response_data_i[262]
descriptor_memory_response_data_i[263]
descriptor_memory_response_data_i[264]
descriptor_memory_response_data_i[265]
descriptor_memory_response_data_i[266]
descriptor_memory_response_data_i[267]
descriptor_memory_response_data_i[268]
descriptor_memory_response_data_i[269]
descriptor_memory_response_data_i[26]
descriptor_memory_response_data_i[270]
descriptor_memory_response_data_i[271]
descriptor_memory_response_data_i[272]
descriptor_memory_response_data_i[273]
descriptor_memory_response_data_i[274]
descriptor_memory_response_data_i[275]
descriptor_memory_response_data_i[276]
descriptor_memory_response_data_i[277]
descriptor_memory_response_data_i[278]
descriptor_memory_response_data_i[279]
descriptor_memory_response_data_i[27]
descriptor_memory_response_data_i[280]
descriptor_memory_response_data_i[281]
descriptor_memory_response_data_i[282]
descriptor_memory_response_data_i[283]
descriptor_memory_response_data_i[284]
descriptor_memory_response_data_i[285]
descriptor_memory_response_data_i[286]
descriptor_memory_response_data_i[287]
descriptor_memory_response_data_i[288]
descriptor_memory_response_data_i[289]
descriptor_memory_response_data_i[28]
descriptor_memory_response_data_i[290]
descriptor_memory_response_data_i[291]
descriptor_memory_response_data_i[292]
descriptor_memory_response_data_i[293]
descriptor_memory_response_data_i[294]
descriptor_memory_response_data_i[295]
descriptor_memory_response_data_i[296]
descriptor_memory_response_data_i[297]
descriptor_memory_response_data_i[298]
descriptor_memory_response_data_i[299]
descriptor_memory_response_data_i[29]
descriptor_memory_response_data_i[2]
descriptor_memory_response_data_i[300]
descriptor_memory_response_data_i[301]
descriptor_memory_response_data_i[302]
descriptor_memory_response_data_i[303]
descriptor_memory_response_data_i[304]
descriptor_memory_response_data_i[305]
descriptor_memory_response_data_i[306]
descriptor_memory_response_data_i[307]
descriptor_memory_response_data_i[308]
descriptor_memory_response_data_i[309]
descriptor_memory_response_data_i[30]
descriptor_memory_response_data_i[310]
descriptor_memory_response_data_i[311]
descriptor_memory_response_data_i[312]
descriptor_memory_response_data_i[313]
descriptor_memory_response_data_i[314]
descriptor_memory_response_data_i[315]
descriptor_memory_response_data_i[316]
descriptor_memory_response_data_i[317]
descriptor_memory_response_data_i[318]
descriptor_memory_response_data_i[319]
descriptor_memory_response_data_i[31]
descriptor_memory_response_data_i[320]
descriptor_memory_response_data_i[321]
descriptor_memory_response_data_i[322]
descriptor_memory_response_data_i[323]
descriptor_memory_response_data_i[324]
descriptor_memory_response_data_i[325]
descriptor_memory_response_data_i[326]
descriptor_memory_response_data_i[327]
descriptor_memory_response_data_i[328]
descriptor_memory_response_data_i[329]
descriptor_memory_response_data_i[32]
descriptor_memory_response_data_i[330]
descriptor_memory_response_data_i[331]
descriptor_memory_response_data_i[332]
descriptor_memory_response_data_i[333]
descriptor_memory_response_data_i[334]
descriptor_memory_response_data_i[335]
descriptor_memory_response_data_i[336]
descriptor_memory_response_data_i[337]
descriptor_memory_response_data_i[338]
descriptor_memory_response_data_i[339]
descriptor_memory_response_data_i[33]
descriptor_memory_response_data_i[340]
descriptor_memory_response_data_i[341]
descriptor_memory_response_data_i[342]
descriptor_memory_response_data_i[343]
descriptor_memory_response_data_i[344]
descriptor_memory_response_data_i[345]
descriptor_memory_response_data_i[346]
descriptor_memory_response_data_i[347]
descriptor_memory_response_data_i[348]
descriptor_memory_response_data_i[349]
descriptor_memory_response_data_i[34]
descriptor_memory_response_data_i[350]
descriptor_memory_response_data_i[351]
descriptor_memory_response_data_i[352]
descriptor_memory_response_data_i[353]
descriptor_memory_response_data_i[354]
descriptor_memory_response_data_i[355]
descriptor_memory_response_data_i[356]
descriptor_memory_response_data_i[357]
descriptor_memory_response_data_i[358]
descriptor_memory_response_data_i[359]
descriptor_memory_response_data_i[35]
descriptor_memory_response_data_i[360]
descriptor_memory_response_data_i[361]
descriptor_memory_response_data_i[362]
descriptor_memory_response_data_i[363]
descriptor_memory_response_data_i[364]
descriptor_memory_response_data_i[365]
descriptor_memory_response_data_i[366]
descriptor_memory_response_data_i[367]
descriptor_memory_response_data_i[368]
descriptor_memory_response_data_i[369]
descriptor_memory_response_data_i[36]
descriptor_memory_response_data_i[370]
descriptor_memory_response_data_i[371]
descriptor_memory_response_data_i[372]
descriptor_memory_response_data_i[373]
descriptor_memory_response_data_i[374]
descriptor_memory_response_data_i[375]
descriptor_memory_response_data_i[376]
descriptor_memory_response_data_i[377]
descriptor_memory_response_data_i[378]
descriptor_memory_response_data_i[379]
descriptor_memory_response_data_i[37]
descriptor_memory_response_data_i[380]
descriptor_memory_response_data_i[381]
descriptor_memory_response_data_i[382]
descriptor_memory_response_data_i[383]
descriptor_memory_response_data_i[384]
descriptor_memory_response_data_i[385]
descriptor_memory_response_data_i[386]
descriptor_memory_response_data_i[387]
descriptor_memory_response_data_i[388]
descriptor_memory_response_data_i[389]
descriptor_memory_response_data_i[38]
descriptor_memory_response_data_i[390]
descriptor_memory_response_data_i[391]
descriptor_memory_response_data_i[392]
descriptor_memory_response_data_i[393]
descriptor_memory_response_data_i[394]
descriptor_memory_response_data_i[395]
descriptor_memory_response_data_i[396]
descriptor_memory_response_data_i[397]
descriptor_memory_response_data_i[398]
descriptor_memory_response_data_i[399]
descriptor_memory_response_data_i[39]
descriptor_memory_response_data_i[3]
descriptor_memory_response_data_i[400]
descriptor_memory_response_data_i[401]
descriptor_memory_response_data_i[402]
descriptor_memory_response_data_i[403]
descriptor_memory_response_data_i[404]
descriptor_memory_response_data_i[405]
descriptor_memory_response_data_i[406]
descriptor_memory_response_data_i[407]
descriptor_memory_response_data_i[408]
descriptor_memory_response_data_i[409]
descriptor_memory_response_data_i[40]
descriptor_memory_response_data_i[410]
descriptor_memory_response_data_i[411]
descriptor_memory_response_data_i[412]
descriptor_memory_response_data_i[413]
descriptor_memory_response_data_i[414]
descriptor_memory_response_data_i[415]
descriptor_memory_response_data_i[416]
descriptor_memory_response_data_i[417]
descriptor_memory_response_data_i[418]
descriptor_memory_response_data_i[419]
descriptor_memory_response_data_i[41]
descriptor_memory_response_data_i[420]
descriptor_memory_response_data_i[421]
descriptor_memory_response_data_i[422]
descriptor_memory_response_data_i[423]
descriptor_memory_response_data_i[424]
descriptor_memory_response_data_i[425]
descriptor_memory_response_data_i[426]
descriptor_memory_response_data_i[427]
descriptor_memory_response_data_i[428]
descriptor_memory_response_data_i[429]
descriptor_memory_response_data_i[42]
descriptor_memory_response_data_i[430]
descriptor_memory_response_data_i[431]
descriptor_memory_response_data_i[432]
descriptor_memory_response_data_i[433]
descriptor_memory_response_data_i[434]
descriptor_memory_response_data_i[435]
descriptor_memory_response_data_i[436]
descriptor_memory_response_data_i[437]
descriptor_memory_response_data_i[438]
descriptor_memory_response_data_i[439]
descriptor_memory_response_data_i[43]
descriptor_memory_response_data_i[440]
descriptor_memory_response_data_i[441]
descriptor_memory_response_data_i[442]
descriptor_memory_response_data_i[443]
descriptor_memory_response_data_i[444]
descriptor_memory_response_data_i[445]
descriptor_memory_response_data_i[446]
descriptor_memory_response_data_i[447]
descriptor_memory_response_data_i[448]
descriptor_memory_response_data_i[449]
descriptor_memory_response_data_i[44]
descriptor_memory_response_data_i[450]
descriptor_memory_response_data_i[451]
descriptor_memory_response_data_i[452]
descriptor_memory_response_data_i[453]
descriptor_memory_response_data_i[454]
descriptor_memory_response_data_i[455]
descriptor_memory_response_data_i[456]
descriptor_memory_response_data_i[457]
descriptor_memory_response_data_i[458]
descriptor_memory_response_data_i[459]
descriptor_memory_response_data_i[45]
descriptor_memory_response_data_i[460]
descriptor_memory_response_data_i[461]
descriptor_memory_response_data_i[462]
descriptor_memory_response_data_i[463]
descriptor_memory_response_data_i[464]
descriptor_memory_response_data_i[465]
descriptor_memory_response_data_i[466]
descriptor_memory_response_data_i[467]
descriptor_memory_response_data_i[468]
descriptor_memory_response_data_i[469]
descriptor_memory_response_data_i[46]
descriptor_memory_response_data_i[470]
descriptor_memory_response_data_i[471]
descriptor_memory_response_data_i[472]
descriptor_memory_response_data_i[473]
descriptor_memory_response_data_i[474]
descriptor_memory_response_data_i[475]
descriptor_memory_response_data_i[476]
descriptor_memory_response_data_i[477]
descriptor_memory_response_data_i[478]
descriptor_memory_response_data_i[479]
descriptor_memory_response_data_i[47]
descriptor_memory_response_data_i[480]
descriptor_memory_response_data_i[481]
descriptor_memory_response_data_i[482]
descriptor_memory_response_data_i[483]
descriptor_memory_response_data_i[484]
descriptor_memory_response_data_i[485]
descriptor_memory_response_data_i[486]
descriptor_memory_response_data_i[487]
descriptor_memory_response_data_i[488]
descriptor_memory_response_data_i[489]
descriptor_memory_response_data_i[48]
descriptor_memory_response_data_i[490]
descriptor_memory_response_data_i[491]
descriptor_memory_response_data_i[492]
descriptor_memory_response_data_i[493]
descriptor_memory_response_data_i[494]
descriptor_memory_response_data_i[495]
descriptor_memory_response_data_i[496]
descriptor_memory_response_data_i[497]
descriptor_memory_response_data_i[498]
descriptor_memory_response_data_i[499]
descriptor_memory_response_data_i[49]
descriptor_memory_response_data_i[4]
descriptor_memory_response_data_i[500]
descriptor_memory_response_data_i[501]
descriptor_memory_response_data_i[502]
descriptor_memory_response_data_i[503]
descriptor_memory_response_data_i[504]
descriptor_memory_response_data_i[505]
descriptor_memory_response_data_i[506]
descriptor_memory_response_data_i[507]
descriptor_memory_response_data_i[508]
descriptor_memory_response_data_i[509]
descriptor_memory_response_data_i[50]
descriptor_memory_response_data_i[510]
descriptor_memory_response_data_i[511]
descriptor_memory_response_data_i[51]
descriptor_memory_response_data_i[52]
descriptor_memory_response_data_i[53]
descriptor_memory_response_data_i[54]
descriptor_memory_response_data_i[55]
descriptor_memory_response_data_i[56]
descriptor_memory_response_data_i[57]
descriptor_memory_response_data_i[58]
descriptor_memory_response_data_i[59]
descriptor_memory_response_data_i[5]
descriptor_memory_response_data_i[60]
descriptor_memory_response_data_i[61]
descriptor_memory_response_data_i[62]
descriptor_memory_response_data_i[63]
descriptor_memory_response_data_i[64]
descriptor_memory_response_data_i[65]
descriptor_memory_response_data_i[66]
descriptor_memory_response_data_i[67]
descriptor_memory_response_data_i[68]
descriptor_memory_response_data_i[69]
descriptor_memory_response_data_i[6]
descriptor_memory_response_data_i[70]
descriptor_memory_response_data_i[71]
descriptor_memory_response_data_i[72]
descriptor_memory_response_data_i[73]
descriptor_memory_response_data_i[74]
descriptor_memory_response_data_i[75]
descriptor_memory_response_data_i[76]
descriptor_memory_response_data_i[77]
descriptor_memory_response_data_i[78]
descriptor_memory_response_data_i[79]
descriptor_memory_response_data_i[7]
descriptor_memory_response_data_i[80]
descriptor_memory_response_data_i[81]
descriptor_memory_response_data_i[82]
descriptor_memory_response_data_i[83]
descriptor_memory_response_data_i[84]
descriptor_memory_response_data_i[85]
descriptor_memory_response_data_i[86]
descriptor_memory_response_data_i[87]
descriptor_memory_response_data_i[88]
descriptor_memory_response_data_i[89]
descriptor_memory_response_data_i[8]
descriptor_memory_response_data_i[90]
descriptor_memory_response_data_i[91]
descriptor_memory_response_data_i[92]
descriptor_memory_response_data_i[93]
descriptor_memory_response_data_i[94]
descriptor_memory_response_data_i[95]
descriptor_memory_response_data_i[96]
descriptor_memory_response_data_i[97]
descriptor_memory_response_data_i[98]
descriptor_memory_response_data_i[99]
descriptor_memory_response_data_i[9]
descriptor_memory_response_error_i
descriptor_memory_response_valid_i
m_axi_arready_i
m_axi_awready_i
m_axi_bresp_i[0]
m_axi_bresp_i[1]
m_axi_bvalid_i
m_axi_rdata_i[0]
m_axi_rdata_i[10]
m_axi_rdata_i[11]
m_axi_rdata_i[12]
m_axi_rdata_i[13]
m_axi_rdata_i[14]
m_axi_rdata_i[15]
m_axi_rdata_i[16]
m_axi_rdata_i[17]
m_axi_rdata_i[18]
m_axi_rdata_i[19]
m_axi_rdata_i[1]
m_axi_rdata_i[20]
m_axi_rdata_i[21]
m_axi_rdata_i[22]
m_axi_rdata_i[23]
m_axi_rdata_i[24]
m_axi_rdata_i[25]
m_axi_rdata_i[26]
m_axi_rdata_i[27]
m_axi_rdata_i[28]
m_axi_rdata_i[29]
m_axi_rdata_i[2]
m_axi_rdata_i[30]
m_axi_rdata_i[31]
m_axi_rdata_i[32]
m_axi_rdata_i[33]
m_axi_rdata_i[34]
m_axi_rdata_i[35]
m_axi_rdata_i[36]
m_axi_rdata_i[37]
m_axi_rdata_i[38]
m_axi_rdata_i[39]
m_axi_rdata_i[3]
m_axi_rdata_i[40]
m_axi_rdata_i[41]
m_axi_rdata_i[42]
m_axi_rdata_i[43]
m_axi_rdata_i[44]
m_axi_rdata_i[45]
m_axi_rdata_i[46]
m_axi_rdata_i[47]
m_axi_rdata_i[48]
m_axi_rdata_i[49]
m_axi_rdata_i[4]
m_axi_rdata_i[50]
m_axi_rdata_i[51]
m_axi_rdata_i[52]
m_axi_rdata_i[53]
m_axi_rdata_i[54]
m_axi_rdata_i[55]
m_axi_rdata_i[56]
m_axi_rdata_i[57]
m_axi_rdata_i[58]
m_axi_rdata_i[59]
m_axi_rdata_i[5]
m_axi_rdata_i[60]
m_axi_rdata_i[61]
m_axi_rdata_i[62]
m_axi_rdata_i[63]
m_axi_rdata_i[6]
m_axi_rdata_i[7]
m_axi_rdata_i[8]
m_axi_rdata_i[9]
m_axi_rlast_i
m_axi_rresp_i[0]
m_axi_rresp_i[1]
m_axi_rvalid_i
m_axi_wready_i
operator_desc_base_i[0]
operator_desc_base_i[10]
operator_desc_base_i[11]
operator_desc_base_i[12]
operator_desc_base_i[13]
operator_desc_base_i[14]
operator_desc_base_i[15]
operator_desc_base_i[16]
operator_desc_base_i[17]
operator_desc_base_i[18]
operator_desc_base_i[19]
operator_desc_base_i[1]
operator_desc_base_i[20]
operator_desc_base_i[21]
operator_desc_base_i[22]
operator_desc_base_i[23]
operator_desc_base_i[24]
operator_desc_base_i[25]
operator_desc_base_i[26]
operator_desc_base_i[27]
operator_desc_base_i[28]
operator_desc_base_i[29]
operator_desc_base_i[2]
operator_desc_base_i[30]
operator_desc_base_i[31]
operator_desc_base_i[32]
operator_desc_base_i[33]
operator_desc_base_i[34]
operator_desc_base_i[35]
operator_desc_base_i[36]
operator_desc_base_i[37]
operator_desc_base_i[38]
operator_desc_base_i[39]
operator_desc_base_i[3]
operator_desc_base_i[40]
operator_desc_base_i[41]
operator_desc_base_i[42]
operator_desc_base_i[43]
operator_desc_base_i[44]
operator_desc_base_i[45]
operator_desc_base_i[46]
operator_desc_base_i[47]
operator_desc_base_i[48]
operator_desc_base_i[49]
operator_desc_base_i[4]
operator_desc_base_i[50]
operator_desc_base_i[51]
operator_desc_base_i[52]
operator_desc_base_i[53]
operator_desc_base_i[54]
operator_desc_base_i[55]
operator_desc_base_i[56]
operator_desc_base_i[57]
operator_desc_base_i[58]
operator_desc_base_i[59]
operator_desc_base_i[5]
operator_desc_base_i[60]
operator_desc_base_i[61]
operator_desc_base_i[62]
operator_desc_base_i[63]
operator_desc_base_i[6]
operator_desc_base_i[7]
operator_desc_base_i[8]
operator_desc_base_i[9]
quant_desc_base_i[0]
quant_desc_base_i[10]
quant_desc_base_i[11]
quant_desc_base_i[12]
quant_desc_base_i[13]
quant_desc_base_i[14]
quant_desc_base_i[15]
quant_desc_base_i[16]
quant_desc_base_i[17]
quant_desc_base_i[18]
quant_desc_base_i[19]
quant_desc_base_i[1]
quant_desc_base_i[20]
quant_desc_base_i[21]
quant_desc_base_i[22]
quant_desc_base_i[23]
quant_desc_base_i[24]
quant_desc_base_i[25]
quant_desc_base_i[26]
quant_desc_base_i[27]
quant_desc_base_i[28]
quant_desc_base_i[29]
quant_desc_base_i[2]
quant_desc_base_i[30]
quant_desc_base_i[31]
quant_desc_base_i[32]
quant_desc_base_i[33]
quant_desc_base_i[34]
quant_desc_base_i[35]
quant_desc_base_i[36]
quant_desc_base_i[37]
quant_desc_base_i[38]
quant_desc_base_i[39]
quant_desc_base_i[3]
quant_desc_base_i[40]
quant_desc_base_i[41]
quant_desc_base_i[42]
quant_desc_base_i[43]
quant_desc_base_i[44]
quant_desc_base_i[45]
quant_desc_base_i[46]
quant_desc_base_i[47]
quant_desc_base_i[48]
quant_desc_base_i[49]
quant_desc_base_i[4]
quant_desc_base_i[50]
quant_desc_base_i[51]
quant_desc_base_i[52]
quant_desc_base_i[53]
quant_desc_base_i[54]
quant_desc_base_i[55]
quant_desc_base_i[56]
quant_desc_base_i[57]
quant_desc_base_i[58]
quant_desc_base_i[59]
quant_desc_base_i[5]
quant_desc_base_i[60]
quant_desc_base_i[61]
quant_desc_base_i[62]
quant_desc_base_i[63]
quant_desc_base_i[6]
quant_desc_base_i[7]
quant_desc_base_i[8]
quant_desc_base_i[9]
quant_param_base_i[0]
quant_param_base_i[10]
quant_param_base_i[11]
quant_param_base_i[12]
quant_param_base_i[13]
quant_param_base_i[14]
quant_param_base_i[15]
quant_param_base_i[16]
quant_param_base_i[17]
quant_param_base_i[18]
quant_param_base_i[19]
quant_param_base_i[1]
quant_param_base_i[20]
quant_param_base_i[21]
quant_param_base_i[22]
quant_param_base_i[23]
quant_param_base_i[24]
quant_param_base_i[25]
quant_param_base_i[26]
quant_param_base_i[27]
quant_param_base_i[28]
quant_param_base_i[29]
quant_param_base_i[2]
quant_param_base_i[30]
quant_param_base_i[31]
quant_param_base_i[32]
quant_param_base_i[33]
quant_param_base_i[34]
quant_param_base_i[35]
quant_param_base_i[36]
quant_param_base_i[37]
quant_param_base_i[38]
quant_param_base_i[39]
quant_param_base_i[3]
quant_param_base_i[40]
quant_param_base_i[41]
quant_param_base_i[42]
quant_param_base_i[43]
quant_param_base_i[44]
quant_param_base_i[45]
quant_param_base_i[46]
quant_param_base_i[47]
quant_param_base_i[48]
quant_param_base_i[49]
quant_param_base_i[4]
quant_param_base_i[50]
quant_param_base_i[51]
quant_param_base_i[52]
quant_param_base_i[53]
quant_param_base_i[54]
quant_param_base_i[55]
quant_param_base_i[56]
quant_param_base_i[57]
quant_param_base_i[58]
quant_param_base_i[59]
quant_param_base_i[5]
quant_param_base_i[60]
quant_param_base_i[61]
quant_param_base_i[62]
quant_param_base_i[63]
quant_param_base_i[6]
quant_param_base_i[7]
quant_param_base_i[8]
quant_param_base_i[9]
rst_ni
segment_desc_base_i[0]
segment_desc_base_i[10]
segment_desc_base_i[11]
segment_desc_base_i[12]
segment_desc_base_i[13]
segment_desc_base_i[14]
segment_desc_base_i[15]
segment_desc_base_i[16]
segment_desc_base_i[17]
segment_desc_base_i[18]
segment_desc_base_i[19]
segment_desc_base_i[1]
segment_desc_base_i[20]
segment_desc_base_i[21]
segment_desc_base_i[22]
segment_desc_base_i[23]
segment_desc_base_i[24]
segment_desc_base_i[25]
segment_desc_base_i[26]
segment_desc_base_i[27]
segment_desc_base_i[28]
segment_desc_base_i[29]
segment_desc_base_i[2]
segment_desc_base_i[30]
segment_desc_base_i[31]
segment_desc_base_i[32]
segment_desc_base_i[33]
segment_desc_base_i[34]
segment_desc_base_i[35]
segment_desc_base_i[36]
segment_desc_base_i[37]
segment_desc_base_i[38]
segment_desc_base_i[39]
segment_desc_base_i[3]
segment_desc_base_i[40]
segment_desc_base_i[41]
segment_desc_base_i[42]
segment_desc_base_i[43]
segment_desc_base_i[44]
segment_desc_base_i[45]
segment_desc_base_i[46]
segment_desc_base_i[47]
segment_desc_base_i[48]
segment_desc_base_i[49]
segment_desc_base_i[4]
segment_desc_base_i[50]
segment_desc_base_i[51]
segment_desc_base_i[52]
segment_desc_base_i[53]
segment_desc_base_i[54]
segment_desc_base_i[55]
segment_desc_base_i[56]
segment_desc_base_i[57]
segment_desc_base_i[58]
segment_desc_base_i[59]
segment_desc_base_i[5]
segment_desc_base_i[60]
segment_desc_base_i[61]
segment_desc_base_i[62]
segment_desc_base_i[63]
segment_desc_base_i[6]
segment_desc_base_i[7]
segment_desc_base_i[8]
segment_desc_base_i[9]
soft_reset_i
tensor_desc_base_i[0]
tensor_desc_base_i[10]
tensor_desc_base_i[11]
tensor_desc_base_i[12]
tensor_desc_base_i[13]
tensor_desc_base_i[14]
tensor_desc_base_i[15]
tensor_desc_base_i[16]
tensor_desc_base_i[17]
tensor_desc_base_i[18]
tensor_desc_base_i[19]
tensor_desc_base_i[1]
tensor_desc_base_i[20]
tensor_desc_base_i[21]
tensor_desc_base_i[22]
tensor_desc_base_i[23]
tensor_desc_base_i[24]
tensor_desc_base_i[25]
tensor_desc_base_i[26]
tensor_desc_base_i[27]
tensor_desc_base_i[28]
tensor_desc_base_i[29]
tensor_desc_base_i[2]
tensor_desc_base_i[30]
tensor_desc_base_i[31]
tensor_desc_base_i[32]
tensor_desc_base_i[33]
tensor_desc_base_i[34]
tensor_desc_base_i[35]
tensor_desc_base_i[36]
tensor_desc_base_i[37]
tensor_desc_base_i[38]
tensor_desc_base_i[39]
tensor_desc_base_i[3]
tensor_desc_base_i[40]
tensor_desc_base_i[41]
tensor_desc_base_i[42]
tensor_desc_base_i[43]
tensor_desc_base_i[44]
tensor_desc_base_i[45]
tensor_desc_base_i[46]
tensor_desc_base_i[47]
tensor_desc_base_i[48]
tensor_desc_base_i[49]
tensor_desc_base_i[4]
tensor_desc_base_i[50]
tensor_desc_base_i[51]
tensor_desc_base_i[52]
tensor_desc_base_i[53]
tensor_desc_base_i[54]
tensor_desc_base_i[55]
tensor_desc_base_i[56]
tensor_desc_base_i[57]
tensor_desc_base_i[58]
tensor_desc_base_i[59]
tensor_desc_base_i[5]
tensor_desc_base_i[60]
tensor_desc_base_i[61]
tensor_desc_base_i[62]
tensor_desc_base_i[63]
tensor_desc_base_i[6]
tensor_desc_base_i[7]
tensor_desc_base_i[8]
tensor_desc_base_i[9]
weight_base_i[0]
weight_base_i[10]
weight_base_i[11]
weight_base_i[12]
weight_base_i[13]
weight_base_i[14]
weight_base_i[15]
weight_base_i[16]
weight_base_i[17]
weight_base_i[18]
weight_base_i[19]
weight_base_i[1]
weight_base_i[20]
weight_base_i[21]
weight_base_i[22]
weight_base_i[23]
weight_base_i[24]
weight_base_i[25]
weight_base_i[26]
weight_base_i[27]
weight_base_i[28]
weight_base_i[29]
weight_base_i[2]
weight_base_i[30]
weight_base_i[31]
weight_base_i[32]
weight_base_i[33]
weight_base_i[34]
weight_base_i[35]
weight_base_i[36]
weight_base_i[37]
weight_base_i[38]
weight_base_i[39]
weight_base_i[3]
weight_base_i[40]
weight_base_i[41]
weight_base_i[42]
weight_base_i[43]
weight_base_i[44]
weight_base_i[45]
weight_base_i[46]
weight_base_i[47]
weight_base_i[48]
weight_base_i[49]
weight_base_i[4]
weight_base_i[50]
weight_base_i[51]
weight_base_i[52]
weight_base_i[53]
weight_base_i[54]
weight_base_i[55]
weight_base_i[56]
weight_base_i[57]
weight_base_i[58]
weight_base_i[59]
weight_base_i[5]
weight_base_i[60]
weight_base_i[61]
weight_base_i[62]
weight_base_i[63]
weight_base_i[6]
weight_base_i[7]
weight_base_i[8]
weight_base_i[9]

 There are 0 input ports with no input delay but user has a false path constraint.


6. checking no_output_delay (494)
---------------------------------
 There are 494 ports with no output delay specified. (HIGH)

accelerator_read_request_ready_o
accelerator_read_response_data_o[0]
accelerator_read_response_data_o[10]
accelerator_read_response_data_o[11]
accelerator_read_response_data_o[12]
accelerator_read_response_data_o[13]
accelerator_read_response_data_o[14]
accelerator_read_response_data_o[15]
accelerator_read_response_data_o[16]
accelerator_read_response_data_o[17]
accelerator_read_response_data_o[18]
accelerator_read_response_data_o[19]
accelerator_read_response_data_o[1]
accelerator_read_response_data_o[20]
accelerator_read_response_data_o[21]
accelerator_read_response_data_o[22]
accelerator_read_response_data_o[23]
accelerator_read_response_data_o[24]
accelerator_read_response_data_o[25]
accelerator_read_response_data_o[26]
accelerator_read_response_data_o[27]
accelerator_read_response_data_o[28]
accelerator_read_response_data_o[29]
accelerator_read_response_data_o[2]
accelerator_read_response_data_o[30]
accelerator_read_response_data_o[31]
accelerator_read_response_data_o[32]
accelerator_read_response_data_o[33]
accelerator_read_response_data_o[34]
accelerator_read_response_data_o[35]
accelerator_read_response_data_o[36]
accelerator_read_response_data_o[37]
accelerator_read_response_data_o[38]
accelerator_read_response_data_o[39]
accelerator_read_response_data_o[3]
accelerator_read_response_data_o[40]
accelerator_read_response_data_o[41]
accelerator_read_response_data_o[42]
accelerator_read_response_data_o[43]
accelerator_read_response_data_o[44]
accelerator_read_response_data_o[45]
accelerator_read_response_data_o[46]
accelerator_read_response_data_o[47]
accelerator_read_response_data_o[48]
accelerator_read_response_data_o[49]
accelerator_read_response_data_o[4]
accelerator_read_response_data_o[50]
accelerator_read_response_data_o[51]
accelerator_read_response_data_o[52]
accelerator_read_response_data_o[53]
accelerator_read_response_data_o[54]
accelerator_read_response_data_o[55]
accelerator_read_response_data_o[56]
accelerator_read_response_data_o[57]
accelerator_read_response_data_o[58]
accelerator_read_response_data_o[59]
accelerator_read_response_data_o[5]
accelerator_read_response_data_o[60]
accelerator_read_response_data_o[61]
accelerator_read_response_data_o[62]
accelerator_read_response_data_o[63]
accelerator_read_response_data_o[6]
accelerator_read_response_data_o[7]
accelerator_read_response_data_o[8]
accelerator_read_response_data_o[9]
accelerator_read_response_valid_o
accelerator_write_ready_o
busy_o
bytes_read_o[0]
bytes_read_o[10]
bytes_read_o[11]
bytes_read_o[12]
bytes_read_o[13]
bytes_read_o[14]
bytes_read_o[15]
bytes_read_o[16]
bytes_read_o[17]
bytes_read_o[18]
bytes_read_o[19]
bytes_read_o[1]
bytes_read_o[20]
bytes_read_o[21]
bytes_read_o[22]
bytes_read_o[23]
bytes_read_o[24]
bytes_read_o[25]
bytes_read_o[26]
bytes_read_o[27]
bytes_read_o[28]
bytes_read_o[29]
bytes_read_o[2]
bytes_read_o[30]
bytes_read_o[31]
bytes_read_o[3]
bytes_read_o[4]
bytes_read_o[5]
bytes_read_o[6]
bytes_read_o[7]
bytes_read_o[8]
bytes_read_o[9]
bytes_written_o[0]
bytes_written_o[10]
bytes_written_o[11]
bytes_written_o[12]
bytes_written_o[13]
bytes_written_o[14]
bytes_written_o[15]
bytes_written_o[16]
bytes_written_o[17]
bytes_written_o[18]
bytes_written_o[19]
bytes_written_o[1]
bytes_written_o[20]
bytes_written_o[21]
bytes_written_o[22]
bytes_written_o[23]
bytes_written_o[24]
bytes_written_o[25]
bytes_written_o[26]
bytes_written_o[27]
bytes_written_o[28]
bytes_written_o[29]
bytes_written_o[2]
bytes_written_o[30]
bytes_written_o[31]
bytes_written_o[3]
bytes_written_o[4]
bytes_written_o[5]
bytes_written_o[6]
bytes_written_o[7]
bytes_written_o[8]
bytes_written_o[9]
command_ready_o
descriptor_memory_request_address_o[0]
descriptor_memory_request_address_o[10]
descriptor_memory_request_address_o[11]
descriptor_memory_request_address_o[12]
descriptor_memory_request_address_o[13]
descriptor_memory_request_address_o[14]
descriptor_memory_request_address_o[15]
descriptor_memory_request_address_o[16]
descriptor_memory_request_address_o[17]
descriptor_memory_request_address_o[18]
descriptor_memory_request_address_o[19]
descriptor_memory_request_address_o[1]
descriptor_memory_request_address_o[20]
descriptor_memory_request_address_o[21]
descriptor_memory_request_address_o[22]
descriptor_memory_request_address_o[23]
descriptor_memory_request_address_o[24]
descriptor_memory_request_address_o[25]
descriptor_memory_request_address_o[26]
descriptor_memory_request_address_o[27]
descriptor_memory_request_address_o[28]
descriptor_memory_request_address_o[29]
descriptor_memory_request_address_o[2]
descriptor_memory_request_address_o[30]
descriptor_memory_request_address_o[31]
descriptor_memory_request_address_o[32]
descriptor_memory_request_address_o[33]
descriptor_memory_request_address_o[34]
descriptor_memory_request_address_o[35]
descriptor_memory_request_address_o[36]
descriptor_memory_request_address_o[37]
descriptor_memory_request_address_o[38]
descriptor_memory_request_address_o[39]
descriptor_memory_request_address_o[3]
descriptor_memory_request_address_o[40]
descriptor_memory_request_address_o[41]
descriptor_memory_request_address_o[42]
descriptor_memory_request_address_o[43]
descriptor_memory_request_address_o[44]
descriptor_memory_request_address_o[45]
descriptor_memory_request_address_o[46]
descriptor_memory_request_address_o[47]
descriptor_memory_request_address_o[48]
descriptor_memory_request_address_o[49]
descriptor_memory_request_address_o[4]
descriptor_memory_request_address_o[50]
descriptor_memory_request_address_o[51]
descriptor_memory_request_address_o[52]
descriptor_memory_request_address_o[53]
descriptor_memory_request_address_o[54]
descriptor_memory_request_address_o[55]
descriptor_memory_request_address_o[56]
descriptor_memory_request_address_o[57]
descriptor_memory_request_address_o[58]
descriptor_memory_request_address_o[59]
descriptor_memory_request_address_o[5]
descriptor_memory_request_address_o[60]
descriptor_memory_request_address_o[61]
descriptor_memory_request_address_o[62]
descriptor_memory_request_address_o[63]
descriptor_memory_request_address_o[6]
descriptor_memory_request_address_o[7]
descriptor_memory_request_address_o[8]
descriptor_memory_request_address_o[9]
descriptor_memory_request_bytes_o[3]
descriptor_memory_request_bytes_o[5]
descriptor_memory_request_bytes_o[6]
descriptor_memory_request_valid_o
descriptor_memory_response_ready_o
error_detail_o[0]
error_detail_o[1]
error_detail_o[2]
error_pc_o[0]
error_pc_o[10]
error_pc_o[11]
error_pc_o[12]
error_pc_o[13]
error_pc_o[14]
error_pc_o[15]
error_pc_o[16]
error_pc_o[17]
error_pc_o[18]
error_pc_o[19]
error_pc_o[1]
error_pc_o[20]
error_pc_o[21]
error_pc_o[22]
error_pc_o[23]
error_pc_o[24]
error_pc_o[25]
error_pc_o[26]
error_pc_o[27]
error_pc_o[28]
error_pc_o[29]
error_pc_o[2]
error_pc_o[30]
error_pc_o[31]
error_pc_o[3]
error_pc_o[4]
error_pc_o[5]
error_pc_o[6]
error_pc_o[7]
error_pc_o[8]
error_pc_o[9]
error_pulse_o
error_reason_o[0]
error_reason_o[1]
error_reason_o[2]
error_source_o[0]
error_source_o[1]
error_tag_o[0]
error_tag_o[10]
error_tag_o[11]
error_tag_o[12]
error_tag_o[13]
error_tag_o[14]
error_tag_o[15]
error_tag_o[1]
error_tag_o[2]
error_tag_o[3]
error_tag_o[4]
error_tag_o[5]
error_tag_o[6]
error_tag_o[7]
error_tag_o[8]
error_tag_o[9]
event_set_o[0]
event_set_o[1]
event_set_o[2]
event_set_o[3]
event_set_o[4]
event_set_o[5]
event_set_o[6]
event_set_o[7]
m_axi_araddr_o[0]
m_axi_araddr_o[10]
m_axi_araddr_o[11]
m_axi_araddr_o[12]
m_axi_araddr_o[13]
m_axi_araddr_o[14]
m_axi_araddr_o[15]
m_axi_araddr_o[16]
m_axi_araddr_o[17]
m_axi_araddr_o[18]
m_axi_araddr_o[19]
m_axi_araddr_o[1]
m_axi_araddr_o[20]
m_axi_araddr_o[21]
m_axi_araddr_o[22]
m_axi_araddr_o[23]
m_axi_araddr_o[24]
m_axi_araddr_o[25]
m_axi_araddr_o[26]
m_axi_araddr_o[27]
m_axi_araddr_o[28]
m_axi_araddr_o[29]
m_axi_araddr_o[2]
m_axi_araddr_o[30]
m_axi_araddr_o[31]
m_axi_araddr_o[32]
m_axi_araddr_o[33]
m_axi_araddr_o[34]
m_axi_araddr_o[35]
m_axi_araddr_o[36]
m_axi_araddr_o[37]
m_axi_araddr_o[38]
m_axi_araddr_o[39]
m_axi_araddr_o[3]
m_axi_araddr_o[40]
m_axi_araddr_o[41]
m_axi_araddr_o[42]
m_axi_araddr_o[43]
m_axi_araddr_o[44]
m_axi_araddr_o[45]
m_axi_araddr_o[46]
m_axi_araddr_o[47]
m_axi_araddr_o[48]
m_axi_araddr_o[49]
m_axi_araddr_o[4]
m_axi_araddr_o[50]
m_axi_araddr_o[51]
m_axi_araddr_o[52]
m_axi_araddr_o[53]
m_axi_araddr_o[54]
m_axi_araddr_o[55]
m_axi_araddr_o[56]
m_axi_araddr_o[57]
m_axi_araddr_o[58]
m_axi_araddr_o[59]
m_axi_araddr_o[5]
m_axi_araddr_o[60]
m_axi_araddr_o[61]
m_axi_araddr_o[62]
m_axi_araddr_o[63]
m_axi_araddr_o[6]
m_axi_araddr_o[7]
m_axi_araddr_o[8]
m_axi_araddr_o[9]
m_axi_arlen_o[0]
m_axi_arlen_o[1]
m_axi_arlen_o[2]
m_axi_arlen_o[3]
m_axi_arlen_o[4]
m_axi_arlen_o[5]
m_axi_arlen_o[6]
m_axi_arlen_o[7]
m_axi_arsize_o[0]
m_axi_arsize_o[1]
m_axi_arvalid_o
m_axi_awaddr_o[0]
m_axi_awaddr_o[10]
m_axi_awaddr_o[11]
m_axi_awaddr_o[12]
m_axi_awaddr_o[13]
m_axi_awaddr_o[14]
m_axi_awaddr_o[15]
m_axi_awaddr_o[16]
m_axi_awaddr_o[17]
m_axi_awaddr_o[18]
m_axi_awaddr_o[19]
m_axi_awaddr_o[1]
m_axi_awaddr_o[20]
m_axi_awaddr_o[21]
m_axi_awaddr_o[22]
m_axi_awaddr_o[23]
m_axi_awaddr_o[24]
m_axi_awaddr_o[25]
m_axi_awaddr_o[26]
m_axi_awaddr_o[27]
m_axi_awaddr_o[28]
m_axi_awaddr_o[29]
m_axi_awaddr_o[2]
m_axi_awaddr_o[30]
m_axi_awaddr_o[31]
m_axi_awaddr_o[32]
m_axi_awaddr_o[33]
m_axi_awaddr_o[34]
m_axi_awaddr_o[35]
m_axi_awaddr_o[36]
m_axi_awaddr_o[37]
m_axi_awaddr_o[38]
m_axi_awaddr_o[39]
m_axi_awaddr_o[3]
m_axi_awaddr_o[40]
m_axi_awaddr_o[41]
m_axi_awaddr_o[42]
m_axi_awaddr_o[43]
m_axi_awaddr_o[44]
m_axi_awaddr_o[45]
m_axi_awaddr_o[46]
m_axi_awaddr_o[47]
m_axi_awaddr_o[48]
m_axi_awaddr_o[49]
m_axi_awaddr_o[4]
m_axi_awaddr_o[50]
m_axi_awaddr_o[51]
m_axi_awaddr_o[52]
m_axi_awaddr_o[53]
m_axi_awaddr_o[54]
m_axi_awaddr_o[55]
m_axi_awaddr_o[56]
m_axi_awaddr_o[57]
m_axi_awaddr_o[58]
m_axi_awaddr_o[59]
m_axi_awaddr_o[5]
m_axi_awaddr_o[60]
m_axi_awaddr_o[61]
m_axi_awaddr_o[62]
m_axi_awaddr_o[63]
m_axi_awaddr_o[6]
m_axi_awaddr_o[7]
m_axi_awaddr_o[8]
m_axi_awaddr_o[9]
m_axi_awlen_o[0]
m_axi_awlen_o[1]
m_axi_awlen_o[2]
m_axi_awlen_o[3]
m_axi_awlen_o[4]
m_axi_awlen_o[5]
m_axi_awlen_o[6]
m_axi_awlen_o[7]
m_axi_awsize_o[0]
m_axi_awsize_o[1]
m_axi_awvalid_o
m_axi_bready_o
m_axi_rready_o
m_axi_wdata_o[0]
m_axi_wdata_o[10]
m_axi_wdata_o[11]
m_axi_wdata_o[12]
m_axi_wdata_o[13]
m_axi_wdata_o[14]
m_axi_wdata_o[15]
m_axi_wdata_o[16]
m_axi_wdata_o[17]
m_axi_wdata_o[18]
m_axi_wdata_o[19]
m_axi_wdata_o[1]
m_axi_wdata_o[20]
m_axi_wdata_o[21]
m_axi_wdata_o[22]
m_axi_wdata_o[23]
m_axi_wdata_o[24]
m_axi_wdata_o[25]
m_axi_wdata_o[26]
m_axi_wdata_o[27]
m_axi_wdata_o[28]
m_axi_wdata_o[29]
m_axi_wdata_o[2]
m_axi_wdata_o[30]
m_axi_wdata_o[31]
m_axi_wdata_o[32]
m_axi_wdata_o[33]
m_axi_wdata_o[34]
m_axi_wdata_o[35]
m_axi_wdata_o[36]
m_axi_wdata_o[37]
m_axi_wdata_o[38]
m_axi_wdata_o[39]
m_axi_wdata_o[3]
m_axi_wdata_o[40]
m_axi_wdata_o[41]
m_axi_wdata_o[42]
m_axi_wdata_o[43]
m_axi_wdata_o[44]
m_axi_wdata_o[45]
m_axi_wdata_o[46]
m_axi_wdata_o[47]
m_axi_wdata_o[48]
m_axi_wdata_o[49]
m_axi_wdata_o[4]
m_axi_wdata_o[50]
m_axi_wdata_o[51]
m_axi_wdata_o[52]
m_axi_wdata_o[53]
m_axi_wdata_o[54]
m_axi_wdata_o[55]
m_axi_wdata_o[56]
m_axi_wdata_o[57]
m_axi_wdata_o[58]
m_axi_wdata_o[59]
m_axi_wdata_o[5]
m_axi_wdata_o[60]
m_axi_wdata_o[61]
m_axi_wdata_o[62]
m_axi_wdata_o[63]
m_axi_wdata_o[6]
m_axi_wdata_o[7]
m_axi_wdata_o[8]
m_axi_wdata_o[9]
m_axi_wlast_o
m_axi_wstrb_o[0]
m_axi_wstrb_o[1]
m_axi_wstrb_o[2]
m_axi_wstrb_o[3]
m_axi_wstrb_o[4]
m_axi_wstrb_o[5]
m_axi_wstrb_o[6]
m_axi_wstrb_o[7]
m_axi_wvalid_o
scratchpad_collision_stall_o

 There are 0 ports with no output delay but user has a false path constraint

 There are 0 ports with no output delay but with a timing clock defined on it or propagating through it


7. checking multiple_clock (0)
------------------------------
 There are 0 register/latch pins with multiple clocks.


8. checking generated_clocks (0)
--------------------------------
 There are 0 generated clocks that are not connected to a clock source.


9. checking loops (0)
---------------------
 There are 0 combinational loops in the design.


10. checking partial_input_delay (0)
------------------------------------
 There are 0 input ports with partial input delay specified.


11. checking partial_output_delay (0)
-------------------------------------
 There are 0 ports with partial output delay specified.


12. checking latch_loops (0)
----------------------------
 There are 0 combinational latch loops in the design through latch input


