Copyright 1986-2022 Xilinx, Inc. All Rights Reserved. Copyright 2022-2026 Advanced Micro Devices, Inc. All Rights Reserved.
-----------------------------------------------------------------------------------------------------------------------------------------------
| Tool Version : Vivado v.2026.1 (win64) Build 6511674 Tue Jun 16 11:02:23 MDT 2026
| Date         : Tue Sep 15 02:23:11 2026
| Host         : RAW2332 running 64-bit major release  (build 9200)
| Command      : check_timing -verbose -file D:/WORKBUDDY/STEM/npu-stem-repo/hardware/reports/vivado_2026_1/npu_dma_subsystem/check_timing.rpt
| Design       : npu_dma_subsystem
| Device       : 7z020-clg400
| Speed File   : -1  PRODUCTION 1.12 2019-11-22
| Design State : Synthesized
-----------------------------------------------------------------------------------------------------------------------------------------------


check_timing report

Table of Contents
-----------------
1. checking no_clock (0)
2. checking constant_clock (0)
3. checking pulse_width_clock (0)
4. checking unconstrained_internal_endpoints (0)
5. checking no_input_delay (2161)
6. checking no_output_delay (959)
7. checking multiple_clock (0)
8. checking generated_clocks (0)
9. checking loops (0)
10. checking partial_input_delay (0)
11. checking partial_output_delay (0)
12. checking latch_loops (0)

1. checking no_clock (0)
------------------------
 There are 0 register/latch pins with no clock.


2. checking constant_clock (0)
------------------------------
 There are 0 register/latch pins with constant_clock.


3. checking pulse_width_clock (0)
---------------------------------
 There are 0 register/latch pins which need pulse_width check


4. checking unconstrained_internal_endpoints (0)
------------------------------------------------
 There are 0 pins that are not constrained for maximum delay.

 There are 0 pins that are not constrained for maximum delay due to constant clock.


5. checking no_input_delay (2161)
---------------------------------
 There are 2161 input ports with no input delay specified. (HIGH)

accelerator_read_address_i[10]
accelerator_read_address_i[11]
accelerator_read_address_i[12]
accelerator_read_address_i[13]
accelerator_read_address_i[14]
accelerator_read_address_i[15]
accelerator_read_address_i[4]
accelerator_read_address_i[5]
accelerator_read_address_i[6]
accelerator_read_address_i[7]
accelerator_read_address_i[8]
accelerator_read_address_i[9]
accelerator_read_bank_i
accelerator_read_kind_i[0]
accelerator_read_kind_i[1]
accelerator_read_request_valid_i
accelerator_read_response_ready_i
accelerator_write_address_i[10]
accelerator_write_address_i[11]
accelerator_write_address_i[12]
accelerator_write_address_i[13]
accelerator_write_address_i[14]
accelerator_write_address_i[15]
accelerator_write_address_i[4]
accelerator_write_address_i[5]
accelerator_write_address_i[6]
accelerator_write_address_i[7]
accelerator_write_address_i[8]
accelerator_write_address_i[9]
accelerator_write_bank_i
accelerator_write_data_i[0]
accelerator_write_data_i[100]
accelerator_write_data_i[101]
accelerator_write_data_i[102]
accelerator_write_data_i[103]
accelerator_write_data_i[104]
accelerator_write_data_i[105]
accelerator_write_data_i[106]
accelerator_write_data_i[107]
accelerator_write_data_i[108]
accelerator_write_data_i[109]
accelerator_write_data_i[10]
accelerator_write_data_i[110]
accelerator_write_data_i[111]
accelerator_write_data_i[112]
accelerator_write_data_i[113]
accelerator_write_data_i[114]
accelerator_write_data_i[115]
accelerator_write_data_i[116]
accelerator_write_data_i[117]
accelerator_write_data_i[118]
accelerator_write_data_i[119]
accelerator_write_data_i[11]
accelerator_write_data_i[120]
accelerator_write_data_i[121]
accelerator_write_data_i[122]
accelerator_write_data_i[123]
accelerator_write_data_i[124]
accelerator_write_data_i[125]
accelerator_write_data_i[126]
accelerator_write_data_i[127]
accelerator_write_data_i[128]
accelerator_write_data_i[129]
accelerator_write_data_i[12]
accelerator_write_data_i[130]
accelerator_write_data_i[131]
accelerator_write_data_i[132]
accelerator_write_data_i[133]
accelerator_write_data_i[134]
accelerator_write_data_i[135]
accelerator_write_data_i[136]
accelerator_write_data_i[137]
accelerator_write_data_i[138]
accelerator_write_data_i[139]
accelerator_write_data_i[13]
accelerator_write_data_i[140]
accelerator_write_data_i[141]
accelerator_write_data_i[142]
accelerator_write_data_i[143]
accelerator_write_data_i[144]
accelerator_write_data_i[145]
accelerator_write_data_i[146]
accelerator_write_data_i[147]
accelerator_write_data_i[148]
accelerator_write_data_i[149]
accelerator_write_data_i[14]
accelerator_write_data_i[150]
accelerator_write_data_i[151]
accelerator_write_data_i[152]
accelerator_write_data_i[153]
accelerator_write_data_i[154]
accelerator_write_data_i[155]
accelerator_write_data_i[156]
accelerator_write_data_i[157]
accelerator_write_data_i[158]
accelerator_write_data_i[159]
accelerator_write_data_i[15]
accelerator_write_data_i[160]
accelerator_write_data_i[161]
accelerator_write_data_i[162]
accelerator_write_data_i[163]
accelerator_write_data_i[164]
accelerator_write_data_i[165]
accelerator_write_data_i[166]
accelerator_write_data_i[167]
accelerator_write_data_i[168]
accelerator_write_data_i[169]
accelerator_write_data_i[16]
accelerator_write_data_i[170]
accelerator_write_data_i[171]
accelerator_write_data_i[172]
accelerator_write_data_i[173]
accelerator_write_data_i[174]
accelerator_write_data_i[175]
accelerator_write_data_i[176]
accelerator_write_data_i[177]
accelerator_write_data_i[178]
accelerator_write_data_i[179]
accelerator_write_data_i[17]
accelerator_write_data_i[180]
accelerator_write_data_i[181]
accelerator_write_data_i[182]
accelerator_write_data_i[183]
accelerator_write_data_i[184]
accelerator_write_data_i[185]
accelerator_write_data_i[186]
accelerator_write_data_i[187]
accelerator_write_data_i[188]
accelerator_write_data_i[189]
accelerator_write_data_i[18]
accelerator_write_data_i[190]
accelerator_write_data_i[191]
accelerator_write_data_i[192]
accelerator_write_data_i[193]
accelerator_write_data_i[194]
accelerator_write_data_i[195]
accelerator_write_data_i[196]
accelerator_write_data_i[197]
accelerator_write_data_i[198]
accelerator_write_data_i[199]
accelerator_write_data_i[19]
accelerator_write_data_i[1]
accelerator_write_data_i[200]
accelerator_write_data_i[201]
accelerator_write_data_i[202]
accelerator_write_data_i[203]
accelerator_write_data_i[204]
accelerator_write_data_i[205]
accelerator_write_data_i[206]
accelerator_write_data_i[207]
accelerator_write_data_i[208]
accelerator_write_data_i[209]
accelerator_write_data_i[20]
accelerator_write_data_i[210]
accelerator_write_data_i[211]
accelerator_write_data_i[212]
accelerator_write_data_i[213]
accelerator_write_data_i[214]
accelerator_write_data_i[215]
accelerator_write_data_i[216]
accelerator_write_data_i[217]
accelerator_write_data_i[218]
accelerator_write_data_i[219]
accelerator_write_data_i[21]
accelerator_write_data_i[220]
accelerator_write_data_i[221]
accelerator_write_data_i[222]
accelerator_write_data_i[223]
accelerator_write_data_i[224]
accelerator_write_data_i[225]
accelerator_write_data_i[226]
accelerator_write_data_i[227]
accelerator_write_data_i[228]
accelerator_write_data_i[229]
accelerator_write_data_i[22]
accelerator_write_data_i[230]
accelerator_write_data_i[231]
accelerator_write_data_i[232]
accelerator_write_data_i[233]
accelerator_write_data_i[234]
accelerator_write_data_i[235]
accelerator_write_data_i[236]
accelerator_write_data_i[237]
accelerator_write_data_i[238]
accelerator_write_data_i[239]
accelerator_write_data_i[23]
accelerator_write_data_i[240]
accelerator_write_data_i[241]
accelerator_write_data_i[242]
accelerator_write_data_i[243]
accelerator_write_data_i[244]
accelerator_write_data_i[245]
accelerator_write_data_i[246]
accelerator_write_data_i[247]
accelerator_write_data_i[248]
accelerator_write_data_i[249]
accelerator_write_data_i[24]
accelerator_write_data_i[250]
accelerator_write_data_i[251]
accelerator_write_data_i[252]
accelerator_write_data_i[253]
accelerator_write_data_i[254]
accelerator_write_data_i[255]
accelerator_write_data_i[256]
accelerator_write_data_i[257]
accelerator_write_data_i[258]
accelerator_write_data_i[259]
accelerator_write_data_i[25]
accelerator_write_data_i[260]
accelerator_write_data_i[261]
accelerator_write_data_i[262]
accelerator_write_data_i[263]
accelerator_write_data_i[264]
accelerator_write_data_i[265]
accelerator_write_data_i[266]
accelerator_write_data_i[267]
accelerator_write_data_i[268]
accelerator_write_data_i[269]
accelerator_write_data_i[26]
accelerator_write_data_i[270]
accelerator_write_data_i[271]
accelerator_write_data_i[272]
accelerator_write_data_i[273]
accelerator_write_data_i[274]
accelerator_write_data_i[275]
accelerator_write_data_i[276]
accelerator_write_data_i[277]
accelerator_write_data_i[278]
accelerator_write_data_i[279]
accelerator_write_data_i[27]
accelerator_write_data_i[280]
accelerator_write_data_i[281]
accelerator_write_data_i[282]
accelerator_write_data_i[283]
accelerator_write_data_i[284]
accelerator_write_data_i[285]
accelerator_write_data_i[286]
accelerator_write_data_i[287]
accelerator_write_data_i[288]
accelerator_write_data_i[289]
accelerator_write_data_i[28]
accelerator_write_data_i[290]
accelerator_write_data_i[291]
accelerator_write_data_i[292]
accelerator_write_data_i[293]
accelerator_write_data_i[294]
accelerator_write_data_i[295]
accelerator_write_data_i[296]
accelerator_write_data_i[297]
accelerator_write_data_i[298]
accelerator_write_data_i[299]
accelerator_write_data_i[29]
accelerator_write_data_i[2]
accelerator_write_data_i[300]
accelerator_write_data_i[301]
accelerator_write_data_i[302]
accelerator_write_data_i[303]
accelerator_write_data_i[304]
accelerator_write_data_i[305]
accelerator_write_data_i[306]
accelerator_write_data_i[307]
accelerator_write_data_i[308]
accelerator_write_data_i[309]
accelerator_write_data_i[30]
accelerator_write_data_i[310]
accelerator_write_data_i[311]
accelerator_write_data_i[312]
accelerator_write_data_i[313]
accelerator_write_data_i[314]
accelerator_write_data_i[315]
accelerator_write_data_i[316]
accelerator_write_data_i[317]
accelerator_write_data_i[318]
accelerator_write_data_i[319]
accelerator_write_data_i[31]
accelerator_write_data_i[320]
accelerator_write_data_i[321]
accelerator_write_data_i[322]
accelerator_write_data_i[323]
accelerator_write_data_i[324]
accelerator_write_data_i[325]
accelerator_write_data_i[326]
accelerator_write_data_i[327]
accelerator_write_data_i[328]
accelerator_write_data_i[329]
accelerator_write_data_i[32]
accelerator_write_data_i[330]
accelerator_write_data_i[331]
accelerator_write_data_i[332]
accelerator_write_data_i[333]
accelerator_write_data_i[334]
accelerator_write_data_i[335]
accelerator_write_data_i[336]
accelerator_write_data_i[337]
accelerator_write_data_i[338]
accelerator_write_data_i[339]
accelerator_write_data_i[33]
accelerator_write_data_i[340]
accelerator_write_data_i[341]
accelerator_write_data_i[342]
accelerator_write_data_i[343]
accelerator_write_data_i[344]
accelerator_write_data_i[345]
accelerator_write_data_i[346]
accelerator_write_data_i[347]
accelerator_write_data_i[348]
accelerator_write_data_i[349]
accelerator_write_data_i[34]
accelerator_write_data_i[350]
accelerator_write_data_i[351]
accelerator_write_data_i[352]
accelerator_write_data_i[353]
accelerator_write_data_i[354]
accelerator_write_data_i[355]
accelerator_write_data_i[356]
accelerator_write_data_i[357]
accelerator_write_data_i[358]
accelerator_write_data_i[359]
accelerator_write_data_i[35]
accelerator_write_data_i[360]
accelerator_write_data_i[361]
accelerator_write_data_i[362]
accelerator_write_data_i[363]
accelerator_write_data_i[364]
accelerator_write_data_i[365]
accelerator_write_data_i[366]
accelerator_write_data_i[367]
accelerator_write_data_i[368]
accelerator_write_data_i[369]
accelerator_write_data_i[36]
accelerator_write_data_i[370]
accelerator_write_data_i[371]
accelerator_write_data_i[372]
accelerator_write_data_i[373]
accelerator_write_data_i[374]
accelerator_write_data_i[375]
accelerator_write_data_i[376]
accelerator_write_data_i[377]
accelerator_write_data_i[378]
accelerator_write_data_i[379]
accelerator_write_data_i[37]
accelerator_write_data_i[380]
accelerator_write_data_i[381]
accelerator_write_data_i[382]
accelerator_write_data_i[383]
accelerator_write_data_i[384]
accelerator_write_data_i[385]
accelerator_write_data_i[386]
accelerator_write_data_i[387]
accelerator_write_data_i[388]
accelerator_write_data_i[389]
accelerator_write_data_i[38]
accelerator_write_data_i[390]
accelerator_write_data_i[391]
accelerator_write_data_i[392]
accelerator_write_data_i[393]
accelerator_write_data_i[394]
accelerator_write_data_i[395]
accelerator_write_data_i[396]
accelerator_write_data_i[397]
accelerator_write_data_i[398]
accelerator_write_data_i[399]
accelerator_write_data_i[39]
accelerator_write_data_i[3]
accelerator_write_data_i[400]
accelerator_write_data_i[401]
accelerator_write_data_i[402]
accelerator_write_data_i[403]
accelerator_write_data_i[404]
accelerator_write_data_i[405]
accelerator_write_data_i[406]
accelerator_write_data_i[407]
accelerator_write_data_i[408]
accelerator_write_data_i[409]
accelerator_write_data_i[40]
accelerator_write_data_i[410]
accelerator_write_data_i[411]
accelerator_write_data_i[412]
accelerator_write_data_i[413]
accelerator_write_data_i[414]
accelerator_write_data_i[415]
accelerator_write_data_i[416]
accelerator_write_data_i[417]
accelerator_write_data_i[418]
accelerator_write_data_i[419]
accelerator_write_data_i[41]
accelerator_write_data_i[420]
accelerator_write_data_i[421]
accelerator_write_data_i[422]
accelerator_write_data_i[423]
accelerator_write_data_i[424]
accelerator_write_data_i[425]
accelerator_write_data_i[426]
accelerator_write_data_i[427]
accelerator_write_data_i[428]
accelerator_write_data_i[429]
accelerator_write_data_i[42]
accelerator_write_data_i[430]
accelerator_write_data_i[431]
accelerator_write_data_i[432]
accelerator_write_data_i[433]
accelerator_write_data_i[434]
accelerator_write_data_i[435]
accelerator_write_data_i[436]
accelerator_write_data_i[437]
accelerator_write_data_i[438]
accelerator_write_data_i[439]
accelerator_write_data_i[43]
accelerator_write_data_i[440]
accelerator_write_data_i[441]
accelerator_write_data_i[442]
accelerator_write_data_i[443]
accelerator_write_data_i[444]
accelerator_write_data_i[445]
accelerator_write_data_i[446]
accelerator_write_data_i[447]
accelerator_write_data_i[448]
accelerator_write_data_i[449]
accelerator_write_data_i[44]
accelerator_write_data_i[450]
accelerator_write_data_i[451]
accelerator_write_data_i[452]
accelerator_write_data_i[453]
accelerator_write_data_i[454]
accelerator_write_data_i[455]
accelerator_write_data_i[456]
accelerator_write_data_i[457]
accelerator_write_data_i[458]
accelerator_write_data_i[459]
accelerator_write_data_i[45]
accelerator_write_data_i[460]
accelerator_write_data_i[461]
accelerator_write_data_i[462]
accelerator_write_data_i[463]
accelerator_write_data_i[464]
accelerator_write_data_i[465]
accelerator_write_data_i[466]
accelerator_write_data_i[467]
accelerator_write_data_i[468]
accelerator_write_data_i[469]
accelerator_write_data_i[46]
accelerator_write_data_i[470]
accelerator_write_data_i[471]
accelerator_write_data_i[472]
accelerator_write_data_i[473]
accelerator_write_data_i[474]
accelerator_write_data_i[475]
accelerator_write_data_i[476]
accelerator_write_data_i[477]
accelerator_write_data_i[478]
accelerator_write_data_i[479]
accelerator_write_data_i[47]
accelerator_write_data_i[480]
accelerator_write_data_i[481]
accelerator_write_data_i[482]
accelerator_write_data_i[483]
accelerator_write_data_i[484]
accelerator_write_data_i[485]
accelerator_write_data_i[486]
accelerator_write_data_i[487]
accelerator_write_data_i[488]
accelerator_write_data_i[489]
accelerator_write_data_i[48]
accelerator_write_data_i[490]
accelerator_write_data_i[491]
accelerator_write_data_i[492]
accelerator_write_data_i[493]
accelerator_write_data_i[494]
accelerator_write_data_i[495]
accelerator_write_data_i[496]
accelerator_write_data_i[497]
accelerator_write_data_i[498]
accelerator_write_data_i[499]
accelerator_write_data_i[49]
accelerator_write_data_i[4]
accelerator_write_data_i[500]
accelerator_write_data_i[501]
accelerator_write_data_i[502]
accelerator_write_data_i[503]
accelerator_write_data_i[504]
accelerator_write_data_i[505]
accelerator_write_data_i[506]
accelerator_write_data_i[507]
accelerator_write_data_i[508]
accelerator_write_data_i[509]
accelerator_write_data_i[50]
accelerator_write_data_i[510]
accelerator_write_data_i[511]
accelerator_write_data_i[51]
accelerator_write_data_i[52]
accelerator_write_data_i[53]
accelerator_write_data_i[54]
accelerator_write_data_i[55]
accelerator_write_data_i[56]
accelerator_write_data_i[57]
accelerator_write_data_i[58]
accelerator_write_data_i[59]
accelerator_write_data_i[5]
accelerator_write_data_i[60]
accelerator_write_data_i[61]
accelerator_write_data_i[62]
accelerator_write_data_i[63]
accelerator_write_data_i[64]
accelerator_write_data_i[65]
accelerator_write_data_i[66]
accelerator_write_data_i[67]
accelerator_write_data_i[68]
accelerator_write_data_i[69]
accelerator_write_data_i[6]
accelerator_write_data_i[70]
accelerator_write_data_i[71]
accelerator_write_data_i[72]
accelerator_write_data_i[73]
accelerator_write_data_i[74]
accelerator_write_data_i[75]
accelerator_write_data_i[76]
accelerator_write_data_i[77]
accelerator_write_data_i[78]
accelerator_write_data_i[79]
accelerator_write_data_i[7]
accelerator_write_data_i[80]
accelerator_write_data_i[81]
accelerator_write_data_i[82]
accelerator_write_data_i[83]
accelerator_write_data_i[84]
accelerator_write_data_i[85]
accelerator_write_data_i[86]
accelerator_write_data_i[87]
accelerator_write_data_i[88]
accelerator_write_data_i[89]
accelerator_write_data_i[8]
accelerator_write_data_i[90]
accelerator_write_data_i[91]
accelerator_write_data_i[92]
accelerator_write_data_i[93]
accelerator_write_data_i[94]
accelerator_write_data_i[95]
accelerator_write_data_i[96]
accelerator_write_data_i[97]
accelerator_write_data_i[98]
accelerator_write_data_i[99]
accelerator_write_data_i[9]
accelerator_write_kind_i[0]
accelerator_write_kind_i[1]
accelerator_write_strobe_i[0]
accelerator_write_strobe_i[10]
accelerator_write_strobe_i[11]
accelerator_write_strobe_i[12]
accelerator_write_strobe_i[13]
accelerator_write_strobe_i[14]
accelerator_write_strobe_i[15]
accelerator_write_strobe_i[16]
accelerator_write_strobe_i[17]
accelerator_write_strobe_i[18]
accelerator_write_strobe_i[19]
accelerator_write_strobe_i[1]
accelerator_write_strobe_i[20]
accelerator_write_strobe_i[21]
accelerator_write_strobe_i[22]
accelerator_write_strobe_i[23]
accelerator_write_strobe_i[24]
accelerator_write_strobe_i[25]
accelerator_write_strobe_i[26]
accelerator_write_strobe_i[27]
accelerator_write_strobe_i[28]
accelerator_write_strobe_i[29]
accelerator_write_strobe_i[2]
accelerator_write_strobe_i[30]
accelerator_write_strobe_i[31]
accelerator_write_strobe_i[32]
accelerator_write_strobe_i[33]
accelerator_write_strobe_i[34]
accelerator_write_strobe_i[35]
accelerator_write_strobe_i[36]
accelerator_write_strobe_i[37]
accelerator_write_strobe_i[38]
accelerator_write_strobe_i[39]
accelerator_write_strobe_i[3]
accelerator_write_strobe_i[40]
accelerator_write_strobe_i[41]
accelerator_write_strobe_i[42]
accelerator_write_strobe_i[43]
accelerator_write_strobe_i[44]
accelerator_write_strobe_i[45]
accelerator_write_strobe_i[46]
accelerator_write_strobe_i[47]
accelerator_write_strobe_i[48]
accelerator_write_strobe_i[49]
accelerator_write_strobe_i[4]
accelerator_write_strobe_i[50]
accelerator_write_strobe_i[51]
accelerator_write_strobe_i[52]
accelerator_write_strobe_i[53]
accelerator_write_strobe_i[54]
accelerator_write_strobe_i[55]
accelerator_write_strobe_i[56]
accelerator_write_strobe_i[57]
accelerator_write_strobe_i[58]
accelerator_write_strobe_i[59]
accelerator_write_strobe_i[5]
accelerator_write_strobe_i[60]
accelerator_write_strobe_i[61]
accelerator_write_strobe_i[62]
accelerator_write_strobe_i[63]
accelerator_write_strobe_i[6]
accelerator_write_strobe_i[7]
accelerator_write_strobe_i[8]
accelerator_write_strobe_i[9]
accelerator_write_valid_i
activation_base_i[0]
activation_base_i[10]
activation_base_i[11]
activation_base_i[12]
activation_base_i[13]
activation_base_i[14]
activation_base_i[15]
activation_base_i[16]
activation_base_i[17]
activation_base_i[18]
activation_base_i[19]
activation_base_i[1]
activation_base_i[20]
activation_base_i[21]
activation_base_i[22]
activation_base_i[23]
activation_base_i[24]
activation_base_i[25]
activation_base_i[26]
activation_base_i[27]
activation_base_i[28]
activation_base_i[29]
activation_base_i[2]
activation_base_i[30]
activation_base_i[31]
activation_base_i[32]
activation_base_i[33]
activation_base_i[34]
activation_base_i[35]
activation_base_i[36]
activation_base_i[37]
activation_base_i[38]
activation_base_i[39]
activation_base_i[3]
activation_base_i[40]
activation_base_i[41]
activation_base_i[42]
activation_base_i[43]
activation_base_i[44]
activation_base_i[45]
activation_base_i[46]
activation_base_i[47]
activation_base_i[48]
activation_base_i[49]
activation_base_i[4]
activation_base_i[50]
activation_base_i[51]
activation_base_i[52]
activation_base_i[53]
activation_base_i[54]
activation_base_i[55]
activation_base_i[56]
activation_base_i[57]
activation_base_i[58]
activation_base_i[59]
activation_base_i[5]
activation_base_i[60]
activation_base_i[61]
activation_base_i[62]
activation_base_i[63]
activation_base_i[6]
activation_base_i[7]
activation_base_i[8]
activation_base_i[9]
bias_base_i[0]
bias_base_i[10]
bias_base_i[11]
bias_base_i[12]
bias_base_i[13]
bias_base_i[14]
bias_base_i[15]
bias_base_i[16]
bias_base_i[17]
bias_base_i[18]
bias_base_i[19]
bias_base_i[1]
bias_base_i[20]
bias_base_i[21]
bias_base_i[22]
bias_base_i[23]
bias_base_i[24]
bias_base_i[25]
bias_base_i[26]
bias_base_i[27]
bias_base_i[28]
bias_base_i[29]
bias_base_i[2]
bias_base_i[30]
bias_base_i[31]
bias_base_i[32]
bias_base_i[33]
bias_base_i[34]
bias_base_i[35]
bias_base_i[36]
bias_base_i[37]
bias_base_i[38]
bias_base_i[39]
bias_base_i[3]
bias_base_i[40]
bias_base_i[41]
bias_base_i[42]
bias_base_i[43]
bias_base_i[44]
bias_base_i[45]
bias_base_i[46]
bias_base_i[47]
bias_base_i[48]
bias_base_i[49]
bias_base_i[4]
bias_base_i[50]
bias_base_i[51]
bias_base_i[52]
bias_base_i[53]
bias_base_i[54]
bias_base_i[55]
bias_base_i[56]
bias_base_i[57]
bias_base_i[58]
bias_base_i[59]
bias_base_i[5]
bias_base_i[60]
bias_base_i[61]
bias_base_i[62]
bias_base_i[63]
bias_base_i[6]
bias_base_i[7]
bias_base_i[8]
bias_base_i[9]
command_bits_i[0]
command_bits_i[100]
command_bits_i[101]
command_bits_i[102]
command_bits_i[103]
command_bits_i[104]
command_bits_i[105]
command_bits_i[106]
command_bits_i[107]
command_bits_i[108]
command_bits_i[109]
command_bits_i[110]
command_bits_i[111]
command_bits_i[112]
command_bits_i[113]
command_bits_i[114]
command_bits_i[115]
command_bits_i[116]
command_bits_i[117]
command_bits_i[118]
command_bits_i[119]
command_bits_i[120]
command_bits_i[121]
command_bits_i[122]
command_bits_i[123]
command_bits_i[124]
command_bits_i[125]
command_bits_i[126]
command_bits_i[16]
command_bits_i[17]
command_bits_i[18]
command_bits_i[19]
command_bits_i[1]
command_bits_i[20]
command_bits_i[21]
command_bits_i[22]
command_bits_i[23]
command_bits_i[24]
command_bits_i[25]
command_bits_i[26]
command_bits_i[27]
command_bits_i[28]
command_bits_i[29]
command_bits_i[2]
command_bits_i[30]
command_bits_i[31]
command_bits_i[32]
command_bits_i[33]
command_bits_i[34]
command_bits_i[35]
command_bits_i[36]
command_bits_i[37]
command_bits_i[38]
command_bits_i[39]
command_bits_i[3]
command_bits_i[40]
command_bits_i[41]
command_bits_i[42]
command_bits_i[43]
command_bits_i[44]
command_bits_i[45]
command_bits_i[46]
command_bits_i[47]
command_bits_i[48]
command_bits_i[49]
command_bits_i[4]
command_bits_i[50]
command_bits_i[51]
command_bits_i[52]
command_bits_i[53]
command_bits_i[54]
command_bits_i[55]
command_bits_i[56]
command_bits_i[57]
command_bits_i[58]
command_bits_i[59]
command_bits_i[5]
command_bits_i[60]
command_bits_i[61]
command_bits_i[62]
command_bits_i[63]
command_bits_i[6]
command_bits_i[7]
command_bits_i[80]
command_bits_i[81]
command_bits_i[82]
command_bits_i[83]
command_bits_i[84]
command_bits_i[85]
command_bits_i[86]
command_bits_i[87]
command_bits_i[88]
command_bits_i[89]
command_bits_i[90]
command_bits_i[91]
command_bits_i[92]
command_bits_i[93]
command_bits_i[94]
command_bits_i[95]
command_bits_i[96]
command_bits_i[97]
command_bits_i[98]
command_bits_i[99]
command_pc_i[0]
command_pc_i[10]
command_pc_i[11]
command_pc_i[12]
command_pc_i[13]
command_pc_i[14]
command_pc_i[15]
command_pc_i[16]
command_pc_i[17]
command_pc_i[18]
command_pc_i[19]
command_pc_i[1]
command_pc_i[20]
command_pc_i[21]
command_pc_i[22]
command_pc_i[23]
command_pc_i[24]
command_pc_i[25]
command_pc_i[26]
command_pc_i[27]
command_pc_i[28]
command_pc_i[29]
command_pc_i[2]
command_pc_i[30]
command_pc_i[31]
command_pc_i[3]
command_pc_i[4]
command_pc_i[5]
command_pc_i[6]
command_pc_i[7]
command_pc_i[8]
command_pc_i[9]
command_valid_i
conv_activation_bank_i
conv_completion_event_i[0]
conv_completion_event_i[1]
conv_completion_event_i[2]
conv_completion_event_i[3]
conv_completion_event_i[4]
conv_completion_event_i[5]
conv_completion_event_i[6]
conv_completion_event_i[7]
conv_lut_write_address_i[0]
conv_lut_write_address_i[10]
conv_lut_write_address_i[11]
conv_lut_write_address_i[1]
conv_lut_write_address_i[2]
conv_lut_write_address_i[3]
conv_lut_write_address_i[4]
conv_lut_write_address_i[5]
conv_lut_write_address_i[6]
conv_lut_write_address_i[7]
conv_lut_write_address_i[8]
conv_lut_write_address_i[9]
conv_lut_write_data_i[0]
conv_lut_write_data_i[10]
conv_lut_write_data_i[11]
conv_lut_write_data_i[12]
conv_lut_write_data_i[13]
conv_lut_write_data_i[14]
conv_lut_write_data_i[15]
conv_lut_write_data_i[1]
conv_lut_write_data_i[2]
conv_lut_write_data_i[3]
conv_lut_write_data_i[4]
conv_lut_write_data_i[5]
conv_lut_write_data_i[6]
conv_lut_write_data_i[7]
conv_lut_write_data_i[8]
conv_lut_write_data_i[9]
conv_lut_write_valid_i
conv_operator_desc_bits_i[100]
conv_operator_desc_bits_i[101]
conv_operator_desc_bits_i[102]
conv_operator_desc_bits_i[103]
conv_operator_desc_bits_i[104]
conv_operator_desc_bits_i[105]
conv_operator_desc_bits_i[106]
conv_operator_desc_bits_i[107]
conv_operator_desc_bits_i[108]
conv_operator_desc_bits_i[109]
conv_operator_desc_bits_i[110]
conv_operator_desc_bits_i[111]
conv_operator_desc_bits_i[112]
conv_operator_desc_bits_i[113]
conv_operator_desc_bits_i[114]
conv_operator_desc_bits_i[115]
conv_operator_desc_bits_i[116]
conv_operator_desc_bits_i[117]
conv_operator_desc_bits_i[118]
conv_operator_desc_bits_i[119]
conv_operator_desc_bits_i[120]
conv_operator_desc_bits_i[121]
conv_operator_desc_bits_i[122]
conv_operator_desc_bits_i[123]
conv_operator_desc_bits_i[124]
conv_operator_desc_bits_i[125]
conv_operator_desc_bits_i[126]
conv_operator_desc_bits_i[127]
conv_operator_desc_bits_i[128]
conv_operator_desc_bits_i[129]
conv_operator_desc_bits_i[130]
conv_operator_desc_bits_i[131]
conv_operator_desc_bits_i[132]
conv_operator_desc_bits_i[133]
conv_operator_desc_bits_i[134]
conv_operator_desc_bits_i[135]
conv_operator_desc_bits_i[136]
conv_operator_desc_bits_i[137]
conv_operator_desc_bits_i[138]
conv_operator_desc_bits_i[139]
conv_operator_desc_bits_i[140]
conv_operator_desc_bits_i[141]
conv_operator_desc_bits_i[142]
conv_operator_desc_bits_i[143]
conv_operator_desc_bits_i[144]
conv_operator_desc_bits_i[145]
conv_operator_desc_bits_i[146]
conv_operator_desc_bits_i[147]
conv_operator_desc_bits_i[148]
conv_operator_desc_bits_i[149]
conv_operator_desc_bits_i[150]
conv_operator_desc_bits_i[151]
conv_operator_desc_bits_i[152]
conv_operator_desc_bits_i[153]
conv_operator_desc_bits_i[154]
conv_operator_desc_bits_i[155]
conv_operator_desc_bits_i[156]
conv_operator_desc_bits_i[157]
conv_operator_desc_bits_i[158]
conv_operator_desc_bits_i[159]
conv_operator_desc_bits_i[224]
conv_operator_desc_bits_i[225]
conv_operator_desc_bits_i[226]
conv_operator_desc_bits_i[227]
conv_operator_desc_bits_i[228]
conv_operator_desc_bits_i[229]
conv_operator_desc_bits_i[230]
conv_operator_desc_bits_i[231]
conv_operator_desc_bits_i[232]
conv_operator_desc_bits_i[233]
conv_operator_desc_bits_i[234]
conv_operator_desc_bits_i[235]
conv_operator_desc_bits_i[236]
conv_operator_desc_bits_i[237]
conv_operator_desc_bits_i[238]
conv_operator_desc_bits_i[239]
conv_operator_desc_bits_i[240]
conv_operator_desc_bits_i[241]
conv_operator_desc_bits_i[242]
conv_operator_desc_bits_i[243]
conv_operator_desc_bits_i[244]
conv_operator_desc_bits_i[245]
conv_operator_desc_bits_i[246]
conv_operator_desc_bits_i[247]
conv_operator_desc_bits_i[248]
conv_operator_desc_bits_i[249]
conv_operator_desc_bits_i[250]
conv_operator_desc_bits_i[251]
conv_operator_desc_bits_i[252]
conv_operator_desc_bits_i[253]
conv_operator_desc_bits_i[254]
conv_operator_desc_bits_i[255]
conv_operator_desc_bits_i[352]
conv_operator_desc_bits_i[353]
conv_operator_desc_bits_i[354]
conv_operator_desc_bits_i[355]
conv_operator_desc_bits_i[356]
conv_operator_desc_bits_i[357]
conv_operator_desc_bits_i[358]
conv_operator_desc_bits_i[359]
conv_operator_desc_bits_i[360]
conv_operator_desc_bits_i[361]
conv_operator_desc_bits_i[362]
conv_operator_desc_bits_i[363]
conv_operator_desc_bits_i[364]
conv_operator_desc_bits_i[365]
conv_operator_desc_bits_i[366]
conv_operator_desc_bits_i[367]
conv_operator_desc_bits_i[368]
conv_operator_desc_bits_i[369]
conv_operator_desc_bits_i[370]
conv_operator_desc_bits_i[371]
conv_operator_desc_bits_i[372]
conv_operator_desc_bits_i[373]
conv_operator_desc_bits_i[374]
conv_operator_desc_bits_i[375]
conv_operator_desc_bits_i[376]
conv_operator_desc_bits_i[377]
conv_operator_desc_bits_i[378]
conv_operator_desc_bits_i[379]
conv_operator_desc_bits_i[380]
conv_operator_desc_bits_i[381]
conv_operator_desc_bits_i[382]
conv_operator_desc_bits_i[383]
conv_operator_desc_bits_i[384]
conv_operator_desc_bits_i[385]
conv_operator_desc_bits_i[386]
conv_operator_desc_bits_i[387]
conv_operator_desc_bits_i[388]
conv_operator_desc_bits_i[389]
conv_operator_desc_bits_i[390]
conv_operator_desc_bits_i[391]
conv_operator_desc_bits_i[392]
conv_operator_desc_bits_i[393]
conv_operator_desc_bits_i[394]
conv_operator_desc_bits_i[395]
conv_operator_desc_bits_i[396]
conv_operator_desc_bits_i[397]
conv_operator_desc_bits_i[398]
conv_operator_desc_bits_i[399]
conv_operator_desc_bits_i[400]
conv_operator_desc_bits_i[401]
conv_operator_desc_bits_i[402]
conv_operator_desc_bits_i[403]
conv_operator_desc_bits_i[404]
conv_operator_desc_bits_i[405]
conv_operator_desc_bits_i[406]
conv_operator_desc_bits_i[407]
conv_operator_desc_bits_i[408]
conv_operator_desc_bits_i[409]
conv_operator_desc_bits_i[410]
conv_operator_desc_bits_i[411]
conv_operator_desc_bits_i[412]
conv_operator_desc_bits_i[413]
conv_operator_desc_bits_i[414]
conv_operator_desc_bits_i[415]
conv_operator_desc_bits_i[416]
conv_operator_desc_bits_i[417]
conv_operator_desc_bits_i[418]
conv_operator_desc_bits_i[419]
conv_operator_desc_bits_i[420]
conv_operator_desc_bits_i[421]
conv_operator_desc_bits_i[422]
conv_operator_desc_bits_i[423]
conv_operator_desc_bits_i[424]
conv_operator_desc_bits_i[425]
conv_operator_desc_bits_i[426]
conv_operator_desc_bits_i[427]
conv_operator_desc_bits_i[428]
conv_operator_desc_bits_i[429]
conv_operator_desc_bits_i[430]
conv_operator_desc_bits_i[431]
conv_operator_desc_bits_i[432]
conv_operator_desc_bits_i[433]
conv_operator_desc_bits_i[434]
conv_operator_desc_bits_i[435]
conv_operator_desc_bits_i[436]
conv_operator_desc_bits_i[437]
conv_operator_desc_bits_i[438]
conv_operator_desc_bits_i[439]
conv_operator_desc_bits_i[440]
conv_operator_desc_bits_i[441]
conv_operator_desc_bits_i[442]
conv_operator_desc_bits_i[443]
conv_operator_desc_bits_i[444]
conv_operator_desc_bits_i[445]
conv_operator_desc_bits_i[446]
conv_operator_desc_bits_i[447]
conv_operator_desc_bits_i[448]
conv_operator_desc_bits_i[449]
conv_operator_desc_bits_i[450]
conv_operator_desc_bits_i[451]
conv_operator_desc_bits_i[452]
conv_operator_desc_bits_i[453]
conv_operator_desc_bits_i[454]
conv_operator_desc_bits_i[455]
conv_operator_desc_bits_i[456]
conv_operator_desc_bits_i[457]
conv_operator_desc_bits_i[458]
conv_operator_desc_bits_i[459]
conv_operator_desc_bits_i[460]
conv_operator_desc_bits_i[461]
conv_operator_desc_bits_i[462]
conv_operator_desc_bits_i[463]
conv_operator_desc_bits_i[464]
conv_operator_desc_bits_i[465]
conv_operator_desc_bits_i[466]
conv_operator_desc_bits_i[467]
conv_operator_desc_bits_i[468]
conv_operator_desc_bits_i[469]
conv_operator_desc_bits_i[470]
conv_operator_desc_bits_i[471]
conv_operator_desc_bits_i[472]
conv_operator_desc_bits_i[473]
conv_operator_desc_bits_i[474]
conv_operator_desc_bits_i[475]
conv_operator_desc_bits_i[476]
conv_operator_desc_bits_i[477]
conv_operator_desc_bits_i[478]
conv_operator_desc_bits_i[479]
conv_operator_desc_bits_i[480]
conv_operator_desc_bits_i[481]
conv_operator_desc_bits_i[482]
conv_operator_desc_bits_i[483]
conv_operator_desc_bits_i[484]
conv_operator_desc_bits_i[485]
conv_operator_desc_bits_i[486]
conv_operator_desc_bits_i[487]
conv_operator_desc_bits_i[488]
conv_operator_desc_bits_i[489]
conv_operator_desc_bits_i[490]
conv_operator_desc_bits_i[491]
conv_operator_desc_bits_i[492]
conv_operator_desc_bits_i[493]
conv_operator_desc_bits_i[494]
conv_operator_desc_bits_i[495]
conv_operator_desc_bits_i[496]
conv_operator_desc_bits_i[497]
conv_operator_desc_bits_i[498]
conv_operator_desc_bits_i[499]
conv_operator_desc_bits_i[500]
conv_operator_desc_bits_i[501]
conv_operator_desc_bits_i[502]
conv_operator_desc_bits_i[503]
conv_operator_desc_bits_i[504]
conv_operator_desc_bits_i[505]
conv_operator_desc_bits_i[506]
conv_operator_desc_bits_i[507]
conv_operator_desc_bits_i[508]
conv_operator_desc_bits_i[509]
conv_operator_desc_bits_i[510]
conv_operator_desc_bits_i[511]
conv_operator_desc_bits_i[64]
conv_operator_desc_bits_i[65]
conv_operator_desc_bits_i[66]
conv_operator_desc_bits_i[67]
conv_operator_desc_bits_i[68]
conv_operator_desc_bits_i[69]
conv_operator_desc_bits_i[70]
conv_operator_desc_bits_i[71]
conv_operator_desc_bits_i[72]
conv_operator_desc_bits_i[73]
conv_operator_desc_bits_i[74]
conv_operator_desc_bits_i[75]
conv_operator_desc_bits_i[76]
conv_operator_desc_bits_i[77]
conv_operator_desc_bits_i[78]
conv_operator_desc_bits_i[79]
conv_operator_desc_bits_i[80]
conv_operator_desc_bits_i[81]
conv_operator_desc_bits_i[82]
conv_operator_desc_bits_i[83]
conv_operator_desc_bits_i[84]
conv_operator_desc_bits_i[85]
conv_operator_desc_bits_i[86]
conv_operator_desc_bits_i[87]
conv_operator_desc_bits_i[88]
conv_operator_desc_bits_i[89]
conv_operator_desc_bits_i[90]
conv_operator_desc_bits_i[91]
conv_operator_desc_bits_i[92]
conv_operator_desc_bits_i[93]
conv_operator_desc_bits_i[94]
conv_operator_desc_bits_i[95]
conv_operator_desc_bits_i[96]
conv_operator_desc_bits_i[97]
conv_operator_desc_bits_i[98]
conv_operator_desc_bits_i[99]
conv_output_bank_i
conv_start_valid_i
conv_weight_bank_i
descriptor_memory_request_ready_i
descriptor_memory_response_data_i[0]
descriptor_memory_response_data_i[100]
descriptor_memory_response_data_i[101]
descriptor_memory_response_data_i[102]
descriptor_memory_response_data_i[103]
descriptor_memory_response_data_i[104]
descriptor_memory_response_data_i[105]
descriptor_memory_response_data_i[106]
descriptor_memory_response_data_i[107]
descriptor_memory_response_data_i[108]
descriptor_memory_response_data_i[109]
descriptor_memory_response_data_i[10]
descriptor_memory_response_data_i[110]
descriptor_memory_response_data_i[111]
descriptor_memory_response_data_i[112]
descriptor_memory_response_data_i[113]
descriptor_memory_response_data_i[114]
descriptor_memory_response_data_i[115]
descriptor_memory_response_data_i[116]
descriptor_memory_response_data_i[117]
descriptor_memory_response_data_i[118]
descriptor_memory_response_data_i[119]
descriptor_memory_response_data_i[11]
descriptor_memory_response_data_i[120]
descriptor_memory_response_data_i[121]
descriptor_memory_response_data_i[122]
descriptor_memory_response_data_i[123]
descriptor_memory_response_data_i[124]
descriptor_memory_response_data_i[125]
descriptor_memory_response_data_i[126]
descriptor_memory_response_data_i[127]
descriptor_memory_response_data_i[128]
descriptor_memory_response_data_i[129]
descriptor_memory_response_data_i[12]
descriptor_memory_response_data_i[130]
descriptor_memory_response_data_i[131]
descriptor_memory_response_data_i[132]
descriptor_memory_response_data_i[133]
descriptor_memory_response_data_i[134]
descriptor_memory_response_data_i[135]
descriptor_memory_response_data_i[136]
descriptor_memory_response_data_i[137]
descriptor_memory_response_data_i[138]
descriptor_memory_response_data_i[139]
descriptor_memory_response_data_i[13]
descriptor_memory_response_data_i[140]
descriptor_memory_response_data_i[141]
descriptor_memory_response_data_i[142]
descriptor_memory_response_data_i[143]
descriptor_memory_response_data_i[144]
descriptor_memory_response_data_i[145]
descriptor_memory_response_data_i[146]
descriptor_memory_response_data_i[147]
descriptor_memory_response_data_i[148]
descriptor_memory_response_data_i[149]
descriptor_memory_response_data_i[14]
descriptor_memory_response_data_i[150]
descriptor_memory_response_data_i[151]
descriptor_memory_response_data_i[152]
descriptor_memory_response_data_i[153]
descriptor_memory_response_data_i[154]
descriptor_memory_response_data_i[155]
descriptor_memory_response_data_i[156]
descriptor_memory_response_data_i[157]
descriptor_memory_response_data_i[158]
descriptor_memory_response_data_i[159]
descriptor_memory_response_data_i[15]
descriptor_memory_response_data_i[160]
descriptor_memory_response_data_i[161]
descriptor_memory_response_data_i[162]
descriptor_memory_response_data_i[163]
descriptor_memory_response_data_i[164]
descriptor_memory_response_data_i[165]
descriptor_memory_response_data_i[166]
descriptor_memory_response_data_i[167]
descriptor_memory_response_data_i[168]
descriptor_memory_response_data_i[169]
descriptor_memory_response_data_i[16]
descriptor_memory_response_data_i[170]
descriptor_memory_response_data_i[171]
descriptor_memory_response_data_i[172]
descriptor_memory_response_data_i[173]
descriptor_memory_response_data_i[174]
descriptor_memory_response_data_i[175]
descriptor_memory_response_data_i[17]
descriptor_memory_response_data_i[18]
descriptor_memory_response_data_i[192]
descriptor_memory_response_data_i[193]
descriptor_memory_response_data_i[194]
descriptor_memory_response_data_i[195]
descriptor_memory_response_data_i[196]
descriptor_memory_response_data_i[197]
descriptor_memory_response_data_i[198]
descriptor_memory_response_data_i[199]
descriptor_memory_response_data_i[19]
descriptor_memory_response_data_i[1]
descriptor_memory_response_data_i[200]
descriptor_memory_response_data_i[201]
descriptor_memory_response_data_i[202]
descriptor_memory_response_data_i[203]
descriptor_memory_response_data_i[204]
descriptor_memory_response_data_i[205]
descriptor_memory_response_data_i[206]
descriptor_memory_response_data_i[207]
descriptor_memory_response_data_i[208]
descriptor_memory_response_data_i[209]
descriptor_memory_response_data_i[20]
descriptor_memory_response_data_i[210]
descriptor_memory_response_data_i[211]
descriptor_memory_response_data_i[212]
descriptor_memory_response_data_i[213]
descriptor_memory_response_data_i[214]
descriptor_memory_response_data_i[215]
descriptor_memory_response_data_i[216]
descriptor_memory_response_data_i[217]
descriptor_memory_response_data_i[218]
descriptor_memory_response_data_i[219]
descriptor_memory_response_data_i[21]
descriptor_memory_response_data_i[220]
descriptor_memory_response_data_i[221]
descriptor_memory_response_data_i[222]
descriptor_memory_response_data_i[223]
descriptor_memory_response_data_i[224]
descriptor_memory_response_data_i[225]
descriptor_memory_response_data_i[226]
descriptor_memory_response_data_i[227]
descriptor_memory_response_data_i[228]
descriptor_memory_response_data_i[229]
descriptor_memory_response_data_i[22]
descriptor_memory_response_data_i[230]
descriptor_memory_response_data_i[231]
descriptor_memory_response_data_i[232]
descriptor_memory_response_data_i[233]
descriptor_memory_response_data_i[234]
descriptor_memory_response_data_i[235]
descriptor_memory_response_data_i[236]
descriptor_memory_response_data_i[237]
descriptor_memory_response_data_i[238]
descriptor_memory_response_data_i[239]
descriptor_memory_response_data_i[23]
descriptor_memory_response_data_i[240]
descriptor_memory_response_data_i[241]
descriptor_memory_response_data_i[242]
descriptor_memory_response_data_i[243]
descriptor_memory_response_data_i[244]
descriptor_memory_response_data_i[245]
descriptor_memory_response_data_i[246]
descriptor_memory_response_data_i[247]
descriptor_memory_response_data_i[248]
descriptor_memory_response_data_i[249]
descriptor_memory_response_data_i[24]
descriptor_memory_response_data_i[250]
descriptor_memory_response_data_i[251]
descriptor_memory_response_data_i[252]
descriptor_memory_response_data_i[253]
descriptor_memory_response_data_i[254]
descriptor_memory_response_data_i[255]
descriptor_memory_response_data_i[256]
descriptor_memory_response_data_i[257]
descriptor_memory_response_data_i[258]
descriptor_memory_response_data_i[259]
descriptor_memory_response_data_i[25]
descriptor_memory_response_data_i[260]
descriptor_memory_response_data_i[261]
descriptor_memory_response_data_i[262]
descriptor_memory_response_data_i[263]
descriptor_memory_response_data_i[264]
descriptor_memory_response_data_i[265]
descriptor_memory_response_data_i[266]
descriptor_memory_response_data_i[267]
descriptor_memory_response_data_i[268]
descriptor_memory_response_data_i[269]
descriptor_memory_response_data_i[26]
descriptor_memory_response_data_i[270]
descriptor_memory_response_data_i[271]
descriptor_memory_response_data_i[272]
descriptor_memory_response_data_i[273]
descriptor_memory_response_data_i[274]
descriptor_memory_response_data_i[275]
descriptor_memory_response_data_i[276]
descriptor_memory_response_data_i[277]
descriptor_memory_response_data_i[278]
descriptor_memory_response_data_i[279]
descriptor_memory_response_data_i[27]
descriptor_memory_response_data_i[280]
descriptor_memory_response_data_i[281]
descriptor_memory_response_data_i[282]
descriptor_memory_response_data_i[283]
descriptor_memory_response_data_i[284]
descriptor_memory_response_data_i[285]
descriptor_memory_response_data_i[286]
descriptor_memory_response_data_i[287]
descriptor_memory_response_data_i[288]
descriptor_memory_response_data_i[289]
descriptor_memory_response_data_i[28]
descriptor_memory_response_data_i[290]
descriptor_memory_response_data_i[291]
descriptor_memory_response_data_i[292]
descriptor_memory_response_data_i[293]
descriptor_memory_response_data_i[294]
descriptor_memory_response_data_i[295]
descriptor_memory_response_data_i[296]
descriptor_memory_response_data_i[297]
descriptor_memory_response_data_i[298]
descriptor_memory_response_data_i[299]
descriptor_memory_response_data_i[29]
descriptor_memory_response_data_i[2]
descriptor_memory_response_data_i[300]
descriptor_memory_response_data_i[301]
descriptor_memory_response_data_i[302]
descriptor_memory_response_data_i[303]
descriptor_memory_response_data_i[304]
descriptor_memory_response_data_i[305]
descriptor_memory_response_data_i[306]
descriptor_memory_response_data_i[307]
descriptor_memory_response_data_i[308]
descriptor_memory_response_data_i[309]
descriptor_memory_response_data_i[30]
descriptor_memory_response_data_i[310]
descriptor_memory_response_data_i[311]
descriptor_memory_response_data_i[312]
descriptor_memory_response_data_i[313]
descriptor_memory_response_data_i[314]
descriptor_memory_response_data_i[315]
descriptor_memory_response_data_i[316]
descriptor_memory_response_data_i[317]
descriptor_memory_response_data_i[318]
descriptor_memory_response_data_i[319]
descriptor_memory_response_data_i[31]
descriptor_memory_response_data_i[320]
descriptor_memory_response_data_i[321]
descriptor_memory_response_data_i[322]
descriptor_memory_response_data_i[323]
descriptor_memory_response_data_i[324]
descriptor_memory_response_data_i[325]
descriptor_memory_response_data_i[326]
descriptor_memory_response_data_i[327]
descriptor_memory_response_data_i[328]
descriptor_memory_response_data_i[329]
descriptor_memory_response_data_i[32]
descriptor_memory_response_data_i[330]
descriptor_memory_response_data_i[331]
descriptor_memory_response_data_i[332]
descriptor_memory_response_data_i[333]
descriptor_memory_response_data_i[334]
descriptor_memory_response_data_i[335]
descriptor_memory_response_data_i[336]
descriptor_memory_response_data_i[337]
descriptor_memory_response_data_i[338]
descriptor_memory_response_data_i[339]
descriptor_memory_response_data_i[33]
descriptor_memory_response_data_i[340]
descriptor_memory_response_data_i[341]
descriptor_memory_response_data_i[342]
descriptor_memory_response_data_i[343]
descriptor_memory_response_data_i[344]
descriptor_memory_response_data_i[345]
descriptor_memory_response_data_i[346]
descriptor_memory_response_data_i[347]
descriptor_memory_response_data_i[348]
descriptor_memory_response_data_i[349]
descriptor_memory_response_data_i[34]
descriptor_memory_response_data_i[350]
descriptor_memory_response_data_i[351]
descriptor_memory_response_data_i[352]
descriptor_memory_response_data_i[353]
descriptor_memory_response_data_i[354]
descriptor_memory_response_data_i[355]
descriptor_memory_response_data_i[356]
descriptor_memory_response_data_i[357]
descriptor_memory_response_data_i[358]
descriptor_memory_response_data_i[359]
descriptor_memory_response_data_i[35]
descriptor_memory_response_data_i[360]
descriptor_memory_response_data_i[361]
descriptor_memory_response_data_i[362]
descriptor_memory_response_data_i[363]
descriptor_memory_response_data_i[364]
descriptor_memory_response_data_i[365]
descriptor_memory_response_data_i[366]
descriptor_memory_response_data_i[367]
descriptor_memory_response_data_i[368]
descriptor_memory_response_data_i[369]
descriptor_memory_response_data_i[36]
descriptor_memory_response_data_i[370]
descriptor_memory_response_data_i[371]
descriptor_memory_response_data_i[372]
descriptor_memory_response_data_i[373]
descriptor_memory_response_data_i[374]
descriptor_memory_response_data_i[375]
descriptor_memory_response_data_i[376]
descriptor_memory_response_data_i[377]
descriptor_memory_response_data_i[378]
descriptor_memory_response_data_i[379]
descriptor_memory_response_data_i[37]
descriptor_memory_response_data_i[380]
descriptor_memory_response_data_i[381]
descriptor_memory_response_data_i[382]
descriptor_memory_response_data_i[383]
descriptor_memory_response_data_i[384]
descriptor_memory_response_data_i[385]
descriptor_memory_response_data_i[386]
descriptor_memory_response_data_i[387]
descriptor_memory_response_data_i[388]
descriptor_memory_response_data_i[389]
descriptor_memory_response_data_i[38]
descriptor_memory_response_data_i[390]
descriptor_memory_response_data_i[391]
descriptor_memory_response_data_i[392]
descriptor_memory_response_data_i[393]
descriptor_memory_response_data_i[394]
descriptor_memory_response_data_i[395]
descriptor_memory_response_data_i[396]
descriptor_memory_response_data_i[397]
descriptor_memory_response_data_i[398]
descriptor_memory_response_data_i[399]
descriptor_memory_response_data_i[39]
descriptor_memory_response_data_i[3]
descriptor_memory_response_data_i[400]
descriptor_memory_response_data_i[401]
descriptor_memory_response_data_i[402]
descriptor_memory_response_data_i[403]
descriptor_memory_response_data_i[404]
descriptor_memory_response_data_i[405]
descriptor_memory_response_data_i[406]
descriptor_memory_response_data_i[407]
descriptor_memory_response_data_i[408]
descriptor_memory_response_data_i[409]
descriptor_memory_response_data_i[40]
descriptor_memory_response_data_i[410]
descriptor_memory_response_data_i[411]
descriptor_memory_response_data_i[412]
descriptor_memory_response_data_i[413]
descriptor_memory_response_data_i[414]
descriptor_memory_response_data_i[415]
descriptor_memory_response_data_i[416]
descriptor_memory_response_data_i[417]
descriptor_memory_response_data_i[418]
descriptor_memory_response_data_i[419]
descriptor_memory_response_data_i[41]
descriptor_memory_response_data_i[420]
descriptor_memory_response_data_i[421]
descriptor_memory_response_data_i[422]
descriptor_memory_response_data_i[423]
descriptor_memory_response_data_i[424]
descriptor_memory_response_data_i[425]
descriptor_memory_response_data_i[426]
descriptor_memory_response_data_i[427]
descriptor_memory_response_data_i[428]
descriptor_memory_response_data_i[429]
descriptor_memory_response_data_i[42]
descriptor_memory_response_data_i[430]
descriptor_memory_response_data_i[431]
descriptor_memory_response_data_i[432]
descriptor_memory_response_data_i[433]
descriptor_memory_response_data_i[434]
descriptor_memory_response_data_i[435]
descriptor_memory_response_data_i[436]
descriptor_memory_response_data_i[437]
descriptor_memory_response_data_i[438]
descriptor_memory_response_data_i[439]
descriptor_memory_response_data_i[43]
descriptor_memory_response_data_i[440]
descriptor_memory_response_data_i[441]
descriptor_memory_response_data_i[442]
descriptor_memory_response_data_i[443]
descriptor_memory_response_data_i[444]
descriptor_memory_response_data_i[445]
descriptor_memory_response_data_i[446]
descriptor_memory_response_data_i[447]
descriptor_memory_response_data_i[448]
descriptor_memory_response_data_i[449]
descriptor_memory_response_data_i[44]
descriptor_memory_response_data_i[450]
descriptor_memory_response_data_i[451]
descriptor_memory_response_data_i[452]
descriptor_memory_response_data_i[453]
descriptor_memory_response_data_i[454]
descriptor_memory_response_data_i[455]
descriptor_memory_response_data_i[456]
descriptor_memory_response_data_i[457]
descriptor_memory_response_data_i[458]
descriptor_memory_response_data_i[459]
descriptor_memory_response_data_i[45]
descriptor_memory_response_data_i[460]
descriptor_memory_response_data_i[461]
descriptor_memory_response_data_i[462]
descriptor_memory_response_data_i[463]
descriptor_memory_response_data_i[464]
descriptor_memory_response_data_i[465]
descriptor_memory_response_data_i[466]
descriptor_memory_response_data_i[467]
descriptor_memory_response_data_i[468]
descriptor_memory_response_data_i[469]
descriptor_memory_response_data_i[46]
descriptor_memory_response_data_i[470]
descriptor_memory_response_data_i[471]
descriptor_memory_response_data_i[472]
descriptor_memory_response_data_i[473]
descriptor_memory_response_data_i[474]
descriptor_memory_response_data_i[475]
descriptor_memory_response_data_i[476]
descriptor_memory_response_data_i[477]
descriptor_memory_response_data_i[478]
descriptor_memory_response_data_i[479]
descriptor_memory_response_data_i[47]
descriptor_memory_response_data_i[480]
descriptor_memory_response_data_i[481]
descriptor_memory_response_data_i[482]
descriptor_memory_response_data_i[483]
descriptor_memory_response_data_i[484]
descriptor_memory_response_data_i[485]
descriptor_memory_response_data_i[486]
descriptor_memory_response_data_i[487]
descriptor_memory_response_data_i[488]
descriptor_memory_response_data_i[489]
descriptor_memory_response_data_i[48]
descriptor_memory_response_data_i[490]
descriptor_memory_response_data_i[491]
descriptor_memory_response_data_i[492]
descriptor_memory_response_data_i[493]
descriptor_memory_response_data_i[494]
descriptor_memory_response_data_i[495]
descriptor_memory_response_data_i[496]
descriptor_memory_response_data_i[497]
descriptor_memory_response_data_i[498]
descriptor_memory_response_data_i[499]
descriptor_memory_response_data_i[49]
descriptor_memory_response_data_i[4]
descriptor_memory_response_data_i[500]
descriptor_memory_response_data_i[501]
descriptor_memory_response_data_i[502]
descriptor_memory_response_data_i[503]
descriptor_memory_response_data_i[504]
descriptor_memory_response_data_i[505]
descriptor_memory_response_data_i[506]
descriptor_memory_response_data_i[507]
descriptor_memory_response_data_i[508]
descriptor_memory_response_data_i[509]
descriptor_memory_response_data_i[50]
descriptor_memory_response_data_i[510]
descriptor_memory_response_data_i[511]
descriptor_memory_response_data_i[51]
descriptor_memory_response_data_i[52]
descriptor_memory_response_data_i[53]
descriptor_memory_response_data_i[54]
descriptor_memory_response_data_i[55]
descriptor_memory_response_data_i[56]
descriptor_memory_response_data_i[57]
descriptor_memory_response_data_i[58]
descriptor_memory_response_data_i[59]
descriptor_memory_response_data_i[5]
descriptor_memory_response_data_i[60]
descriptor_memory_response_data_i[61]
descriptor_memory_response_data_i[62]
descriptor_memory_response_data_i[63]
descriptor_memory_response_data_i[64]
descriptor_memory_response_data_i[65]
descriptor_memory_response_data_i[66]
descriptor_memory_response_data_i[67]
descriptor_memory_response_data_i[68]
descriptor_memory_response_data_i[69]
descriptor_memory_response_data_i[6]
descriptor_memory_response_data_i[70]
descriptor_memory_response_data_i[71]
descriptor_memory_response_data_i[72]
descriptor_memory_response_data_i[73]
descriptor_memory_response_data_i[74]
descriptor_memory_response_data_i[75]
descriptor_memory_response_data_i[76]
descriptor_memory_response_data_i[77]
descriptor_memory_response_data_i[78]
descriptor_memory_response_data_i[79]
descriptor_memory_response_data_i[7]
descriptor_memory_response_data_i[80]
descriptor_memory_response_data_i[81]
descriptor_memory_response_data_i[82]
descriptor_memory_response_data_i[83]
descriptor_memory_response_data_i[84]
descriptor_memory_response_data_i[85]
descriptor_memory_response_data_i[86]
descriptor_memory_response_data_i[87]
descriptor_memory_response_data_i[88]
descriptor_memory_response_data_i[89]
descriptor_memory_response_data_i[8]
descriptor_memory_response_data_i[90]
descriptor_memory_response_data_i[91]
descriptor_memory_response_data_i[92]
descriptor_memory_response_data_i[93]
descriptor_memory_response_data_i[94]
descriptor_memory_response_data_i[95]
descriptor_memory_response_data_i[96]
descriptor_memory_response_data_i[97]
descriptor_memory_response_data_i[98]
descriptor_memory_response_data_i[99]
descriptor_memory_response_data_i[9]
descriptor_memory_response_error_i
descriptor_memory_response_valid_i
m_axi_arready_i
m_axi_awready_i
m_axi_bresp_i[0]
m_axi_bresp_i[1]
m_axi_bvalid_i
m_axi_rdata_i[0]
m_axi_rdata_i[10]
m_axi_rdata_i[11]
m_axi_rdata_i[12]
m_axi_rdata_i[13]
m_axi_rdata_i[14]
m_axi_rdata_i[15]
m_axi_rdata_i[16]
m_axi_rdata_i[17]
m_axi_rdata_i[18]
m_axi_rdata_i[19]
m_axi_rdata_i[1]
m_axi_rdata_i[20]
m_axi_rdata_i[21]
m_axi_rdata_i[22]
m_axi_rdata_i[23]
m_axi_rdata_i[24]
m_axi_rdata_i[25]
m_axi_rdata_i[26]
m_axi_rdata_i[27]
m_axi_rdata_i[28]
m_axi_rdata_i[29]
m_axi_rdata_i[2]
m_axi_rdata_i[30]
m_axi_rdata_i[31]
m_axi_rdata_i[32]
m_axi_rdata_i[33]
m_axi_rdata_i[34]
m_axi_rdata_i[35]
m_axi_rdata_i[36]
m_axi_rdata_i[37]
m_axi_rdata_i[38]
m_axi_rdata_i[39]
m_axi_rdata_i[3]
m_axi_rdata_i[40]
m_axi_rdata_i[41]
m_axi_rdata_i[42]
m_axi_rdata_i[43]
m_axi_rdata_i[44]
m_axi_rdata_i[45]
m_axi_rdata_i[46]
m_axi_rdata_i[47]
m_axi_rdata_i[48]
m_axi_rdata_i[49]
m_axi_rdata_i[4]
m_axi_rdata_i[50]
m_axi_rdata_i[51]
m_axi_rdata_i[52]
m_axi_rdata_i[53]
m_axi_rdata_i[54]
m_axi_rdata_i[55]
m_axi_rdata_i[56]
m_axi_rdata_i[57]
m_axi_rdata_i[58]
m_axi_rdata_i[59]
m_axi_rdata_i[5]
m_axi_rdata_i[60]
m_axi_rdata_i[61]
m_axi_rdata_i[62]
m_axi_rdata_i[63]
m_axi_rdata_i[6]
m_axi_rdata_i[7]
m_axi_rdata_i[8]
m_axi_rdata_i[9]
m_axi_rlast_i
m_axi_rresp_i[0]
m_axi_rresp_i[1]
m_axi_rvalid_i
m_axi_wready_i
operator_desc_base_i[0]
operator_desc_base_i[10]
operator_desc_base_i[11]
operator_desc_base_i[12]
operator_desc_base_i[13]
operator_desc_base_i[14]
operator_desc_base_i[15]
operator_desc_base_i[16]
operator_desc_base_i[17]
operator_desc_base_i[18]
operator_desc_base_i[19]
operator_desc_base_i[1]
operator_desc_base_i[20]
operator_desc_base_i[21]
operator_desc_base_i[22]
operator_desc_base_i[23]
operator_desc_base_i[24]
operator_desc_base_i[25]
operator_desc_base_i[26]
operator_desc_base_i[27]
operator_desc_base_i[28]
operator_desc_base_i[29]
operator_desc_base_i[2]
operator_desc_base_i[30]
operator_desc_base_i[31]
operator_desc_base_i[32]
operator_desc_base_i[33]
operator_desc_base_i[34]
operator_desc_base_i[35]
operator_desc_base_i[36]
operator_desc_base_i[37]
operator_desc_base_i[38]
operator_desc_base_i[39]
operator_desc_base_i[3]
operator_desc_base_i[40]
operator_desc_base_i[41]
operator_desc_base_i[42]
operator_desc_base_i[43]
operator_desc_base_i[44]
operator_desc_base_i[45]
operator_desc_base_i[46]
operator_desc_base_i[47]
operator_desc_base_i[48]
operator_desc_base_i[49]
operator_desc_base_i[4]
operator_desc_base_i[50]
operator_desc_base_i[51]
operator_desc_base_i[52]
operator_desc_base_i[53]
operator_desc_base_i[54]
operator_desc_base_i[55]
operator_desc_base_i[56]
operator_desc_base_i[57]
operator_desc_base_i[58]
operator_desc_base_i[59]
operator_desc_base_i[5]
operator_desc_base_i[60]
operator_desc_base_i[61]
operator_desc_base_i[62]
operator_desc_base_i[63]
operator_desc_base_i[6]
operator_desc_base_i[7]
operator_desc_base_i[8]
operator_desc_base_i[9]
quant_desc_base_i[0]
quant_desc_base_i[10]
quant_desc_base_i[11]
quant_desc_base_i[12]
quant_desc_base_i[13]
quant_desc_base_i[14]
quant_desc_base_i[15]
quant_desc_base_i[16]
quant_desc_base_i[17]
quant_desc_base_i[18]
quant_desc_base_i[19]
quant_desc_base_i[1]
quant_desc_base_i[20]
quant_desc_base_i[21]
quant_desc_base_i[22]
quant_desc_base_i[23]
quant_desc_base_i[24]
quant_desc_base_i[25]
quant_desc_base_i[26]
quant_desc_base_i[27]
quant_desc_base_i[28]
quant_desc_base_i[29]
quant_desc_base_i[2]
quant_desc_base_i[30]
quant_desc_base_i[31]
quant_desc_base_i[32]
quant_desc_base_i[33]
quant_desc_base_i[34]
quant_desc_base_i[35]
quant_desc_base_i[36]
quant_desc_base_i[37]
quant_desc_base_i[38]
quant_desc_base_i[39]
quant_desc_base_i[3]
quant_desc_base_i[40]
quant_desc_base_i[41]
quant_desc_base_i[42]
quant_desc_base_i[43]
quant_desc_base_i[44]
quant_desc_base_i[45]
quant_desc_base_i[46]
quant_desc_base_i[47]
quant_desc_base_i[48]
quant_desc_base_i[49]
quant_desc_base_i[4]
quant_desc_base_i[50]
quant_desc_base_i[51]
quant_desc_base_i[52]
quant_desc_base_i[53]
quant_desc_base_i[54]
quant_desc_base_i[55]
quant_desc_base_i[56]
quant_desc_base_i[57]
quant_desc_base_i[58]
quant_desc_base_i[59]
quant_desc_base_i[5]
quant_desc_base_i[60]
quant_desc_base_i[61]
quant_desc_base_i[62]
quant_desc_base_i[63]
quant_desc_base_i[6]
quant_desc_base_i[7]
quant_desc_base_i[8]
quant_desc_base_i[9]
quant_param_base_i[0]
quant_param_base_i[10]
quant_param_base_i[11]
quant_param_base_i[12]
quant_param_base_i[13]
quant_param_base_i[14]
quant_param_base_i[15]
quant_param_base_i[16]
quant_param_base_i[17]
quant_param_base_i[18]
quant_param_base_i[19]
quant_param_base_i[1]
quant_param_base_i[20]
quant_param_base_i[21]
quant_param_base_i[22]
quant_param_base_i[23]
quant_param_base_i[24]
quant_param_base_i[25]
quant_param_base_i[26]
quant_param_base_i[27]
quant_param_base_i[28]
quant_param_base_i[29]
quant_param_base_i[2]
quant_param_base_i[30]
quant_param_base_i[31]
quant_param_base_i[32]
quant_param_base_i[33]
quant_param_base_i[34]
quant_param_base_i[35]
quant_param_base_i[36]
quant_param_base_i[37]
quant_param_base_i[38]
quant_param_base_i[39]
quant_param_base_i[3]
quant_param_base_i[40]
quant_param_base_i[41]
quant_param_base_i[42]
quant_param_base_i[43]
quant_param_base_i[44]
quant_param_base_i[45]
quant_param_base_i[46]
quant_param_base_i[47]
quant_param_base_i[48]
quant_param_base_i[49]
quant_param_base_i[4]
quant_param_base_i[50]
quant_param_base_i[51]
quant_param_base_i[52]
quant_param_base_i[53]
quant_param_base_i[54]
quant_param_base_i[55]
quant_param_base_i[56]
quant_param_base_i[57]
quant_param_base_i[58]
quant_param_base_i[59]
quant_param_base_i[5]
quant_param_base_i[60]
quant_param_base_i[61]
quant_param_base_i[62]
quant_param_base_i[63]
quant_param_base_i[6]
quant_param_base_i[7]
quant_param_base_i[8]
quant_param_base_i[9]
rst_ni
segment_desc_base_i[0]
segment_desc_base_i[10]
segment_desc_base_i[11]
segment_desc_base_i[12]
segment_desc_base_i[13]
segment_desc_base_i[14]
segment_desc_base_i[15]
segment_desc_base_i[16]
segment_desc_base_i[17]
segment_desc_base_i[18]
segment_desc_base_i[19]
segment_desc_base_i[1]
segment_desc_base_i[20]
segment_desc_base_i[21]
segment_desc_base_i[22]
segment_desc_base_i[23]
segment_desc_base_i[24]
segment_desc_base_i[25]
segment_desc_base_i[26]
segment_desc_base_i[27]
segment_desc_base_i[28]
segment_desc_base_i[29]
segment_desc_base_i[2]
segment_desc_base_i[30]
segment_desc_base_i[31]
segment_desc_base_i[32]
segment_desc_base_i[33]
segment_desc_base_i[34]
segment_desc_base_i[35]
segment_desc_base_i[36]
segment_desc_base_i[37]
segment_desc_base_i[38]
segment_desc_base_i[39]
segment_desc_base_i[3]
segment_desc_base_i[40]
segment_desc_base_i[41]
segment_desc_base_i[42]
segment_desc_base_i[43]
segment_desc_base_i[44]
segment_desc_base_i[45]
segment_desc_base_i[46]
segment_desc_base_i[47]
segment_desc_base_i[48]
segment_desc_base_i[49]
segment_desc_base_i[4]
segment_desc_base_i[50]
segment_desc_base_i[51]
segment_desc_base_i[52]
segment_desc_base_i[53]
segment_desc_base_i[54]
segment_desc_base_i[55]
segment_desc_base_i[56]
segment_desc_base_i[57]
segment_desc_base_i[58]
segment_desc_base_i[59]
segment_desc_base_i[5]
segment_desc_base_i[60]
segment_desc_base_i[61]
segment_desc_base_i[62]
segment_desc_base_i[63]
segment_desc_base_i[6]
segment_desc_base_i[7]
segment_desc_base_i[8]
segment_desc_base_i[9]
soft_reset_i
tensor_desc_base_i[0]
tensor_desc_base_i[10]
tensor_desc_base_i[11]
tensor_desc_base_i[12]
tensor_desc_base_i[13]
tensor_desc_base_i[14]
tensor_desc_base_i[15]
tensor_desc_base_i[16]
tensor_desc_base_i[17]
tensor_desc_base_i[18]
tensor_desc_base_i[19]
tensor_desc_base_i[1]
tensor_desc_base_i[20]
tensor_desc_base_i[21]
tensor_desc_base_i[22]
tensor_desc_base_i[23]
tensor_desc_base_i[24]
tensor_desc_base_i[25]
tensor_desc_base_i[26]
tensor_desc_base_i[27]
tensor_desc_base_i[28]
tensor_desc_base_i[29]
tensor_desc_base_i[2]
tensor_desc_base_i[30]
tensor_desc_base_i[31]
tensor_desc_base_i[32]
tensor_desc_base_i[33]
tensor_desc_base_i[34]
tensor_desc_base_i[35]
tensor_desc_base_i[36]
tensor_desc_base_i[37]
tensor_desc_base_i[38]
tensor_desc_base_i[39]
tensor_desc_base_i[3]
tensor_desc_base_i[40]
tensor_desc_base_i[41]
tensor_desc_base_i[42]
tensor_desc_base_i[43]
tensor_desc_base_i[44]
tensor_desc_base_i[45]
tensor_desc_base_i[46]
tensor_desc_base_i[47]
tensor_desc_base_i[48]
tensor_desc_base_i[49]
tensor_desc_base_i[4]
tensor_desc_base_i[50]
tensor_desc_base_i[51]
tensor_desc_base_i[52]
tensor_desc_base_i[53]
tensor_desc_base_i[54]
tensor_desc_base_i[55]
tensor_desc_base_i[56]
tensor_desc_base_i[57]
tensor_desc_base_i[58]
tensor_desc_base_i[59]
tensor_desc_base_i[5]
tensor_desc_base_i[60]
tensor_desc_base_i[61]
tensor_desc_base_i[62]
tensor_desc_base_i[63]
tensor_desc_base_i[6]
tensor_desc_base_i[7]
tensor_desc_base_i[8]
tensor_desc_base_i[9]
weight_base_i[0]
weight_base_i[10]
weight_base_i[11]
weight_base_i[12]
weight_base_i[13]
weight_base_i[14]
weight_base_i[15]
weight_base_i[16]
weight_base_i[17]
weight_base_i[18]
weight_base_i[19]
weight_base_i[1]
weight_base_i[20]
weight_base_i[21]
weight_base_i[22]
weight_base_i[23]
weight_base_i[24]
weight_base_i[25]
weight_base_i[26]
weight_base_i[27]
weight_base_i[28]
weight_base_i[29]
weight_base_i[2]
weight_base_i[30]
weight_base_i[31]
weight_base_i[32]
weight_base_i[33]
weight_base_i[34]
weight_base_i[35]
weight_base_i[36]
weight_base_i[37]
weight_base_i[38]
weight_base_i[39]
weight_base_i[3]
weight_base_i[40]
weight_base_i[41]
weight_base_i[42]
weight_base_i[43]
weight_base_i[44]
weight_base_i[45]
weight_base_i[46]
weight_base_i[47]
weight_base_i[48]
weight_base_i[49]
weight_base_i[4]
weight_base_i[50]
weight_base_i[51]
weight_base_i[52]
weight_base_i[53]
weight_base_i[54]
weight_base_i[55]
weight_base_i[56]
weight_base_i[57]
weight_base_i[58]
weight_base_i[59]
weight_base_i[5]
weight_base_i[60]
weight_base_i[61]
weight_base_i[62]
weight_base_i[63]
weight_base_i[6]
weight_base_i[7]
weight_base_i[8]
weight_base_i[9]

 There are 0 input ports with no input delay but user has a false path constraint.


6. checking no_output_delay (959)
---------------------------------
 There are 959 ports with no output delay specified. (HIGH)

accelerator_read_request_ready_o
accelerator_read_response_data_o[0]
accelerator_read_response_data_o[100]
accelerator_read_response_data_o[101]
accelerator_read_response_data_o[102]
accelerator_read_response_data_o[103]
accelerator_read_response_data_o[104]
accelerator_read_response_data_o[105]
accelerator_read_response_data_o[106]
accelerator_read_response_data_o[107]
accelerator_read_response_data_o[108]
accelerator_read_response_data_o[109]
accelerator_read_response_data_o[10]
accelerator_read_response_data_o[110]
accelerator_read_response_data_o[111]
accelerator_read_response_data_o[112]
accelerator_read_response_data_o[113]
accelerator_read_response_data_o[114]
accelerator_read_response_data_o[115]
accelerator_read_response_data_o[116]
accelerator_read_response_data_o[117]
accelerator_read_response_data_o[118]
accelerator_read_response_data_o[119]
accelerator_read_response_data_o[11]
accelerator_read_response_data_o[120]
accelerator_read_response_data_o[121]
accelerator_read_response_data_o[122]
accelerator_read_response_data_o[123]
accelerator_read_response_data_o[124]
accelerator_read_response_data_o[125]
accelerator_read_response_data_o[126]
accelerator_read_response_data_o[127]
accelerator_read_response_data_o[128]
accelerator_read_response_data_o[129]
accelerator_read_response_data_o[12]
accelerator_read_response_data_o[130]
accelerator_read_response_data_o[131]
accelerator_read_response_data_o[132]
accelerator_read_response_data_o[133]
accelerator_read_response_data_o[134]
accelerator_read_response_data_o[135]
accelerator_read_response_data_o[136]
accelerator_read_response_data_o[137]
accelerator_read_response_data_o[138]
accelerator_read_response_data_o[139]
accelerator_read_response_data_o[13]
accelerator_read_response_data_o[140]
accelerator_read_response_data_o[141]
accelerator_read_response_data_o[142]
accelerator_read_response_data_o[143]
accelerator_read_response_data_o[144]
accelerator_read_response_data_o[145]
accelerator_read_response_data_o[146]
accelerator_read_response_data_o[147]
accelerator_read_response_data_o[148]
accelerator_read_response_data_o[149]
accelerator_read_response_data_o[14]
accelerator_read_response_data_o[150]
accelerator_read_response_data_o[151]
accelerator_read_response_data_o[152]
accelerator_read_response_data_o[153]
accelerator_read_response_data_o[154]
accelerator_read_response_data_o[155]
accelerator_read_response_data_o[156]
accelerator_read_response_data_o[157]
accelerator_read_response_data_o[158]
accelerator_read_response_data_o[159]
accelerator_read_response_data_o[15]
accelerator_read_response_data_o[160]
accelerator_read_response_data_o[161]
accelerator_read_response_data_o[162]
accelerator_read_response_data_o[163]
accelerator_read_response_data_o[164]
accelerator_read_response_data_o[165]
accelerator_read_response_data_o[166]
accelerator_read_response_data_o[167]
accelerator_read_response_data_o[168]
accelerator_read_response_data_o[169]
accelerator_read_response_data_o[16]
accelerator_read_response_data_o[170]
accelerator_read_response_data_o[171]
accelerator_read_response_data_o[172]
accelerator_read_response_data_o[173]
accelerator_read_response_data_o[174]
accelerator_read_response_data_o[175]
accelerator_read_response_data_o[176]
accelerator_read_response_data_o[177]
accelerator_read_response_data_o[178]
accelerator_read_response_data_o[179]
accelerator_read_response_data_o[17]
accelerator_read_response_data_o[180]
accelerator_read_response_data_o[181]
accelerator_read_response_data_o[182]
accelerator_read_response_data_o[183]
accelerator_read_response_data_o[184]
accelerator_read_response_data_o[185]
accelerator_read_response_data_o[186]
accelerator_read_response_data_o[187]
accelerator_read_response_data_o[188]
accelerator_read_response_data_o[189]
accelerator_read_response_data_o[18]
accelerator_read_response_data_o[190]
accelerator_read_response_data_o[191]
accelerator_read_response_data_o[192]
accelerator_read_response_data_o[193]
accelerator_read_response_data_o[194]
accelerator_read_response_data_o[195]
accelerator_read_response_data_o[196]
accelerator_read_response_data_o[197]
accelerator_read_response_data_o[198]
accelerator_read_response_data_o[199]
accelerator_read_response_data_o[19]
accelerator_read_response_data_o[1]
accelerator_read_response_data_o[200]
accelerator_read_response_data_o[201]
accelerator_read_response_data_o[202]
accelerator_read_response_data_o[203]
accelerator_read_response_data_o[204]
accelerator_read_response_data_o[205]
accelerator_read_response_data_o[206]
accelerator_read_response_data_o[207]
accelerator_read_response_data_o[208]
accelerator_read_response_data_o[209]
accelerator_read_response_data_o[20]
accelerator_read_response_data_o[210]
accelerator_read_response_data_o[211]
accelerator_read_response_data_o[212]
accelerator_read_response_data_o[213]
accelerator_read_response_data_o[214]
accelerator_read_response_data_o[215]
accelerator_read_response_data_o[216]
accelerator_read_response_data_o[217]
accelerator_read_response_data_o[218]
accelerator_read_response_data_o[219]
accelerator_read_response_data_o[21]
accelerator_read_response_data_o[220]
accelerator_read_response_data_o[221]
accelerator_read_response_data_o[222]
accelerator_read_response_data_o[223]
accelerator_read_response_data_o[224]
accelerator_read_response_data_o[225]
accelerator_read_response_data_o[226]
accelerator_read_response_data_o[227]
accelerator_read_response_data_o[228]
accelerator_read_response_data_o[229]
accelerator_read_response_data_o[22]
accelerator_read_response_data_o[230]
accelerator_read_response_data_o[231]
accelerator_read_response_data_o[232]
accelerator_read_response_data_o[233]
accelerator_read_response_data_o[234]
accelerator_read_response_data_o[235]
accelerator_read_response_data_o[236]
accelerator_read_response_data_o[237]
accelerator_read_response_data_o[238]
accelerator_read_response_data_o[239]
accelerator_read_response_data_o[23]
accelerator_read_response_data_o[240]
accelerator_read_response_data_o[241]
accelerator_read_response_data_o[242]
accelerator_read_response_data_o[243]
accelerator_read_response_data_o[244]
accelerator_read_response_data_o[245]
accelerator_read_response_data_o[246]
accelerator_read_response_data_o[247]
accelerator_read_response_data_o[248]
accelerator_read_response_data_o[249]
accelerator_read_response_data_o[24]
accelerator_read_response_data_o[250]
accelerator_read_response_data_o[251]
accelerator_read_response_data_o[252]
accelerator_read_response_data_o[253]
accelerator_read_response_data_o[254]
accelerator_read_response_data_o[255]
accelerator_read_response_data_o[256]
accelerator_read_response_data_o[257]
accelerator_read_response_data_o[258]
accelerator_read_response_data_o[259]
accelerator_read_response_data_o[25]
accelerator_read_response_data_o[260]
accelerator_read_response_data_o[261]
accelerator_read_response_data_o[262]
accelerator_read_response_data_o[263]
accelerator_read_response_data_o[264]
accelerator_read_response_data_o[265]
accelerator_read_response_data_o[266]
accelerator_read_response_data_o[267]
accelerator_read_response_data_o[268]
accelerator_read_response_data_o[269]
accelerator_read_response_data_o[26]
accelerator_read_response_data_o[270]
accelerator_read_response_data_o[271]
accelerator_read_response_data_o[272]
accelerator_read_response_data_o[273]
accelerator_read_response_data_o[274]
accelerator_read_response_data_o[275]
accelerator_read_response_data_o[276]
accelerator_read_response_data_o[277]
accelerator_read_response_data_o[278]
accelerator_read_response_data_o[279]
accelerator_read_response_data_o[27]
accelerator_read_response_data_o[280]
accelerator_read_response_data_o[281]
accelerator_read_response_data_o[282]
accelerator_read_response_data_o[283]
accelerator_read_response_data_o[284]
accelerator_read_response_data_o[285]
accelerator_read_response_data_o[286]
accelerator_read_response_data_o[287]
accelerator_read_response_data_o[288]
accelerator_read_response_data_o[289]
accelerator_read_response_data_o[28]
accelerator_read_response_data_o[290]
accelerator_read_response_data_o[291]
accelerator_read_response_data_o[292]
accelerator_read_response_data_o[293]
accelerator_read_response_data_o[294]
accelerator_read_response_data_o[295]
accelerator_read_response_data_o[296]
accelerator_read_response_data_o[297]
accelerator_read_response_data_o[298]
accelerator_read_response_data_o[299]
accelerator_read_response_data_o[29]
accelerator_read_response_data_o[2]
accelerator_read_response_data_o[300]
accelerator_read_response_data_o[301]
accelerator_read_response_data_o[302]
accelerator_read_response_data_o[303]
accelerator_read_response_data_o[304]
accelerator_read_response_data_o[305]
accelerator_read_response_data_o[306]
accelerator_read_response_data_o[307]
accelerator_read_response_data_o[308]
accelerator_read_response_data_o[309]
accelerator_read_response_data_o[30]
accelerator_read_response_data_o[310]
accelerator_read_response_data_o[311]
accelerator_read_response_data_o[312]
accelerator_read_response_data_o[313]
accelerator_read_response_data_o[314]
accelerator_read_response_data_o[315]
accelerator_read_response_data_o[316]
accelerator_read_response_data_o[317]
accelerator_read_response_data_o[318]
accelerator_read_response_data_o[319]
accelerator_read_response_data_o[31]
accelerator_read_response_data_o[320]
accelerator_read_response_data_o[321]
accelerator_read_response_data_o[322]
accelerator_read_response_data_o[323]
accelerator_read_response_data_o[324]
accelerator_read_response_data_o[325]
accelerator_read_response_data_o[326]
accelerator_read_response_data_o[327]
accelerator_read_response_data_o[328]
accelerator_read_response_data_o[329]
accelerator_read_response_data_o[32]
accelerator_read_response_data_o[330]
accelerator_read_response_data_o[331]
accelerator_read_response_data_o[332]
accelerator_read_response_data_o[333]
accelerator_read_response_data_o[334]
accelerator_read_response_data_o[335]
accelerator_read_response_data_o[336]
accelerator_read_response_data_o[337]
accelerator_read_response_data_o[338]
accelerator_read_response_data_o[339]
accelerator_read_response_data_o[33]
accelerator_read_response_data_o[340]
accelerator_read_response_data_o[341]
accelerator_read_response_data_o[342]
accelerator_read_response_data_o[343]
accelerator_read_response_data_o[344]
accelerator_read_response_data_o[345]
accelerator_read_response_data_o[346]
accelerator_read_response_data_o[347]
accelerator_read_response_data_o[348]
accelerator_read_response_data_o[349]
accelerator_read_response_data_o[34]
accelerator_read_response_data_o[350]
accelerator_read_response_data_o[351]
accelerator_read_response_data_o[352]
accelerator_read_response_data_o[353]
accelerator_read_response_data_o[354]
accelerator_read_response_data_o[355]
accelerator_read_response_data_o[356]
accelerator_read_response_data_o[357]
accelerator_read_response_data_o[358]
accelerator_read_response_data_o[359]
accelerator_read_response_data_o[35]
accelerator_read_response_data_o[360]
accelerator_read_response_data_o[361]
accelerator_read_response_data_o[362]
accelerator_read_response_data_o[363]
accelerator_read_response_data_o[364]
accelerator_read_response_data_o[365]
accelerator_read_response_data_o[366]
accelerator_read_response_data_o[367]
accelerator_read_response_data_o[368]
accelerator_read_response_data_o[369]
accelerator_read_response_data_o[36]
accelerator_read_response_data_o[370]
accelerator_read_response_data_o[371]
accelerator_read_response_data_o[372]
accelerator_read_response_data_o[373]
accelerator_read_response_data_o[374]
accelerator_read_response_data_o[375]
accelerator_read_response_data_o[376]
accelerator_read_response_data_o[377]
accelerator_read_response_data_o[378]
accelerator_read_response_data_o[379]
accelerator_read_response_data_o[37]
accelerator_read_response_data_o[380]
accelerator_read_response_data_o[381]
accelerator_read_response_data_o[382]
accelerator_read_response_data_o[383]
accelerator_read_response_data_o[384]
accelerator_read_response_data_o[385]
accelerator_read_response_data_o[386]
accelerator_read_response_data_o[387]
accelerator_read_response_data_o[388]
accelerator_read_response_data_o[389]
accelerator_read_response_data_o[38]
accelerator_read_response_data_o[390]
accelerator_read_response_data_o[391]
accelerator_read_response_data_o[392]
accelerator_read_response_data_o[393]
accelerator_read_response_data_o[394]
accelerator_read_response_data_o[395]
accelerator_read_response_data_o[396]
accelerator_read_response_data_o[397]
accelerator_read_response_data_o[398]
accelerator_read_response_data_o[399]
accelerator_read_response_data_o[39]
accelerator_read_response_data_o[3]
accelerator_read_response_data_o[400]
accelerator_read_response_data_o[401]
accelerator_read_response_data_o[402]
accelerator_read_response_data_o[403]
accelerator_read_response_data_o[404]
accelerator_read_response_data_o[405]
accelerator_read_response_data_o[406]
accelerator_read_response_data_o[407]
accelerator_read_response_data_o[408]
accelerator_read_response_data_o[409]
accelerator_read_response_data_o[40]
accelerator_read_response_data_o[410]
accelerator_read_response_data_o[411]
accelerator_read_response_data_o[412]
accelerator_read_response_data_o[413]
accelerator_read_response_data_o[414]
accelerator_read_response_data_o[415]
accelerator_read_response_data_o[416]
accelerator_read_response_data_o[417]
accelerator_read_response_data_o[418]
accelerator_read_response_data_o[419]
accelerator_read_response_data_o[41]
accelerator_read_response_data_o[420]
accelerator_read_response_data_o[421]
accelerator_read_response_data_o[422]
accelerator_read_response_data_o[423]
accelerator_read_response_data_o[424]
accelerator_read_response_data_o[425]
accelerator_read_response_data_o[426]
accelerator_read_response_data_o[427]
accelerator_read_response_data_o[428]
accelerator_read_response_data_o[429]
accelerator_read_response_data_o[42]
accelerator_read_response_data_o[430]
accelerator_read_response_data_o[431]
accelerator_read_response_data_o[432]
accelerator_read_response_data_o[433]
accelerator_read_response_data_o[434]
accelerator_read_response_data_o[435]
accelerator_read_response_data_o[436]
accelerator_read_response_data_o[437]
accelerator_read_response_data_o[438]
accelerator_read_response_data_o[439]
accelerator_read_response_data_o[43]
accelerator_read_response_data_o[440]
accelerator_read_response_data_o[441]
accelerator_read_response_data_o[442]
accelerator_read_response_data_o[443]
accelerator_read_response_data_o[444]
accelerator_read_response_data_o[445]
accelerator_read_response_data_o[446]
accelerator_read_response_data_o[447]
accelerator_read_response_data_o[448]
accelerator_read_response_data_o[449]
accelerator_read_response_data_o[44]
accelerator_read_response_data_o[450]
accelerator_read_response_data_o[451]
accelerator_read_response_data_o[452]
accelerator_read_response_data_o[453]
accelerator_read_response_data_o[454]
accelerator_read_response_data_o[455]
accelerator_read_response_data_o[456]
accelerator_read_response_data_o[457]
accelerator_read_response_data_o[458]
accelerator_read_response_data_o[459]
accelerator_read_response_data_o[45]
accelerator_read_response_data_o[460]
accelerator_read_response_data_o[461]
accelerator_read_response_data_o[462]
accelerator_read_response_data_o[463]
accelerator_read_response_data_o[464]
accelerator_read_response_data_o[465]
accelerator_read_response_data_o[466]
accelerator_read_response_data_o[467]
accelerator_read_response_data_o[468]
accelerator_read_response_data_o[469]
accelerator_read_response_data_o[46]
accelerator_read_response_data_o[470]
accelerator_read_response_data_o[471]
accelerator_read_response_data_o[472]
accelerator_read_response_data_o[473]
accelerator_read_response_data_o[474]
accelerator_read_response_data_o[475]
accelerator_read_response_data_o[476]
accelerator_read_response_data_o[477]
accelerator_read_response_data_o[478]
accelerator_read_response_data_o[479]
accelerator_read_response_data_o[47]
accelerator_read_response_data_o[480]
accelerator_read_response_data_o[481]
accelerator_read_response_data_o[482]
accelerator_read_response_data_o[483]
accelerator_read_response_data_o[484]
accelerator_read_response_data_o[485]
accelerator_read_response_data_o[486]
accelerator_read_response_data_o[487]
accelerator_read_response_data_o[488]
accelerator_read_response_data_o[489]
accelerator_read_response_data_o[48]
accelerator_read_response_data_o[490]
accelerator_read_response_data_o[491]
accelerator_read_response_data_o[492]
accelerator_read_response_data_o[493]
accelerator_read_response_data_o[494]
accelerator_read_response_data_o[495]
accelerator_read_response_data_o[496]
accelerator_read_response_data_o[497]
accelerator_read_response_data_o[498]
accelerator_read_response_data_o[499]
accelerator_read_response_data_o[49]
accelerator_read_response_data_o[4]
accelerator_read_response_data_o[500]
accelerator_read_response_data_o[501]
accelerator_read_response_data_o[502]
accelerator_read_response_data_o[503]
accelerator_read_response_data_o[504]
accelerator_read_response_data_o[505]
accelerator_read_response_data_o[506]
accelerator_read_response_data_o[507]
accelerator_read_response_data_o[508]
accelerator_read_response_data_o[509]
accelerator_read_response_data_o[50]
accelerator_read_response_data_o[510]
accelerator_read_response_data_o[511]
accelerator_read_response_data_o[51]
accelerator_read_response_data_o[52]
accelerator_read_response_data_o[53]
accelerator_read_response_data_o[54]
accelerator_read_response_data_o[55]
accelerator_read_response_data_o[56]
accelerator_read_response_data_o[57]
accelerator_read_response_data_o[58]
accelerator_read_response_data_o[59]
accelerator_read_response_data_o[5]
accelerator_read_response_data_o[60]
accelerator_read_response_data_o[61]
accelerator_read_response_data_o[62]
accelerator_read_response_data_o[63]
accelerator_read_response_data_o[64]
accelerator_read_response_data_o[65]
accelerator_read_response_data_o[66]
accelerator_read_response_data_o[67]
accelerator_read_response_data_o[68]
accelerator_read_response_data_o[69]
accelerator_read_response_data_o[6]
accelerator_read_response_data_o[70]
accelerator_read_response_data_o[71]
accelerator_read_response_data_o[72]
accelerator_read_response_data_o[73]
accelerator_read_response_data_o[74]
accelerator_read_response_data_o[75]
accelerator_read_response_data_o[76]
accelerator_read_response_data_o[77]
accelerator_read_response_data_o[78]
accelerator_read_response_data_o[79]
accelerator_read_response_data_o[7]
accelerator_read_response_data_o[80]
accelerator_read_response_data_o[81]
accelerator_read_response_data_o[82]
accelerator_read_response_data_o[83]
accelerator_read_response_data_o[84]
accelerator_read_response_data_o[85]
accelerator_read_response_data_o[86]
accelerator_read_response_data_o[87]
accelerator_read_response_data_o[88]
accelerator_read_response_data_o[89]
accelerator_read_response_data_o[8]
accelerator_read_response_data_o[90]
accelerator_read_response_data_o[91]
accelerator_read_response_data_o[92]
accelerator_read_response_data_o[93]
accelerator_read_response_data_o[94]
accelerator_read_response_data_o[95]
accelerator_read_response_data_o[96]
accelerator_read_response_data_o[97]
accelerator_read_response_data_o[98]
accelerator_read_response_data_o[99]
accelerator_read_response_data_o[9]
accelerator_read_response_valid_o
accelerator_write_ready_o
busy_o
bytes_read_o[0]
bytes_read_o[10]
bytes_read_o[11]
bytes_read_o[12]
bytes_read_o[13]
bytes_read_o[14]
bytes_read_o[15]
bytes_read_o[16]
bytes_read_o[17]
bytes_read_o[18]
bytes_read_o[19]
bytes_read_o[1]
bytes_read_o[20]
bytes_read_o[21]
bytes_read_o[22]
bytes_read_o[23]
bytes_read_o[24]
bytes_read_o[25]
bytes_read_o[26]
bytes_read_o[27]
bytes_read_o[28]
bytes_read_o[29]
bytes_read_o[2]
bytes_read_o[30]
bytes_read_o[31]
bytes_read_o[3]
bytes_read_o[4]
bytes_read_o[5]
bytes_read_o[6]
bytes_read_o[7]
bytes_read_o[8]
bytes_read_o[9]
bytes_written_o[0]
bytes_written_o[10]
bytes_written_o[11]
bytes_written_o[12]
bytes_written_o[13]
bytes_written_o[14]
bytes_written_o[15]
bytes_written_o[16]
bytes_written_o[17]
bytes_written_o[18]
bytes_written_o[19]
bytes_written_o[1]
bytes_written_o[20]
bytes_written_o[21]
bytes_written_o[22]
bytes_written_o[23]
bytes_written_o[24]
bytes_written_o[25]
bytes_written_o[26]
bytes_written_o[27]
bytes_written_o[28]
bytes_written_o[29]
bytes_written_o[2]
bytes_written_o[30]
bytes_written_o[31]
bytes_written_o[3]
bytes_written_o[4]
bytes_written_o[5]
bytes_written_o[6]
bytes_written_o[7]
bytes_written_o[8]
bytes_written_o[9]
command_ready_o
conv_busy_o
conv_done_pulse_o
conv_error_pulse_o
conv_error_reason_o[0]
conv_error_reason_o[1]
conv_error_reason_o[2]
conv_error_reason_o[3]
conv_event_set_o[0]
conv_event_set_o[1]
conv_event_set_o[2]
conv_event_set_o[3]
conv_event_set_o[4]
conv_event_set_o[5]
conv_event_set_o[6]
conv_event_set_o[7]
conv_lut_write_ready_o
conv_start_ready_o
descriptor_memory_request_address_o[0]
descriptor_memory_request_address_o[10]
descriptor_memory_request_address_o[11]
descriptor_memory_request_address_o[12]
descriptor_memory_request_address_o[13]
descriptor_memory_request_address_o[14]
descriptor_memory_request_address_o[15]
descriptor_memory_request_address_o[16]
descriptor_memory_request_address_o[17]
descriptor_memory_request_address_o[18]
descriptor_memory_request_address_o[19]
descriptor_memory_request_address_o[1]
descriptor_memory_request_address_o[20]
descriptor_memory_request_address_o[21]
descriptor_memory_request_address_o[22]
descriptor_memory_request_address_o[23]
descriptor_memory_request_address_o[24]
descriptor_memory_request_address_o[25]
descriptor_memory_request_address_o[26]
descriptor_memory_request_address_o[27]
descriptor_memory_request_address_o[28]
descriptor_memory_request_address_o[29]
descriptor_memory_request_address_o[2]
descriptor_memory_request_address_o[30]
descriptor_memory_request_address_o[31]
descriptor_memory_request_address_o[32]
descriptor_memory_request_address_o[33]
descriptor_memory_request_address_o[34]
descriptor_memory_request_address_o[35]
descriptor_memory_request_address_o[36]
descriptor_memory_request_address_o[37]
descriptor_memory_request_address_o[38]
descriptor_memory_request_address_o[39]
descriptor_memory_request_address_o[3]
descriptor_memory_request_address_o[40]
descriptor_memory_request_address_o[41]
descriptor_memory_request_address_o[42]
descriptor_memory_request_address_o[43]
descriptor_memory_request_address_o[44]
descriptor_memory_request_address_o[45]
descriptor_memory_request_address_o[46]
descriptor_memory_request_address_o[47]
descriptor_memory_request_address_o[48]
descriptor_memory_request_address_o[49]
descriptor_memory_request_address_o[4]
descriptor_memory_request_address_o[50]
descriptor_memory_request_address_o[51]
descriptor_memory_request_address_o[52]
descriptor_memory_request_address_o[53]
descriptor_memory_request_address_o[54]
descriptor_memory_request_address_o[55]
descriptor_memory_request_address_o[56]
descriptor_memory_request_address_o[57]
descriptor_memory_request_address_o[58]
descriptor_memory_request_address_o[59]
descriptor_memory_request_address_o[5]
descriptor_memory_request_address_o[60]
descriptor_memory_request_address_o[61]
descriptor_memory_request_address_o[62]
descriptor_memory_request_address_o[63]
descriptor_memory_request_address_o[6]
descriptor_memory_request_address_o[7]
descriptor_memory_request_address_o[8]
descriptor_memory_request_address_o[9]
descriptor_memory_request_bytes_o[3]
descriptor_memory_request_bytes_o[5]
descriptor_memory_request_bytes_o[6]
descriptor_memory_request_valid_o
descriptor_memory_response_ready_o
error_detail_o[0]
error_detail_o[1]
error_detail_o[2]
error_pc_o[0]
error_pc_o[10]
error_pc_o[11]
error_pc_o[12]
error_pc_o[13]
error_pc_o[14]
error_pc_o[15]
error_pc_o[16]
error_pc_o[17]
error_pc_o[18]
error_pc_o[19]
error_pc_o[1]
error_pc_o[20]
error_pc_o[21]
error_pc_o[22]
error_pc_o[23]
error_pc_o[24]
error_pc_o[25]
error_pc_o[26]
error_pc_o[27]
error_pc_o[28]
error_pc_o[29]
error_pc_o[2]
error_pc_o[30]
error_pc_o[31]
error_pc_o[3]
error_pc_o[4]
error_pc_o[5]
error_pc_o[6]
error_pc_o[7]
error_pc_o[8]
error_pc_o[9]
error_pulse_o
error_reason_o[0]
error_reason_o[1]
error_reason_o[2]
error_source_o[0]
error_source_o[1]
error_tag_o[0]
error_tag_o[10]
error_tag_o[11]
error_tag_o[12]
error_tag_o[13]
error_tag_o[14]
error_tag_o[15]
error_tag_o[1]
error_tag_o[2]
error_tag_o[3]
error_tag_o[4]
error_tag_o[5]
error_tag_o[6]
error_tag_o[7]
error_tag_o[8]
error_tag_o[9]
event_set_o[0]
event_set_o[1]
event_set_o[2]
event_set_o[3]
event_set_o[4]
event_set_o[5]
event_set_o[6]
event_set_o[7]
m_axi_araddr_o[0]
m_axi_araddr_o[10]
m_axi_araddr_o[11]
m_axi_araddr_o[12]
m_axi_araddr_o[13]
m_axi_araddr_o[14]
m_axi_araddr_o[15]
m_axi_araddr_o[16]
m_axi_araddr_o[17]
m_axi_araddr_o[18]
m_axi_araddr_o[19]
m_axi_araddr_o[1]
m_axi_araddr_o[20]
m_axi_araddr_o[21]
m_axi_araddr_o[22]
m_axi_araddr_o[23]
m_axi_araddr_o[24]
m_axi_araddr_o[25]
m_axi_araddr_o[26]
m_axi_araddr_o[27]
m_axi_araddr_o[28]
m_axi_araddr_o[29]
m_axi_araddr_o[2]
m_axi_araddr_o[30]
m_axi_araddr_o[31]
m_axi_araddr_o[32]
m_axi_araddr_o[33]
m_axi_araddr_o[34]
m_axi_araddr_o[35]
m_axi_araddr_o[36]
m_axi_araddr_o[37]
m_axi_araddr_o[38]
m_axi_araddr_o[39]
m_axi_araddr_o[3]
m_axi_araddr_o[40]
m_axi_araddr_o[41]
m_axi_araddr_o[42]
m_axi_araddr_o[43]
m_axi_araddr_o[44]
m_axi_araddr_o[45]
m_axi_araddr_o[46]
m_axi_araddr_o[47]
m_axi_araddr_o[48]
m_axi_araddr_o[49]
m_axi_araddr_o[4]
m_axi_araddr_o[50]
m_axi_araddr_o[51]
m_axi_araddr_o[52]
m_axi_araddr_o[53]
m_axi_araddr_o[54]
m_axi_araddr_o[55]
m_axi_araddr_o[56]
m_axi_araddr_o[57]
m_axi_araddr_o[58]
m_axi_araddr_o[59]
m_axi_araddr_o[5]
m_axi_araddr_o[60]
m_axi_araddr_o[61]
m_axi_araddr_o[62]
m_axi_araddr_o[63]
m_axi_araddr_o[6]
m_axi_araddr_o[7]
m_axi_araddr_o[8]
m_axi_araddr_o[9]
m_axi_arlen_o[0]
m_axi_arlen_o[1]
m_axi_arlen_o[2]
m_axi_arlen_o[3]
m_axi_arlen_o[4]
m_axi_arlen_o[5]
m_axi_arlen_o[6]
m_axi_arlen_o[7]
m_axi_arsize_o[0]
m_axi_arsize_o[1]
m_axi_arvalid_o
m_axi_awaddr_o[0]
m_axi_awaddr_o[10]
m_axi_awaddr_o[11]
m_axi_awaddr_o[12]
m_axi_awaddr_o[13]
m_axi_awaddr_o[14]
m_axi_awaddr_o[15]
m_axi_awaddr_o[16]
m_axi_awaddr_o[17]
m_axi_awaddr_o[18]
m_axi_awaddr_o[19]
m_axi_awaddr_o[1]
m_axi_awaddr_o[20]
m_axi_awaddr_o[21]
m_axi_awaddr_o[22]
m_axi_awaddr_o[23]
m_axi_awaddr_o[24]
m_axi_awaddr_o[25]
m_axi_awaddr_o[26]
m_axi_awaddr_o[27]
m_axi_awaddr_o[28]
m_axi_awaddr_o[29]
m_axi_awaddr_o[2]
m_axi_awaddr_o[30]
m_axi_awaddr_o[31]
m_axi_awaddr_o[32]
m_axi_awaddr_o[33]
m_axi_awaddr_o[34]
m_axi_awaddr_o[35]
m_axi_awaddr_o[36]
m_axi_awaddr_o[37]
m_axi_awaddr_o[38]
m_axi_awaddr_o[39]
m_axi_awaddr_o[3]
m_axi_awaddr_o[40]
m_axi_awaddr_o[41]
m_axi_awaddr_o[42]
m_axi_awaddr_o[43]
m_axi_awaddr_o[44]
m_axi_awaddr_o[45]
m_axi_awaddr_o[46]
m_axi_awaddr_o[47]
m_axi_awaddr_o[48]
m_axi_awaddr_o[49]
m_axi_awaddr_o[4]
m_axi_awaddr_o[50]
m_axi_awaddr_o[51]
m_axi_awaddr_o[52]
m_axi_awaddr_o[53]
m_axi_awaddr_o[54]
m_axi_awaddr_o[55]
m_axi_awaddr_o[56]
m_axi_awaddr_o[57]
m_axi_awaddr_o[58]
m_axi_awaddr_o[59]
m_axi_awaddr_o[5]
m_axi_awaddr_o[60]
m_axi_awaddr_o[61]
m_axi_awaddr_o[62]
m_axi_awaddr_o[63]
m_axi_awaddr_o[6]
m_axi_awaddr_o[7]
m_axi_awaddr_o[8]
m_axi_awaddr_o[9]
m_axi_awlen_o[0]
m_axi_awlen_o[1]
m_axi_awlen_o[2]
m_axi_awlen_o[3]
m_axi_awlen_o[4]
m_axi_awlen_o[5]
m_axi_awlen_o[6]
m_axi_awlen_o[7]
m_axi_awsize_o[0]
m_axi_awsize_o[1]
m_axi_awvalid_o
m_axi_bready_o
m_axi_rready_o
m_axi_wdata_o[0]
m_axi_wdata_o[10]
m_axi_wdata_o[11]
m_axi_wdata_o[12]
m_axi_wdata_o[13]
m_axi_wdata_o[14]
m_axi_wdata_o[15]
m_axi_wdata_o[16]
m_axi_wdata_o[17]
m_axi_wdata_o[18]
m_axi_wdata_o[19]
m_axi_wdata_o[1]
m_axi_wdata_o[20]
m_axi_wdata_o[21]
m_axi_wdata_o[22]
m_axi_wdata_o[23]
m_axi_wdata_o[24]
m_axi_wdata_o[25]
m_axi_wdata_o[26]
m_axi_wdata_o[27]
m_axi_wdata_o[28]
m_axi_wdata_o[29]
m_axi_wdata_o[2]
m_axi_wdata_o[30]
m_axi_wdata_o[31]
m_axi_wdata_o[32]
m_axi_wdata_o[33]
m_axi_wdata_o[34]
m_axi_wdata_o[35]
m_axi_wdata_o[36]
m_axi_wdata_o[37]
m_axi_wdata_o[38]
m_axi_wdata_o[39]
m_axi_wdata_o[3]
m_axi_wdata_o[40]
m_axi_wdata_o[41]
m_axi_wdata_o[42]
m_axi_wdata_o[43]
m_axi_wdata_o[44]
m_axi_wdata_o[45]
m_axi_wdata_o[46]
m_axi_wdata_o[47]
m_axi_wdata_o[48]
m_axi_wdata_o[49]
m_axi_wdata_o[4]
m_axi_wdata_o[50]
m_axi_wdata_o[51]
m_axi_wdata_o[52]
m_axi_wdata_o[53]
m_axi_wdata_o[54]
m_axi_wdata_o[55]
m_axi_wdata_o[56]
m_axi_wdata_o[57]
m_axi_wdata_o[58]
m_axi_wdata_o[59]
m_axi_wdata_o[5]
m_axi_wdata_o[60]
m_axi_wdata_o[61]
m_axi_wdata_o[62]
m_axi_wdata_o[63]
m_axi_wdata_o[6]
m_axi_wdata_o[7]
m_axi_wdata_o[8]
m_axi_wdata_o[9]
m_axi_wlast_o
m_axi_wstrb_o[0]
m_axi_wstrb_o[1]
m_axi_wstrb_o[2]
m_axi_wstrb_o[3]
m_axi_wstrb_o[4]
m_axi_wstrb_o[5]
m_axi_wstrb_o[6]
m_axi_wstrb_o[7]
m_axi_wvalid_o
scratchpad_collision_stall_o

 There are 0 ports with no output delay but user has a false path constraint

 There are 0 ports with no output delay but with a timing clock defined on it or propagating through it


7. checking multiple_clock (0)
------------------------------
 There are 0 register/latch pins with multiple clocks.


8. checking generated_clocks (0)
--------------------------------
 There are 0 generated clocks that are not connected to a clock source.


9. checking loops (0)
---------------------
 There are 0 combinational loops in the design.


10. checking partial_input_delay (0)
------------------------------------
 There are 0 input ports with partial input delay specified.


11. checking partial_output_delay (0)
-------------------------------------
 There are 0 ports with partial output delay specified.


12. checking latch_loops (0)
----------------------------
 There are 0 combinational latch loops in the design through latch input


