Copyright 1986-2022 Xilinx, Inc. All Rights Reserved. Copyright 2022-2026 Advanced Micro Devices, Inc. All Rights Reserved.
--------------------------------------------------------------------------------------------------------------------------------------------------------------------------------------------
| Tool Version : Vivado v.2026.1 (win64) Build 6511674 Tue Jun 16 11:02:23 MDT 2026
| Date         : Tue Sep 15 02:22:51 2026
| Host         : RAW2332 running 64-bit major release  (build 9200)
| Command      : report_utilization -hierarchical -hierarchical_depth 4 -file D:/WORKBUDDY/STEM/npu-stem-repo/hardware/reports/vivado_2026_1/npu_dma_subsystem/utilization_hierarchical.rpt
| Design       : npu_dma_subsystem
| Device       : xc7z020clg400-1
| Speed File   : -1
| Design State : Synthesized
--------------------------------------------------------------------------------------------------------------------------------------------------------------------------------------------

Utilization Design Information

Table of Contents
-----------------
1. Utilization by Hierarchy

1. Utilization by Hierarchy
---------------------------

+---------------------------------+----------------------------------------+------------+------------+---------+------+-------+--------+--------+------------+
|             Instance            |                 Module                 | Total LUTs | Logic LUTs | LUTRAMs | SRLs |  FFs  | RAMB36 | RAMB18 | DSP Blocks |
+---------------------------------+----------------------------------------+------------+------------+---------+------+-------+--------+--------+------------+
| npu_dma_subsystem               |                                  (top) |      16330 |      16321 |       0 |    9 | 13856 |     58 |      0 |         68 |
|   (npu_dma_subsystem)           |                                  (top) |          0 |          0 |       0 |    0 |   379 |      0 |      0 |          0 |
|   conv2d_pipeline               |                    npu_conv2d_pipeline |       5339 |       5330 |       0 |    9 |  5398 |      2 |      0 |         68 |
|     (conv2d_pipeline)           |                    npu_conv2d_pipeline |         61 |         61 |       0 |    0 |  1202 |      0 |      0 |          0 |
|     controller                  |                  npu_conv2d_controller |       2944 |       2935 |       0 |    9 |  2558 |      0 |      0 |         64 |
|       (controller)              |                  npu_conv2d_controller |        557 |        557 |       0 |    0 |   361 |      0 |      0 |          0 |
|       mac                       |                     npu_tensor_mac_8x8 |       2031 |       2022 |       0 |    9 |  1967 |      0 |      0 |         64 |
|       setup_multiplier          |                    npu_u32_mul_iter_24 |        376 |        376 |       0 |    0 |   230 |      0 |      0 |          0 |
|     post                        |                       npu_requant_post |       2334 |       2334 |       0 |    0 |  1638 |      2 |      0 |          4 |
|   engine                        |                         npu_dma_engine |       3460 |       3460 |       0 |    0 |   790 |      0 |      0 |          0 |
|   frontend                      |                       npu_dma_frontend |       5578 |       5578 |       0 |    0 |  6218 |      0 |      0 |          0 |
|     (frontend)                  |                       npu_dma_frontend |         40 |         40 |       0 |    0 |   992 |      0 |      0 |          0 |
|     address_generator           |                            npu_dma_agu |       3922 |       3922 |       0 |    0 |  2576 |      0 |      0 |          0 |
|       (address_generator)       |                            npu_dma_agu |       1795 |       1795 |       0 |    0 |  2346 |      0 |      0 |          0 |
|       shared_address_multiplier |                       npu_u32_mul_iter |       2127 |       2127 |       0 |    0 |   230 |      0 |      0 |          0 |
|     descriptor_cache            |                   npu_descriptor_cache |       1616 |       1616 |       0 |    0 |  2650 |      0 |      0 |          0 |
|   scratchpad                    |                         npu_scratchpad |       1953 |       1953 |       0 |    0 |  1071 |     56 |      0 |          0 |
|     (scratchpad)                |                         npu_scratchpad |        144 |        144 |       0 |    0 |  1061 |      0 |      0 |          0 |
|     g_activation[1].bank        |                  npu_scratchpad_bank_0 |        255 |        255 |       0 |    0 |     1 |     16 |      0 |          0 |
|       g_memory_lane[1].lane     |                 npu_scratchpad_lane_21 |        115 |        115 |       0 |    0 |     0 |      8 |      0 |          0 |
|       g_memory_lane[0].lane     |                    npu_scratchpad_lane |        108 |        108 |       0 |    0 |     0 |      8 |      0 |          0 |
|     g_output[0].bank            |    npu_scratchpad_bank__parameterized1 |        108 |        108 |       0 |    0 |     1 |      4 |      0 |          0 |
|     g_output[1].bank            |  npu_scratchpad_bank__parameterized1_1 |        131 |        131 |       0 |    0 |     1 |      4 |      0 |          0 |
|       g_memory_lane[1].lane     | npu_scratchpad_lane__parameterized1_18 |         67 |         67 |       0 |    0 |     0 |      2 |      0 |          0 |
|       g_memory_lane[0].lane     |    npu_scratchpad_lane__parameterized1 |         64 |         64 |       0 |    0 |     0 |      2 |      0 |          0 |
|     g_weight[0].bank            |    npu_scratchpad_bank__parameterized0 |        514 |        514 |       0 |    0 |     3 |      8 |      0 |          0 |
|       (g_weight[0].bank)        |    npu_scratchpad_bank__parameterized0 |        128 |        128 |       0 |    0 |     3 |      0 |      0 |          0 |
|       g_memory_lane[2].lane     | npu_scratchpad_lane__parameterized0_12 |         64 |         64 |       0 |    0 |     0 |      1 |      0 |          0 |
|       g_memory_lane[3].lane     | npu_scratchpad_lane__parameterized0_13 |         64 |         64 |       0 |    0 |     0 |      1 |      0 |          0 |
|       g_memory_lane[4].lane     | npu_scratchpad_lane__parameterized0_14 |         64 |         64 |       0 |    0 |     0 |      1 |      0 |          0 |
|       g_memory_lane[5].lane     | npu_scratchpad_lane__parameterized0_15 |         64 |         64 |       0 |    0 |     0 |      1 |      0 |          0 |
|       g_memory_lane[6].lane     | npu_scratchpad_lane__parameterized0_16 |         64 |         64 |       0 |    0 |     0 |      1 |      0 |          0 |
|       g_memory_lane[7].lane     | npu_scratchpad_lane__parameterized0_17 |         66 |         66 |       0 |    0 |     0 |      1 |      0 |          0 |
|     g_weight[1].bank            |  npu_scratchpad_bank__parameterized0_2 |        769 |        769 |       0 |    0 |     3 |      8 |      0 |          0 |
|       (g_weight[1].bank)        |  npu_scratchpad_bank__parameterized0_2 |        128 |        128 |       0 |    0 |     3 |      0 |      0 |          0 |
|       g_memory_lane[0].lane     |    npu_scratchpad_lane__parameterized0 |        128 |        128 |       0 |    0 |     0 |      1 |      0 |          0 |
|       g_memory_lane[1].lane     |  npu_scratchpad_lane__parameterized0_3 |        128 |        128 |       0 |    0 |     0 |      1 |      0 |          0 |
|       g_memory_lane[2].lane     |  npu_scratchpad_lane__parameterized0_4 |         64 |         64 |       0 |    0 |     0 |      1 |      0 |          0 |
|       g_memory_lane[3].lane     |  npu_scratchpad_lane__parameterized0_5 |         64 |         64 |       0 |    0 |     0 |      1 |      0 |          0 |
|       g_memory_lane[4].lane     |  npu_scratchpad_lane__parameterized0_6 |         64 |         64 |       0 |    0 |     0 |      1 |      0 |          0 |
|       g_memory_lane[5].lane     |  npu_scratchpad_lane__parameterized0_7 |         64 |         64 |       0 |    0 |     0 |      1 |      0 |          0 |
|       g_memory_lane[6].lane     |  npu_scratchpad_lane__parameterized0_8 |         64 |         64 |       0 |    0 |     0 |      1 |      0 |          0 |
|       g_memory_lane[7].lane     |  npu_scratchpad_lane__parameterized0_9 |         65 |         65 |       0 |    0 |     0 |      1 |      0 |          0 |
+---------------------------------+----------------------------------------+------------+------------+---------+------+-------+--------+--------+------------+


