Copyright 1986-2022 Xilinx, Inc. All Rights Reserved. Copyright 2022-2026 Advanced Micro Devices, Inc. All Rights Reserved.
-----------------------------------------------------------------------------------------------------------------------------------------------------------
| Tool Version : Vivado v.2026.1 (win64) Build 6511674 Tue Jun 16 11:02:23 MDT 2026
| Date         : Wed Sep 16 13:55:33 2026
| Host         : RAW2332 running 64-bit major release  (build 9200)
| Command      : report_drc -ruledeck default -file D:/WORKBUDDY/STEM/npu-stem-repo/hardware/reports/vivado_2026_1/navigator_z7020_candidate/drc_synth.rpt
| Design       : npu_soc_wrapper
| Device       : xc7z020clg400-2
| Speed File   : -2
| Design State : Synthesized
-----------------------------------------------------------------------------------------------------------------------------------------------------------

Report DRC

Table of Contents
-----------------
1. REPORT SUMMARY
2. REPORT DETAILS

1. REPORT SUMMARY
-----------------
            Netlist: netlist
          Floorplan: design_1
      Design limits: <entire design considered>
           Ruledeck: default
             Max checks: <unlimited>
             Checks found: 111
+-----------+----------+----------------------------+--------+
| Rule      | Severity | Description                | Checks |
+-----------+----------+----------------------------+--------+
| CHECK-3   | Warning  | Report rule limit reached  | 1      |
| DPIP-1    | Warning  | Input pipelining           | 14     |
| DPOP-1    | Warning  | PREG Output pipelining     | 4      |
| DPOP-2    | Warning  | MREG Output pipelining     | 72     |
| REQP-1839 | Warning  | RAMB36 async control check | 20     |
+-----------+----------+----------------------------+--------+

2. REPORT DETAILS
-----------------
CHECK-3#1 Warning
Report rule limit reached  
REQP-1839 rule limit reached: 20 violations have been found.
Related violations: <none>

DPIP-1#1 Warning
Input pipelining  
DSP npu_soc_i/stem_npu_0/inst/core/data_subsystem/conv2d_pipeline/post/product_q0 input npu_soc_i/stem_npu_0/inst/core/data_subsystem/conv2d_pipeline/post/product_q0/A[29:0] is not pipelined. Pipelining DSP48 input will improve performance.
Related violations: <none>

DPIP-1#2 Warning
Input pipelining  
DSP npu_soc_i/stem_npu_0/inst/core/data_subsystem/conv2d_pipeline/post/product_q0 input npu_soc_i/stem_npu_0/inst/core/data_subsystem/conv2d_pipeline/post/product_q0/B[17:0] is not pipelined. Pipelining DSP48 input will improve performance.
Related violations: <none>

DPIP-1#3 Warning
Input pipelining  
DSP npu_soc_i/stem_npu_0/inst/core/data_subsystem/conv2d_pipeline/post/product_q0__0 input npu_soc_i/stem_npu_0/inst/core/data_subsystem/conv2d_pipeline/post/product_q0__0/A[29:0] is not pipelined. Pipelining DSP48 input will improve performance.
Related violations: <none>

DPIP-1#4 Warning
Input pipelining  
DSP npu_soc_i/stem_npu_0/inst/core/data_subsystem/conv2d_pipeline/post/product_q0__0 input npu_soc_i/stem_npu_0/inst/core/data_subsystem/conv2d_pipeline/post/product_q0__0/B[17:0] is not pipelined. Pipelining DSP48 input will improve performance.
Related violations: <none>

DPIP-1#5 Warning
Input pipelining  
DSP npu_soc_i/stem_npu_0/inst/core/data_subsystem/conv2d_pipeline/post/product_q_reg input npu_soc_i/stem_npu_0/inst/core/data_subsystem/conv2d_pipeline/post/product_q_reg/A[29:0] is not pipelined. Pipelining DSP48 input will improve performance.
Related violations: <none>

DPIP-1#6 Warning
Input pipelining  
DSP npu_soc_i/stem_npu_0/inst/core/data_subsystem/conv2d_pipeline/post/product_q_reg input npu_soc_i/stem_npu_0/inst/core/data_subsystem/conv2d_pipeline/post/product_q_reg/B[17:0] is not pipelined. Pipelining DSP48 input will improve performance.
Related violations: <none>

DPIP-1#7 Warning
Input pipelining  
DSP npu_soc_i/stem_npu_0/inst/core/data_subsystem/conv2d_pipeline/post/product_q_reg__0 input npu_soc_i/stem_npu_0/inst/core/data_subsystem/conv2d_pipeline/post/product_q_reg__0/B[17:0] is not pipelined. Pipelining DSP48 input will improve performance.
Related violations: <none>

DPIP-1#8 Warning
Input pipelining  
DSP npu_soc_i/stem_npu_0/inst/core/vec_add/residual_requant/product_q0 input npu_soc_i/stem_npu_0/inst/core/vec_add/residual_requant/product_q0/A[29:0] is not pipelined. Pipelining DSP48 input will improve performance.
Related violations: <none>

DPIP-1#9 Warning
Input pipelining  
DSP npu_soc_i/stem_npu_0/inst/core/vec_add/residual_requant/product_q0 input npu_soc_i/stem_npu_0/inst/core/vec_add/residual_requant/product_q0/B[17:0] is not pipelined. Pipelining DSP48 input will improve performance.
Related violations: <none>

DPIP-1#10 Warning
Input pipelining  
DSP npu_soc_i/stem_npu_0/inst/core/vec_add/residual_requant/product_q0__0 input npu_soc_i/stem_npu_0/inst/core/vec_add/residual_requant/product_q0__0/A[29:0] is not pipelined. Pipelining DSP48 input will improve performance.
Related violations: <none>

DPIP-1#11 Warning
Input pipelining  
DSP npu_soc_i/stem_npu_0/inst/core/vec_add/residual_requant/product_q0__0 input npu_soc_i/stem_npu_0/inst/core/vec_add/residual_requant/product_q0__0/B[17:0] is not pipelined. Pipelining DSP48 input will improve performance.
Related violations: <none>

DPIP-1#12 Warning
Input pipelining  
DSP npu_soc_i/stem_npu_0/inst/core/vec_add/residual_requant/product_q_reg input npu_soc_i/stem_npu_0/inst/core/vec_add/residual_requant/product_q_reg/A[29:0] is not pipelined. Pipelining DSP48 input will improve performance.
Related violations: <none>

DPIP-1#13 Warning
Input pipelining  
DSP npu_soc_i/stem_npu_0/inst/core/vec_add/residual_requant/product_q_reg input npu_soc_i/stem_npu_0/inst/core/vec_add/residual_requant/product_q_reg/B[17:0] is not pipelined. Pipelining DSP48 input will improve performance.
Related violations: <none>

DPIP-1#14 Warning
Input pipelining  
DSP npu_soc_i/stem_npu_0/inst/core/vec_add/residual_requant/product_q_reg__0 input npu_soc_i/stem_npu_0/inst/core/vec_add/residual_requant/product_q_reg__0/B[17:0] is not pipelined. Pipelining DSP48 input will improve performance.
Related violations: <none>

DPOP-1#1 Warning
PREG Output pipelining  
DSP npu_soc_i/stem_npu_0/inst/core/data_subsystem/conv2d_pipeline/post/product_q0 output npu_soc_i/stem_npu_0/inst/core/data_subsystem/conv2d_pipeline/post/product_q0/P[47:0] is not pipelined (PREG=0). Pipelining the DSP48 output will improve performance and often saves power so it is suggested whenever possible to fully pipeline this function.  If this DSP48 function was inferred, it is suggested to describe an additional register stage after this function.  If the DSP48 was instantiated in the design, it is suggested to set the PREG attribute to 1.
Related violations: <none>

DPOP-1#2 Warning
PREG Output pipelining  
DSP npu_soc_i/stem_npu_0/inst/core/data_subsystem/conv2d_pipeline/post/product_q0__0 output npu_soc_i/stem_npu_0/inst/core/data_subsystem/conv2d_pipeline/post/product_q0__0/P[47:0] is not pipelined (PREG=0). Pipelining the DSP48 output will improve performance and often saves power so it is suggested whenever possible to fully pipeline this function.  If this DSP48 function was inferred, it is suggested to describe an additional register stage after this function.  If the DSP48 was instantiated in the design, it is suggested to set the PREG attribute to 1.
Related violations: <none>

DPOP-1#3 Warning
PREG Output pipelining  
DSP npu_soc_i/stem_npu_0/inst/core/vec_add/residual_requant/product_q0 output npu_soc_i/stem_npu_0/inst/core/vec_add/residual_requant/product_q0/P[47:0] is not pipelined (PREG=0). Pipelining the DSP48 output will improve performance and often saves power so it is suggested whenever possible to fully pipeline this function.  If this DSP48 function was inferred, it is suggested to describe an additional register stage after this function.  If the DSP48 was instantiated in the design, it is suggested to set the PREG attribute to 1.
Related violations: <none>

DPOP-1#4 Warning
PREG Output pipelining  
DSP npu_soc_i/stem_npu_0/inst/core/vec_add/residual_requant/product_q0__0 output npu_soc_i/stem_npu_0/inst/core/vec_add/residual_requant/product_q0__0/P[47:0] is not pipelined (PREG=0). Pipelining the DSP48 output will improve performance and often saves power so it is suggested whenever possible to fully pipeline this function.  If this DSP48 function was inferred, it is suggested to describe an additional register stage after this function.  If the DSP48 was instantiated in the design, it is suggested to set the PREG attribute to 1.
Related violations: <none>

DPOP-2#1 Warning
MREG Output pipelining  
DSP npu_soc_i/stem_npu_0/inst/core/data_subsystem/conv2d_pipeline/controller/mac/product_q_reg[0][0] multiplier stage npu_soc_i/stem_npu_0/inst/core/data_subsystem/conv2d_pipeline/controller/mac/product_q_reg[0][0]/P[47:0] is not pipelined (MREG=0). Pipelining the multiplier function will improve performance and will save significant power so it is suggested whenever possible to fully pipeline this function.  If this multiplier was inferred, it is suggested to describe an additional register stage after this function.  If there is no registered adder/accumulator following the multiply function, two pipeline stages are suggested to allow both the MREG and PREG registers to be used.  If the DSP48 was instantiated in the design, it is suggested to set both the MREG and PREG attributes to 1 when performing multiply functions.
Related violations: <none>

DPOP-2#2 Warning
MREG Output pipelining  
DSP npu_soc_i/stem_npu_0/inst/core/data_subsystem/conv2d_pipeline/controller/mac/product_q_reg[0][1] multiplier stage npu_soc_i/stem_npu_0/inst/core/data_subsystem/conv2d_pipeline/controller/mac/product_q_reg[0][1]/P[47:0] is not pipelined (MREG=0). Pipelining the multiplier function will improve performance and will save significant power so it is suggested whenever possible to fully pipeline this function.  If this multiplier was inferred, it is suggested to describe an additional register stage after this function.  If there is no registered adder/accumulator following the multiply function, two pipeline stages are suggested to allow both the MREG and PREG registers to be used.  If the DSP48 was instantiated in the design, it is suggested to set both the MREG and PREG attributes to 1 when performing multiply functions.
Related violations: <none>

DPOP-2#3 Warning
MREG Output pipelining  
DSP npu_soc_i/stem_npu_0/inst/core/data_subsystem/conv2d_pipeline/controller/mac/product_q_reg[0][2] multiplier stage npu_soc_i/stem_npu_0/inst/core/data_subsystem/conv2d_pipeline/controller/mac/product_q_reg[0][2]/P[47:0] is not pipelined (MREG=0). Pipelining the multiplier function will improve performance and will save significant power so it is suggested whenever possible to fully pipeline this function.  If this multiplier was inferred, it is suggested to describe an additional register stage after this function.  If there is no registered adder/accumulator following the multiply function, two pipeline stages are suggested to allow both the MREG and PREG registers to be used.  If the DSP48 was instantiated in the design, it is suggested to set both the MREG and PREG attributes to 1 when performing multiply functions.
Related violations: <none>

DPOP-2#4 Warning
MREG Output pipelining  
DSP npu_soc_i/stem_npu_0/inst/core/data_subsystem/conv2d_pipeline/controller/mac/product_q_reg[0][3] multiplier stage npu_soc_i/stem_npu_0/inst/core/data_subsystem/conv2d_pipeline/controller/mac/product_q_reg[0][3]/P[47:0] is not pipelined (MREG=0). Pipelining the multiplier function will improve performance and will save significant power so it is suggested whenever possible to fully pipeline this function.  If this multiplier was inferred, it is suggested to describe an additional register stage after this function.  If there is no registered adder/accumulator following the multiply function, two pipeline stages are suggested to allow both the MREG and PREG registers to be used.  If the DSP48 was instantiated in the design, it is suggested to set both the MREG and PREG attributes to 1 when performing multiply functions.
Related violations: <none>

DPOP-2#5 Warning
MREG Output pipelining  
DSP npu_soc_i/stem_npu_0/inst/core/data_subsystem/conv2d_pipeline/controller/mac/product_q_reg[0][4] multiplier stage npu_soc_i/stem_npu_0/inst/core/data_subsystem/conv2d_pipeline/controller/mac/product_q_reg[0][4]/P[47:0] is not pipelined (MREG=0). Pipelining the multiplier function will improve performance and will save significant power so it is suggested whenever possible to fully pipeline this function.  If this multiplier was inferred, it is suggested to describe an additional register stage after this function.  If there is no registered adder/accumulator following the multiply function, two pipeline stages are suggested to allow both the MREG and PREG registers to be used.  If the DSP48 was instantiated in the design, it is suggested to set both the MREG and PREG attributes to 1 when performing multiply functions.
Related violations: <none>

DPOP-2#6 Warning
MREG Output pipelining  
DSP npu_soc_i/stem_npu_0/inst/core/data_subsystem/conv2d_pipeline/controller/mac/product_q_reg[0][5] multiplier stage npu_soc_i/stem_npu_0/inst/core/data_subsystem/conv2d_pipeline/controller/mac/product_q_reg[0][5]/P[47:0] is not pipelined (MREG=0). Pipelining the multiplier function will improve performance and will save significant power so it is suggested whenever possible to fully pipeline this function.  If this multiplier was inferred, it is suggested to describe an additional register stage after this function.  If there is no registered adder/accumulator following the multiply function, two pipeline stages are suggested to allow both the MREG and PREG registers to be used.  If the DSP48 was instantiated in the design, it is suggested to set both the MREG and PREG attributes to 1 when performing multiply functions.
Related violations: <none>

DPOP-2#7 Warning
MREG Output pipelining  
DSP npu_soc_i/stem_npu_0/inst/core/data_subsystem/conv2d_pipeline/controller/mac/product_q_reg[0][6] multiplier stage npu_soc_i/stem_npu_0/inst/core/data_subsystem/conv2d_pipeline/controller/mac/product_q_reg[0][6]/P[47:0] is not pipelined (MREG=0). Pipelining the multiplier function will improve performance and will save significant power so it is suggested whenever possible to fully pipeline this function.  If this multiplier was inferred, it is suggested to describe an additional register stage after this function.  If there is no registered adder/accumulator following the multiply function, two pipeline stages are suggested to allow both the MREG and PREG registers to be used.  If the DSP48 was instantiated in the design, it is suggested to set both the MREG and PREG attributes to 1 when performing multiply functions.
Related violations: <none>

DPOP-2#8 Warning
MREG Output pipelining  
DSP npu_soc_i/stem_npu_0/inst/core/data_subsystem/conv2d_pipeline/controller/mac/product_q_reg[0][7] multiplier stage npu_soc_i/stem_npu_0/inst/core/data_subsystem/conv2d_pipeline/controller/mac/product_q_reg[0][7]/P[47:0] is not pipelined (MREG=0). Pipelining the multiplier function will improve performance and will save significant power so it is suggested whenever possible to fully pipeline this function.  If this multiplier was inferred, it is suggested to describe an additional register stage after this function.  If there is no registered adder/accumulator following the multiply function, two pipeline stages are suggested to allow both the MREG and PREG registers to be used.  If the DSP48 was instantiated in the design, it is suggested to set both the MREG and PREG attributes to 1 when performing multiply functions.
Related violations: <none>

DPOP-2#9 Warning
MREG Output pipelining  
DSP npu_soc_i/stem_npu_0/inst/core/data_subsystem/conv2d_pipeline/controller/mac/product_q_reg[1][0] multiplier stage npu_soc_i/stem_npu_0/inst/core/data_subsystem/conv2d_pipeline/controller/mac/product_q_reg[1][0]/P[47:0] is not pipelined (MREG=0). Pipelining the multiplier function will improve performance and will save significant power so it is suggested whenever possible to fully pipeline this function.  If this multiplier was inferred, it is suggested to describe an additional register stage after this function.  If there is no registered adder/accumulator following the multiply function, two pipeline stages are suggested to allow both the MREG and PREG registers to be used.  If the DSP48 was instantiated in the design, it is suggested to set both the MREG and PREG attributes to 1 when performing multiply functions.
Related violations: <none>

DPOP-2#10 Warning
MREG Output pipelining  
DSP npu_soc_i/stem_npu_0/inst/core/data_subsystem/conv2d_pipeline/controller/mac/product_q_reg[1][1] multiplier stage npu_soc_i/stem_npu_0/inst/core/data_subsystem/conv2d_pipeline/controller/mac/product_q_reg[1][1]/P[47:0] is not pipelined (MREG=0). Pipelining the multiplier function will improve performance and will save significant power so it is suggested whenever possible to fully pipeline this function.  If this multiplier was inferred, it is suggested to describe an additional register stage after this function.  If there is no registered adder/accumulator following the multiply function, two pipeline stages are suggested to allow both the MREG and PREG registers to be used.  If the DSP48 was instantiated in the design, it is suggested to set both the MREG and PREG attributes to 1 when performing multiply functions.
Related violations: <none>

DPOP-2#11 Warning
MREG Output pipelining  
DSP npu_soc_i/stem_npu_0/inst/core/data_subsystem/conv2d_pipeline/controller/mac/product_q_reg[1][2] multiplier stage npu_soc_i/stem_npu_0/inst/core/data_subsystem/conv2d_pipeline/controller/mac/product_q_reg[1][2]/P[47:0] is not pipelined (MREG=0). Pipelining the multiplier function will improve performance and will save significant power so it is suggested whenever possible to fully pipeline this function.  If this multiplier was inferred, it is suggested to describe an additional register stage after this function.  If there is no registered adder/accumulator following the multiply function, two pipeline stages are suggested to allow both the MREG and PREG registers to be used.  If the DSP48 was instantiated in the design, it is suggested to set both the MREG and PREG attributes to 1 when performing multiply functions.
Related violations: <none>

DPOP-2#12 Warning
MREG Output pipelining  
DSP npu_soc_i/stem_npu_0/inst/core/data_subsystem/conv2d_pipeline/controller/mac/product_q_reg[1][3] multiplier stage npu_soc_i/stem_npu_0/inst/core/data_subsystem/conv2d_pipeline/controller/mac/product_q_reg[1][3]/P[47:0] is not pipelined (MREG=0). Pipelining the multiplier function will improve performance and will save significant power so it is suggested whenever possible to fully pipeline this function.  If this multiplier was inferred, it is suggested to describe an additional register stage after this function.  If there is no registered adder/accumulator following the multiply function, two pipeline stages are suggested to allow both the MREG and PREG registers to be used.  If the DSP48 was instantiated in the design, it is suggested to set both the MREG and PREG attributes to 1 when performing multiply functions.
Related violations: <none>

DPOP-2#13 Warning
MREG Output pipelining  
DSP npu_soc_i/stem_npu_0/inst/core/data_subsystem/conv2d_pipeline/controller/mac/product_q_reg[1][4] multiplier stage npu_soc_i/stem_npu_0/inst/core/data_subsystem/conv2d_pipeline/controller/mac/product_q_reg[1][4]/P[47:0] is not pipelined (MREG=0). Pipelining the multiplier function will improve performance and will save significant power so it is suggested whenever possible to fully pipeline this function.  If this multiplier was inferred, it is suggested to describe an additional register stage after this function.  If there is no registered adder/accumulator following the multiply function, two pipeline stages are suggested to allow both the MREG and PREG registers to be used.  If the DSP48 was instantiated in the design, it is suggested to set both the MREG and PREG attributes to 1 when performing multiply functions.
Related violations: <none>

DPOP-2#14 Warning
MREG Output pipelining  
DSP npu_soc_i/stem_npu_0/inst/core/data_subsystem/conv2d_pipeline/controller/mac/product_q_reg[1][5] multiplier stage npu_soc_i/stem_npu_0/inst/core/data_subsystem/conv2d_pipeline/controller/mac/product_q_reg[1][5]/P[47:0] is not pipelined (MREG=0). Pipelining the multiplier function will improve performance and will save significant power so it is suggested whenever possible to fully pipeline this function.  If this multiplier was inferred, it is suggested to describe an additional register stage after this function.  If there is no registered adder/accumulator following the multiply function, two pipeline stages are suggested to allow both the MREG and PREG registers to be used.  If the DSP48 was instantiated in the design, it is suggested to set both the MREG and PREG attributes to 1 when performing multiply functions.
Related violations: <none>

DPOP-2#15 Warning
MREG Output pipelining  
DSP npu_soc_i/stem_npu_0/inst/core/data_subsystem/conv2d_pipeline/controller/mac/product_q_reg[1][6] multiplier stage npu_soc_i/stem_npu_0/inst/core/data_subsystem/conv2d_pipeline/controller/mac/product_q_reg[1][6]/P[47:0] is not pipelined (MREG=0). Pipelining the multiplier function will improve performance and will save significant power so it is suggested whenever possible to fully pipeline this function.  If this multiplier was inferred, it is suggested to describe an additional register stage after this function.  If there is no registered adder/accumulator following the multiply function, two pipeline stages are suggested to allow both the MREG and PREG registers to be used.  If the DSP48 was instantiated in the design, it is suggested to set both the MREG and PREG attributes to 1 when performing multiply functions.
Related violations: <none>

DPOP-2#16 Warning
MREG Output pipelining  
DSP npu_soc_i/stem_npu_0/inst/core/data_subsystem/conv2d_pipeline/controller/mac/product_q_reg[1][7] multiplier stage npu_soc_i/stem_npu_0/inst/core/data_subsystem/conv2d_pipeline/controller/mac/product_q_reg[1][7]/P[47:0] is not pipelined (MREG=0). Pipelining the multiplier function will improve performance and will save significant power so it is suggested whenever possible to fully pipeline this function.  If this multiplier was inferred, it is suggested to describe an additional register stage after this function.  If there is no registered adder/accumulator following the multiply function, two pipeline stages are suggested to allow both the MREG and PREG registers to be used.  If the DSP48 was instantiated in the design, it is suggested to set both the MREG and PREG attributes to 1 when performing multiply functions.
Related violations: <none>

DPOP-2#17 Warning
MREG Output pipelining  
DSP npu_soc_i/stem_npu_0/inst/core/data_subsystem/conv2d_pipeline/controller/mac/product_q_reg[2][0] multiplier stage npu_soc_i/stem_npu_0/inst/core/data_subsystem/conv2d_pipeline/controller/mac/product_q_reg[2][0]/P[47:0] is not pipelined (MREG=0). Pipelining the multiplier function will improve performance and will save significant power so it is suggested whenever possible to fully pipeline this function.  If this multiplier was inferred, it is suggested to describe an additional register stage after this function.  If there is no registered adder/accumulator following the multiply function, two pipeline stages are suggested to allow both the MREG and PREG registers to be used.  If the DSP48 was instantiated in the design, it is suggested to set both the MREG and PREG attributes to 1 when performing multiply functions.
Related violations: <none>

DPOP-2#18 Warning
MREG Output pipelining  
DSP npu_soc_i/stem_npu_0/inst/core/data_subsystem/conv2d_pipeline/controller/mac/product_q_reg[2][1] multiplier stage npu_soc_i/stem_npu_0/inst/core/data_subsystem/conv2d_pipeline/controller/mac/product_q_reg[2][1]/P[47:0] is not pipelined (MREG=0). Pipelining the multiplier function will improve performance and will save significant power so it is suggested whenever possible to fully pipeline this function.  If this multiplier was inferred, it is suggested to describe an additional register stage after this function.  If there is no registered adder/accumulator following the multiply function, two pipeline stages are suggested to allow both the MREG and PREG registers to be used.  If the DSP48 was instantiated in the design, it is suggested to set both the MREG and PREG attributes to 1 when performing multiply functions.
Related violations: <none>

DPOP-2#19 Warning
MREG Output pipelining  
DSP npu_soc_i/stem_npu_0/inst/core/data_subsystem/conv2d_pipeline/controller/mac/product_q_reg[2][2] multiplier stage npu_soc_i/stem_npu_0/inst/core/data_subsystem/conv2d_pipeline/controller/mac/product_q_reg[2][2]/P[47:0] is not pipelined (MREG=0). Pipelining the multiplier function will improve performance and will save significant power so it is suggested whenever possible to fully pipeline this function.  If this multiplier was inferred, it is suggested to describe an additional register stage after this function.  If there is no registered adder/accumulator following the multiply function, two pipeline stages are suggested to allow both the MREG and PREG registers to be used.  If the DSP48 was instantiated in the design, it is suggested to set both the MREG and PREG attributes to 1 when performing multiply functions.
Related violations: <none>

DPOP-2#20 Warning
MREG Output pipelining  
DSP npu_soc_i/stem_npu_0/inst/core/data_subsystem/conv2d_pipeline/controller/mac/product_q_reg[2][3] multiplier stage npu_soc_i/stem_npu_0/inst/core/data_subsystem/conv2d_pipeline/controller/mac/product_q_reg[2][3]/P[47:0] is not pipelined (MREG=0). Pipelining the multiplier function will improve performance and will save significant power so it is suggested whenever possible to fully pipeline this function.  If this multiplier was inferred, it is suggested to describe an additional register stage after this function.  If there is no registered adder/accumulator following the multiply function, two pipeline stages are suggested to allow both the MREG and PREG registers to be used.  If the DSP48 was instantiated in the design, it is suggested to set both the MREG and PREG attributes to 1 when performing multiply functions.
Related violations: <none>

DPOP-2#21 Warning
MREG Output pipelining  
DSP npu_soc_i/stem_npu_0/inst/core/data_subsystem/conv2d_pipeline/controller/mac/product_q_reg[2][4] multiplier stage npu_soc_i/stem_npu_0/inst/core/data_subsystem/conv2d_pipeline/controller/mac/product_q_reg[2][4]/P[47:0] is not pipelined (MREG=0). Pipelining the multiplier function will improve performance and will save significant power so it is suggested whenever possible to fully pipeline this function.  If this multiplier was inferred, it is suggested to describe an additional register stage after this function.  If there is no registered adder/accumulator following the multiply function, two pipeline stages are suggested to allow both the MREG and PREG registers to be used.  If the DSP48 was instantiated in the design, it is suggested to set both the MREG and PREG attributes to 1 when performing multiply functions.
Related violations: <none>

DPOP-2#22 Warning
MREG Output pipelining  
DSP npu_soc_i/stem_npu_0/inst/core/data_subsystem/conv2d_pipeline/controller/mac/product_q_reg[2][5] multiplier stage npu_soc_i/stem_npu_0/inst/core/data_subsystem/conv2d_pipeline/controller/mac/product_q_reg[2][5]/P[47:0] is not pipelined (MREG=0). Pipelining the multiplier function will improve performance and will save significant power so it is suggested whenever possible to fully pipeline this function.  If this multiplier was inferred, it is suggested to describe an additional register stage after this function.  If there is no registered adder/accumulator following the multiply function, two pipeline stages are suggested to allow both the MREG and PREG registers to be used.  If the DSP48 was instantiated in the design, it is suggested to set both the MREG and PREG attributes to 1 when performing multiply functions.
Related violations: <none>

DPOP-2#23 Warning
MREG Output pipelining  
DSP npu_soc_i/stem_npu_0/inst/core/data_subsystem/conv2d_pipeline/controller/mac/product_q_reg[2][6] multiplier stage npu_soc_i/stem_npu_0/inst/core/data_subsystem/conv2d_pipeline/controller/mac/product_q_reg[2][6]/P[47:0] is not pipelined (MREG=0). Pipelining the multiplier function will improve performance and will save significant power so it is suggested whenever possible to fully pipeline this function.  If this multiplier was inferred, it is suggested to describe an additional register stage after this function.  If there is no registered adder/accumulator following the multiply function, two pipeline stages are suggested to allow both the MREG and PREG registers to be used.  If the DSP48 was instantiated in the design, it is suggested to set both the MREG and PREG attributes to 1 when performing multiply functions.
Related violations: <none>

DPOP-2#24 Warning
MREG Output pipelining  
DSP npu_soc_i/stem_npu_0/inst/core/data_subsystem/conv2d_pipeline/controller/mac/product_q_reg[2][7] multiplier stage npu_soc_i/stem_npu_0/inst/core/data_subsystem/conv2d_pipeline/controller/mac/product_q_reg[2][7]/P[47:0] is not pipelined (MREG=0). Pipelining the multiplier function will improve performance and will save significant power so it is suggested whenever possible to fully pipeline this function.  If this multiplier was inferred, it is suggested to describe an additional register stage after this function.  If there is no registered adder/accumulator following the multiply function, two pipeline stages are suggested to allow both the MREG and PREG registers to be used.  If the DSP48 was instantiated in the design, it is suggested to set both the MREG and PREG attributes to 1 when performing multiply functions.
Related violations: <none>

DPOP-2#25 Warning
MREG Output pipelining  
DSP npu_soc_i/stem_npu_0/inst/core/data_subsystem/conv2d_pipeline/controller/mac/product_q_reg[3][0] multiplier stage npu_soc_i/stem_npu_0/inst/core/data_subsystem/conv2d_pipeline/controller/mac/product_q_reg[3][0]/P[47:0] is not pipelined (MREG=0). Pipelining the multiplier function will improve performance and will save significant power so it is suggested whenever possible to fully pipeline this function.  If this multiplier was inferred, it is suggested to describe an additional register stage after this function.  If there is no registered adder/accumulator following the multiply function, two pipeline stages are suggested to allow both the MREG and PREG registers to be used.  If the DSP48 was instantiated in the design, it is suggested to set both the MREG and PREG attributes to 1 when performing multiply functions.
Related violations: <none>

DPOP-2#26 Warning
MREG Output pipelining  
DSP npu_soc_i/stem_npu_0/inst/core/data_subsystem/conv2d_pipeline/controller/mac/product_q_reg[3][1] multiplier stage npu_soc_i/stem_npu_0/inst/core/data_subsystem/conv2d_pipeline/controller/mac/product_q_reg[3][1]/P[47:0] is not pipelined (MREG=0). Pipelining the multiplier function will improve performance and will save significant power so it is suggested whenever possible to fully pipeline this function.  If this multiplier was inferred, it is suggested to describe an additional register stage after this function.  If there is no registered adder/accumulator following the multiply function, two pipeline stages are suggested to allow both the MREG and PREG registers to be used.  If the DSP48 was instantiated in the design, it is suggested to set both the MREG and PREG attributes to 1 when performing multiply functions.
Related violations: <none>

DPOP-2#27 Warning
MREG Output pipelining  
DSP npu_soc_i/stem_npu_0/inst/core/data_subsystem/conv2d_pipeline/controller/mac/product_q_reg[3][2] multiplier stage npu_soc_i/stem_npu_0/inst/core/data_subsystem/conv2d_pipeline/controller/mac/product_q_reg[3][2]/P[47:0] is not pipelined (MREG=0). Pipelining the multiplier function will improve performance and will save significant power so it is suggested whenever possible to fully pipeline this function.  If this multiplier was inferred, it is suggested to describe an additional register stage after this function.  If there is no registered adder/accumulator following the multiply function, two pipeline stages are suggested to allow both the MREG and PREG registers to be used.  If the DSP48 was instantiated in the design, it is suggested to set both the MREG and PREG attributes to 1 when performing multiply functions.
Related violations: <none>

DPOP-2#28 Warning
MREG Output pipelining  
DSP npu_soc_i/stem_npu_0/inst/core/data_subsystem/conv2d_pipeline/controller/mac/product_q_reg[3][3] multiplier stage npu_soc_i/stem_npu_0/inst/core/data_subsystem/conv2d_pipeline/controller/mac/product_q_reg[3][3]/P[47:0] is not pipelined (MREG=0). Pipelining the multiplier function will improve performance and will save significant power so it is suggested whenever possible to fully pipeline this function.  If this multiplier was inferred, it is suggested to describe an additional register stage after this function.  If there is no registered adder/accumulator following the multiply function, two pipeline stages are suggested to allow both the MREG and PREG registers to be used.  If the DSP48 was instantiated in the design, it is suggested to set both the MREG and PREG attributes to 1 when performing multiply functions.
Related violations: <none>

DPOP-2#29 Warning
MREG Output pipelining  
DSP npu_soc_i/stem_npu_0/inst/core/data_subsystem/conv2d_pipeline/controller/mac/product_q_reg[3][4] multiplier stage npu_soc_i/stem_npu_0/inst/core/data_subsystem/conv2d_pipeline/controller/mac/product_q_reg[3][4]/P[47:0] is not pipelined (MREG=0). Pipelining the multiplier function will improve performance and will save significant power so it is suggested whenever possible to fully pipeline this function.  If this multiplier was inferred, it is suggested to describe an additional register stage after this function.  If there is no registered adder/accumulator following the multiply function, two pipeline stages are suggested to allow both the MREG and PREG registers to be used.  If the DSP48 was instantiated in the design, it is suggested to set both the MREG and PREG attributes to 1 when performing multiply functions.
Related violations: <none>

DPOP-2#30 Warning
MREG Output pipelining  
DSP npu_soc_i/stem_npu_0/inst/core/data_subsystem/conv2d_pipeline/controller/mac/product_q_reg[3][5] multiplier stage npu_soc_i/stem_npu_0/inst/core/data_subsystem/conv2d_pipeline/controller/mac/product_q_reg[3][5]/P[47:0] is not pipelined (MREG=0). Pipelining the multiplier function will improve performance and will save significant power so it is suggested whenever possible to fully pipeline this function.  If this multiplier was inferred, it is suggested to describe an additional register stage after this function.  If there is no registered adder/accumulator following the multiply function, two pipeline stages are suggested to allow both the MREG and PREG registers to be used.  If the DSP48 was instantiated in the design, it is suggested to set both the MREG and PREG attributes to 1 when performing multiply functions.
Related violations: <none>

DPOP-2#31 Warning
MREG Output pipelining  
DSP npu_soc_i/stem_npu_0/inst/core/data_subsystem/conv2d_pipeline/controller/mac/product_q_reg[3][6] multiplier stage npu_soc_i/stem_npu_0/inst/core/data_subsystem/conv2d_pipeline/controller/mac/product_q_reg[3][6]/P[47:0] is not pipelined (MREG=0). Pipelining the multiplier function will improve performance and will save significant power so it is suggested whenever possible to fully pipeline this function.  If this multiplier was inferred, it is suggested to describe an additional register stage after this function.  If there is no registered adder/accumulator following the multiply function, two pipeline stages are suggested to allow both the MREG and PREG registers to be used.  If the DSP48 was instantiated in the design, it is suggested to set both the MREG and PREG attributes to 1 when performing multiply functions.
Related violations: <none>

DPOP-2#32 Warning
MREG Output pipelining  
DSP npu_soc_i/stem_npu_0/inst/core/data_subsystem/conv2d_pipeline/controller/mac/product_q_reg[3][7] multiplier stage npu_soc_i/stem_npu_0/inst/core/data_subsystem/conv2d_pipeline/controller/mac/product_q_reg[3][7]/P[47:0] is not pipelined (MREG=0). Pipelining the multiplier function will improve performance and will save significant power so it is suggested whenever possible to fully pipeline this function.  If this multiplier was inferred, it is suggested to describe an additional register stage after this function.  If there is no registered adder/accumulator following the multiply function, two pipeline stages are suggested to allow both the MREG and PREG registers to be used.  If the DSP48 was instantiated in the design, it is suggested to set both the MREG and PREG attributes to 1 when performing multiply functions.
Related violations: <none>

DPOP-2#33 Warning
MREG Output pipelining  
DSP npu_soc_i/stem_npu_0/inst/core/data_subsystem/conv2d_pipeline/controller/mac/product_q_reg[4][0] multiplier stage npu_soc_i/stem_npu_0/inst/core/data_subsystem/conv2d_pipeline/controller/mac/product_q_reg[4][0]/P[47:0] is not pipelined (MREG=0). Pipelining the multiplier function will improve performance and will save significant power so it is suggested whenever possible to fully pipeline this function.  If this multiplier was inferred, it is suggested to describe an additional register stage after this function.  If there is no registered adder/accumulator following the multiply function, two pipeline stages are suggested to allow both the MREG and PREG registers to be used.  If the DSP48 was instantiated in the design, it is suggested to set both the MREG and PREG attributes to 1 when performing multiply functions.
Related violations: <none>

DPOP-2#34 Warning
MREG Output pipelining  
DSP npu_soc_i/stem_npu_0/inst/core/data_subsystem/conv2d_pipeline/controller/mac/product_q_reg[4][1] multiplier stage npu_soc_i/stem_npu_0/inst/core/data_subsystem/conv2d_pipeline/controller/mac/product_q_reg[4][1]/P[47:0] is not pipelined (MREG=0). Pipelining the multiplier function will improve performance and will save significant power so it is suggested whenever possible to fully pipeline this function.  If this multiplier was inferred, it is suggested to describe an additional register stage after this function.  If there is no registered adder/accumulator following the multiply function, two pipeline stages are suggested to allow both the MREG and PREG registers to be used.  If the DSP48 was instantiated in the design, it is suggested to set both the MREG and PREG attributes to 1 when performing multiply functions.
Related violations: <none>

DPOP-2#35 Warning
MREG Output pipelining  
DSP npu_soc_i/stem_npu_0/inst/core/data_subsystem/conv2d_pipeline/controller/mac/product_q_reg[4][2] multiplier stage npu_soc_i/stem_npu_0/inst/core/data_subsystem/conv2d_pipeline/controller/mac/product_q_reg[4][2]/P[47:0] is not pipelined (MREG=0). Pipelining the multiplier function will improve performance and will save significant power so it is suggested whenever possible to fully pipeline this function.  If this multiplier was inferred, it is suggested to describe an additional register stage after this function.  If there is no registered adder/accumulator following the multiply function, two pipeline stages are suggested to allow both the MREG and PREG registers to be used.  If the DSP48 was instantiated in the design, it is suggested to set both the MREG and PREG attributes to 1 when performing multiply functions.
Related violations: <none>

DPOP-2#36 Warning
MREG Output pipelining  
DSP npu_soc_i/stem_npu_0/inst/core/data_subsystem/conv2d_pipeline/controller/mac/product_q_reg[4][3] multiplier stage npu_soc_i/stem_npu_0/inst/core/data_subsystem/conv2d_pipeline/controller/mac/product_q_reg[4][3]/P[47:0] is not pipelined (MREG=0). Pipelining the multiplier function will improve performance and will save significant power so it is suggested whenever possible to fully pipeline this function.  If this multiplier was inferred, it is suggested to describe an additional register stage after this function.  If there is no registered adder/accumulator following the multiply function, two pipeline stages are suggested to allow both the MREG and PREG registers to be used.  If the DSP48 was instantiated in the design, it is suggested to set both the MREG and PREG attributes to 1 when performing multiply functions.
Related violations: <none>

DPOP-2#37 Warning
MREG Output pipelining  
DSP npu_soc_i/stem_npu_0/inst/core/data_subsystem/conv2d_pipeline/controller/mac/product_q_reg[4][4] multiplier stage npu_soc_i/stem_npu_0/inst/core/data_subsystem/conv2d_pipeline/controller/mac/product_q_reg[4][4]/P[47:0] is not pipelined (MREG=0). Pipelining the multiplier function will improve performance and will save significant power so it is suggested whenever possible to fully pipeline this function.  If this multiplier was inferred, it is suggested to describe an additional register stage after this function.  If there is no registered adder/accumulator following the multiply function, two pipeline stages are suggested to allow both the MREG and PREG registers to be used.  If the DSP48 was instantiated in the design, it is suggested to set both the MREG and PREG attributes to 1 when performing multiply functions.
Related violations: <none>

DPOP-2#38 Warning
MREG Output pipelining  
DSP npu_soc_i/stem_npu_0/inst/core/data_subsystem/conv2d_pipeline/controller/mac/product_q_reg[4][5] multiplier stage npu_soc_i/stem_npu_0/inst/core/data_subsystem/conv2d_pipeline/controller/mac/product_q_reg[4][5]/P[47:0] is not pipelined (MREG=0). Pipelining the multiplier function will improve performance and will save significant power so it is suggested whenever possible to fully pipeline this function.  If this multiplier was inferred, it is suggested to describe an additional register stage after this function.  If there is no registered adder/accumulator following the multiply function, two pipeline stages are suggested to allow both the MREG and PREG registers to be used.  If the DSP48 was instantiated in the design, it is suggested to set both the MREG and PREG attributes to 1 when performing multiply functions.
Related violations: <none>

DPOP-2#39 Warning
MREG Output pipelining  
DSP npu_soc_i/stem_npu_0/inst/core/data_subsystem/conv2d_pipeline/controller/mac/product_q_reg[4][6] multiplier stage npu_soc_i/stem_npu_0/inst/core/data_subsystem/conv2d_pipeline/controller/mac/product_q_reg[4][6]/P[47:0] is not pipelined (MREG=0). Pipelining the multiplier function will improve performance and will save significant power so it is suggested whenever possible to fully pipeline this function.  If this multiplier was inferred, it is suggested to describe an additional register stage after this function.  If there is no registered adder/accumulator following the multiply function, two pipeline stages are suggested to allow both the MREG and PREG registers to be used.  If the DSP48 was instantiated in the design, it is suggested to set both the MREG and PREG attributes to 1 when performing multiply functions.
Related violations: <none>

DPOP-2#40 Warning
MREG Output pipelining  
DSP npu_soc_i/stem_npu_0/inst/core/data_subsystem/conv2d_pipeline/controller/mac/product_q_reg[4][7] multiplier stage npu_soc_i/stem_npu_0/inst/core/data_subsystem/conv2d_pipeline/controller/mac/product_q_reg[4][7]/P[47:0] is not pipelined (MREG=0). Pipelining the multiplier function will improve performance and will save significant power so it is suggested whenever possible to fully pipeline this function.  If this multiplier was inferred, it is suggested to describe an additional register stage after this function.  If there is no registered adder/accumulator following the multiply function, two pipeline stages are suggested to allow both the MREG and PREG registers to be used.  If the DSP48 was instantiated in the design, it is suggested to set both the MREG and PREG attributes to 1 when performing multiply functions.
Related violations: <none>

DPOP-2#41 Warning
MREG Output pipelining  
DSP npu_soc_i/stem_npu_0/inst/core/data_subsystem/conv2d_pipeline/controller/mac/product_q_reg[5][0] multiplier stage npu_soc_i/stem_npu_0/inst/core/data_subsystem/conv2d_pipeline/controller/mac/product_q_reg[5][0]/P[47:0] is not pipelined (MREG=0). Pipelining the multiplier function will improve performance and will save significant power so it is suggested whenever possible to fully pipeline this function.  If this multiplier was inferred, it is suggested to describe an additional register stage after this function.  If there is no registered adder/accumulator following the multiply function, two pipeline stages are suggested to allow both the MREG and PREG registers to be used.  If the DSP48 was instantiated in the design, it is suggested to set both the MREG and PREG attributes to 1 when performing multiply functions.
Related violations: <none>

DPOP-2#42 Warning
MREG Output pipelining  
DSP npu_soc_i/stem_npu_0/inst/core/data_subsystem/conv2d_pipeline/controller/mac/product_q_reg[5][1] multiplier stage npu_soc_i/stem_npu_0/inst/core/data_subsystem/conv2d_pipeline/controller/mac/product_q_reg[5][1]/P[47:0] is not pipelined (MREG=0). Pipelining the multiplier function will improve performance and will save significant power so it is suggested whenever possible to fully pipeline this function.  If this multiplier was inferred, it is suggested to describe an additional register stage after this function.  If there is no registered adder/accumulator following the multiply function, two pipeline stages are suggested to allow both the MREG and PREG registers to be used.  If the DSP48 was instantiated in the design, it is suggested to set both the MREG and PREG attributes to 1 when performing multiply functions.
Related violations: <none>

DPOP-2#43 Warning
MREG Output pipelining  
DSP npu_soc_i/stem_npu_0/inst/core/data_subsystem/conv2d_pipeline/controller/mac/product_q_reg[5][2] multiplier stage npu_soc_i/stem_npu_0/inst/core/data_subsystem/conv2d_pipeline/controller/mac/product_q_reg[5][2]/P[47:0] is not pipelined (MREG=0). Pipelining the multiplier function will improve performance and will save significant power so it is suggested whenever possible to fully pipeline this function.  If this multiplier was inferred, it is suggested to describe an additional register stage after this function.  If there is no registered adder/accumulator following the multiply function, two pipeline stages are suggested to allow both the MREG and PREG registers to be used.  If the DSP48 was instantiated in the design, it is suggested to set both the MREG and PREG attributes to 1 when performing multiply functions.
Related violations: <none>

DPOP-2#44 Warning
MREG Output pipelining  
DSP npu_soc_i/stem_npu_0/inst/core/data_subsystem/conv2d_pipeline/controller/mac/product_q_reg[5][3] multiplier stage npu_soc_i/stem_npu_0/inst/core/data_subsystem/conv2d_pipeline/controller/mac/product_q_reg[5][3]/P[47:0] is not pipelined (MREG=0). Pipelining the multiplier function will improve performance and will save significant power so it is suggested whenever possible to fully pipeline this function.  If this multiplier was inferred, it is suggested to describe an additional register stage after this function.  If there is no registered adder/accumulator following the multiply function, two pipeline stages are suggested to allow both the MREG and PREG registers to be used.  If the DSP48 was instantiated in the design, it is suggested to set both the MREG and PREG attributes to 1 when performing multiply functions.
Related violations: <none>

DPOP-2#45 Warning
MREG Output pipelining  
DSP npu_soc_i/stem_npu_0/inst/core/data_subsystem/conv2d_pipeline/controller/mac/product_q_reg[5][4] multiplier stage npu_soc_i/stem_npu_0/inst/core/data_subsystem/conv2d_pipeline/controller/mac/product_q_reg[5][4]/P[47:0] is not pipelined (MREG=0). Pipelining the multiplier function will improve performance and will save significant power so it is suggested whenever possible to fully pipeline this function.  If this multiplier was inferred, it is suggested to describe an additional register stage after this function.  If there is no registered adder/accumulator following the multiply function, two pipeline stages are suggested to allow both the MREG and PREG registers to be used.  If the DSP48 was instantiated in the design, it is suggested to set both the MREG and PREG attributes to 1 when performing multiply functions.
Related violations: <none>

DPOP-2#46 Warning
MREG Output pipelining  
DSP npu_soc_i/stem_npu_0/inst/core/data_subsystem/conv2d_pipeline/controller/mac/product_q_reg[5][5] multiplier stage npu_soc_i/stem_npu_0/inst/core/data_subsystem/conv2d_pipeline/controller/mac/product_q_reg[5][5]/P[47:0] is not pipelined (MREG=0). Pipelining the multiplier function will improve performance and will save significant power so it is suggested whenever possible to fully pipeline this function.  If this multiplier was inferred, it is suggested to describe an additional register stage after this function.  If there is no registered adder/accumulator following the multiply function, two pipeline stages are suggested to allow both the MREG and PREG registers to be used.  If the DSP48 was instantiated in the design, it is suggested to set both the MREG and PREG attributes to 1 when performing multiply functions.
Related violations: <none>

DPOP-2#47 Warning
MREG Output pipelining  
DSP npu_soc_i/stem_npu_0/inst/core/data_subsystem/conv2d_pipeline/controller/mac/product_q_reg[5][6] multiplier stage npu_soc_i/stem_npu_0/inst/core/data_subsystem/conv2d_pipeline/controller/mac/product_q_reg[5][6]/P[47:0] is not pipelined (MREG=0). Pipelining the multiplier function will improve performance and will save significant power so it is suggested whenever possible to fully pipeline this function.  If this multiplier was inferred, it is suggested to describe an additional register stage after this function.  If there is no registered adder/accumulator following the multiply function, two pipeline stages are suggested to allow both the MREG and PREG registers to be used.  If the DSP48 was instantiated in the design, it is suggested to set both the MREG and PREG attributes to 1 when performing multiply functions.
Related violations: <none>

DPOP-2#48 Warning
MREG Output pipelining  
DSP npu_soc_i/stem_npu_0/inst/core/data_subsystem/conv2d_pipeline/controller/mac/product_q_reg[5][7] multiplier stage npu_soc_i/stem_npu_0/inst/core/data_subsystem/conv2d_pipeline/controller/mac/product_q_reg[5][7]/P[47:0] is not pipelined (MREG=0). Pipelining the multiplier function will improve performance and will save significant power so it is suggested whenever possible to fully pipeline this function.  If this multiplier was inferred, it is suggested to describe an additional register stage after this function.  If there is no registered adder/accumulator following the multiply function, two pipeline stages are suggested to allow both the MREG and PREG registers to be used.  If the DSP48 was instantiated in the design, it is suggested to set both the MREG and PREG attributes to 1 when performing multiply functions.
Related violations: <none>

DPOP-2#49 Warning
MREG Output pipelining  
DSP npu_soc_i/stem_npu_0/inst/core/data_subsystem/conv2d_pipeline/controller/mac/product_q_reg[6][0] multiplier stage npu_soc_i/stem_npu_0/inst/core/data_subsystem/conv2d_pipeline/controller/mac/product_q_reg[6][0]/P[47:0] is not pipelined (MREG=0). Pipelining the multiplier function will improve performance and will save significant power so it is suggested whenever possible to fully pipeline this function.  If this multiplier was inferred, it is suggested to describe an additional register stage after this function.  If there is no registered adder/accumulator following the multiply function, two pipeline stages are suggested to allow both the MREG and PREG registers to be used.  If the DSP48 was instantiated in the design, it is suggested to set both the MREG and PREG attributes to 1 when performing multiply functions.
Related violations: <none>

DPOP-2#50 Warning
MREG Output pipelining  
DSP npu_soc_i/stem_npu_0/inst/core/data_subsystem/conv2d_pipeline/controller/mac/product_q_reg[6][1] multiplier stage npu_soc_i/stem_npu_0/inst/core/data_subsystem/conv2d_pipeline/controller/mac/product_q_reg[6][1]/P[47:0] is not pipelined (MREG=0). Pipelining the multiplier function will improve performance and will save significant power so it is suggested whenever possible to fully pipeline this function.  If this multiplier was inferred, it is suggested to describe an additional register stage after this function.  If there is no registered adder/accumulator following the multiply function, two pipeline stages are suggested to allow both the MREG and PREG registers to be used.  If the DSP48 was instantiated in the design, it is suggested to set both the MREG and PREG attributes to 1 when performing multiply functions.
Related violations: <none>

DPOP-2#51 Warning
MREG Output pipelining  
DSP npu_soc_i/stem_npu_0/inst/core/data_subsystem/conv2d_pipeline/controller/mac/product_q_reg[6][2] multiplier stage npu_soc_i/stem_npu_0/inst/core/data_subsystem/conv2d_pipeline/controller/mac/product_q_reg[6][2]/P[47:0] is not pipelined (MREG=0). Pipelining the multiplier function will improve performance and will save significant power so it is suggested whenever possible to fully pipeline this function.  If this multiplier was inferred, it is suggested to describe an additional register stage after this function.  If there is no registered adder/accumulator following the multiply function, two pipeline stages are suggested to allow both the MREG and PREG registers to be used.  If the DSP48 was instantiated in the design, it is suggested to set both the MREG and PREG attributes to 1 when performing multiply functions.
Related violations: <none>

DPOP-2#52 Warning
MREG Output pipelining  
DSP npu_soc_i/stem_npu_0/inst/core/data_subsystem/conv2d_pipeline/controller/mac/product_q_reg[6][3] multiplier stage npu_soc_i/stem_npu_0/inst/core/data_subsystem/conv2d_pipeline/controller/mac/product_q_reg[6][3]/P[47:0] is not pipelined (MREG=0). Pipelining the multiplier function will improve performance and will save significant power so it is suggested whenever possible to fully pipeline this function.  If this multiplier was inferred, it is suggested to describe an additional register stage after this function.  If there is no registered adder/accumulator following the multiply function, two pipeline stages are suggested to allow both the MREG and PREG registers to be used.  If the DSP48 was instantiated in the design, it is suggested to set both the MREG and PREG attributes to 1 when performing multiply functions.
Related violations: <none>

DPOP-2#53 Warning
MREG Output pipelining  
DSP npu_soc_i/stem_npu_0/inst/core/data_subsystem/conv2d_pipeline/controller/mac/product_q_reg[6][4] multiplier stage npu_soc_i/stem_npu_0/inst/core/data_subsystem/conv2d_pipeline/controller/mac/product_q_reg[6][4]/P[47:0] is not pipelined (MREG=0). Pipelining the multiplier function will improve performance and will save significant power so it is suggested whenever possible to fully pipeline this function.  If this multiplier was inferred, it is suggested to describe an additional register stage after this function.  If there is no registered adder/accumulator following the multiply function, two pipeline stages are suggested to allow both the MREG and PREG registers to be used.  If the DSP48 was instantiated in the design, it is suggested to set both the MREG and PREG attributes to 1 when performing multiply functions.
Related violations: <none>

DPOP-2#54 Warning
MREG Output pipelining  
DSP npu_soc_i/stem_npu_0/inst/core/data_subsystem/conv2d_pipeline/controller/mac/product_q_reg[6][5] multiplier stage npu_soc_i/stem_npu_0/inst/core/data_subsystem/conv2d_pipeline/controller/mac/product_q_reg[6][5]/P[47:0] is not pipelined (MREG=0). Pipelining the multiplier function will improve performance and will save significant power so it is suggested whenever possible to fully pipeline this function.  If this multiplier was inferred, it is suggested to describe an additional register stage after this function.  If there is no registered adder/accumulator following the multiply function, two pipeline stages are suggested to allow both the MREG and PREG registers to be used.  If the DSP48 was instantiated in the design, it is suggested to set both the MREG and PREG attributes to 1 when performing multiply functions.
Related violations: <none>

DPOP-2#55 Warning
MREG Output pipelining  
DSP npu_soc_i/stem_npu_0/inst/core/data_subsystem/conv2d_pipeline/controller/mac/product_q_reg[6][6] multiplier stage npu_soc_i/stem_npu_0/inst/core/data_subsystem/conv2d_pipeline/controller/mac/product_q_reg[6][6]/P[47:0] is not pipelined (MREG=0). Pipelining the multiplier function will improve performance and will save significant power so it is suggested whenever possible to fully pipeline this function.  If this multiplier was inferred, it is suggested to describe an additional register stage after this function.  If there is no registered adder/accumulator following the multiply function, two pipeline stages are suggested to allow both the MREG and PREG registers to be used.  If the DSP48 was instantiated in the design, it is suggested to set both the MREG and PREG attributes to 1 when performing multiply functions.
Related violations: <none>

DPOP-2#56 Warning
MREG Output pipelining  
DSP npu_soc_i/stem_npu_0/inst/core/data_subsystem/conv2d_pipeline/controller/mac/product_q_reg[6][7] multiplier stage npu_soc_i/stem_npu_0/inst/core/data_subsystem/conv2d_pipeline/controller/mac/product_q_reg[6][7]/P[47:0] is not pipelined (MREG=0). Pipelining the multiplier function will improve performance and will save significant power so it is suggested whenever possible to fully pipeline this function.  If this multiplier was inferred, it is suggested to describe an additional register stage after this function.  If there is no registered adder/accumulator following the multiply function, two pipeline stages are suggested to allow both the MREG and PREG registers to be used.  If the DSP48 was instantiated in the design, it is suggested to set both the MREG and PREG attributes to 1 when performing multiply functions.
Related violations: <none>

DPOP-2#57 Warning
MREG Output pipelining  
DSP npu_soc_i/stem_npu_0/inst/core/data_subsystem/conv2d_pipeline/controller/mac/product_q_reg[7][0] multiplier stage npu_soc_i/stem_npu_0/inst/core/data_subsystem/conv2d_pipeline/controller/mac/product_q_reg[7][0]/P[47:0] is not pipelined (MREG=0). Pipelining the multiplier function will improve performance and will save significant power so it is suggested whenever possible to fully pipeline this function.  If this multiplier was inferred, it is suggested to describe an additional register stage after this function.  If there is no registered adder/accumulator following the multiply function, two pipeline stages are suggested to allow both the MREG and PREG registers to be used.  If the DSP48 was instantiated in the design, it is suggested to set both the MREG and PREG attributes to 1 when performing multiply functions.
Related violations: <none>

DPOP-2#58 Warning
MREG Output pipelining  
DSP npu_soc_i/stem_npu_0/inst/core/data_subsystem/conv2d_pipeline/controller/mac/product_q_reg[7][1] multiplier stage npu_soc_i/stem_npu_0/inst/core/data_subsystem/conv2d_pipeline/controller/mac/product_q_reg[7][1]/P[47:0] is not pipelined (MREG=0). Pipelining the multiplier function will improve performance and will save significant power so it is suggested whenever possible to fully pipeline this function.  If this multiplier was inferred, it is suggested to describe an additional register stage after this function.  If there is no registered adder/accumulator following the multiply function, two pipeline stages are suggested to allow both the MREG and PREG registers to be used.  If the DSP48 was instantiated in the design, it is suggested to set both the MREG and PREG attributes to 1 when performing multiply functions.
Related violations: <none>

DPOP-2#59 Warning
MREG Output pipelining  
DSP npu_soc_i/stem_npu_0/inst/core/data_subsystem/conv2d_pipeline/controller/mac/product_q_reg[7][2] multiplier stage npu_soc_i/stem_npu_0/inst/core/data_subsystem/conv2d_pipeline/controller/mac/product_q_reg[7][2]/P[47:0] is not pipelined (MREG=0). Pipelining the multiplier function will improve performance and will save significant power so it is suggested whenever possible to fully pipeline this function.  If this multiplier was inferred, it is suggested to describe an additional register stage after this function.  If there is no registered adder/accumulator following the multiply function, two pipeline stages are suggested to allow both the MREG and PREG registers to be used.  If the DSP48 was instantiated in the design, it is suggested to set both the MREG and PREG attributes to 1 when performing multiply functions.
Related violations: <none>

DPOP-2#60 Warning
MREG Output pipelining  
DSP npu_soc_i/stem_npu_0/inst/core/data_subsystem/conv2d_pipeline/controller/mac/product_q_reg[7][3] multiplier stage npu_soc_i/stem_npu_0/inst/core/data_subsystem/conv2d_pipeline/controller/mac/product_q_reg[7][3]/P[47:0] is not pipelined (MREG=0). Pipelining the multiplier function will improve performance and will save significant power so it is suggested whenever possible to fully pipeline this function.  If this multiplier was inferred, it is suggested to describe an additional register stage after this function.  If there is no registered adder/accumulator following the multiply function, two pipeline stages are suggested to allow both the MREG and PREG registers to be used.  If the DSP48 was instantiated in the design, it is suggested to set both the MREG and PREG attributes to 1 when performing multiply functions.
Related violations: <none>

DPOP-2#61 Warning
MREG Output pipelining  
DSP npu_soc_i/stem_npu_0/inst/core/data_subsystem/conv2d_pipeline/controller/mac/product_q_reg[7][4] multiplier stage npu_soc_i/stem_npu_0/inst/core/data_subsystem/conv2d_pipeline/controller/mac/product_q_reg[7][4]/P[47:0] is not pipelined (MREG=0). Pipelining the multiplier function will improve performance and will save significant power so it is suggested whenever possible to fully pipeline this function.  If this multiplier was inferred, it is suggested to describe an additional register stage after this function.  If there is no registered adder/accumulator following the multiply function, two pipeline stages are suggested to allow both the MREG and PREG registers to be used.  If the DSP48 was instantiated in the design, it is suggested to set both the MREG and PREG attributes to 1 when performing multiply functions.
Related violations: <none>

DPOP-2#62 Warning
MREG Output pipelining  
DSP npu_soc_i/stem_npu_0/inst/core/data_subsystem/conv2d_pipeline/controller/mac/product_q_reg[7][5] multiplier stage npu_soc_i/stem_npu_0/inst/core/data_subsystem/conv2d_pipeline/controller/mac/product_q_reg[7][5]/P[47:0] is not pipelined (MREG=0). Pipelining the multiplier function will improve performance and will save significant power so it is suggested whenever possible to fully pipeline this function.  If this multiplier was inferred, it is suggested to describe an additional register stage after this function.  If there is no registered adder/accumulator following the multiply function, two pipeline stages are suggested to allow both the MREG and PREG registers to be used.  If the DSP48 was instantiated in the design, it is suggested to set both the MREG and PREG attributes to 1 when performing multiply functions.
Related violations: <none>

DPOP-2#63 Warning
MREG Output pipelining  
DSP npu_soc_i/stem_npu_0/inst/core/data_subsystem/conv2d_pipeline/controller/mac/product_q_reg[7][6] multiplier stage npu_soc_i/stem_npu_0/inst/core/data_subsystem/conv2d_pipeline/controller/mac/product_q_reg[7][6]/P[47:0] is not pipelined (MREG=0). Pipelining the multiplier function will improve performance and will save significant power so it is suggested whenever possible to fully pipeline this function.  If this multiplier was inferred, it is suggested to describe an additional register stage after this function.  If there is no registered adder/accumulator following the multiply function, two pipeline stages are suggested to allow both the MREG and PREG registers to be used.  If the DSP48 was instantiated in the design, it is suggested to set both the MREG and PREG attributes to 1 when performing multiply functions.
Related violations: <none>

DPOP-2#64 Warning
MREG Output pipelining  
DSP npu_soc_i/stem_npu_0/inst/core/data_subsystem/conv2d_pipeline/controller/mac/product_q_reg[7][7] multiplier stage npu_soc_i/stem_npu_0/inst/core/data_subsystem/conv2d_pipeline/controller/mac/product_q_reg[7][7]/P[47:0] is not pipelined (MREG=0). Pipelining the multiplier function will improve performance and will save significant power so it is suggested whenever possible to fully pipeline this function.  If this multiplier was inferred, it is suggested to describe an additional register stage after this function.  If there is no registered adder/accumulator following the multiply function, two pipeline stages are suggested to allow both the MREG and PREG registers to be used.  If the DSP48 was instantiated in the design, it is suggested to set both the MREG and PREG attributes to 1 when performing multiply functions.
Related violations: <none>

DPOP-2#65 Warning
MREG Output pipelining  
DSP npu_soc_i/stem_npu_0/inst/core/data_subsystem/conv2d_pipeline/post/product_q0 multiplier stage npu_soc_i/stem_npu_0/inst/core/data_subsystem/conv2d_pipeline/post/product_q0/P[47:0] is not pipelined (MREG=0). Pipelining the multiplier function will improve performance and will save significant power so it is suggested whenever possible to fully pipeline this function.  If this multiplier was inferred, it is suggested to describe an additional register stage after this function.  If there is no registered adder/accumulator following the multiply function, two pipeline stages are suggested to allow both the MREG and PREG registers to be used.  If the DSP48 was instantiated in the design, it is suggested to set both the MREG and PREG attributes to 1 when performing multiply functions.
Related violations: <none>

DPOP-2#66 Warning
MREG Output pipelining  
DSP npu_soc_i/stem_npu_0/inst/core/data_subsystem/conv2d_pipeline/post/product_q0__0 multiplier stage npu_soc_i/stem_npu_0/inst/core/data_subsystem/conv2d_pipeline/post/product_q0__0/P[47:0] is not pipelined (MREG=0). Pipelining the multiplier function will improve performance and will save significant power so it is suggested whenever possible to fully pipeline this function.  If this multiplier was inferred, it is suggested to describe an additional register stage after this function.  If there is no registered adder/accumulator following the multiply function, two pipeline stages are suggested to allow both the MREG and PREG registers to be used.  If the DSP48 was instantiated in the design, it is suggested to set both the MREG and PREG attributes to 1 when performing multiply functions.
Related violations: <none>

DPOP-2#67 Warning
MREG Output pipelining  
DSP npu_soc_i/stem_npu_0/inst/core/data_subsystem/conv2d_pipeline/post/product_q_reg multiplier stage npu_soc_i/stem_npu_0/inst/core/data_subsystem/conv2d_pipeline/post/product_q_reg/P[47:0] is not pipelined (MREG=0). Pipelining the multiplier function will improve performance and will save significant power so it is suggested whenever possible to fully pipeline this function.  If this multiplier was inferred, it is suggested to describe an additional register stage after this function.  If there is no registered adder/accumulator following the multiply function, two pipeline stages are suggested to allow both the MREG and PREG registers to be used.  If the DSP48 was instantiated in the design, it is suggested to set both the MREG and PREG attributes to 1 when performing multiply functions.
Related violations: <none>

DPOP-2#68 Warning
MREG Output pipelining  
DSP npu_soc_i/stem_npu_0/inst/core/data_subsystem/conv2d_pipeline/post/product_q_reg__0 multiplier stage npu_soc_i/stem_npu_0/inst/core/data_subsystem/conv2d_pipeline/post/product_q_reg__0/P[47:0] is not pipelined (MREG=0). Pipelining the multiplier function will improve performance and will save significant power so it is suggested whenever possible to fully pipeline this function.  If this multiplier was inferred, it is suggested to describe an additional register stage after this function.  If there is no registered adder/accumulator following the multiply function, two pipeline stages are suggested to allow both the MREG and PREG registers to be used.  If the DSP48 was instantiated in the design, it is suggested to set both the MREG and PREG attributes to 1 when performing multiply functions.
Related violations: <none>

DPOP-2#69 Warning
MREG Output pipelining  
DSP npu_soc_i/stem_npu_0/inst/core/vec_add/residual_requant/product_q0 multiplier stage npu_soc_i/stem_npu_0/inst/core/vec_add/residual_requant/product_q0/P[47:0] is not pipelined (MREG=0). Pipelining the multiplier function will improve performance and will save significant power so it is suggested whenever possible to fully pipeline this function.  If this multiplier was inferred, it is suggested to describe an additional register stage after this function.  If there is no registered adder/accumulator following the multiply function, two pipeline stages are suggested to allow both the MREG and PREG registers to be used.  If the DSP48 was instantiated in the design, it is suggested to set both the MREG and PREG attributes to 1 when performing multiply functions.
Related violations: <none>

DPOP-2#70 Warning
MREG Output pipelining  
DSP npu_soc_i/stem_npu_0/inst/core/vec_add/residual_requant/product_q0__0 multiplier stage npu_soc_i/stem_npu_0/inst/core/vec_add/residual_requant/product_q0__0/P[47:0] is not pipelined (MREG=0). Pipelining the multiplier function will improve performance and will save significant power so it is suggested whenever possible to fully pipeline this function.  If this multiplier was inferred, it is suggested to describe an additional register stage after this function.  If there is no registered adder/accumulator following the multiply function, two pipeline stages are suggested to allow both the MREG and PREG registers to be used.  If the DSP48 was instantiated in the design, it is suggested to set both the MREG and PREG attributes to 1 when performing multiply functions.
Related violations: <none>

DPOP-2#71 Warning
MREG Output pipelining  
DSP npu_soc_i/stem_npu_0/inst/core/vec_add/residual_requant/product_q_reg multiplier stage npu_soc_i/stem_npu_0/inst/core/vec_add/residual_requant/product_q_reg/P[47:0] is not pipelined (MREG=0). Pipelining the multiplier function will improve performance and will save significant power so it is suggested whenever possible to fully pipeline this function.  If this multiplier was inferred, it is suggested to describe an additional register stage after this function.  If there is no registered adder/accumulator following the multiply function, two pipeline stages are suggested to allow both the MREG and PREG registers to be used.  If the DSP48 was instantiated in the design, it is suggested to set both the MREG and PREG attributes to 1 when performing multiply functions.
Related violations: <none>

DPOP-2#72 Warning
MREG Output pipelining  
DSP npu_soc_i/stem_npu_0/inst/core/vec_add/residual_requant/product_q_reg__0 multiplier stage npu_soc_i/stem_npu_0/inst/core/vec_add/residual_requant/product_q_reg__0/P[47:0] is not pipelined (MREG=0). Pipelining the multiplier function will improve performance and will save significant power so it is suggested whenever possible to fully pipeline this function.  If this multiplier was inferred, it is suggested to describe an additional register stage after this function.  If there is no registered adder/accumulator following the multiply function, two pipeline stages are suggested to allow both the MREG and PREG registers to be used.  If the DSP48 was instantiated in the design, it is suggested to set both the MREG and PREG attributes to 1 when performing multiply functions.
Related violations: <none>

REQP-1839#1 Warning
RAMB36 async control check  
The RAMB36E1 npu_soc_i/stem_npu_0/inst/core/data_subsystem/scratchpad/g_activation[0].bank/g_memory_lane[0].lane/memory_reg_0 has an input control pin npu_soc_i/stem_npu_0/inst/core/data_subsystem/scratchpad/g_activation[0].bank/g_memory_lane[0].lane/memory_reg_0/ADDRARDADDR[13] (net: npu_soc_i/stem_npu_0/inst/core/data_subsystem/scratchpad/g_activation[0].bank/g_memory_lane[0].lane/memory_reg_7_0[10]) which is driven by a register (npu_soc_i/axi_mem_intercon/s00_couplers/auto_pc/inst/gen_axi4_axi3.axi3_conv_inst/USE_READ.USE_SPLIT_R.read_addr_inst/USE_R_CHANNEL.cmd_queue/inst/fifo_gen_inst/inst_fifo_gen/gconvfifo.rf/grf.rf/gntv_or_sync_fifo.gl0.rd/gr1.gr1_int.rfwft/empty_fwft_i_reg) that has an active asychronous set or reset. This may cause corruption of the memory contents and/or read values when the set/reset is asserted and is not analyzed by the default static timing analysis. It is suggested to eliminate the use of a set/reset to registers driving this RAMB pin or else use a synchronous reset in which the assertion of the reset is timed by default.
Related violations: <none>

REQP-1839#2 Warning
RAMB36 async control check  
The RAMB36E1 npu_soc_i/stem_npu_0/inst/core/data_subsystem/scratchpad/g_activation[0].bank/g_memory_lane[0].lane/memory_reg_0 has an input control pin npu_soc_i/stem_npu_0/inst/core/data_subsystem/scratchpad/g_activation[0].bank/g_memory_lane[0].lane/memory_reg_0/ADDRARDADDR[13] (net: npu_soc_i/stem_npu_0/inst/core/data_subsystem/scratchpad/g_activation[0].bank/g_memory_lane[0].lane/memory_reg_7_0[10]) which is driven by a register (npu_soc_i/stem_npu_0/inst/core/data_subsystem/engine/FSM_sequential_state_q_reg[0]_rep__4) that has an active asychronous set or reset. This may cause corruption of the memory contents and/or read values when the set/reset is asserted and is not analyzed by the default static timing analysis. It is suggested to eliminate the use of a set/reset to registers driving this RAMB pin or else use a synchronous reset in which the assertion of the reset is timed by default.
Related violations: <none>

REQP-1839#3 Warning
RAMB36 async control check  
The RAMB36E1 npu_soc_i/stem_npu_0/inst/core/data_subsystem/scratchpad/g_activation[0].bank/g_memory_lane[0].lane/memory_reg_0 has an input control pin npu_soc_i/stem_npu_0/inst/core/data_subsystem/scratchpad/g_activation[0].bank/g_memory_lane[0].lane/memory_reg_0/ADDRARDADDR[13] (net: npu_soc_i/stem_npu_0/inst/core/data_subsystem/scratchpad/g_activation[0].bank/g_memory_lane[0].lane/memory_reg_7_0[10]) which is driven by a register (npu_soc_i/stem_npu_0/inst/core/data_subsystem/engine/FSM_sequential_state_q_reg[1]_rep) that has an active asychronous set or reset. This may cause corruption of the memory contents and/or read values when the set/reset is asserted and is not analyzed by the default static timing analysis. It is suggested to eliminate the use of a set/reset to registers driving this RAMB pin or else use a synchronous reset in which the assertion of the reset is timed by default.
Related violations: <none>

REQP-1839#4 Warning
RAMB36 async control check  
The RAMB36E1 npu_soc_i/stem_npu_0/inst/core/data_subsystem/scratchpad/g_activation[0].bank/g_memory_lane[0].lane/memory_reg_0 has an input control pin npu_soc_i/stem_npu_0/inst/core/data_subsystem/scratchpad/g_activation[0].bank/g_memory_lane[0].lane/memory_reg_0/ADDRARDADDR[13] (net: npu_soc_i/stem_npu_0/inst/core/data_subsystem/scratchpad/g_activation[0].bank/g_memory_lane[0].lane/memory_reg_7_0[10]) which is driven by a register (npu_soc_i/stem_npu_0/inst/core/data_subsystem/engine/FSM_sequential_state_q_reg[2]_rep__1) that has an active asychronous set or reset. This may cause corruption of the memory contents and/or read values when the set/reset is asserted and is not analyzed by the default static timing analysis. It is suggested to eliminate the use of a set/reset to registers driving this RAMB pin or else use a synchronous reset in which the assertion of the reset is timed by default.
Related violations: <none>

REQP-1839#5 Warning
RAMB36 async control check  
The RAMB36E1 npu_soc_i/stem_npu_0/inst/core/data_subsystem/scratchpad/g_activation[0].bank/g_memory_lane[0].lane/memory_reg_0 has an input control pin npu_soc_i/stem_npu_0/inst/core/data_subsystem/scratchpad/g_activation[0].bank/g_memory_lane[0].lane/memory_reg_0/ADDRARDADDR[13] (net: npu_soc_i/stem_npu_0/inst/core/data_subsystem/scratchpad/g_activation[0].bank/g_memory_lane[0].lane/memory_reg_7_0[10]) which is driven by a register (npu_soc_i/stem_npu_0/inst/core/data_subsystem/engine/FSM_sequential_state_q_reg[3]_rep__9) that has an active asychronous set or reset. This may cause corruption of the memory contents and/or read values when the set/reset is asserted and is not analyzed by the default static timing analysis. It is suggested to eliminate the use of a set/reset to registers driving this RAMB pin or else use a synchronous reset in which the assertion of the reset is timed by default.
Related violations: <none>

REQP-1839#6 Warning
RAMB36 async control check  
The RAMB36E1 npu_soc_i/stem_npu_0/inst/core/data_subsystem/scratchpad/g_activation[0].bank/g_memory_lane[0].lane/memory_reg_0 has an input control pin npu_soc_i/stem_npu_0/inst/core/data_subsystem/scratchpad/g_activation[0].bank/g_memory_lane[0].lane/memory_reg_0/ADDRARDADDR[14] (net: npu_soc_i/stem_npu_0/inst/core/data_subsystem/scratchpad/g_activation[0].bank/g_memory_lane[0].lane/memory_reg_7_0[11]) which is driven by a register (npu_soc_i/axi_mem_intercon/s00_couplers/auto_pc/inst/gen_axi4_axi3.axi3_conv_inst/USE_READ.USE_SPLIT_R.read_addr_inst/USE_R_CHANNEL.cmd_queue/inst/fifo_gen_inst/inst_fifo_gen/gconvfifo.rf/grf.rf/gntv_or_sync_fifo.gl0.rd/gr1.gr1_int.rfwft/empty_fwft_i_reg) that has an active asychronous set or reset. This may cause corruption of the memory contents and/or read values when the set/reset is asserted and is not analyzed by the default static timing analysis. It is suggested to eliminate the use of a set/reset to registers driving this RAMB pin or else use a synchronous reset in which the assertion of the reset is timed by default.
Related violations: <none>

REQP-1839#7 Warning
RAMB36 async control check  
The RAMB36E1 npu_soc_i/stem_npu_0/inst/core/data_subsystem/scratchpad/g_activation[0].bank/g_memory_lane[0].lane/memory_reg_0 has an input control pin npu_soc_i/stem_npu_0/inst/core/data_subsystem/scratchpad/g_activation[0].bank/g_memory_lane[0].lane/memory_reg_0/ADDRARDADDR[14] (net: npu_soc_i/stem_npu_0/inst/core/data_subsystem/scratchpad/g_activation[0].bank/g_memory_lane[0].lane/memory_reg_7_0[11]) which is driven by a register (npu_soc_i/stem_npu_0/inst/core/data_subsystem/engine/FSM_sequential_state_q_reg[0]_rep__4) that has an active asychronous set or reset. This may cause corruption of the memory contents and/or read values when the set/reset is asserted and is not analyzed by the default static timing analysis. It is suggested to eliminate the use of a set/reset to registers driving this RAMB pin or else use a synchronous reset in which the assertion of the reset is timed by default.
Related violations: <none>

REQP-1839#8 Warning
RAMB36 async control check  
The RAMB36E1 npu_soc_i/stem_npu_0/inst/core/data_subsystem/scratchpad/g_activation[0].bank/g_memory_lane[0].lane/memory_reg_0 has an input control pin npu_soc_i/stem_npu_0/inst/core/data_subsystem/scratchpad/g_activation[0].bank/g_memory_lane[0].lane/memory_reg_0/ADDRARDADDR[14] (net: npu_soc_i/stem_npu_0/inst/core/data_subsystem/scratchpad/g_activation[0].bank/g_memory_lane[0].lane/memory_reg_7_0[11]) which is driven by a register (npu_soc_i/stem_npu_0/inst/core/data_subsystem/engine/FSM_sequential_state_q_reg[1]_rep) that has an active asychronous set or reset. This may cause corruption of the memory contents and/or read values when the set/reset is asserted and is not analyzed by the default static timing analysis. It is suggested to eliminate the use of a set/reset to registers driving this RAMB pin or else use a synchronous reset in which the assertion of the reset is timed by default.
Related violations: <none>

REQP-1839#9 Warning
RAMB36 async control check  
The RAMB36E1 npu_soc_i/stem_npu_0/inst/core/data_subsystem/scratchpad/g_activation[0].bank/g_memory_lane[0].lane/memory_reg_0 has an input control pin npu_soc_i/stem_npu_0/inst/core/data_subsystem/scratchpad/g_activation[0].bank/g_memory_lane[0].lane/memory_reg_0/ADDRARDADDR[14] (net: npu_soc_i/stem_npu_0/inst/core/data_subsystem/scratchpad/g_activation[0].bank/g_memory_lane[0].lane/memory_reg_7_0[11]) which is driven by a register (npu_soc_i/stem_npu_0/inst/core/data_subsystem/engine/FSM_sequential_state_q_reg[2]_rep__1) that has an active asychronous set or reset. This may cause corruption of the memory contents and/or read values when the set/reset is asserted and is not analyzed by the default static timing analysis. It is suggested to eliminate the use of a set/reset to registers driving this RAMB pin or else use a synchronous reset in which the assertion of the reset is timed by default.
Related violations: <none>

REQP-1839#10 Warning
RAMB36 async control check  
The RAMB36E1 npu_soc_i/stem_npu_0/inst/core/data_subsystem/scratchpad/g_activation[0].bank/g_memory_lane[0].lane/memory_reg_0 has an input control pin npu_soc_i/stem_npu_0/inst/core/data_subsystem/scratchpad/g_activation[0].bank/g_memory_lane[0].lane/memory_reg_0/ADDRARDADDR[14] (net: npu_soc_i/stem_npu_0/inst/core/data_subsystem/scratchpad/g_activation[0].bank/g_memory_lane[0].lane/memory_reg_7_0[11]) which is driven by a register (npu_soc_i/stem_npu_0/inst/core/data_subsystem/engine/FSM_sequential_state_q_reg[3]_rep__9) that has an active asychronous set or reset. This may cause corruption of the memory contents and/or read values when the set/reset is asserted and is not analyzed by the default static timing analysis. It is suggested to eliminate the use of a set/reset to registers driving this RAMB pin or else use a synchronous reset in which the assertion of the reset is timed by default.
Related violations: <none>

REQP-1839#11 Warning
RAMB36 async control check  
The RAMB36E1 npu_soc_i/stem_npu_0/inst/core/data_subsystem/scratchpad/g_activation[0].bank/g_memory_lane[0].lane/memory_reg_0 has an input control pin npu_soc_i/stem_npu_0/inst/core/data_subsystem/scratchpad/g_activation[0].bank/g_memory_lane[0].lane/memory_reg_0/ADDRARDADDR[14] (net: npu_soc_i/stem_npu_0/inst/core/data_subsystem/scratchpad/g_activation[0].bank/g_memory_lane[0].lane/memory_reg_7_0[11]) which is driven by a register (npu_soc_i/stem_npu_0/inst/core/data_subsystem/engine/clear_cursor_q_reg[15]) that has an active asychronous set or reset. This may cause corruption of the memory contents and/or read values when the set/reset is asserted and is not analyzed by the default static timing analysis. It is suggested to eliminate the use of a set/reset to registers driving this RAMB pin or else use a synchronous reset in which the assertion of the reset is timed by default.
Related violations: <none>

REQP-1839#12 Warning
RAMB36 async control check  
The RAMB36E1 npu_soc_i/stem_npu_0/inst/core/data_subsystem/scratchpad/g_activation[0].bank/g_memory_lane[0].lane/memory_reg_0 has an input control pin npu_soc_i/stem_npu_0/inst/core/data_subsystem/scratchpad/g_activation[0].bank/g_memory_lane[0].lane/memory_reg_0/ADDRARDADDR[14] (net: npu_soc_i/stem_npu_0/inst/core/data_subsystem/scratchpad/g_activation[0].bank/g_memory_lane[0].lane/memory_reg_7_0[11]) which is driven by a register (npu_soc_i/stem_npu_0/inst/core/data_subsystem/engine/read_drain_q_reg) that has an active asychronous set or reset. This may cause corruption of the memory contents and/or read values when the set/reset is asserted and is not analyzed by the default static timing analysis. It is suggested to eliminate the use of a set/reset to registers driving this RAMB pin or else use a synchronous reset in which the assertion of the reset is timed by default.
Related violations: <none>

REQP-1839#13 Warning
RAMB36 async control check  
The RAMB36E1 npu_soc_i/stem_npu_0/inst/core/data_subsystem/scratchpad/g_activation[0].bank/g_memory_lane[0].lane/memory_reg_0 has an input control pin npu_soc_i/stem_npu_0/inst/core/data_subsystem/scratchpad/g_activation[0].bank/g_memory_lane[0].lane/memory_reg_0/ADDRARDADDR[14] (net: npu_soc_i/stem_npu_0/inst/core/data_subsystem/scratchpad/g_activation[0].bank/g_memory_lane[0].lane/memory_reg_7_0[11]) which is driven by a register (npu_soc_i/stem_npu_0/inst/core/data_subsystem/engine/read_error_q_reg) that has an active asychronous set or reset. This may cause corruption of the memory contents and/or read values when the set/reset is asserted and is not analyzed by the default static timing analysis. It is suggested to eliminate the use of a set/reset to registers driving this RAMB pin or else use a synchronous reset in which the assertion of the reset is timed by default.
Related violations: <none>

REQP-1839#14 Warning
RAMB36 async control check  
The RAMB36E1 npu_soc_i/stem_npu_0/inst/core/data_subsystem/scratchpad/g_activation[0].bank/g_memory_lane[0].lane/memory_reg_0 has an input control pin npu_soc_i/stem_npu_0/inst/core/data_subsystem/scratchpad/g_activation[0].bank/g_memory_lane[0].lane/memory_reg_0/ADDRARDADDR[14] (net: npu_soc_i/stem_npu_0/inst/core/data_subsystem/scratchpad/g_activation[0].bank/g_memory_lane[0].lane/memory_reg_7_0[11]) which is driven by a register (npu_soc_i/stem_npu_0/inst/core/data_subsystem/engine/request_q_reg[bank]) that has an active asychronous set or reset. This may cause corruption of the memory contents and/or read values when the set/reset is asserted and is not analyzed by the default static timing analysis. It is suggested to eliminate the use of a set/reset to registers driving this RAMB pin or else use a synchronous reset in which the assertion of the reset is timed by default.
Related violations: <none>

REQP-1839#15 Warning
RAMB36 async control check  
The RAMB36E1 npu_soc_i/stem_npu_0/inst/core/data_subsystem/scratchpad/g_activation[0].bank/g_memory_lane[0].lane/memory_reg_0 has an input control pin npu_soc_i/stem_npu_0/inst/core/data_subsystem/scratchpad/g_activation[0].bank/g_memory_lane[0].lane/memory_reg_0/ADDRARDADDR[14] (net: npu_soc_i/stem_npu_0/inst/core/data_subsystem/scratchpad/g_activation[0].bank/g_memory_lane[0].lane/memory_reg_7_0[11]) which is driven by a register (npu_soc_i/stem_npu_0/inst/core/data_subsystem/engine/request_q_reg[scratchpad][0]) that has an active asychronous set or reset. This may cause corruption of the memory contents and/or read values when the set/reset is asserted and is not analyzed by the default static timing analysis. It is suggested to eliminate the use of a set/reset to registers driving this RAMB pin or else use a synchronous reset in which the assertion of the reset is timed by default.
Related violations: <none>

REQP-1839#16 Warning
RAMB36 async control check  
The RAMB36E1 npu_soc_i/stem_npu_0/inst/core/data_subsystem/scratchpad/g_activation[0].bank/g_memory_lane[0].lane/memory_reg_0 has an input control pin npu_soc_i/stem_npu_0/inst/core/data_subsystem/scratchpad/g_activation[0].bank/g_memory_lane[0].lane/memory_reg_0/ADDRARDADDR[14] (net: npu_soc_i/stem_npu_0/inst/core/data_subsystem/scratchpad/g_activation[0].bank/g_memory_lane[0].lane/memory_reg_7_0[11]) which is driven by a register (npu_soc_i/stem_npu_0/inst/core/data_subsystem/engine/request_q_reg[scratchpad][1]) that has an active asychronous set or reset. This may cause corruption of the memory contents and/or read values when the set/reset is asserted and is not analyzed by the default static timing analysis. It is suggested to eliminate the use of a set/reset to registers driving this RAMB pin or else use a synchronous reset in which the assertion of the reset is timed by default.
Related violations: <none>

REQP-1839#17 Warning
RAMB36 async control check  
The RAMB36E1 npu_soc_i/stem_npu_0/inst/core/data_subsystem/scratchpad/g_activation[0].bank/g_memory_lane[0].lane/memory_reg_0 has an input control pin npu_soc_i/stem_npu_0/inst/core/data_subsystem/scratchpad/g_activation[0].bank/g_memory_lane[0].lane/memory_reg_0/ADDRARDADDR[14] (net: npu_soc_i/stem_npu_0/inst/core/data_subsystem/scratchpad/g_activation[0].bank/g_memory_lane[0].lane/memory_reg_7_0[11]) which is driven by a register (npu_soc_i/stem_npu_0/inst/core/data_subsystem/engine/scratchpad_cursor_q_reg[15]) that has an active asychronous set or reset. This may cause corruption of the memory contents and/or read values when the set/reset is asserted and is not analyzed by the default static timing analysis. It is suggested to eliminate the use of a set/reset to registers driving this RAMB pin or else use a synchronous reset in which the assertion of the reset is timed by default.
Related violations: <none>

REQP-1839#18 Warning
RAMB36 async control check  
The RAMB36E1 npu_soc_i/stem_npu_0/inst/core/data_subsystem/scratchpad/g_activation[0].bank/g_memory_lane[0].lane/memory_reg_0 has an input control pin npu_soc_i/stem_npu_0/inst/core/data_subsystem/scratchpad/g_activation[0].bank/g_memory_lane[0].lane/memory_reg_0/ADDRARDADDR[14] (net: npu_soc_i/stem_npu_0/inst/core/data_subsystem/scratchpad/g_activation[0].bank/g_memory_lane[0].lane/memory_reg_7_0[11]) which is driven by a register (npu_soc_i/stem_npu_0/inst/core/read_arbiter/FSM_onehot_state_q_reg[2]) that has an active asychronous set or reset. This may cause corruption of the memory contents and/or read values when the set/reset is asserted and is not analyzed by the default static timing analysis. It is suggested to eliminate the use of a set/reset to registers driving this RAMB pin or else use a synchronous reset in which the assertion of the reset is timed by default.
Related violations: <none>

REQP-1839#19 Warning
RAMB36 async control check  
The RAMB36E1 npu_soc_i/stem_npu_0/inst/core/data_subsystem/scratchpad/g_activation[0].bank/g_memory_lane[0].lane/memory_reg_0 has an input control pin npu_soc_i/stem_npu_0/inst/core/data_subsystem/scratchpad/g_activation[0].bank/g_memory_lane[0].lane/memory_reg_0/ADDRARDADDR[14] (net: npu_soc_i/stem_npu_0/inst/core/data_subsystem/scratchpad/g_activation[0].bank/g_memory_lane[0].lane/memory_reg_7_0[11]) which is driven by a register (npu_soc_i/stem_npu_0/inst/core/read_arbiter/owner_q_reg[0]_rep) that has an active asychronous set or reset. This may cause corruption of the memory contents and/or read values when the set/reset is asserted and is not analyzed by the default static timing analysis. It is suggested to eliminate the use of a set/reset to registers driving this RAMB pin or else use a synchronous reset in which the assertion of the reset is timed by default.
Related violations: <none>

REQP-1839#20 Warning
RAMB36 async control check  
The RAMB36E1 npu_soc_i/stem_npu_0/inst/core/data_subsystem/scratchpad/g_activation[0].bank/g_memory_lane[0].lane/memory_reg_0 has an input control pin npu_soc_i/stem_npu_0/inst/core/data_subsystem/scratchpad/g_activation[0].bank/g_memory_lane[0].lane/memory_reg_0/ADDRARDADDR[14] (net: npu_soc_i/stem_npu_0/inst/core/data_subsystem/scratchpad/g_activation[0].bank/g_memory_lane[0].lane/memory_reg_7_0[11]) which is driven by a register (npu_soc_i/stem_npu_0/inst/core/read_arbiter/owner_q_reg[1]_rep) that has an active asychronous set or reset. This may cause corruption of the memory contents and/or read values when the set/reset is asserted and is not analyzed by the default static timing analysis. It is suggested to eliminate the use of a set/reset to registers driving this RAMB pin or else use a synchronous reset in which the assertion of the reset is timed by default.
Related violations: <none>


