Copyright 1986-2022 Xilinx, Inc. All Rights Reserved. Copyright 2022-2026 Advanced Micro Devices, Inc. All Rights Reserved.
------------------------------------------------------------------------------------------------------------------------------------------------
| Tool Version : Vivado v.2026.1 (win64) Build 6511674 Tue Jun 16 11:02:23 MDT 2026
| Date         : Mon Sep 14 23:58:35 2026
| Host         : RAW2332 running 64-bit major release  (build 9200)
| Command      : check_timing -verbose -file D:/WORKBUDDY/STEM/npu-stem-repo/hardware/reports/vivado_2026_1/npu_tensor_mac_8x8/check_timing.rpt
| Design       : npu_tensor_mac_8x8
| Device       : 7z020-clg400
| Speed File   : -1  PRODUCTION 1.12 2019-11-22
| Design State : Synthesized
------------------------------------------------------------------------------------------------------------------------------------------------


check_timing report

Table of Contents
-----------------
1. checking no_clock (0)
2. checking constant_clock (0)
3. checking pulse_width_clock (0)
4. checking unconstrained_internal_endpoints (0)
5. checking no_input_delay (662)
6. checking no_output_delay (258)
7. checking multiple_clock (0)
8. checking generated_clocks (0)
9. checking loops (0)
10. checking partial_input_delay (0)
11. checking partial_output_delay (0)
12. checking latch_loops (0)

1. checking no_clock (0)
------------------------
 There are 0 register/latch pins with no clock.


2. checking constant_clock (0)
------------------------------
 There are 0 register/latch pins with constant_clock.


3. checking pulse_width_clock (0)
---------------------------------
 There are 0 register/latch pins which need pulse_width check


4. checking unconstrained_internal_endpoints (0)
------------------------------------------------
 There are 0 pins that are not constrained for maximum delay.

 There are 0 pins that are not constrained for maximum delay due to constant clock.


5. checking no_input_delay (662)
--------------------------------
 There are 662 input ports with no input delay specified. (HIGH)

activation_i[0]
activation_i[100]
activation_i[101]
activation_i[102]
activation_i[103]
activation_i[104]
activation_i[105]
activation_i[106]
activation_i[107]
activation_i[108]
activation_i[109]
activation_i[10]
activation_i[110]
activation_i[111]
activation_i[112]
activation_i[113]
activation_i[114]
activation_i[115]
activation_i[116]
activation_i[117]
activation_i[118]
activation_i[119]
activation_i[11]
activation_i[120]
activation_i[121]
activation_i[122]
activation_i[123]
activation_i[124]
activation_i[125]
activation_i[126]
activation_i[127]
activation_i[12]
activation_i[13]
activation_i[14]
activation_i[15]
activation_i[16]
activation_i[17]
activation_i[18]
activation_i[19]
activation_i[1]
activation_i[20]
activation_i[21]
activation_i[22]
activation_i[23]
activation_i[24]
activation_i[25]
activation_i[26]
activation_i[27]
activation_i[28]
activation_i[29]
activation_i[2]
activation_i[30]
activation_i[31]
activation_i[32]
activation_i[33]
activation_i[34]
activation_i[35]
activation_i[36]
activation_i[37]
activation_i[38]
activation_i[39]
activation_i[3]
activation_i[40]
activation_i[41]
activation_i[42]
activation_i[43]
activation_i[44]
activation_i[45]
activation_i[46]
activation_i[47]
activation_i[48]
activation_i[49]
activation_i[4]
activation_i[50]
activation_i[51]
activation_i[52]
activation_i[53]
activation_i[54]
activation_i[55]
activation_i[56]
activation_i[57]
activation_i[58]
activation_i[59]
activation_i[5]
activation_i[60]
activation_i[61]
activation_i[62]
activation_i[63]
activation_i[64]
activation_i[65]
activation_i[66]
activation_i[67]
activation_i[68]
activation_i[69]
activation_i[6]
activation_i[70]
activation_i[71]
activation_i[72]
activation_i[73]
activation_i[74]
activation_i[75]
activation_i[76]
activation_i[77]
activation_i[78]
activation_i[79]
activation_i[7]
activation_i[80]
activation_i[81]
activation_i[82]
activation_i[83]
activation_i[84]
activation_i[85]
activation_i[86]
activation_i[87]
activation_i[88]
activation_i[89]
activation_i[8]
activation_i[90]
activation_i[91]
activation_i[92]
activation_i[93]
activation_i[94]
activation_i[95]
activation_i[96]
activation_i[97]
activation_i[98]
activation_i[99]
activation_i[9]
first_i
input_lane_mask_i[0]
input_lane_mask_i[1]
input_lane_mask_i[2]
input_lane_mask_i[3]
input_lane_mask_i[4]
input_lane_mask_i[5]
input_lane_mask_i[6]
input_lane_mask_i[7]
input_valid_i
last_i
output_lane_mask_i[0]
output_lane_mask_i[1]
output_lane_mask_i[2]
output_lane_mask_i[3]
output_lane_mask_i[4]
output_lane_mask_i[5]
output_lane_mask_i[6]
output_lane_mask_i[7]
result_ready_i
rst_ni
soft_reset_i
weight_i[0]
weight_i[100]
weight_i[101]
weight_i[102]
weight_i[103]
weight_i[104]
weight_i[105]
weight_i[106]
weight_i[107]
weight_i[108]
weight_i[109]
weight_i[10]
weight_i[110]
weight_i[111]
weight_i[112]
weight_i[113]
weight_i[114]
weight_i[115]
weight_i[116]
weight_i[117]
weight_i[118]
weight_i[119]
weight_i[11]
weight_i[120]
weight_i[121]
weight_i[122]
weight_i[123]
weight_i[124]
weight_i[125]
weight_i[126]
weight_i[127]
weight_i[128]
weight_i[129]
weight_i[12]
weight_i[130]
weight_i[131]
weight_i[132]
weight_i[133]
weight_i[134]
weight_i[135]
weight_i[136]
weight_i[137]
weight_i[138]
weight_i[139]
weight_i[13]
weight_i[140]
weight_i[141]
weight_i[142]
weight_i[143]
weight_i[144]
weight_i[145]
weight_i[146]
weight_i[147]
weight_i[148]
weight_i[149]
weight_i[14]
weight_i[150]
weight_i[151]
weight_i[152]
weight_i[153]
weight_i[154]
weight_i[155]
weight_i[156]
weight_i[157]
weight_i[158]
weight_i[159]
weight_i[15]
weight_i[160]
weight_i[161]
weight_i[162]
weight_i[163]
weight_i[164]
weight_i[165]
weight_i[166]
weight_i[167]
weight_i[168]
weight_i[169]
weight_i[16]
weight_i[170]
weight_i[171]
weight_i[172]
weight_i[173]
weight_i[174]
weight_i[175]
weight_i[176]
weight_i[177]
weight_i[178]
weight_i[179]
weight_i[17]
weight_i[180]
weight_i[181]
weight_i[182]
weight_i[183]
weight_i[184]
weight_i[185]
weight_i[186]
weight_i[187]
weight_i[188]
weight_i[189]
weight_i[18]
weight_i[190]
weight_i[191]
weight_i[192]
weight_i[193]
weight_i[194]
weight_i[195]
weight_i[196]
weight_i[197]
weight_i[198]
weight_i[199]
weight_i[19]
weight_i[1]
weight_i[200]
weight_i[201]
weight_i[202]
weight_i[203]
weight_i[204]
weight_i[205]
weight_i[206]
weight_i[207]
weight_i[208]
weight_i[209]
weight_i[20]
weight_i[210]
weight_i[211]
weight_i[212]
weight_i[213]
weight_i[214]
weight_i[215]
weight_i[216]
weight_i[217]
weight_i[218]
weight_i[219]
weight_i[21]
weight_i[220]
weight_i[221]
weight_i[222]
weight_i[223]
weight_i[224]
weight_i[225]
weight_i[226]
weight_i[227]
weight_i[228]
weight_i[229]
weight_i[22]
weight_i[230]
weight_i[231]
weight_i[232]
weight_i[233]
weight_i[234]
weight_i[235]
weight_i[236]
weight_i[237]
weight_i[238]
weight_i[239]
weight_i[23]
weight_i[240]
weight_i[241]
weight_i[242]
weight_i[243]
weight_i[244]
weight_i[245]
weight_i[246]
weight_i[247]
weight_i[248]
weight_i[249]
weight_i[24]
weight_i[250]
weight_i[251]
weight_i[252]
weight_i[253]
weight_i[254]
weight_i[255]
weight_i[256]
weight_i[257]
weight_i[258]
weight_i[259]
weight_i[25]
weight_i[260]
weight_i[261]
weight_i[262]
weight_i[263]
weight_i[264]
weight_i[265]
weight_i[266]
weight_i[267]
weight_i[268]
weight_i[269]
weight_i[26]
weight_i[270]
weight_i[271]
weight_i[272]
weight_i[273]
weight_i[274]
weight_i[275]
weight_i[276]
weight_i[277]
weight_i[278]
weight_i[279]
weight_i[27]
weight_i[280]
weight_i[281]
weight_i[282]
weight_i[283]
weight_i[284]
weight_i[285]
weight_i[286]
weight_i[287]
weight_i[288]
weight_i[289]
weight_i[28]
weight_i[290]
weight_i[291]
weight_i[292]
weight_i[293]
weight_i[294]
weight_i[295]
weight_i[296]
weight_i[297]
weight_i[298]
weight_i[299]
weight_i[29]
weight_i[2]
weight_i[300]
weight_i[301]
weight_i[302]
weight_i[303]
weight_i[304]
weight_i[305]
weight_i[306]
weight_i[307]
weight_i[308]
weight_i[309]
weight_i[30]
weight_i[310]
weight_i[311]
weight_i[312]
weight_i[313]
weight_i[314]
weight_i[315]
weight_i[316]
weight_i[317]
weight_i[318]
weight_i[319]
weight_i[31]
weight_i[320]
weight_i[321]
weight_i[322]
weight_i[323]
weight_i[324]
weight_i[325]
weight_i[326]
weight_i[327]
weight_i[328]
weight_i[329]
weight_i[32]
weight_i[330]
weight_i[331]
weight_i[332]
weight_i[333]
weight_i[334]
weight_i[335]
weight_i[336]
weight_i[337]
weight_i[338]
weight_i[339]
weight_i[33]
weight_i[340]
weight_i[341]
weight_i[342]
weight_i[343]
weight_i[344]
weight_i[345]
weight_i[346]
weight_i[347]
weight_i[348]
weight_i[349]
weight_i[34]
weight_i[350]
weight_i[351]
weight_i[352]
weight_i[353]
weight_i[354]
weight_i[355]
weight_i[356]
weight_i[357]
weight_i[358]
weight_i[359]
weight_i[35]
weight_i[360]
weight_i[361]
weight_i[362]
weight_i[363]
weight_i[364]
weight_i[365]
weight_i[366]
weight_i[367]
weight_i[368]
weight_i[369]
weight_i[36]
weight_i[370]
weight_i[371]
weight_i[372]
weight_i[373]
weight_i[374]
weight_i[375]
weight_i[376]
weight_i[377]
weight_i[378]
weight_i[379]
weight_i[37]
weight_i[380]
weight_i[381]
weight_i[382]
weight_i[383]
weight_i[384]
weight_i[385]
weight_i[386]
weight_i[387]
weight_i[388]
weight_i[389]
weight_i[38]
weight_i[390]
weight_i[391]
weight_i[392]
weight_i[393]
weight_i[394]
weight_i[395]
weight_i[396]
weight_i[397]
weight_i[398]
weight_i[399]
weight_i[39]
weight_i[3]
weight_i[400]
weight_i[401]
weight_i[402]
weight_i[403]
weight_i[404]
weight_i[405]
weight_i[406]
weight_i[407]
weight_i[408]
weight_i[409]
weight_i[40]
weight_i[410]
weight_i[411]
weight_i[412]
weight_i[413]
weight_i[414]
weight_i[415]
weight_i[416]
weight_i[417]
weight_i[418]
weight_i[419]
weight_i[41]
weight_i[420]
weight_i[421]
weight_i[422]
weight_i[423]
weight_i[424]
weight_i[425]
weight_i[426]
weight_i[427]
weight_i[428]
weight_i[429]
weight_i[42]
weight_i[430]
weight_i[431]
weight_i[432]
weight_i[433]
weight_i[434]
weight_i[435]
weight_i[436]
weight_i[437]
weight_i[438]
weight_i[439]
weight_i[43]
weight_i[440]
weight_i[441]
weight_i[442]
weight_i[443]
weight_i[444]
weight_i[445]
weight_i[446]
weight_i[447]
weight_i[448]
weight_i[449]
weight_i[44]
weight_i[450]
weight_i[451]
weight_i[452]
weight_i[453]
weight_i[454]
weight_i[455]
weight_i[456]
weight_i[457]
weight_i[458]
weight_i[459]
weight_i[45]
weight_i[460]
weight_i[461]
weight_i[462]
weight_i[463]
weight_i[464]
weight_i[465]
weight_i[466]
weight_i[467]
weight_i[468]
weight_i[469]
weight_i[46]
weight_i[470]
weight_i[471]
weight_i[472]
weight_i[473]
weight_i[474]
weight_i[475]
weight_i[476]
weight_i[477]
weight_i[478]
weight_i[479]
weight_i[47]
weight_i[480]
weight_i[481]
weight_i[482]
weight_i[483]
weight_i[484]
weight_i[485]
weight_i[486]
weight_i[487]
weight_i[488]
weight_i[489]
weight_i[48]
weight_i[490]
weight_i[491]
weight_i[492]
weight_i[493]
weight_i[494]
weight_i[495]
weight_i[496]
weight_i[497]
weight_i[498]
weight_i[499]
weight_i[49]
weight_i[4]
weight_i[500]
weight_i[501]
weight_i[502]
weight_i[503]
weight_i[504]
weight_i[505]
weight_i[506]
weight_i[507]
weight_i[508]
weight_i[509]
weight_i[50]
weight_i[510]
weight_i[511]
weight_i[51]
weight_i[52]
weight_i[53]
weight_i[54]
weight_i[55]
weight_i[56]
weight_i[57]
weight_i[58]
weight_i[59]
weight_i[5]
weight_i[60]
weight_i[61]
weight_i[62]
weight_i[63]
weight_i[64]
weight_i[65]
weight_i[66]
weight_i[67]
weight_i[68]
weight_i[69]
weight_i[6]
weight_i[70]
weight_i[71]
weight_i[72]
weight_i[73]
weight_i[74]
weight_i[75]
weight_i[76]
weight_i[77]
weight_i[78]
weight_i[79]
weight_i[7]
weight_i[80]
weight_i[81]
weight_i[82]
weight_i[83]
weight_i[84]
weight_i[85]
weight_i[86]
weight_i[87]
weight_i[88]
weight_i[89]
weight_i[8]
weight_i[90]
weight_i[91]
weight_i[92]
weight_i[93]
weight_i[94]
weight_i[95]
weight_i[96]
weight_i[97]
weight_i[98]
weight_i[99]
weight_i[9]

 There are 0 input ports with no input delay but user has a false path constraint.


6. checking no_output_delay (258)
---------------------------------
 There are 258 ports with no output delay specified. (HIGH)

input_ready_o
result_o[0]
result_o[100]
result_o[101]
result_o[102]
result_o[103]
result_o[104]
result_o[105]
result_o[106]
result_o[107]
result_o[108]
result_o[109]
result_o[10]
result_o[110]
result_o[111]
result_o[112]
result_o[113]
result_o[114]
result_o[115]
result_o[116]
result_o[117]
result_o[118]
result_o[119]
result_o[11]
result_o[120]
result_o[121]
result_o[122]
result_o[123]
result_o[124]
result_o[125]
result_o[126]
result_o[127]
result_o[128]
result_o[129]
result_o[12]
result_o[130]
result_o[131]
result_o[132]
result_o[133]
result_o[134]
result_o[135]
result_o[136]
result_o[137]
result_o[138]
result_o[139]
result_o[13]
result_o[140]
result_o[141]
result_o[142]
result_o[143]
result_o[144]
result_o[145]
result_o[146]
result_o[147]
result_o[148]
result_o[149]
result_o[14]
result_o[150]
result_o[151]
result_o[152]
result_o[153]
result_o[154]
result_o[155]
result_o[156]
result_o[157]
result_o[158]
result_o[159]
result_o[15]
result_o[160]
result_o[161]
result_o[162]
result_o[163]
result_o[164]
result_o[165]
result_o[166]
result_o[167]
result_o[168]
result_o[169]
result_o[16]
result_o[170]
result_o[171]
result_o[172]
result_o[173]
result_o[174]
result_o[175]
result_o[176]
result_o[177]
result_o[178]
result_o[179]
result_o[17]
result_o[180]
result_o[181]
result_o[182]
result_o[183]
result_o[184]
result_o[185]
result_o[186]
result_o[187]
result_o[188]
result_o[189]
result_o[18]
result_o[190]
result_o[191]
result_o[192]
result_o[193]
result_o[194]
result_o[195]
result_o[196]
result_o[197]
result_o[198]
result_o[199]
result_o[19]
result_o[1]
result_o[200]
result_o[201]
result_o[202]
result_o[203]
result_o[204]
result_o[205]
result_o[206]
result_o[207]
result_o[208]
result_o[209]
result_o[20]
result_o[210]
result_o[211]
result_o[212]
result_o[213]
result_o[214]
result_o[215]
result_o[216]
result_o[217]
result_o[218]
result_o[219]
result_o[21]
result_o[220]
result_o[221]
result_o[222]
result_o[223]
result_o[224]
result_o[225]
result_o[226]
result_o[227]
result_o[228]
result_o[229]
result_o[22]
result_o[230]
result_o[231]
result_o[232]
result_o[233]
result_o[234]
result_o[235]
result_o[236]
result_o[237]
result_o[238]
result_o[239]
result_o[23]
result_o[240]
result_o[241]
result_o[242]
result_o[243]
result_o[244]
result_o[245]
result_o[246]
result_o[247]
result_o[248]
result_o[249]
result_o[24]
result_o[250]
result_o[251]
result_o[252]
result_o[253]
result_o[254]
result_o[255]
result_o[25]
result_o[26]
result_o[27]
result_o[28]
result_o[29]
result_o[2]
result_o[30]
result_o[31]
result_o[32]
result_o[33]
result_o[34]
result_o[35]
result_o[36]
result_o[37]
result_o[38]
result_o[39]
result_o[3]
result_o[40]
result_o[41]
result_o[42]
result_o[43]
result_o[44]
result_o[45]
result_o[46]
result_o[47]
result_o[48]
result_o[49]
result_o[4]
result_o[50]
result_o[51]
result_o[52]
result_o[53]
result_o[54]
result_o[55]
result_o[56]
result_o[57]
result_o[58]
result_o[59]
result_o[5]
result_o[60]
result_o[61]
result_o[62]
result_o[63]
result_o[64]
result_o[65]
result_o[66]
result_o[67]
result_o[68]
result_o[69]
result_o[6]
result_o[70]
result_o[71]
result_o[72]
result_o[73]
result_o[74]
result_o[75]
result_o[76]
result_o[77]
result_o[78]
result_o[79]
result_o[7]
result_o[80]
result_o[81]
result_o[82]
result_o[83]
result_o[84]
result_o[85]
result_o[86]
result_o[87]
result_o[88]
result_o[89]
result_o[8]
result_o[90]
result_o[91]
result_o[92]
result_o[93]
result_o[94]
result_o[95]
result_o[96]
result_o[97]
result_o[98]
result_o[99]
result_o[9]
result_valid_o

 There are 0 ports with no output delay but user has a false path constraint

 There are 0 ports with no output delay but with a timing clock defined on it or propagating through it


7. checking multiple_clock (0)
------------------------------
 There are 0 register/latch pins with multiple clocks.


8. checking generated_clocks (0)
--------------------------------
 There are 0 generated clocks that are not connected to a clock source.


9. checking loops (0)
---------------------
 There are 0 combinational loops in the design.


10. checking partial_input_delay (0)
------------------------------------
 There are 0 input ports with partial input delay specified.


11. checking partial_output_delay (0)
-------------------------------------
 There are 0 ports with partial output delay specified.


12. checking latch_loops (0)
----------------------------
 There are 0 combinational latch loops in the design through latch input


