Copyright 1986-2022 Xilinx, Inc. All Rights Reserved. Copyright 2022-2026 Advanced Micro Devices, Inc. All Rights Reserved.
--------------------------------------------------------------------------------------------------------------------------------------------------------------------------------
| Tool Version : Vivado v.2026.1 (win64) Build 6511674 Tue Jun 16 11:02:23 MDT 2026
| Date         : Mon Sep 14 23:58:34 2026
| Host         : RAW2332 running 64-bit major release  (build 9200)
| Command      : report_timing_summary -delay_type max -max_paths 20 -file D:/WORKBUDDY/STEM/npu-stem-repo/hardware/reports/vivado_2026_1/npu_tensor_mac_8x8/timing_summary.rpt
| Design       : npu_tensor_mac_8x8
| Device       : 7z020-clg400
| Speed File   : -1  PRODUCTION 1.12 2019-11-22
| Design State : Synthesized
--------------------------------------------------------------------------------------------------------------------------------------------------------------------------------

Timing Summary Report

------------------------------------------------------------------------------------------------
| Timer Settings
| --------------
------------------------------------------------------------------------------------------------

  Enable Multi Corner Analysis               :  Yes
  Enable Pessimism Removal                   :  Yes
  Pessimism Removal Resolution               :  Nearest Common Node
  Enable Input Delay Default Clock           :  No
  Enable Preset / Clear Arcs                 :  No
  Disable Flight Delays                      :  No
  Ignore I/O Paths                           :  No
  Timing Early Launch at Borrowing Latches   :  No
  Borrow Time for Max Delay Exceptions       :  Yes
  Merge Timing Exceptions                    :  Yes
  Inter-SLR Compensation                     :  Conservative

  Corner  Analyze    Analyze    
  Name    Max Paths  Min Paths  
  ------  ---------  ---------  
  Slow    Yes        Yes        
  Fast    Yes        Yes        


------------------------------------------------------------------------------------------------
| Report Methodology
| ------------------
------------------------------------------------------------------------------------------------

No report available as report_methodology has not been run prior. Run report_methodology on the current design for the summary of methodology violations.



check_timing report

Table of Contents
-----------------
1. checking no_clock (0)
2. checking constant_clock (0)
3. checking pulse_width_clock (0)
4. checking unconstrained_internal_endpoints (0)
5. checking no_input_delay (662)
6. checking no_output_delay (258)
7. checking multiple_clock (0)
8. checking generated_clocks (0)
9. checking loops (0)
10. checking partial_input_delay (0)
11. checking partial_output_delay (0)
12. checking latch_loops (0)

1. checking no_clock (0)
------------------------
 There are 0 register/latch pins with no clock.


2. checking constant_clock (0)
------------------------------
 There are 0 register/latch pins with constant_clock.


3. checking pulse_width_clock (0)
---------------------------------
 There are 0 register/latch pins which need pulse_width check


4. checking unconstrained_internal_endpoints (0)
------------------------------------------------
 There are 0 pins that are not constrained for maximum delay.

 There are 0 pins that are not constrained for maximum delay due to constant clock.


5. checking no_input_delay (662)
--------------------------------
 There are 662 input ports with no input delay specified. (HIGH)

 There are 0 input ports with no input delay but user has a false path constraint.


6. checking no_output_delay (258)
---------------------------------
 There are 258 ports with no output delay specified. (HIGH)

 There are 0 ports with no output delay but user has a false path constraint

 There are 0 ports with no output delay but with a timing clock defined on it or propagating through it


7. checking multiple_clock (0)
------------------------------
 There are 0 register/latch pins with multiple clocks.


8. checking generated_clocks (0)
--------------------------------
 There are 0 generated clocks that are not connected to a clock source.


9. checking loops (0)
---------------------
 There are 0 combinational loops in the design.


10. checking partial_input_delay (0)
------------------------------------
 There are 0 input ports with partial input delay specified.


11. checking partial_output_delay (0)
-------------------------------------
 There are 0 ports with partial output delay specified.


12. checking latch_loops (0)
----------------------------
 There are 0 combinational latch loops in the design through latch input



------------------------------------------------------------------------------------------------
| Design Timing Summary
| ---------------------
------------------------------------------------------------------------------------------------

    WNS(ns)      TNS(ns)  TNS Failing Endpoints  TNS Total Endpoints     WPWS(ns)     TPWS(ns)  TPWS Failing Endpoints  TPWS Total Endpoints  
    -------      -------  ---------------------  -------------------     --------     --------  ----------------------  --------------------  
      1.701        0.000                      0                 4586        1.520        0.000                       0                  2042  


All user specified timing constraints are met.


------------------------------------------------------------------------------------------------
| Clock Summary
| -------------
------------------------------------------------------------------------------------------------

Clock     Waveform(ns)         Period(ns)      Frequency(MHz)
-----     ------------         ----------      --------------
core_clk  {0.000 2.500}        5.000           200.000         


------------------------------------------------------------------------------------------------
| Intra Clock Table
| -----------------
------------------------------------------------------------------------------------------------

Clock             WNS(ns)      TNS(ns)  TNS Failing Endpoints  TNS Total Endpoints     WPWS(ns)     TPWS(ns)  TPWS Failing Endpoints  TPWS Total Endpoints  
-----             -------      -------  ---------------------  -------------------     --------     --------  ----------------------  --------------------  
core_clk            1.701        0.000                      0                 4586        1.520        0.000                       0                  2042  


------------------------------------------------------------------------------------------------
| Inter Clock Table
| -----------------
------------------------------------------------------------------------------------------------

From Clock    To Clock          WNS(ns)      TNS(ns)  TNS Failing Endpoints  TNS Total Endpoints  
----------    --------          -------      -------  ---------------------  -------------------  


------------------------------------------------------------------------------------------------
| Other Path Groups Table
| -----------------------
------------------------------------------------------------------------------------------------

Path Group    From Clock    To Clock          WNS(ns)      TNS(ns)  TNS Failing Endpoints  TNS Total Endpoints  
----------    ----------    --------          -------      -------  ---------------------  -------------------  


------------------------------------------------------------------------------------------------
| Timing Details
| --------------
------------------------------------------------------------------------------------------------


---------------------------------------------------------------------------------------------------
From Clock:  core_clk
  To Clock:  core_clk

Setup :            0  Failing Endpoints,  Worst Slack        1.701ns,  Total Violation        0.000ns
Hold  :           NA  Failing Endpoints,  Worst Slack           NA  ,  Total Violation           NA
PW    :            0  Failing Endpoints,  Worst Slack        1.520ns,  Total Violation        0.000ns
---------------------------------------------------------------------------------------------------


Max Delay Paths
--------------------------------------------------------------------------------------
Slack (MET) :             1.701ns  (required time - arrival time)
  Source:                 dot_valid_q_reg/C
                            (rising edge-triggered cell FDCE clocked by core_clk  {rise@0.000ns fall@2.500ns period=5.000ns})
  Destination:            result_q_reg[0]/R
                            (rising edge-triggered cell FDRE clocked by core_clk  {rise@0.000ns fall@2.500ns period=5.000ns})
  Path Group:             core_clk
  Path Type:              Setup (Max at Slow Process Corner)
  Requirement:            5.000ns  (core_clk rise@5.000ns - core_clk rise@0.000ns)
  Data Path Delay:        2.691ns  (logic 0.813ns (30.212%)  route 1.878ns (69.788%))
  Logic Levels:           1  (LUT6=1)
  Clock Path Skew:        -0.049ns (DCD - SCD + CPR)
    Destination Clock Delay (DCD):    0.924ns = ( 5.924 - 5.000 ) 
    Source Clock Delay      (SCD):    0.973ns
    Clock Pessimism Removal (CPR):    0.000ns
  Clock Uncertainty:      0.035ns  ((TSJ^2 + TIJ^2)^1/2 + DJ) / 2 + PE
    Total System Jitter     (TSJ):    0.071ns
    Total Input Jitter      (TIJ):    0.000ns
    Discrete Jitter          (DJ):    0.000ns
    Phase Error              (PE):    0.000ns

    Location             Delay type                Incr(ns)  Path(ns)    Netlist Resource(s)
  -------------------------------------------------------------------    -------------------
                         (clock core_clk rise edge)
                                                      0.000     0.000 r  <hidden>
                                                      0.000     0.000 r  clk_i
                         net (fo=2041, unset)         0.973     0.973    clk_i
                         FDCE                                         r  dot_valid_q_reg/C
  -------------------------------------------------------------------    -------------------
                         FDCE (Prop_fdce_C_Q)         0.518     1.491 r  dot_valid_q_reg/Q
                         net (fo=26, unplaced)        1.031     2.522    dot_valid_q
                         LUT6 (Prop_lut6_I1_O)        0.295     2.817 r  result_q[31]_i_1/O
                         net (fo=32, unplaced)        0.847     3.664    result_q[31]_i_1_n_0
                         FDRE                                         r  result_q_reg[0]/R
  -------------------------------------------------------------------    -------------------

                         (clock core_clk rise edge)
                                                      5.000     5.000 r  <hidden>
                                                      0.000     5.000 r  clk_i
                         net (fo=2041, unset)         0.924     5.924    clk_i
                         FDRE                                         r  result_q_reg[0]/C
                         clock pessimism              0.000     5.924    <hidden>
                         clock uncertainty           -0.035     5.889    <hidden>
                         FDRE (Setup_fdre_C_R)       -0.524     5.365    result_q_reg[0]
  -------------------------------------------------------------------
                         required time                          5.365    <hidden>
                         arrival time                          -3.664    <hidden>
  -------------------------------------------------------------------
                         slack                                  1.701    <hidden>

Slack (MET) :             1.701ns  (required time - arrival time)
  Source:                 dot_valid_q_reg/C
                            (rising edge-triggered cell FDCE clocked by core_clk  {rise@0.000ns fall@2.500ns period=5.000ns})
  Destination:            result_q_reg[100]/R
                            (rising edge-triggered cell FDRE clocked by core_clk  {rise@0.000ns fall@2.500ns period=5.000ns})
  Path Group:             core_clk
  Path Type:              Setup (Max at Slow Process Corner)
  Requirement:            5.000ns  (core_clk rise@5.000ns - core_clk rise@0.000ns)
  Data Path Delay:        2.691ns  (logic 0.813ns (30.212%)  route 1.878ns (69.788%))
  Logic Levels:           1  (LUT6=1)
  Clock Path Skew:        -0.049ns (DCD - SCD + CPR)
    Destination Clock Delay (DCD):    0.924ns = ( 5.924 - 5.000 ) 
    Source Clock Delay      (SCD):    0.973ns
    Clock Pessimism Removal (CPR):    0.000ns
  Clock Uncertainty:      0.035ns  ((TSJ^2 + TIJ^2)^1/2 + DJ) / 2 + PE
    Total System Jitter     (TSJ):    0.071ns
    Total Input Jitter      (TIJ):    0.000ns
    Discrete Jitter          (DJ):    0.000ns
    Phase Error              (PE):    0.000ns

    Location             Delay type                Incr(ns)  Path(ns)    Netlist Resource(s)
  -------------------------------------------------------------------    -------------------
                         (clock core_clk rise edge)
                                                      0.000     0.000 r  <hidden>
                                                      0.000     0.000 r  clk_i
                         net (fo=2041, unset)         0.973     0.973    clk_i
                         FDCE                                         r  dot_valid_q_reg/C
  -------------------------------------------------------------------    -------------------
                         FDCE (Prop_fdce_C_Q)         0.518     1.491 r  dot_valid_q_reg/Q
                         net (fo=26, unplaced)        1.031     2.522    dot_valid_q
                         LUT6 (Prop_lut6_I1_O)        0.295     2.817 r  result_q[127]_i_1/O
                         net (fo=32, unplaced)        0.847     3.664    result_q[127]_i_1_n_0
                         FDRE                                         r  result_q_reg[100]/R
  -------------------------------------------------------------------    -------------------

                         (clock core_clk rise edge)
                                                      5.000     5.000 r  <hidden>
                                                      0.000     5.000 r  clk_i
                         net (fo=2041, unset)         0.924     5.924    clk_i
                         FDRE                                         r  result_q_reg[100]/C
                         clock pessimism              0.000     5.924    <hidden>
                         clock uncertainty           -0.035     5.889    <hidden>
                         FDRE (Setup_fdre_C_R)       -0.524     5.365    result_q_reg[100]
  -------------------------------------------------------------------
                         required time                          5.365    <hidden>
                         arrival time                          -3.664    <hidden>
  -------------------------------------------------------------------
                         slack                                  1.701    <hidden>

Slack (MET) :             1.701ns  (required time - arrival time)
  Source:                 dot_valid_q_reg/C
                            (rising edge-triggered cell FDCE clocked by core_clk  {rise@0.000ns fall@2.500ns period=5.000ns})
  Destination:            result_q_reg[101]/R
                            (rising edge-triggered cell FDRE clocked by core_clk  {rise@0.000ns fall@2.500ns period=5.000ns})
  Path Group:             core_clk
  Path Type:              Setup (Max at Slow Process Corner)
  Requirement:            5.000ns  (core_clk rise@5.000ns - core_clk rise@0.000ns)
  Data Path Delay:        2.691ns  (logic 0.813ns (30.212%)  route 1.878ns (69.788%))
  Logic Levels:           1  (LUT6=1)
  Clock Path Skew:        -0.049ns (DCD - SCD + CPR)
    Destination Clock Delay (DCD):    0.924ns = ( 5.924 - 5.000 ) 
    Source Clock Delay      (SCD):    0.973ns
    Clock Pessimism Removal (CPR):    0.000ns
  Clock Uncertainty:      0.035ns  ((TSJ^2 + TIJ^2)^1/2 + DJ) / 2 + PE
    Total System Jitter     (TSJ):    0.071ns
    Total Input Jitter      (TIJ):    0.000ns
    Discrete Jitter          (DJ):    0.000ns
    Phase Error              (PE):    0.000ns

    Location             Delay type                Incr(ns)  Path(ns)    Netlist Resource(s)
  -------------------------------------------------------------------    -------------------
                         (clock core_clk rise edge)
                                                      0.000     0.000 r  <hidden>
                                                      0.000     0.000 r  clk_i
                         net (fo=2041, unset)         0.973     0.973    clk_i
                         FDCE                                         r  dot_valid_q_reg/C
  -------------------------------------------------------------------    -------------------
                         FDCE (Prop_fdce_C_Q)         0.518     1.491 r  dot_valid_q_reg/Q
                         net (fo=26, unplaced)        1.031     2.522    dot_valid_q
                         LUT6 (Prop_lut6_I1_O)        0.295     2.817 r  result_q[127]_i_1/O
                         net (fo=32, unplaced)        0.847     3.664    result_q[127]_i_1_n_0
                         FDRE                                         r  result_q_reg[101]/R
  -------------------------------------------------------------------    -------------------

                         (clock core_clk rise edge)
                                                      5.000     5.000 r  <hidden>
                                                      0.000     5.000 r  clk_i
                         net (fo=2041, unset)         0.924     5.924    clk_i
                         FDRE                                         r  result_q_reg[101]/C
                         clock pessimism              0.000     5.924    <hidden>
                         clock uncertainty           -0.035     5.889    <hidden>
                         FDRE (Setup_fdre_C_R)       -0.524     5.365    result_q_reg[101]
  -------------------------------------------------------------------
                         required time                          5.365    <hidden>
                         arrival time                          -3.664    <hidden>
  -------------------------------------------------------------------
                         slack                                  1.701    <hidden>

Slack (MET) :             1.701ns  (required time - arrival time)
  Source:                 dot_valid_q_reg/C
                            (rising edge-triggered cell FDCE clocked by core_clk  {rise@0.000ns fall@2.500ns period=5.000ns})
  Destination:            result_q_reg[102]/R
                            (rising edge-triggered cell FDRE clocked by core_clk  {rise@0.000ns fall@2.500ns period=5.000ns})
  Path Group:             core_clk
  Path Type:              Setup (Max at Slow Process Corner)
  Requirement:            5.000ns  (core_clk rise@5.000ns - core_clk rise@0.000ns)
  Data Path Delay:        2.691ns  (logic 0.813ns (30.212%)  route 1.878ns (69.788%))
  Logic Levels:           1  (LUT6=1)
  Clock Path Skew:        -0.049ns (DCD - SCD + CPR)
    Destination Clock Delay (DCD):    0.924ns = ( 5.924 - 5.000 ) 
    Source Clock Delay      (SCD):    0.973ns
    Clock Pessimism Removal (CPR):    0.000ns
  Clock Uncertainty:      0.035ns  ((TSJ^2 + TIJ^2)^1/2 + DJ) / 2 + PE
    Total System Jitter     (TSJ):    0.071ns
    Total Input Jitter      (TIJ):    0.000ns
    Discrete Jitter          (DJ):    0.000ns
    Phase Error              (PE):    0.000ns

    Location             Delay type                Incr(ns)  Path(ns)    Netlist Resource(s)
  -------------------------------------------------------------------    -------------------
                         (clock core_clk rise edge)
                                                      0.000     0.000 r  <hidden>
                                                      0.000     0.000 r  clk_i
                         net (fo=2041, unset)         0.973     0.973    clk_i
                         FDCE                                         r  dot_valid_q_reg/C
  -------------------------------------------------------------------    -------------------
                         FDCE (Prop_fdce_C_Q)         0.518     1.491 r  dot_valid_q_reg/Q
                         net (fo=26, unplaced)        1.031     2.522    dot_valid_q
                         LUT6 (Prop_lut6_I1_O)        0.295     2.817 r  result_q[127]_i_1/O
                         net (fo=32, unplaced)        0.847     3.664    result_q[127]_i_1_n_0
                         FDRE                                         r  result_q_reg[102]/R
  -------------------------------------------------------------------    -------------------

                         (clock core_clk rise edge)
                                                      5.000     5.000 r  <hidden>
                                                      0.000     5.000 r  clk_i
                         net (fo=2041, unset)         0.924     5.924    clk_i
                         FDRE                                         r  result_q_reg[102]/C
                         clock pessimism              0.000     5.924    <hidden>
                         clock uncertainty           -0.035     5.889    <hidden>
                         FDRE (Setup_fdre_C_R)       -0.524     5.365    result_q_reg[102]
  -------------------------------------------------------------------
                         required time                          5.365    <hidden>
                         arrival time                          -3.664    <hidden>
  -------------------------------------------------------------------
                         slack                                  1.701    <hidden>

Slack (MET) :             1.701ns  (required time - arrival time)
  Source:                 dot_valid_q_reg/C
                            (rising edge-triggered cell FDCE clocked by core_clk  {rise@0.000ns fall@2.500ns period=5.000ns})
  Destination:            result_q_reg[103]/R
                            (rising edge-triggered cell FDRE clocked by core_clk  {rise@0.000ns fall@2.500ns period=5.000ns})
  Path Group:             core_clk
  Path Type:              Setup (Max at Slow Process Corner)
  Requirement:            5.000ns  (core_clk rise@5.000ns - core_clk rise@0.000ns)
  Data Path Delay:        2.691ns  (logic 0.813ns (30.212%)  route 1.878ns (69.788%))
  Logic Levels:           1  (LUT6=1)
  Clock Path Skew:        -0.049ns (DCD - SCD + CPR)
    Destination Clock Delay (DCD):    0.924ns = ( 5.924 - 5.000 ) 
    Source Clock Delay      (SCD):    0.973ns
    Clock Pessimism Removal (CPR):    0.000ns
  Clock Uncertainty:      0.035ns  ((TSJ^2 + TIJ^2)^1/2 + DJ) / 2 + PE
    Total System Jitter     (TSJ):    0.071ns
    Total Input Jitter      (TIJ):    0.000ns
    Discrete Jitter          (DJ):    0.000ns
    Phase Error              (PE):    0.000ns

    Location             Delay type                Incr(ns)  Path(ns)    Netlist Resource(s)
  -------------------------------------------------------------------    -------------------
                         (clock core_clk rise edge)
                                                      0.000     0.000 r  <hidden>
                                                      0.000     0.000 r  clk_i
                         net (fo=2041, unset)         0.973     0.973    clk_i
                         FDCE                                         r  dot_valid_q_reg/C
  -------------------------------------------------------------------    -------------------
                         FDCE (Prop_fdce_C_Q)         0.518     1.491 r  dot_valid_q_reg/Q
                         net (fo=26, unplaced)        1.031     2.522    dot_valid_q
                         LUT6 (Prop_lut6_I1_O)        0.295     2.817 r  result_q[127]_i_1/O
                         net (fo=32, unplaced)        0.847     3.664    result_q[127]_i_1_n_0
                         FDRE                                         r  result_q_reg[103]/R
  -------------------------------------------------------------------    -------------------

                         (clock core_clk rise edge)
                                                      5.000     5.000 r  <hidden>
                                                      0.000     5.000 r  clk_i
                         net (fo=2041, unset)         0.924     5.924    clk_i
                         FDRE                                         r  result_q_reg[103]/C
                         clock pessimism              0.000     5.924    <hidden>
                         clock uncertainty           -0.035     5.889    <hidden>
                         FDRE (Setup_fdre_C_R)       -0.524     5.365    result_q_reg[103]
  -------------------------------------------------------------------
                         required time                          5.365    <hidden>
                         arrival time                          -3.664    <hidden>
  -------------------------------------------------------------------
                         slack                                  1.701    <hidden>

Slack (MET) :             1.701ns  (required time - arrival time)
  Source:                 dot_valid_q_reg/C
                            (rising edge-triggered cell FDCE clocked by core_clk  {rise@0.000ns fall@2.500ns period=5.000ns})
  Destination:            result_q_reg[104]/R
                            (rising edge-triggered cell FDRE clocked by core_clk  {rise@0.000ns fall@2.500ns period=5.000ns})
  Path Group:             core_clk
  Path Type:              Setup (Max at Slow Process Corner)
  Requirement:            5.000ns  (core_clk rise@5.000ns - core_clk rise@0.000ns)
  Data Path Delay:        2.691ns  (logic 0.813ns (30.212%)  route 1.878ns (69.788%))
  Logic Levels:           1  (LUT6=1)
  Clock Path Skew:        -0.049ns (DCD - SCD + CPR)
    Destination Clock Delay (DCD):    0.924ns = ( 5.924 - 5.000 ) 
    Source Clock Delay      (SCD):    0.973ns
    Clock Pessimism Removal (CPR):    0.000ns
  Clock Uncertainty:      0.035ns  ((TSJ^2 + TIJ^2)^1/2 + DJ) / 2 + PE
    Total System Jitter     (TSJ):    0.071ns
    Total Input Jitter      (TIJ):    0.000ns
    Discrete Jitter          (DJ):    0.000ns
    Phase Error              (PE):    0.000ns

    Location             Delay type                Incr(ns)  Path(ns)    Netlist Resource(s)
  -------------------------------------------------------------------    -------------------
                         (clock core_clk rise edge)
                                                      0.000     0.000 r  <hidden>
                                                      0.000     0.000 r  clk_i
                         net (fo=2041, unset)         0.973     0.973    clk_i
                         FDCE                                         r  dot_valid_q_reg/C
  -------------------------------------------------------------------    -------------------
                         FDCE (Prop_fdce_C_Q)         0.518     1.491 r  dot_valid_q_reg/Q
                         net (fo=26, unplaced)        1.031     2.522    dot_valid_q
                         LUT6 (Prop_lut6_I1_O)        0.295     2.817 r  result_q[127]_i_1/O
                         net (fo=32, unplaced)        0.847     3.664    result_q[127]_i_1_n_0
                         FDRE                                         r  result_q_reg[104]/R
  -------------------------------------------------------------------    -------------------

                         (clock core_clk rise edge)
                                                      5.000     5.000 r  <hidden>
                                                      0.000     5.000 r  clk_i
                         net (fo=2041, unset)         0.924     5.924    clk_i
                         FDRE                                         r  result_q_reg[104]/C
                         clock pessimism              0.000     5.924    <hidden>
                         clock uncertainty           -0.035     5.889    <hidden>
                         FDRE (Setup_fdre_C_R)       -0.524     5.365    result_q_reg[104]
  -------------------------------------------------------------------
                         required time                          5.365    <hidden>
                         arrival time                          -3.664    <hidden>
  -------------------------------------------------------------------
                         slack                                  1.701    <hidden>

Slack (MET) :             1.701ns  (required time - arrival time)
  Source:                 dot_valid_q_reg/C
                            (rising edge-triggered cell FDCE clocked by core_clk  {rise@0.000ns fall@2.500ns period=5.000ns})
  Destination:            result_q_reg[105]/R
                            (rising edge-triggered cell FDRE clocked by core_clk  {rise@0.000ns fall@2.500ns period=5.000ns})
  Path Group:             core_clk
  Path Type:              Setup (Max at Slow Process Corner)
  Requirement:            5.000ns  (core_clk rise@5.000ns - core_clk rise@0.000ns)
  Data Path Delay:        2.691ns  (logic 0.813ns (30.212%)  route 1.878ns (69.788%))
  Logic Levels:           1  (LUT6=1)
  Clock Path Skew:        -0.049ns (DCD - SCD + CPR)
    Destination Clock Delay (DCD):    0.924ns = ( 5.924 - 5.000 ) 
    Source Clock Delay      (SCD):    0.973ns
    Clock Pessimism Removal (CPR):    0.000ns
  Clock Uncertainty:      0.035ns  ((TSJ^2 + TIJ^2)^1/2 + DJ) / 2 + PE
    Total System Jitter     (TSJ):    0.071ns
    Total Input Jitter      (TIJ):    0.000ns
    Discrete Jitter          (DJ):    0.000ns
    Phase Error              (PE):    0.000ns

    Location             Delay type                Incr(ns)  Path(ns)    Netlist Resource(s)
  -------------------------------------------------------------------    -------------------
                         (clock core_clk rise edge)
                                                      0.000     0.000 r  <hidden>
                                                      0.000     0.000 r  clk_i
                         net (fo=2041, unset)         0.973     0.973    clk_i
                         FDCE                                         r  dot_valid_q_reg/C
  -------------------------------------------------------------------    -------------------
                         FDCE (Prop_fdce_C_Q)         0.518     1.491 r  dot_valid_q_reg/Q
                         net (fo=26, unplaced)        1.031     2.522    dot_valid_q
                         LUT6 (Prop_lut6_I1_O)        0.295     2.817 r  result_q[127]_i_1/O
                         net (fo=32, unplaced)        0.847     3.664    result_q[127]_i_1_n_0
                         FDRE                                         r  result_q_reg[105]/R
  -------------------------------------------------------------------    -------------------

                         (clock core_clk rise edge)
                                                      5.000     5.000 r  <hidden>
                                                      0.000     5.000 r  clk_i
                         net (fo=2041, unset)         0.924     5.924    clk_i
                         FDRE                                         r  result_q_reg[105]/C
                         clock pessimism              0.000     5.924    <hidden>
                         clock uncertainty           -0.035     5.889    <hidden>
                         FDRE (Setup_fdre_C_R)       -0.524     5.365    result_q_reg[105]
  -------------------------------------------------------------------
                         required time                          5.365    <hidden>
                         arrival time                          -3.664    <hidden>
  -------------------------------------------------------------------
                         slack                                  1.701    <hidden>

Slack (MET) :             1.701ns  (required time - arrival time)
  Source:                 dot_valid_q_reg/C
                            (rising edge-triggered cell FDCE clocked by core_clk  {rise@0.000ns fall@2.500ns period=5.000ns})
  Destination:            result_q_reg[106]/R
                            (rising edge-triggered cell FDRE clocked by core_clk  {rise@0.000ns fall@2.500ns period=5.000ns})
  Path Group:             core_clk
  Path Type:              Setup (Max at Slow Process Corner)
  Requirement:            5.000ns  (core_clk rise@5.000ns - core_clk rise@0.000ns)
  Data Path Delay:        2.691ns  (logic 0.813ns (30.212%)  route 1.878ns (69.788%))
  Logic Levels:           1  (LUT6=1)
  Clock Path Skew:        -0.049ns (DCD - SCD + CPR)
    Destination Clock Delay (DCD):    0.924ns = ( 5.924 - 5.000 ) 
    Source Clock Delay      (SCD):    0.973ns
    Clock Pessimism Removal (CPR):    0.000ns
  Clock Uncertainty:      0.035ns  ((TSJ^2 + TIJ^2)^1/2 + DJ) / 2 + PE
    Total System Jitter     (TSJ):    0.071ns
    Total Input Jitter      (TIJ):    0.000ns
    Discrete Jitter          (DJ):    0.000ns
    Phase Error              (PE):    0.000ns

    Location             Delay type                Incr(ns)  Path(ns)    Netlist Resource(s)
  -------------------------------------------------------------------    -------------------
                         (clock core_clk rise edge)
                                                      0.000     0.000 r  <hidden>
                                                      0.000     0.000 r  clk_i
                         net (fo=2041, unset)         0.973     0.973    clk_i
                         FDCE                                         r  dot_valid_q_reg/C
  -------------------------------------------------------------------    -------------------
                         FDCE (Prop_fdce_C_Q)         0.518     1.491 r  dot_valid_q_reg/Q
                         net (fo=26, unplaced)        1.031     2.522    dot_valid_q
                         LUT6 (Prop_lut6_I1_O)        0.295     2.817 r  result_q[127]_i_1/O
                         net (fo=32, unplaced)        0.847     3.664    result_q[127]_i_1_n_0
                         FDRE                                         r  result_q_reg[106]/R
  -------------------------------------------------------------------    -------------------

                         (clock core_clk rise edge)
                                                      5.000     5.000 r  <hidden>
                                                      0.000     5.000 r  clk_i
                         net (fo=2041, unset)         0.924     5.924    clk_i
                         FDRE                                         r  result_q_reg[106]/C
                         clock pessimism              0.000     5.924    <hidden>
                         clock uncertainty           -0.035     5.889    <hidden>
                         FDRE (Setup_fdre_C_R)       -0.524     5.365    result_q_reg[106]
  -------------------------------------------------------------------
                         required time                          5.365    <hidden>
                         arrival time                          -3.664    <hidden>
  -------------------------------------------------------------------
                         slack                                  1.701    <hidden>

Slack (MET) :             1.701ns  (required time - arrival time)
  Source:                 dot_valid_q_reg/C
                            (rising edge-triggered cell FDCE clocked by core_clk  {rise@0.000ns fall@2.500ns period=5.000ns})
  Destination:            result_q_reg[107]/R
                            (rising edge-triggered cell FDRE clocked by core_clk  {rise@0.000ns fall@2.500ns period=5.000ns})
  Path Group:             core_clk
  Path Type:              Setup (Max at Slow Process Corner)
  Requirement:            5.000ns  (core_clk rise@5.000ns - core_clk rise@0.000ns)
  Data Path Delay:        2.691ns  (logic 0.813ns (30.212%)  route 1.878ns (69.788%))
  Logic Levels:           1  (LUT6=1)
  Clock Path Skew:        -0.049ns (DCD - SCD + CPR)
    Destination Clock Delay (DCD):    0.924ns = ( 5.924 - 5.000 ) 
    Source Clock Delay      (SCD):    0.973ns
    Clock Pessimism Removal (CPR):    0.000ns
  Clock Uncertainty:      0.035ns  ((TSJ^2 + TIJ^2)^1/2 + DJ) / 2 + PE
    Total System Jitter     (TSJ):    0.071ns
    Total Input Jitter      (TIJ):    0.000ns
    Discrete Jitter          (DJ):    0.000ns
    Phase Error              (PE):    0.000ns

    Location             Delay type                Incr(ns)  Path(ns)    Netlist Resource(s)
  -------------------------------------------------------------------    -------------------
                         (clock core_clk rise edge)
                                                      0.000     0.000 r  <hidden>
                                                      0.000     0.000 r  clk_i
                         net (fo=2041, unset)         0.973     0.973    clk_i
                         FDCE                                         r  dot_valid_q_reg/C
  -------------------------------------------------------------------    -------------------
                         FDCE (Prop_fdce_C_Q)         0.518     1.491 r  dot_valid_q_reg/Q
                         net (fo=26, unplaced)        1.031     2.522    dot_valid_q
                         LUT6 (Prop_lut6_I1_O)        0.295     2.817 r  result_q[127]_i_1/O
                         net (fo=32, unplaced)        0.847     3.664    result_q[127]_i_1_n_0
                         FDRE                                         r  result_q_reg[107]/R
  -------------------------------------------------------------------    -------------------

                         (clock core_clk rise edge)
                                                      5.000     5.000 r  <hidden>
                                                      0.000     5.000 r  clk_i
                         net (fo=2041, unset)         0.924     5.924    clk_i
                         FDRE                                         r  result_q_reg[107]/C
                         clock pessimism              0.000     5.924    <hidden>
                         clock uncertainty           -0.035     5.889    <hidden>
                         FDRE (Setup_fdre_C_R)       -0.524     5.365    result_q_reg[107]
  -------------------------------------------------------------------
                         required time                          5.365    <hidden>
                         arrival time                          -3.664    <hidden>
  -------------------------------------------------------------------
                         slack                                  1.701    <hidden>

Slack (MET) :             1.701ns  (required time - arrival time)
  Source:                 dot_valid_q_reg/C
                            (rising edge-triggered cell FDCE clocked by core_clk  {rise@0.000ns fall@2.500ns period=5.000ns})
  Destination:            result_q_reg[108]/R
                            (rising edge-triggered cell FDRE clocked by core_clk  {rise@0.000ns fall@2.500ns period=5.000ns})
  Path Group:             core_clk
  Path Type:              Setup (Max at Slow Process Corner)
  Requirement:            5.000ns  (core_clk rise@5.000ns - core_clk rise@0.000ns)
  Data Path Delay:        2.691ns  (logic 0.813ns (30.212%)  route 1.878ns (69.788%))
  Logic Levels:           1  (LUT6=1)
  Clock Path Skew:        -0.049ns (DCD - SCD + CPR)
    Destination Clock Delay (DCD):    0.924ns = ( 5.924 - 5.000 ) 
    Source Clock Delay      (SCD):    0.973ns
    Clock Pessimism Removal (CPR):    0.000ns
  Clock Uncertainty:      0.035ns  ((TSJ^2 + TIJ^2)^1/2 + DJ) / 2 + PE
    Total System Jitter     (TSJ):    0.071ns
    Total Input Jitter      (TIJ):    0.000ns
    Discrete Jitter          (DJ):    0.000ns
    Phase Error              (PE):    0.000ns

    Location             Delay type                Incr(ns)  Path(ns)    Netlist Resource(s)
  -------------------------------------------------------------------    -------------------
                         (clock core_clk rise edge)
                                                      0.000     0.000 r  <hidden>
                                                      0.000     0.000 r  clk_i
                         net (fo=2041, unset)         0.973     0.973    clk_i
                         FDCE                                         r  dot_valid_q_reg/C
  -------------------------------------------------------------------    -------------------
                         FDCE (Prop_fdce_C_Q)         0.518     1.491 r  dot_valid_q_reg/Q
                         net (fo=26, unplaced)        1.031     2.522    dot_valid_q
                         LUT6 (Prop_lut6_I1_O)        0.295     2.817 r  result_q[127]_i_1/O
                         net (fo=32, unplaced)        0.847     3.664    result_q[127]_i_1_n_0
                         FDRE                                         r  result_q_reg[108]/R
  -------------------------------------------------------------------    -------------------

                         (clock core_clk rise edge)
                                                      5.000     5.000 r  <hidden>
                                                      0.000     5.000 r  clk_i
                         net (fo=2041, unset)         0.924     5.924    clk_i
                         FDRE                                         r  result_q_reg[108]/C
                         clock pessimism              0.000     5.924    <hidden>
                         clock uncertainty           -0.035     5.889    <hidden>
                         FDRE (Setup_fdre_C_R)       -0.524     5.365    result_q_reg[108]
  -------------------------------------------------------------------
                         required time                          5.365    <hidden>
                         arrival time                          -3.664    <hidden>
  -------------------------------------------------------------------
                         slack                                  1.701    <hidden>

Slack (MET) :             1.701ns  (required time - arrival time)
  Source:                 dot_valid_q_reg/C
                            (rising edge-triggered cell FDCE clocked by core_clk  {rise@0.000ns fall@2.500ns period=5.000ns})
  Destination:            result_q_reg[109]/R
                            (rising edge-triggered cell FDRE clocked by core_clk  {rise@0.000ns fall@2.500ns period=5.000ns})
  Path Group:             core_clk
  Path Type:              Setup (Max at Slow Process Corner)
  Requirement:            5.000ns  (core_clk rise@5.000ns - core_clk rise@0.000ns)
  Data Path Delay:        2.691ns  (logic 0.813ns (30.212%)  route 1.878ns (69.788%))
  Logic Levels:           1  (LUT6=1)
  Clock Path Skew:        -0.049ns (DCD - SCD + CPR)
    Destination Clock Delay (DCD):    0.924ns = ( 5.924 - 5.000 ) 
    Source Clock Delay      (SCD):    0.973ns
    Clock Pessimism Removal (CPR):    0.000ns
  Clock Uncertainty:      0.035ns  ((TSJ^2 + TIJ^2)^1/2 + DJ) / 2 + PE
    Total System Jitter     (TSJ):    0.071ns
    Total Input Jitter      (TIJ):    0.000ns
    Discrete Jitter          (DJ):    0.000ns
    Phase Error              (PE):    0.000ns

    Location             Delay type                Incr(ns)  Path(ns)    Netlist Resource(s)
  -------------------------------------------------------------------    -------------------
                         (clock core_clk rise edge)
                                                      0.000     0.000 r  <hidden>
                                                      0.000     0.000 r  clk_i
                         net (fo=2041, unset)         0.973     0.973    clk_i
                         FDCE                                         r  dot_valid_q_reg/C
  -------------------------------------------------------------------    -------------------
                         FDCE (Prop_fdce_C_Q)         0.518     1.491 r  dot_valid_q_reg/Q
                         net (fo=26, unplaced)        1.031     2.522    dot_valid_q
                         LUT6 (Prop_lut6_I1_O)        0.295     2.817 r  result_q[127]_i_1/O
                         net (fo=32, unplaced)        0.847     3.664    result_q[127]_i_1_n_0
                         FDRE                                         r  result_q_reg[109]/R
  -------------------------------------------------------------------    -------------------

                         (clock core_clk rise edge)
                                                      5.000     5.000 r  <hidden>
                                                      0.000     5.000 r  clk_i
                         net (fo=2041, unset)         0.924     5.924    clk_i
                         FDRE                                         r  result_q_reg[109]/C
                         clock pessimism              0.000     5.924    <hidden>
                         clock uncertainty           -0.035     5.889    <hidden>
                         FDRE (Setup_fdre_C_R)       -0.524     5.365    result_q_reg[109]
  -------------------------------------------------------------------
                         required time                          5.365    <hidden>
                         arrival time                          -3.664    <hidden>
  -------------------------------------------------------------------
                         slack                                  1.701    <hidden>

Slack (MET) :             1.701ns  (required time - arrival time)
  Source:                 dot_valid_q_reg/C
                            (rising edge-triggered cell FDCE clocked by core_clk  {rise@0.000ns fall@2.500ns period=5.000ns})
  Destination:            result_q_reg[10]/R
                            (rising edge-triggered cell FDRE clocked by core_clk  {rise@0.000ns fall@2.500ns period=5.000ns})
  Path Group:             core_clk
  Path Type:              Setup (Max at Slow Process Corner)
  Requirement:            5.000ns  (core_clk rise@5.000ns - core_clk rise@0.000ns)
  Data Path Delay:        2.691ns  (logic 0.813ns (30.212%)  route 1.878ns (69.788%))
  Logic Levels:           1  (LUT6=1)
  Clock Path Skew:        -0.049ns (DCD - SCD + CPR)
    Destination Clock Delay (DCD):    0.924ns = ( 5.924 - 5.000 ) 
    Source Clock Delay      (SCD):    0.973ns
    Clock Pessimism Removal (CPR):    0.000ns
  Clock Uncertainty:      0.035ns  ((TSJ^2 + TIJ^2)^1/2 + DJ) / 2 + PE
    Total System Jitter     (TSJ):    0.071ns
    Total Input Jitter      (TIJ):    0.000ns
    Discrete Jitter          (DJ):    0.000ns
    Phase Error              (PE):    0.000ns

    Location             Delay type                Incr(ns)  Path(ns)    Netlist Resource(s)
  -------------------------------------------------------------------    -------------------
                         (clock core_clk rise edge)
                                                      0.000     0.000 r  <hidden>
                                                      0.000     0.000 r  clk_i
                         net (fo=2041, unset)         0.973     0.973    clk_i
                         FDCE                                         r  dot_valid_q_reg/C
  -------------------------------------------------------------------    -------------------
                         FDCE (Prop_fdce_C_Q)         0.518     1.491 r  dot_valid_q_reg/Q
                         net (fo=26, unplaced)        1.031     2.522    dot_valid_q
                         LUT6 (Prop_lut6_I1_O)        0.295     2.817 r  result_q[31]_i_1/O
                         net (fo=32, unplaced)        0.847     3.664    result_q[31]_i_1_n_0
                         FDRE                                         r  result_q_reg[10]/R
  -------------------------------------------------------------------    -------------------

                         (clock core_clk rise edge)
                                                      5.000     5.000 r  <hidden>
                                                      0.000     5.000 r  clk_i
                         net (fo=2041, unset)         0.924     5.924    clk_i
                         FDRE                                         r  result_q_reg[10]/C
                         clock pessimism              0.000     5.924    <hidden>
                         clock uncertainty           -0.035     5.889    <hidden>
                         FDRE (Setup_fdre_C_R)       -0.524     5.365    result_q_reg[10]
  -------------------------------------------------------------------
                         required time                          5.365    <hidden>
                         arrival time                          -3.664    <hidden>
  -------------------------------------------------------------------
                         slack                                  1.701    <hidden>

Slack (MET) :             1.701ns  (required time - arrival time)
  Source:                 dot_valid_q_reg/C
                            (rising edge-triggered cell FDCE clocked by core_clk  {rise@0.000ns fall@2.500ns period=5.000ns})
  Destination:            result_q_reg[110]/R
                            (rising edge-triggered cell FDRE clocked by core_clk  {rise@0.000ns fall@2.500ns period=5.000ns})
  Path Group:             core_clk
  Path Type:              Setup (Max at Slow Process Corner)
  Requirement:            5.000ns  (core_clk rise@5.000ns - core_clk rise@0.000ns)
  Data Path Delay:        2.691ns  (logic 0.813ns (30.212%)  route 1.878ns (69.788%))
  Logic Levels:           1  (LUT6=1)
  Clock Path Skew:        -0.049ns (DCD - SCD + CPR)
    Destination Clock Delay (DCD):    0.924ns = ( 5.924 - 5.000 ) 
    Source Clock Delay      (SCD):    0.973ns
    Clock Pessimism Removal (CPR):    0.000ns
  Clock Uncertainty:      0.035ns  ((TSJ^2 + TIJ^2)^1/2 + DJ) / 2 + PE
    Total System Jitter     (TSJ):    0.071ns
    Total Input Jitter      (TIJ):    0.000ns
    Discrete Jitter          (DJ):    0.000ns
    Phase Error              (PE):    0.000ns

    Location             Delay type                Incr(ns)  Path(ns)    Netlist Resource(s)
  -------------------------------------------------------------------    -------------------
                         (clock core_clk rise edge)
                                                      0.000     0.000 r  <hidden>
                                                      0.000     0.000 r  clk_i
                         net (fo=2041, unset)         0.973     0.973    clk_i
                         FDCE                                         r  dot_valid_q_reg/C
  -------------------------------------------------------------------    -------------------
                         FDCE (Prop_fdce_C_Q)         0.518     1.491 r  dot_valid_q_reg/Q
                         net (fo=26, unplaced)        1.031     2.522    dot_valid_q
                         LUT6 (Prop_lut6_I1_O)        0.295     2.817 r  result_q[127]_i_1/O
                         net (fo=32, unplaced)        0.847     3.664    result_q[127]_i_1_n_0
                         FDRE                                         r  result_q_reg[110]/R
  -------------------------------------------------------------------    -------------------

                         (clock core_clk rise edge)
                                                      5.000     5.000 r  <hidden>
                                                      0.000     5.000 r  clk_i
                         net (fo=2041, unset)         0.924     5.924    clk_i
                         FDRE                                         r  result_q_reg[110]/C
                         clock pessimism              0.000     5.924    <hidden>
                         clock uncertainty           -0.035     5.889    <hidden>
                         FDRE (Setup_fdre_C_R)       -0.524     5.365    result_q_reg[110]
  -------------------------------------------------------------------
                         required time                          5.365    <hidden>
                         arrival time                          -3.664    <hidden>
  -------------------------------------------------------------------
                         slack                                  1.701    <hidden>

Slack (MET) :             1.701ns  (required time - arrival time)
  Source:                 dot_valid_q_reg/C
                            (rising edge-triggered cell FDCE clocked by core_clk  {rise@0.000ns fall@2.500ns period=5.000ns})
  Destination:            result_q_reg[111]/R
                            (rising edge-triggered cell FDRE clocked by core_clk  {rise@0.000ns fall@2.500ns period=5.000ns})
  Path Group:             core_clk
  Path Type:              Setup (Max at Slow Process Corner)
  Requirement:            5.000ns  (core_clk rise@5.000ns - core_clk rise@0.000ns)
  Data Path Delay:        2.691ns  (logic 0.813ns (30.212%)  route 1.878ns (69.788%))
  Logic Levels:           1  (LUT6=1)
  Clock Path Skew:        -0.049ns (DCD - SCD + CPR)
    Destination Clock Delay (DCD):    0.924ns = ( 5.924 - 5.000 ) 
    Source Clock Delay      (SCD):    0.973ns
    Clock Pessimism Removal (CPR):    0.000ns
  Clock Uncertainty:      0.035ns  ((TSJ^2 + TIJ^2)^1/2 + DJ) / 2 + PE
    Total System Jitter     (TSJ):    0.071ns
    Total Input Jitter      (TIJ):    0.000ns
    Discrete Jitter          (DJ):    0.000ns
    Phase Error              (PE):    0.000ns

    Location             Delay type                Incr(ns)  Path(ns)    Netlist Resource(s)
  -------------------------------------------------------------------    -------------------
                         (clock core_clk rise edge)
                                                      0.000     0.000 r  <hidden>
                                                      0.000     0.000 r  clk_i
                         net (fo=2041, unset)         0.973     0.973    clk_i
                         FDCE                                         r  dot_valid_q_reg/C
  -------------------------------------------------------------------    -------------------
                         FDCE (Prop_fdce_C_Q)         0.518     1.491 r  dot_valid_q_reg/Q
                         net (fo=26, unplaced)        1.031     2.522    dot_valid_q
                         LUT6 (Prop_lut6_I1_O)        0.295     2.817 r  result_q[127]_i_1/O
                         net (fo=32, unplaced)        0.847     3.664    result_q[127]_i_1_n_0
                         FDRE                                         r  result_q_reg[111]/R
  -------------------------------------------------------------------    -------------------

                         (clock core_clk rise edge)
                                                      5.000     5.000 r  <hidden>
                                                      0.000     5.000 r  clk_i
                         net (fo=2041, unset)         0.924     5.924    clk_i
                         FDRE                                         r  result_q_reg[111]/C
                         clock pessimism              0.000     5.924    <hidden>
                         clock uncertainty           -0.035     5.889    <hidden>
                         FDRE (Setup_fdre_C_R)       -0.524     5.365    result_q_reg[111]
  -------------------------------------------------------------------
                         required time                          5.365    <hidden>
                         arrival time                          -3.664    <hidden>
  -------------------------------------------------------------------
                         slack                                  1.701    <hidden>

Slack (MET) :             1.701ns  (required time - arrival time)
  Source:                 dot_valid_q_reg/C
                            (rising edge-triggered cell FDCE clocked by core_clk  {rise@0.000ns fall@2.500ns period=5.000ns})
  Destination:            result_q_reg[112]/R
                            (rising edge-triggered cell FDRE clocked by core_clk  {rise@0.000ns fall@2.500ns period=5.000ns})
  Path Group:             core_clk
  Path Type:              Setup (Max at Slow Process Corner)
  Requirement:            5.000ns  (core_clk rise@5.000ns - core_clk rise@0.000ns)
  Data Path Delay:        2.691ns  (logic 0.813ns (30.212%)  route 1.878ns (69.788%))
  Logic Levels:           1  (LUT6=1)
  Clock Path Skew:        -0.049ns (DCD - SCD + CPR)
    Destination Clock Delay (DCD):    0.924ns = ( 5.924 - 5.000 ) 
    Source Clock Delay      (SCD):    0.973ns
    Clock Pessimism Removal (CPR):    0.000ns
  Clock Uncertainty:      0.035ns  ((TSJ^2 + TIJ^2)^1/2 + DJ) / 2 + PE
    Total System Jitter     (TSJ):    0.071ns
    Total Input Jitter      (TIJ):    0.000ns
    Discrete Jitter          (DJ):    0.000ns
    Phase Error              (PE):    0.000ns

    Location             Delay type                Incr(ns)  Path(ns)    Netlist Resource(s)
  -------------------------------------------------------------------    -------------------
                         (clock core_clk rise edge)
                                                      0.000     0.000 r  <hidden>
                                                      0.000     0.000 r  clk_i
                         net (fo=2041, unset)         0.973     0.973    clk_i
                         FDCE                                         r  dot_valid_q_reg/C
  -------------------------------------------------------------------    -------------------
                         FDCE (Prop_fdce_C_Q)         0.518     1.491 r  dot_valid_q_reg/Q
                         net (fo=26, unplaced)        1.031     2.522    dot_valid_q
                         LUT6 (Prop_lut6_I1_O)        0.295     2.817 r  result_q[127]_i_1/O
                         net (fo=32, unplaced)        0.847     3.664    result_q[127]_i_1_n_0
                         FDRE                                         r  result_q_reg[112]/R
  -------------------------------------------------------------------    -------------------

                         (clock core_clk rise edge)
                                                      5.000     5.000 r  <hidden>
                                                      0.000     5.000 r  clk_i
                         net (fo=2041, unset)         0.924     5.924    clk_i
                         FDRE                                         r  result_q_reg[112]/C
                         clock pessimism              0.000     5.924    <hidden>
                         clock uncertainty           -0.035     5.889    <hidden>
                         FDRE (Setup_fdre_C_R)       -0.524     5.365    result_q_reg[112]
  -------------------------------------------------------------------
                         required time                          5.365    <hidden>
                         arrival time                          -3.664    <hidden>
  -------------------------------------------------------------------
                         slack                                  1.701    <hidden>

Slack (MET) :             1.701ns  (required time - arrival time)
  Source:                 dot_valid_q_reg/C
                            (rising edge-triggered cell FDCE clocked by core_clk  {rise@0.000ns fall@2.500ns period=5.000ns})
  Destination:            result_q_reg[113]/R
                            (rising edge-triggered cell FDRE clocked by core_clk  {rise@0.000ns fall@2.500ns period=5.000ns})
  Path Group:             core_clk
  Path Type:              Setup (Max at Slow Process Corner)
  Requirement:            5.000ns  (core_clk rise@5.000ns - core_clk rise@0.000ns)
  Data Path Delay:        2.691ns  (logic 0.813ns (30.212%)  route 1.878ns (69.788%))
  Logic Levels:           1  (LUT6=1)
  Clock Path Skew:        -0.049ns (DCD - SCD + CPR)
    Destination Clock Delay (DCD):    0.924ns = ( 5.924 - 5.000 ) 
    Source Clock Delay      (SCD):    0.973ns
    Clock Pessimism Removal (CPR):    0.000ns
  Clock Uncertainty:      0.035ns  ((TSJ^2 + TIJ^2)^1/2 + DJ) / 2 + PE
    Total System Jitter     (TSJ):    0.071ns
    Total Input Jitter      (TIJ):    0.000ns
    Discrete Jitter          (DJ):    0.000ns
    Phase Error              (PE):    0.000ns

    Location             Delay type                Incr(ns)  Path(ns)    Netlist Resource(s)
  -------------------------------------------------------------------    -------------------
                         (clock core_clk rise edge)
                                                      0.000     0.000 r  <hidden>
                                                      0.000     0.000 r  clk_i
                         net (fo=2041, unset)         0.973     0.973    clk_i
                         FDCE                                         r  dot_valid_q_reg/C
  -------------------------------------------------------------------    -------------------
                         FDCE (Prop_fdce_C_Q)         0.518     1.491 r  dot_valid_q_reg/Q
                         net (fo=26, unplaced)        1.031     2.522    dot_valid_q
                         LUT6 (Prop_lut6_I1_O)        0.295     2.817 r  result_q[127]_i_1/O
                         net (fo=32, unplaced)        0.847     3.664    result_q[127]_i_1_n_0
                         FDRE                                         r  result_q_reg[113]/R
  -------------------------------------------------------------------    -------------------

                         (clock core_clk rise edge)
                                                      5.000     5.000 r  <hidden>
                                                      0.000     5.000 r  clk_i
                         net (fo=2041, unset)         0.924     5.924    clk_i
                         FDRE                                         r  result_q_reg[113]/C
                         clock pessimism              0.000     5.924    <hidden>
                         clock uncertainty           -0.035     5.889    <hidden>
                         FDRE (Setup_fdre_C_R)       -0.524     5.365    result_q_reg[113]
  -------------------------------------------------------------------
                         required time                          5.365    <hidden>
                         arrival time                          -3.664    <hidden>
  -------------------------------------------------------------------
                         slack                                  1.701    <hidden>

Slack (MET) :             1.701ns  (required time - arrival time)
  Source:                 dot_valid_q_reg/C
                            (rising edge-triggered cell FDCE clocked by core_clk  {rise@0.000ns fall@2.500ns period=5.000ns})
  Destination:            result_q_reg[114]/R
                            (rising edge-triggered cell FDRE clocked by core_clk  {rise@0.000ns fall@2.500ns period=5.000ns})
  Path Group:             core_clk
  Path Type:              Setup (Max at Slow Process Corner)
  Requirement:            5.000ns  (core_clk rise@5.000ns - core_clk rise@0.000ns)
  Data Path Delay:        2.691ns  (logic 0.813ns (30.212%)  route 1.878ns (69.788%))
  Logic Levels:           1  (LUT6=1)
  Clock Path Skew:        -0.049ns (DCD - SCD + CPR)
    Destination Clock Delay (DCD):    0.924ns = ( 5.924 - 5.000 ) 
    Source Clock Delay      (SCD):    0.973ns
    Clock Pessimism Removal (CPR):    0.000ns
  Clock Uncertainty:      0.035ns  ((TSJ^2 + TIJ^2)^1/2 + DJ) / 2 + PE
    Total System Jitter     (TSJ):    0.071ns
    Total Input Jitter      (TIJ):    0.000ns
    Discrete Jitter          (DJ):    0.000ns
    Phase Error              (PE):    0.000ns

    Location             Delay type                Incr(ns)  Path(ns)    Netlist Resource(s)
  -------------------------------------------------------------------    -------------------
                         (clock core_clk rise edge)
                                                      0.000     0.000 r  <hidden>
                                                      0.000     0.000 r  clk_i
                         net (fo=2041, unset)         0.973     0.973    clk_i
                         FDCE                                         r  dot_valid_q_reg/C
  -------------------------------------------------------------------    -------------------
                         FDCE (Prop_fdce_C_Q)         0.518     1.491 r  dot_valid_q_reg/Q
                         net (fo=26, unplaced)        1.031     2.522    dot_valid_q
                         LUT6 (Prop_lut6_I1_O)        0.295     2.817 r  result_q[127]_i_1/O
                         net (fo=32, unplaced)        0.847     3.664    result_q[127]_i_1_n_0
                         FDRE                                         r  result_q_reg[114]/R
  -------------------------------------------------------------------    -------------------

                         (clock core_clk rise edge)
                                                      5.000     5.000 r  <hidden>
                                                      0.000     5.000 r  clk_i
                         net (fo=2041, unset)         0.924     5.924    clk_i
                         FDRE                                         r  result_q_reg[114]/C
                         clock pessimism              0.000     5.924    <hidden>
                         clock uncertainty           -0.035     5.889    <hidden>
                         FDRE (Setup_fdre_C_R)       -0.524     5.365    result_q_reg[114]
  -------------------------------------------------------------------
                         required time                          5.365    <hidden>
                         arrival time                          -3.664    <hidden>
  -------------------------------------------------------------------
                         slack                                  1.701    <hidden>

Slack (MET) :             1.701ns  (required time - arrival time)
  Source:                 dot_valid_q_reg/C
                            (rising edge-triggered cell FDCE clocked by core_clk  {rise@0.000ns fall@2.500ns period=5.000ns})
  Destination:            result_q_reg[115]/R
                            (rising edge-triggered cell FDRE clocked by core_clk  {rise@0.000ns fall@2.500ns period=5.000ns})
  Path Group:             core_clk
  Path Type:              Setup (Max at Slow Process Corner)
  Requirement:            5.000ns  (core_clk rise@5.000ns - core_clk rise@0.000ns)
  Data Path Delay:        2.691ns  (logic 0.813ns (30.212%)  route 1.878ns (69.788%))
  Logic Levels:           1  (LUT6=1)
  Clock Path Skew:        -0.049ns (DCD - SCD + CPR)
    Destination Clock Delay (DCD):    0.924ns = ( 5.924 - 5.000 ) 
    Source Clock Delay      (SCD):    0.973ns
    Clock Pessimism Removal (CPR):    0.000ns
  Clock Uncertainty:      0.035ns  ((TSJ^2 + TIJ^2)^1/2 + DJ) / 2 + PE
    Total System Jitter     (TSJ):    0.071ns
    Total Input Jitter      (TIJ):    0.000ns
    Discrete Jitter          (DJ):    0.000ns
    Phase Error              (PE):    0.000ns

    Location             Delay type                Incr(ns)  Path(ns)    Netlist Resource(s)
  -------------------------------------------------------------------    -------------------
                         (clock core_clk rise edge)
                                                      0.000     0.000 r  <hidden>
                                                      0.000     0.000 r  clk_i
                         net (fo=2041, unset)         0.973     0.973    clk_i
                         FDCE                                         r  dot_valid_q_reg/C
  -------------------------------------------------------------------    -------------------
                         FDCE (Prop_fdce_C_Q)         0.518     1.491 r  dot_valid_q_reg/Q
                         net (fo=26, unplaced)        1.031     2.522    dot_valid_q
                         LUT6 (Prop_lut6_I1_O)        0.295     2.817 r  result_q[127]_i_1/O
                         net (fo=32, unplaced)        0.847     3.664    result_q[127]_i_1_n_0
                         FDRE                                         r  result_q_reg[115]/R
  -------------------------------------------------------------------    -------------------

                         (clock core_clk rise edge)
                                                      5.000     5.000 r  <hidden>
                                                      0.000     5.000 r  clk_i
                         net (fo=2041, unset)         0.924     5.924    clk_i
                         FDRE                                         r  result_q_reg[115]/C
                         clock pessimism              0.000     5.924    <hidden>
                         clock uncertainty           -0.035     5.889    <hidden>
                         FDRE (Setup_fdre_C_R)       -0.524     5.365    result_q_reg[115]
  -------------------------------------------------------------------
                         required time                          5.365    <hidden>
                         arrival time                          -3.664    <hidden>
  -------------------------------------------------------------------
                         slack                                  1.701    <hidden>

Slack (MET) :             1.701ns  (required time - arrival time)
  Source:                 dot_valid_q_reg/C
                            (rising edge-triggered cell FDCE clocked by core_clk  {rise@0.000ns fall@2.500ns period=5.000ns})
  Destination:            result_q_reg[116]/R
                            (rising edge-triggered cell FDRE clocked by core_clk  {rise@0.000ns fall@2.500ns period=5.000ns})
  Path Group:             core_clk
  Path Type:              Setup (Max at Slow Process Corner)
  Requirement:            5.000ns  (core_clk rise@5.000ns - core_clk rise@0.000ns)
  Data Path Delay:        2.691ns  (logic 0.813ns (30.212%)  route 1.878ns (69.788%))
  Logic Levels:           1  (LUT6=1)
  Clock Path Skew:        -0.049ns (DCD - SCD + CPR)
    Destination Clock Delay (DCD):    0.924ns = ( 5.924 - 5.000 ) 
    Source Clock Delay      (SCD):    0.973ns
    Clock Pessimism Removal (CPR):    0.000ns
  Clock Uncertainty:      0.035ns  ((TSJ^2 + TIJ^2)^1/2 + DJ) / 2 + PE
    Total System Jitter     (TSJ):    0.071ns
    Total Input Jitter      (TIJ):    0.000ns
    Discrete Jitter          (DJ):    0.000ns
    Phase Error              (PE):    0.000ns

    Location             Delay type                Incr(ns)  Path(ns)    Netlist Resource(s)
  -------------------------------------------------------------------    -------------------
                         (clock core_clk rise edge)
                                                      0.000     0.000 r  <hidden>
                                                      0.000     0.000 r  clk_i
                         net (fo=2041, unset)         0.973     0.973    clk_i
                         FDCE                                         r  dot_valid_q_reg/C
  -------------------------------------------------------------------    -------------------
                         FDCE (Prop_fdce_C_Q)         0.518     1.491 r  dot_valid_q_reg/Q
                         net (fo=26, unplaced)        1.031     2.522    dot_valid_q
                         LUT6 (Prop_lut6_I1_O)        0.295     2.817 r  result_q[127]_i_1/O
                         net (fo=32, unplaced)        0.847     3.664    result_q[127]_i_1_n_0
                         FDRE                                         r  result_q_reg[116]/R
  -------------------------------------------------------------------    -------------------

                         (clock core_clk rise edge)
                                                      5.000     5.000 r  <hidden>
                                                      0.000     5.000 r  clk_i
                         net (fo=2041, unset)         0.924     5.924    clk_i
                         FDRE                                         r  result_q_reg[116]/C
                         clock pessimism              0.000     5.924    <hidden>
                         clock uncertainty           -0.035     5.889    <hidden>
                         FDRE (Setup_fdre_C_R)       -0.524     5.365    result_q_reg[116]
  -------------------------------------------------------------------
                         required time                          5.365    <hidden>
                         arrival time                          -3.664    <hidden>
  -------------------------------------------------------------------
                         slack                                  1.701    <hidden>

Slack (MET) :             1.701ns  (required time - arrival time)
  Source:                 dot_valid_q_reg/C
                            (rising edge-triggered cell FDCE clocked by core_clk  {rise@0.000ns fall@2.500ns period=5.000ns})
  Destination:            result_q_reg[117]/R
                            (rising edge-triggered cell FDRE clocked by core_clk  {rise@0.000ns fall@2.500ns period=5.000ns})
  Path Group:             core_clk
  Path Type:              Setup (Max at Slow Process Corner)
  Requirement:            5.000ns  (core_clk rise@5.000ns - core_clk rise@0.000ns)
  Data Path Delay:        2.691ns  (logic 0.813ns (30.212%)  route 1.878ns (69.788%))
  Logic Levels:           1  (LUT6=1)
  Clock Path Skew:        -0.049ns (DCD - SCD + CPR)
    Destination Clock Delay (DCD):    0.924ns = ( 5.924 - 5.000 ) 
    Source Clock Delay      (SCD):    0.973ns
    Clock Pessimism Removal (CPR):    0.000ns
  Clock Uncertainty:      0.035ns  ((TSJ^2 + TIJ^2)^1/2 + DJ) / 2 + PE
    Total System Jitter     (TSJ):    0.071ns
    Total Input Jitter      (TIJ):    0.000ns
    Discrete Jitter          (DJ):    0.000ns
    Phase Error              (PE):    0.000ns

    Location             Delay type                Incr(ns)  Path(ns)    Netlist Resource(s)
  -------------------------------------------------------------------    -------------------
                         (clock core_clk rise edge)
                                                      0.000     0.000 r  <hidden>
                                                      0.000     0.000 r  clk_i
                         net (fo=2041, unset)         0.973     0.973    clk_i
                         FDCE                                         r  dot_valid_q_reg/C
  -------------------------------------------------------------------    -------------------
                         FDCE (Prop_fdce_C_Q)         0.518     1.491 r  dot_valid_q_reg/Q
                         net (fo=26, unplaced)        1.031     2.522    dot_valid_q
                         LUT6 (Prop_lut6_I1_O)        0.295     2.817 r  result_q[127]_i_1/O
                         net (fo=32, unplaced)        0.847     3.664    result_q[127]_i_1_n_0
                         FDRE                                         r  result_q_reg[117]/R
  -------------------------------------------------------------------    -------------------

                         (clock core_clk rise edge)
                                                      5.000     5.000 r  <hidden>
                                                      0.000     5.000 r  clk_i
                         net (fo=2041, unset)         0.924     5.924    clk_i
                         FDRE                                         r  result_q_reg[117]/C
                         clock pessimism              0.000     5.924    <hidden>
                         clock uncertainty           -0.035     5.889    <hidden>
                         FDRE (Setup_fdre_C_R)       -0.524     5.365    result_q_reg[117]
  -------------------------------------------------------------------
                         required time                          5.365    <hidden>
                         arrival time                          -3.664    <hidden>
  -------------------------------------------------------------------
                         slack                                  1.701    <hidden>





Pulse Width Checks
--------------------------------------------------------------------------------------
Clock Name:         core_clk
Waveform(ns):       { 0.000 2.500 }
Period(ns):         5.000
Sources:            { clk_i }

Check Type        Corner  Lib Pin      Reference Pin  Required(ns)  Actual(ns)  Slack(ns)  Location  Pin
Min Period        n/a     DSP48E1/CLK  n/a            2.154         5.000       2.846                product_q_reg[0][0]/CLK
Min Period        n/a     DSP48E1/CLK  n/a            2.154         5.000       2.846                product_q_reg[0][1]/CLK
Min Period        n/a     DSP48E1/CLK  n/a            2.154         5.000       2.846                product_q_reg[0][2]/CLK
Min Period        n/a     DSP48E1/CLK  n/a            2.154         5.000       2.846                product_q_reg[0][3]/CLK
Min Period        n/a     DSP48E1/CLK  n/a            2.154         5.000       2.846                product_q_reg[0][4]/CLK
Min Period        n/a     DSP48E1/CLK  n/a            2.154         5.000       2.846                product_q_reg[0][5]/CLK
Min Period        n/a     DSP48E1/CLK  n/a            2.154         5.000       2.846                product_q_reg[0][6]/CLK
Min Period        n/a     DSP48E1/CLK  n/a            2.154         5.000       2.846                product_q_reg[0][7]/CLK
Min Period        n/a     DSP48E1/CLK  n/a            2.154         5.000       2.846                product_q_reg[1][0]/CLK
Min Period        n/a     DSP48E1/CLK  n/a            2.154         5.000       2.846                product_q_reg[1][1]/CLK
Min Period        n/a     DSP48E1/CLK  n/a            2.154         5.000       2.846                product_q_reg[1][2]/CLK
Min Period        n/a     DSP48E1/CLK  n/a            2.154         5.000       2.846                product_q_reg[1][3]/CLK
Min Period        n/a     DSP48E1/CLK  n/a            2.154         5.000       2.846                product_q_reg[1][4]/CLK
Min Period        n/a     DSP48E1/CLK  n/a            2.154         5.000       2.846                product_q_reg[1][5]/CLK
Min Period        n/a     DSP48E1/CLK  n/a            2.154         5.000       2.846                product_q_reg[1][6]/CLK
Min Period        n/a     DSP48E1/CLK  n/a            2.154         5.000       2.846                product_q_reg[1][7]/CLK
Min Period        n/a     DSP48E1/CLK  n/a            2.154         5.000       2.846                product_q_reg[2][0]/CLK
Min Period        n/a     DSP48E1/CLK  n/a            2.154         5.000       2.846                product_q_reg[2][1]/CLK
Min Period        n/a     DSP48E1/CLK  n/a            2.154         5.000       2.846                product_q_reg[2][2]/CLK
Min Period        n/a     DSP48E1/CLK  n/a            2.154         5.000       2.846                product_q_reg[2][3]/CLK
Low Pulse Width   Slow    SRL16E/CLK   n/a            0.980         2.500       1.520                sum_l2_first_q_reg_srl2/CLK
Low Pulse Width   Fast    SRL16E/CLK   n/a            0.980         2.500       1.520                sum_l2_first_q_reg_srl2/CLK
Low Pulse Width   Slow    SRL16E/CLK   n/a            0.980         2.500       1.520                sum_l2_last_q_reg_srl2/CLK
Low Pulse Width   Fast    SRL16E/CLK   n/a            0.980         2.500       1.520                sum_l2_last_q_reg_srl2/CLK
Low Pulse Width   Slow    SRL16E/CLK   n/a            0.980         2.500       1.520                sum_l2_output_mask_q_reg[0]_srl3/CLK
Low Pulse Width   Fast    SRL16E/CLK   n/a            0.980         2.500       1.520                sum_l2_output_mask_q_reg[0]_srl3/CLK
Low Pulse Width   Slow    SRL16E/CLK   n/a            0.980         2.500       1.520                sum_l2_output_mask_q_reg[1]_srl3/CLK
Low Pulse Width   Fast    SRL16E/CLK   n/a            0.980         2.500       1.520                sum_l2_output_mask_q_reg[1]_srl3/CLK
Low Pulse Width   Slow    SRL16E/CLK   n/a            0.980         2.500       1.520                sum_l2_output_mask_q_reg[2]_srl3/CLK
Low Pulse Width   Fast    SRL16E/CLK   n/a            0.980         2.500       1.520                sum_l2_output_mask_q_reg[2]_srl3/CLK
Low Pulse Width   Slow    SRL16E/CLK   n/a            0.980         2.500       1.520                sum_l2_output_mask_q_reg[3]_srl3/CLK
Low Pulse Width   Fast    SRL16E/CLK   n/a            0.980         2.500       1.520                sum_l2_output_mask_q_reg[3]_srl3/CLK
Low Pulse Width   Slow    SRL16E/CLK   n/a            0.980         2.500       1.520                sum_l2_output_mask_q_reg[4]_srl3/CLK
Low Pulse Width   Fast    SRL16E/CLK   n/a            0.980         2.500       1.520                sum_l2_output_mask_q_reg[4]_srl3/CLK
Low Pulse Width   Slow    SRL16E/CLK   n/a            0.980         2.500       1.520                sum_l2_output_mask_q_reg[5]_srl3/CLK
Low Pulse Width   Fast    SRL16E/CLK   n/a            0.980         2.500       1.520                sum_l2_output_mask_q_reg[5]_srl3/CLK
Low Pulse Width   Slow    SRL16E/CLK   n/a            0.980         2.500       1.520                sum_l2_output_mask_q_reg[6]_srl3/CLK
Low Pulse Width   Fast    SRL16E/CLK   n/a            0.980         2.500       1.520                sum_l2_output_mask_q_reg[6]_srl3/CLK
Low Pulse Width   Slow    SRL16E/CLK   n/a            0.980         2.500       1.520                sum_l2_output_mask_q_reg[7]_srl3/CLK
Low Pulse Width   Fast    SRL16E/CLK   n/a            0.980         2.500       1.520                sum_l2_output_mask_q_reg[7]_srl3/CLK
High Pulse Width  Slow    SRL16E/CLK   n/a            0.980         2.500       1.520                sum_l2_first_q_reg_srl2/CLK
High Pulse Width  Fast    SRL16E/CLK   n/a            0.980         2.500       1.520                sum_l2_first_q_reg_srl2/CLK
High Pulse Width  Slow    SRL16E/CLK   n/a            0.980         2.500       1.520                sum_l2_last_q_reg_srl2/CLK
High Pulse Width  Fast    SRL16E/CLK   n/a            0.980         2.500       1.520                sum_l2_last_q_reg_srl2/CLK
High Pulse Width  Slow    SRL16E/CLK   n/a            0.980         2.500       1.520                sum_l2_output_mask_q_reg[0]_srl3/CLK
High Pulse Width  Fast    SRL16E/CLK   n/a            0.980         2.500       1.520                sum_l2_output_mask_q_reg[0]_srl3/CLK
High Pulse Width  Slow    SRL16E/CLK   n/a            0.980         2.500       1.520                sum_l2_output_mask_q_reg[1]_srl3/CLK
High Pulse Width  Fast    SRL16E/CLK   n/a            0.980         2.500       1.520                sum_l2_output_mask_q_reg[1]_srl3/CLK
High Pulse Width  Slow    SRL16E/CLK   n/a            0.980         2.500       1.520                sum_l2_output_mask_q_reg[2]_srl3/CLK
High Pulse Width  Fast    SRL16E/CLK   n/a            0.980         2.500       1.520                sum_l2_output_mask_q_reg[2]_srl3/CLK
High Pulse Width  Slow    SRL16E/CLK   n/a            0.980         2.500       1.520                sum_l2_output_mask_q_reg[3]_srl3/CLK
High Pulse Width  Fast    SRL16E/CLK   n/a            0.980         2.500       1.520                sum_l2_output_mask_q_reg[3]_srl3/CLK
High Pulse Width  Slow    SRL16E/CLK   n/a            0.980         2.500       1.520                sum_l2_output_mask_q_reg[4]_srl3/CLK
High Pulse Width  Fast    SRL16E/CLK   n/a            0.980         2.500       1.520                sum_l2_output_mask_q_reg[4]_srl3/CLK
High Pulse Width  Slow    SRL16E/CLK   n/a            0.980         2.500       1.520                sum_l2_output_mask_q_reg[5]_srl3/CLK
High Pulse Width  Fast    SRL16E/CLK   n/a            0.980         2.500       1.520                sum_l2_output_mask_q_reg[5]_srl3/CLK
High Pulse Width  Slow    SRL16E/CLK   n/a            0.980         2.500       1.520                sum_l2_output_mask_q_reg[6]_srl3/CLK
High Pulse Width  Fast    SRL16E/CLK   n/a            0.980         2.500       1.520                sum_l2_output_mask_q_reg[6]_srl3/CLK
High Pulse Width  Slow    SRL16E/CLK   n/a            0.980         2.500       1.520                sum_l2_output_mask_q_reg[7]_srl3/CLK
High Pulse Width  Fast    SRL16E/CLK   n/a            0.980         2.500       1.520                sum_l2_output_mask_q_reg[7]_srl3/CLK



