Copyright 1986-2022 Xilinx, Inc. All Rights Reserved. Copyright 2022-2026 Advanced Micro Devices, Inc. All Rights Reserved.
---------------------------------------------------------------------------------------------------------------------------------------------
| Tool Version : Vivado v.2026.1 (win64) Build 6511674 Tue Jun 16 11:02:23 MDT 2026
| Date         : Tue Sep 15 02:34:16 2026
| Host         : RAW2332 running 64-bit major release  (build 9200)
| Command      : check_timing -verbose -file D:/WORKBUDDY/STEM/npu-stem-repo/hardware/reports/vivado_2026_1/npu_vec_add/check_timing.rpt
| Design       : npu_vec_add
| Device       : 7z020-clg400
| Speed File   : -1  PRODUCTION 1.12 2019-11-22
| Design State : Synthesized
---------------------------------------------------------------------------------------------------------------------------------------------


check_timing report

Table of Contents
-----------------
1. checking no_clock (0)
2. checking constant_clock (0)
3. checking pulse_width_clock (0)
4. checking unconstrained_internal_endpoints (0)
5. checking no_input_delay (569)
6. checking no_output_delay (218)
7. checking multiple_clock (0)
8. checking generated_clocks (0)
9. checking loops (0)
10. checking partial_input_delay (0)
11. checking partial_output_delay (0)
12. checking latch_loops (0)

1. checking no_clock (0)
------------------------
 There are 0 register/latch pins with no clock.


2. checking constant_clock (0)
------------------------------
 There are 0 register/latch pins with constant_clock.


3. checking pulse_width_clock (0)
---------------------------------
 There are 0 register/latch pins which need pulse_width check


4. checking unconstrained_internal_endpoints (0)
------------------------------------------------
 There are 0 pins that are not constrained for maximum delay.

 There are 0 pins that are not constrained for maximum delay due to constant clock.


5. checking no_input_delay (569)
--------------------------------
 There are 569 input ports with no input delay specified. (HIGH)

command_bits_i[0]
command_bits_i[100]
command_bits_i[101]
command_bits_i[102]
command_bits_i[103]
command_bits_i[104]
command_bits_i[105]
command_bits_i[106]
command_bits_i[107]
command_bits_i[108]
command_bits_i[109]
command_bits_i[10]
command_bits_i[110]
command_bits_i[111]
command_bits_i[11]
command_bits_i[120]
command_bits_i[121]
command_bits_i[123]
command_bits_i[12]
command_bits_i[13]
command_bits_i[14]
command_bits_i[15]
command_bits_i[1]
command_bits_i[2]
command_bits_i[32]
command_bits_i[33]
command_bits_i[34]
command_bits_i[35]
command_bits_i[36]
command_bits_i[37]
command_bits_i[38]
command_bits_i[39]
command_bits_i[3]
command_bits_i[40]
command_bits_i[41]
command_bits_i[42]
command_bits_i[43]
command_bits_i[44]
command_bits_i[45]
command_bits_i[46]
command_bits_i[47]
command_bits_i[48]
command_bits_i[49]
command_bits_i[4]
command_bits_i[50]
command_bits_i[51]
command_bits_i[52]
command_bits_i[53]
command_bits_i[54]
command_bits_i[55]
command_bits_i[56]
command_bits_i[57]
command_bits_i[58]
command_bits_i[59]
command_bits_i[5]
command_bits_i[60]
command_bits_i[61]
command_bits_i[62]
command_bits_i[63]
command_bits_i[64]
command_bits_i[65]
command_bits_i[66]
command_bits_i[67]
command_bits_i[68]
command_bits_i[69]
command_bits_i[6]
command_bits_i[70]
command_bits_i[71]
command_bits_i[72]
command_bits_i[73]
command_bits_i[74]
command_bits_i[75]
command_bits_i[76]
command_bits_i[77]
command_bits_i[78]
command_bits_i[79]
command_bits_i[7]
command_bits_i[80]
command_bits_i[81]
command_bits_i[82]
command_bits_i[83]
command_bits_i[84]
command_bits_i[85]
command_bits_i[86]
command_bits_i[87]
command_bits_i[88]
command_bits_i[89]
command_bits_i[8]
command_bits_i[90]
command_bits_i[91]
command_bits_i[92]
command_bits_i[93]
command_bits_i[94]
command_bits_i[95]
command_bits_i[96]
command_bits_i[97]
command_bits_i[98]
command_bits_i[99]
command_bits_i[9]
operator_desc_bits_i[0]
operator_desc_bits_i[100]
operator_desc_bits_i[101]
operator_desc_bits_i[102]
operator_desc_bits_i[103]
operator_desc_bits_i[104]
operator_desc_bits_i[105]
operator_desc_bits_i[106]
operator_desc_bits_i[107]
operator_desc_bits_i[108]
operator_desc_bits_i[109]
operator_desc_bits_i[10]
operator_desc_bits_i[110]
operator_desc_bits_i[111]
operator_desc_bits_i[112]
operator_desc_bits_i[113]
operator_desc_bits_i[114]
operator_desc_bits_i[115]
operator_desc_bits_i[116]
operator_desc_bits_i[117]
operator_desc_bits_i[118]
operator_desc_bits_i[119]
operator_desc_bits_i[11]
operator_desc_bits_i[120]
operator_desc_bits_i[121]
operator_desc_bits_i[122]
operator_desc_bits_i[123]
operator_desc_bits_i[124]
operator_desc_bits_i[125]
operator_desc_bits_i[126]
operator_desc_bits_i[127]
operator_desc_bits_i[128]
operator_desc_bits_i[129]
operator_desc_bits_i[12]
operator_desc_bits_i[130]
operator_desc_bits_i[131]
operator_desc_bits_i[132]
operator_desc_bits_i[133]
operator_desc_bits_i[134]
operator_desc_bits_i[135]
operator_desc_bits_i[136]
operator_desc_bits_i[137]
operator_desc_bits_i[138]
operator_desc_bits_i[139]
operator_desc_bits_i[13]
operator_desc_bits_i[140]
operator_desc_bits_i[141]
operator_desc_bits_i[142]
operator_desc_bits_i[143]
operator_desc_bits_i[144]
operator_desc_bits_i[145]
operator_desc_bits_i[146]
operator_desc_bits_i[147]
operator_desc_bits_i[148]
operator_desc_bits_i[149]
operator_desc_bits_i[14]
operator_desc_bits_i[150]
operator_desc_bits_i[151]
operator_desc_bits_i[152]
operator_desc_bits_i[153]
operator_desc_bits_i[154]
operator_desc_bits_i[155]
operator_desc_bits_i[156]
operator_desc_bits_i[157]
operator_desc_bits_i[158]
operator_desc_bits_i[159]
operator_desc_bits_i[15]
operator_desc_bits_i[160]
operator_desc_bits_i[161]
operator_desc_bits_i[162]
operator_desc_bits_i[163]
operator_desc_bits_i[164]
operator_desc_bits_i[165]
operator_desc_bits_i[166]
operator_desc_bits_i[167]
operator_desc_bits_i[168]
operator_desc_bits_i[169]
operator_desc_bits_i[16]
operator_desc_bits_i[170]
operator_desc_bits_i[171]
operator_desc_bits_i[172]
operator_desc_bits_i[173]
operator_desc_bits_i[174]
operator_desc_bits_i[175]
operator_desc_bits_i[17]
operator_desc_bits_i[18]
operator_desc_bits_i[192]
operator_desc_bits_i[193]
operator_desc_bits_i[194]
operator_desc_bits_i[195]
operator_desc_bits_i[196]
operator_desc_bits_i[197]
operator_desc_bits_i[198]
operator_desc_bits_i[199]
operator_desc_bits_i[19]
operator_desc_bits_i[1]
operator_desc_bits_i[200]
operator_desc_bits_i[201]
operator_desc_bits_i[202]
operator_desc_bits_i[203]
operator_desc_bits_i[204]
operator_desc_bits_i[205]
operator_desc_bits_i[206]
operator_desc_bits_i[207]
operator_desc_bits_i[20]
operator_desc_bits_i[21]
operator_desc_bits_i[224]
operator_desc_bits_i[225]
operator_desc_bits_i[226]
operator_desc_bits_i[227]
operator_desc_bits_i[228]
operator_desc_bits_i[229]
operator_desc_bits_i[22]
operator_desc_bits_i[230]
operator_desc_bits_i[231]
operator_desc_bits_i[232]
operator_desc_bits_i[233]
operator_desc_bits_i[234]
operator_desc_bits_i[235]
operator_desc_bits_i[236]
operator_desc_bits_i[237]
operator_desc_bits_i[238]
operator_desc_bits_i[239]
operator_desc_bits_i[23]
operator_desc_bits_i[24]
operator_desc_bits_i[25]
operator_desc_bits_i[26]
operator_desc_bits_i[27]
operator_desc_bits_i[28]
operator_desc_bits_i[29]
operator_desc_bits_i[2]
operator_desc_bits_i[30]
operator_desc_bits_i[31]
operator_desc_bits_i[320]
operator_desc_bits_i[321]
operator_desc_bits_i[322]
operator_desc_bits_i[323]
operator_desc_bits_i[324]
operator_desc_bits_i[325]
operator_desc_bits_i[326]
operator_desc_bits_i[327]
operator_desc_bits_i[328]
operator_desc_bits_i[329]
operator_desc_bits_i[330]
operator_desc_bits_i[331]
operator_desc_bits_i[332]
operator_desc_bits_i[333]
operator_desc_bits_i[334]
operator_desc_bits_i[335]
operator_desc_bits_i[336]
operator_desc_bits_i[337]
operator_desc_bits_i[338]
operator_desc_bits_i[339]
operator_desc_bits_i[340]
operator_desc_bits_i[341]
operator_desc_bits_i[342]
operator_desc_bits_i[343]
operator_desc_bits_i[344]
operator_desc_bits_i[345]
operator_desc_bits_i[346]
operator_desc_bits_i[347]
operator_desc_bits_i[348]
operator_desc_bits_i[349]
operator_desc_bits_i[350]
operator_desc_bits_i[351]
operator_desc_bits_i[352]
operator_desc_bits_i[353]
operator_desc_bits_i[354]
operator_desc_bits_i[355]
operator_desc_bits_i[356]
operator_desc_bits_i[357]
operator_desc_bits_i[358]
operator_desc_bits_i[359]
operator_desc_bits_i[360]
operator_desc_bits_i[361]
operator_desc_bits_i[362]
operator_desc_bits_i[363]
operator_desc_bits_i[364]
operator_desc_bits_i[365]
operator_desc_bits_i[366]
operator_desc_bits_i[367]
operator_desc_bits_i[368]
operator_desc_bits_i[369]
operator_desc_bits_i[370]
operator_desc_bits_i[371]
operator_desc_bits_i[372]
operator_desc_bits_i[373]
operator_desc_bits_i[374]
operator_desc_bits_i[375]
operator_desc_bits_i[376]
operator_desc_bits_i[377]
operator_desc_bits_i[378]
operator_desc_bits_i[379]
operator_desc_bits_i[380]
operator_desc_bits_i[381]
operator_desc_bits_i[382]
operator_desc_bits_i[383]
operator_desc_bits_i[384]
operator_desc_bits_i[385]
operator_desc_bits_i[386]
operator_desc_bits_i[387]
operator_desc_bits_i[388]
operator_desc_bits_i[389]
operator_desc_bits_i[390]
operator_desc_bits_i[391]
operator_desc_bits_i[392]
operator_desc_bits_i[393]
operator_desc_bits_i[394]
operator_desc_bits_i[395]
operator_desc_bits_i[396]
operator_desc_bits_i[397]
operator_desc_bits_i[398]
operator_desc_bits_i[399]
operator_desc_bits_i[3]
operator_desc_bits_i[400]
operator_desc_bits_i[401]
operator_desc_bits_i[402]
operator_desc_bits_i[403]
operator_desc_bits_i[404]
operator_desc_bits_i[405]
operator_desc_bits_i[406]
operator_desc_bits_i[407]
operator_desc_bits_i[408]
operator_desc_bits_i[409]
operator_desc_bits_i[410]
operator_desc_bits_i[411]
operator_desc_bits_i[412]
operator_desc_bits_i[413]
operator_desc_bits_i[414]
operator_desc_bits_i[415]
operator_desc_bits_i[416]
operator_desc_bits_i[417]
operator_desc_bits_i[418]
operator_desc_bits_i[419]
operator_desc_bits_i[420]
operator_desc_bits_i[421]
operator_desc_bits_i[422]
operator_desc_bits_i[423]
operator_desc_bits_i[424]
operator_desc_bits_i[425]
operator_desc_bits_i[426]
operator_desc_bits_i[427]
operator_desc_bits_i[428]
operator_desc_bits_i[429]
operator_desc_bits_i[430]
operator_desc_bits_i[431]
operator_desc_bits_i[432]
operator_desc_bits_i[433]
operator_desc_bits_i[434]
operator_desc_bits_i[435]
operator_desc_bits_i[436]
operator_desc_bits_i[437]
operator_desc_bits_i[438]
operator_desc_bits_i[439]
operator_desc_bits_i[440]
operator_desc_bits_i[441]
operator_desc_bits_i[442]
operator_desc_bits_i[443]
operator_desc_bits_i[444]
operator_desc_bits_i[445]
operator_desc_bits_i[446]
operator_desc_bits_i[447]
operator_desc_bits_i[480]
operator_desc_bits_i[481]
operator_desc_bits_i[482]
operator_desc_bits_i[483]
operator_desc_bits_i[484]
operator_desc_bits_i[485]
operator_desc_bits_i[486]
operator_desc_bits_i[487]
operator_desc_bits_i[488]
operator_desc_bits_i[489]
operator_desc_bits_i[490]
operator_desc_bits_i[491]
operator_desc_bits_i[492]
operator_desc_bits_i[493]
operator_desc_bits_i[494]
operator_desc_bits_i[495]
operator_desc_bits_i[496]
operator_desc_bits_i[497]
operator_desc_bits_i[498]
operator_desc_bits_i[499]
operator_desc_bits_i[4]
operator_desc_bits_i[500]
operator_desc_bits_i[501]
operator_desc_bits_i[502]
operator_desc_bits_i[503]
operator_desc_bits_i[504]
operator_desc_bits_i[505]
operator_desc_bits_i[506]
operator_desc_bits_i[507]
operator_desc_bits_i[508]
operator_desc_bits_i[509]
operator_desc_bits_i[510]
operator_desc_bits_i[511]
operator_desc_bits_i[5]
operator_desc_bits_i[64]
operator_desc_bits_i[65]
operator_desc_bits_i[66]
operator_desc_bits_i[67]
operator_desc_bits_i[68]
operator_desc_bits_i[69]
operator_desc_bits_i[6]
operator_desc_bits_i[70]
operator_desc_bits_i[71]
operator_desc_bits_i[72]
operator_desc_bits_i[73]
operator_desc_bits_i[74]
operator_desc_bits_i[75]
operator_desc_bits_i[76]
operator_desc_bits_i[77]
operator_desc_bits_i[78]
operator_desc_bits_i[79]
operator_desc_bits_i[7]
operator_desc_bits_i[80]
operator_desc_bits_i[81]
operator_desc_bits_i[82]
operator_desc_bits_i[83]
operator_desc_bits_i[84]
operator_desc_bits_i[85]
operator_desc_bits_i[86]
operator_desc_bits_i[87]
operator_desc_bits_i[88]
operator_desc_bits_i[89]
operator_desc_bits_i[8]
operator_desc_bits_i[90]
operator_desc_bits_i[91]
operator_desc_bits_i[92]
operator_desc_bits_i[93]
operator_desc_bits_i[94]
operator_desc_bits_i[95]
operator_desc_bits_i[96]
operator_desc_bits_i[97]
operator_desc_bits_i[98]
operator_desc_bits_i[99]
operator_desc_bits_i[9]
read_data_i[0]
read_data_i[100]
read_data_i[101]
read_data_i[102]
read_data_i[103]
read_data_i[104]
read_data_i[105]
read_data_i[106]
read_data_i[107]
read_data_i[108]
read_data_i[109]
read_data_i[10]
read_data_i[110]
read_data_i[111]
read_data_i[112]
read_data_i[113]
read_data_i[114]
read_data_i[115]
read_data_i[116]
read_data_i[117]
read_data_i[118]
read_data_i[119]
read_data_i[11]
read_data_i[120]
read_data_i[121]
read_data_i[122]
read_data_i[123]
read_data_i[124]
read_data_i[125]
read_data_i[126]
read_data_i[127]
read_data_i[12]
read_data_i[13]
read_data_i[14]
read_data_i[15]
read_data_i[16]
read_data_i[17]
read_data_i[18]
read_data_i[19]
read_data_i[1]
read_data_i[20]
read_data_i[21]
read_data_i[22]
read_data_i[23]
read_data_i[24]
read_data_i[25]
read_data_i[26]
read_data_i[27]
read_data_i[28]
read_data_i[29]
read_data_i[2]
read_data_i[30]
read_data_i[31]
read_data_i[32]
read_data_i[33]
read_data_i[34]
read_data_i[35]
read_data_i[36]
read_data_i[37]
read_data_i[38]
read_data_i[39]
read_data_i[3]
read_data_i[40]
read_data_i[41]
read_data_i[42]
read_data_i[43]
read_data_i[44]
read_data_i[45]
read_data_i[46]
read_data_i[47]
read_data_i[48]
read_data_i[49]
read_data_i[4]
read_data_i[50]
read_data_i[51]
read_data_i[52]
read_data_i[53]
read_data_i[54]
read_data_i[55]
read_data_i[56]
read_data_i[57]
read_data_i[58]
read_data_i[59]
read_data_i[5]
read_data_i[60]
read_data_i[61]
read_data_i[62]
read_data_i[63]
read_data_i[64]
read_data_i[65]
read_data_i[66]
read_data_i[67]
read_data_i[68]
read_data_i[69]
read_data_i[6]
read_data_i[70]
read_data_i[71]
read_data_i[72]
read_data_i[73]
read_data_i[74]
read_data_i[75]
read_data_i[76]
read_data_i[77]
read_data_i[78]
read_data_i[79]
read_data_i[7]
read_data_i[80]
read_data_i[81]
read_data_i[82]
read_data_i[83]
read_data_i[84]
read_data_i[85]
read_data_i[86]
read_data_i[87]
read_data_i[88]
read_data_i[89]
read_data_i[8]
read_data_i[90]
read_data_i[91]
read_data_i[92]
read_data_i[93]
read_data_i[94]
read_data_i[95]
read_data_i[96]
read_data_i[97]
read_data_i[98]
read_data_i[99]
read_data_i[9]
read_request_ready_i
read_response_valid_i
rst_ni
soft_reset_i
start_valid_i
write_ready_i

 There are 0 input ports with no input delay but user has a false path constraint.


6. checking no_output_delay (218)
---------------------------------
 There are 218 ports with no output delay specified. (HIGH)

busy_o
done_pulse_o
error_pulse_o
error_reason_o[0]
error_reason_o[1]
error_reason_o[2]
error_reason_o[3]
read_address_o[0]
read_address_o[10]
read_address_o[11]
read_address_o[12]
read_address_o[13]
read_address_o[14]
read_address_o[15]
read_address_o[16]
read_address_o[17]
read_address_o[18]
read_address_o[19]
read_address_o[1]
read_address_o[20]
read_address_o[21]
read_address_o[22]
read_address_o[23]
read_address_o[24]
read_address_o[25]
read_address_o[26]
read_address_o[27]
read_address_o[28]
read_address_o[29]
read_address_o[2]
read_address_o[30]
read_address_o[31]
read_address_o[3]
read_address_o[4]
read_address_o[5]
read_address_o[6]
read_address_o[7]
read_address_o[8]
read_address_o[9]
read_bank_o
read_kind_o[0]
read_kind_o[1]
read_request_valid_o
read_response_ready_o
start_ready_o
write_address_o[10]
write_address_o[11]
write_address_o[12]
write_address_o[13]
write_address_o[14]
write_address_o[15]
write_address_o[16]
write_address_o[17]
write_address_o[18]
write_address_o[19]
write_address_o[20]
write_address_o[21]
write_address_o[22]
write_address_o[23]
write_address_o[24]
write_address_o[25]
write_address_o[26]
write_address_o[27]
write_address_o[28]
write_address_o[29]
write_address_o[30]
write_address_o[31]
write_address_o[3]
write_address_o[4]
write_address_o[5]
write_address_o[6]
write_address_o[7]
write_address_o[8]
write_address_o[9]
write_bank_o
write_data_o[0]
write_data_o[100]
write_data_o[101]
write_data_o[102]
write_data_o[103]
write_data_o[104]
write_data_o[105]
write_data_o[106]
write_data_o[107]
write_data_o[108]
write_data_o[109]
write_data_o[10]
write_data_o[110]
write_data_o[111]
write_data_o[112]
write_data_o[113]
write_data_o[114]
write_data_o[115]
write_data_o[116]
write_data_o[117]
write_data_o[118]
write_data_o[119]
write_data_o[11]
write_data_o[120]
write_data_o[121]
write_data_o[122]
write_data_o[123]
write_data_o[124]
write_data_o[125]
write_data_o[126]
write_data_o[127]
write_data_o[12]
write_data_o[13]
write_data_o[14]
write_data_o[15]
write_data_o[16]
write_data_o[17]
write_data_o[18]
write_data_o[19]
write_data_o[1]
write_data_o[20]
write_data_o[21]
write_data_o[22]
write_data_o[23]
write_data_o[24]
write_data_o[25]
write_data_o[26]
write_data_o[27]
write_data_o[28]
write_data_o[29]
write_data_o[2]
write_data_o[30]
write_data_o[31]
write_data_o[32]
write_data_o[33]
write_data_o[34]
write_data_o[35]
write_data_o[36]
write_data_o[37]
write_data_o[38]
write_data_o[39]
write_data_o[3]
write_data_o[40]
write_data_o[41]
write_data_o[42]
write_data_o[43]
write_data_o[44]
write_data_o[45]
write_data_o[46]
write_data_o[47]
write_data_o[48]
write_data_o[49]
write_data_o[4]
write_data_o[50]
write_data_o[51]
write_data_o[52]
write_data_o[53]
write_data_o[54]
write_data_o[55]
write_data_o[56]
write_data_o[57]
write_data_o[58]
write_data_o[59]
write_data_o[5]
write_data_o[60]
write_data_o[61]
write_data_o[62]
write_data_o[63]
write_data_o[64]
write_data_o[65]
write_data_o[66]
write_data_o[67]
write_data_o[68]
write_data_o[69]
write_data_o[6]
write_data_o[70]
write_data_o[71]
write_data_o[72]
write_data_o[73]
write_data_o[74]
write_data_o[75]
write_data_o[76]
write_data_o[77]
write_data_o[78]
write_data_o[79]
write_data_o[7]
write_data_o[80]
write_data_o[81]
write_data_o[82]
write_data_o[83]
write_data_o[84]
write_data_o[85]
write_data_o[86]
write_data_o[87]
write_data_o[88]
write_data_o[89]
write_data_o[8]
write_data_o[90]
write_data_o[91]
write_data_o[92]
write_data_o[93]
write_data_o[94]
write_data_o[95]
write_data_o[96]
write_data_o[97]
write_data_o[98]
write_data_o[99]
write_data_o[9]
write_strobe_o[10]
write_strobe_o[11]
write_strobe_o[12]
write_strobe_o[13]
write_strobe_o[14]
write_strobe_o[15]
write_strobe_o[2]
write_strobe_o[3]
write_strobe_o[4]
write_strobe_o[5]
write_strobe_o[6]
write_strobe_o[7]
write_strobe_o[8]
write_strobe_o[9]
write_valid_o

 There are 0 ports with no output delay but user has a false path constraint

 There are 0 ports with no output delay but with a timing clock defined on it or propagating through it


7. checking multiple_clock (0)
------------------------------
 There are 0 register/latch pins with multiple clocks.


8. checking generated_clocks (0)
--------------------------------
 There are 0 generated clocks that are not connected to a clock source.


9. checking loops (0)
---------------------
 There are 0 combinational loops in the design.


10. checking partial_input_delay (0)
------------------------------------
 There are 0 input ports with partial input delay specified.


11. checking partial_output_delay (0)
-------------------------------------
 There are 0 ports with partial output delay specified.


12. checking latch_loops (0)
----------------------------
 There are 0 combinational latch loops in the design through latch input


