Copyright 1986-2022 Xilinx, Inc. All Rights Reserved. Copyright 2022-2026 Advanced Micro Devices, Inc. All Rights Reserved.
---------------------------------------------------------------------------------------------------------------------------------------------
| Tool Version : Vivado v.2026.1 (win64) Build 6511674 Tue Jun 16 11:02:23 MDT 2026
| Date         : Tue Sep 15 09:00:05 2026
| Host         : RAW2332 running 64-bit major release  (build 9200)
| Command      : check_timing -verbose -file D:/WORKBUDDY/STEM/npu-stem-repo/hardware/reports/vivado_2026_1/npu_task_loader/check_timing.rpt
| Design       : npu_task_loader
| Device       : 7z020-clg400
| Speed File   : -1  PRODUCTION 1.12 2019-11-22
| Design State : Synthesized
---------------------------------------------------------------------------------------------------------------------------------------------


check_timing report

Table of Contents
-----------------
1. checking no_clock (0)
2. checking constant_clock (0)
3. checking pulse_width_clock (0)
4. checking unconstrained_internal_endpoints (0)
5. checking no_input_delay (615)
6. checking no_output_delay (774)
7. checking multiple_clock (0)
8. checking generated_clocks (0)
9. checking loops (0)
10. checking partial_input_delay (0)
11. checking partial_output_delay (0)
12. checking latch_loops (0)

1. checking no_clock (0)
------------------------
 There are 0 register/latch pins with no clock.


2. checking constant_clock (0)
------------------------------
 There are 0 register/latch pins with constant_clock.


3. checking pulse_width_clock (0)
---------------------------------
 There are 0 register/latch pins which need pulse_width check


4. checking unconstrained_internal_endpoints (0)
------------------------------------------------
 There are 0 pins that are not constrained for maximum delay.

 There are 0 pins that are not constrained for maximum delay due to constant clock.


5. checking no_input_delay (615)
--------------------------------
 There are 615 input ports with no input delay specified. (HIGH)

lut_write_ready_i
memory_request_ready_i
memory_response_data_i[0]
memory_response_data_i[100]
memory_response_data_i[101]
memory_response_data_i[102]
memory_response_data_i[103]
memory_response_data_i[104]
memory_response_data_i[105]
memory_response_data_i[106]
memory_response_data_i[107]
memory_response_data_i[108]
memory_response_data_i[109]
memory_response_data_i[10]
memory_response_data_i[110]
memory_response_data_i[111]
memory_response_data_i[112]
memory_response_data_i[113]
memory_response_data_i[114]
memory_response_data_i[115]
memory_response_data_i[116]
memory_response_data_i[117]
memory_response_data_i[118]
memory_response_data_i[119]
memory_response_data_i[11]
memory_response_data_i[120]
memory_response_data_i[121]
memory_response_data_i[122]
memory_response_data_i[123]
memory_response_data_i[124]
memory_response_data_i[125]
memory_response_data_i[126]
memory_response_data_i[127]
memory_response_data_i[128]
memory_response_data_i[129]
memory_response_data_i[12]
memory_response_data_i[130]
memory_response_data_i[131]
memory_response_data_i[132]
memory_response_data_i[133]
memory_response_data_i[134]
memory_response_data_i[135]
memory_response_data_i[136]
memory_response_data_i[137]
memory_response_data_i[138]
memory_response_data_i[139]
memory_response_data_i[13]
memory_response_data_i[140]
memory_response_data_i[141]
memory_response_data_i[142]
memory_response_data_i[143]
memory_response_data_i[144]
memory_response_data_i[145]
memory_response_data_i[146]
memory_response_data_i[147]
memory_response_data_i[148]
memory_response_data_i[149]
memory_response_data_i[14]
memory_response_data_i[150]
memory_response_data_i[151]
memory_response_data_i[152]
memory_response_data_i[153]
memory_response_data_i[154]
memory_response_data_i[155]
memory_response_data_i[156]
memory_response_data_i[157]
memory_response_data_i[158]
memory_response_data_i[159]
memory_response_data_i[15]
memory_response_data_i[160]
memory_response_data_i[161]
memory_response_data_i[162]
memory_response_data_i[163]
memory_response_data_i[164]
memory_response_data_i[165]
memory_response_data_i[166]
memory_response_data_i[167]
memory_response_data_i[168]
memory_response_data_i[169]
memory_response_data_i[16]
memory_response_data_i[170]
memory_response_data_i[171]
memory_response_data_i[172]
memory_response_data_i[173]
memory_response_data_i[174]
memory_response_data_i[175]
memory_response_data_i[176]
memory_response_data_i[177]
memory_response_data_i[178]
memory_response_data_i[179]
memory_response_data_i[17]
memory_response_data_i[180]
memory_response_data_i[181]
memory_response_data_i[182]
memory_response_data_i[183]
memory_response_data_i[184]
memory_response_data_i[185]
memory_response_data_i[186]
memory_response_data_i[187]
memory_response_data_i[188]
memory_response_data_i[189]
memory_response_data_i[18]
memory_response_data_i[190]
memory_response_data_i[191]
memory_response_data_i[192]
memory_response_data_i[193]
memory_response_data_i[194]
memory_response_data_i[195]
memory_response_data_i[196]
memory_response_data_i[197]
memory_response_data_i[198]
memory_response_data_i[199]
memory_response_data_i[19]
memory_response_data_i[1]
memory_response_data_i[200]
memory_response_data_i[201]
memory_response_data_i[202]
memory_response_data_i[203]
memory_response_data_i[204]
memory_response_data_i[205]
memory_response_data_i[206]
memory_response_data_i[207]
memory_response_data_i[208]
memory_response_data_i[209]
memory_response_data_i[20]
memory_response_data_i[210]
memory_response_data_i[211]
memory_response_data_i[212]
memory_response_data_i[213]
memory_response_data_i[214]
memory_response_data_i[215]
memory_response_data_i[216]
memory_response_data_i[217]
memory_response_data_i[218]
memory_response_data_i[219]
memory_response_data_i[21]
memory_response_data_i[220]
memory_response_data_i[221]
memory_response_data_i[222]
memory_response_data_i[223]
memory_response_data_i[224]
memory_response_data_i[225]
memory_response_data_i[226]
memory_response_data_i[227]
memory_response_data_i[228]
memory_response_data_i[229]
memory_response_data_i[22]
memory_response_data_i[230]
memory_response_data_i[231]
memory_response_data_i[232]
memory_response_data_i[233]
memory_response_data_i[234]
memory_response_data_i[235]
memory_response_data_i[236]
memory_response_data_i[237]
memory_response_data_i[238]
memory_response_data_i[239]
memory_response_data_i[23]
memory_response_data_i[240]
memory_response_data_i[241]
memory_response_data_i[242]
memory_response_data_i[243]
memory_response_data_i[244]
memory_response_data_i[245]
memory_response_data_i[246]
memory_response_data_i[247]
memory_response_data_i[248]
memory_response_data_i[249]
memory_response_data_i[24]
memory_response_data_i[250]
memory_response_data_i[251]
memory_response_data_i[252]
memory_response_data_i[253]
memory_response_data_i[254]
memory_response_data_i[255]
memory_response_data_i[256]
memory_response_data_i[257]
memory_response_data_i[258]
memory_response_data_i[259]
memory_response_data_i[25]
memory_response_data_i[260]
memory_response_data_i[261]
memory_response_data_i[262]
memory_response_data_i[263]
memory_response_data_i[264]
memory_response_data_i[265]
memory_response_data_i[266]
memory_response_data_i[267]
memory_response_data_i[268]
memory_response_data_i[269]
memory_response_data_i[26]
memory_response_data_i[270]
memory_response_data_i[271]
memory_response_data_i[272]
memory_response_data_i[273]
memory_response_data_i[274]
memory_response_data_i[275]
memory_response_data_i[276]
memory_response_data_i[277]
memory_response_data_i[278]
memory_response_data_i[279]
memory_response_data_i[27]
memory_response_data_i[280]
memory_response_data_i[281]
memory_response_data_i[282]
memory_response_data_i[283]
memory_response_data_i[284]
memory_response_data_i[285]
memory_response_data_i[286]
memory_response_data_i[287]
memory_response_data_i[288]
memory_response_data_i[289]
memory_response_data_i[28]
memory_response_data_i[290]
memory_response_data_i[291]
memory_response_data_i[292]
memory_response_data_i[293]
memory_response_data_i[294]
memory_response_data_i[295]
memory_response_data_i[296]
memory_response_data_i[297]
memory_response_data_i[298]
memory_response_data_i[299]
memory_response_data_i[29]
memory_response_data_i[2]
memory_response_data_i[300]
memory_response_data_i[301]
memory_response_data_i[302]
memory_response_data_i[303]
memory_response_data_i[304]
memory_response_data_i[305]
memory_response_data_i[306]
memory_response_data_i[307]
memory_response_data_i[308]
memory_response_data_i[309]
memory_response_data_i[30]
memory_response_data_i[310]
memory_response_data_i[311]
memory_response_data_i[312]
memory_response_data_i[313]
memory_response_data_i[314]
memory_response_data_i[315]
memory_response_data_i[316]
memory_response_data_i[317]
memory_response_data_i[318]
memory_response_data_i[319]
memory_response_data_i[31]
memory_response_data_i[320]
memory_response_data_i[321]
memory_response_data_i[322]
memory_response_data_i[323]
memory_response_data_i[324]
memory_response_data_i[325]
memory_response_data_i[326]
memory_response_data_i[327]
memory_response_data_i[328]
memory_response_data_i[329]
memory_response_data_i[32]
memory_response_data_i[330]
memory_response_data_i[331]
memory_response_data_i[332]
memory_response_data_i[333]
memory_response_data_i[334]
memory_response_data_i[335]
memory_response_data_i[336]
memory_response_data_i[337]
memory_response_data_i[338]
memory_response_data_i[339]
memory_response_data_i[33]
memory_response_data_i[340]
memory_response_data_i[341]
memory_response_data_i[342]
memory_response_data_i[343]
memory_response_data_i[344]
memory_response_data_i[345]
memory_response_data_i[346]
memory_response_data_i[347]
memory_response_data_i[348]
memory_response_data_i[349]
memory_response_data_i[34]
memory_response_data_i[350]
memory_response_data_i[351]
memory_response_data_i[352]
memory_response_data_i[353]
memory_response_data_i[354]
memory_response_data_i[355]
memory_response_data_i[356]
memory_response_data_i[357]
memory_response_data_i[358]
memory_response_data_i[359]
memory_response_data_i[35]
memory_response_data_i[360]
memory_response_data_i[361]
memory_response_data_i[362]
memory_response_data_i[363]
memory_response_data_i[364]
memory_response_data_i[365]
memory_response_data_i[366]
memory_response_data_i[367]
memory_response_data_i[368]
memory_response_data_i[369]
memory_response_data_i[36]
memory_response_data_i[370]
memory_response_data_i[371]
memory_response_data_i[372]
memory_response_data_i[373]
memory_response_data_i[374]
memory_response_data_i[375]
memory_response_data_i[376]
memory_response_data_i[377]
memory_response_data_i[378]
memory_response_data_i[379]
memory_response_data_i[37]
memory_response_data_i[380]
memory_response_data_i[381]
memory_response_data_i[382]
memory_response_data_i[383]
memory_response_data_i[384]
memory_response_data_i[385]
memory_response_data_i[386]
memory_response_data_i[387]
memory_response_data_i[388]
memory_response_data_i[389]
memory_response_data_i[38]
memory_response_data_i[390]
memory_response_data_i[391]
memory_response_data_i[392]
memory_response_data_i[393]
memory_response_data_i[394]
memory_response_data_i[395]
memory_response_data_i[396]
memory_response_data_i[397]
memory_response_data_i[398]
memory_response_data_i[399]
memory_response_data_i[39]
memory_response_data_i[3]
memory_response_data_i[400]
memory_response_data_i[401]
memory_response_data_i[402]
memory_response_data_i[403]
memory_response_data_i[404]
memory_response_data_i[405]
memory_response_data_i[406]
memory_response_data_i[407]
memory_response_data_i[408]
memory_response_data_i[409]
memory_response_data_i[40]
memory_response_data_i[410]
memory_response_data_i[411]
memory_response_data_i[412]
memory_response_data_i[413]
memory_response_data_i[414]
memory_response_data_i[415]
memory_response_data_i[416]
memory_response_data_i[417]
memory_response_data_i[418]
memory_response_data_i[419]
memory_response_data_i[41]
memory_response_data_i[420]
memory_response_data_i[421]
memory_response_data_i[422]
memory_response_data_i[423]
memory_response_data_i[424]
memory_response_data_i[425]
memory_response_data_i[426]
memory_response_data_i[427]
memory_response_data_i[428]
memory_response_data_i[429]
memory_response_data_i[42]
memory_response_data_i[430]
memory_response_data_i[431]
memory_response_data_i[432]
memory_response_data_i[433]
memory_response_data_i[434]
memory_response_data_i[435]
memory_response_data_i[436]
memory_response_data_i[437]
memory_response_data_i[438]
memory_response_data_i[439]
memory_response_data_i[43]
memory_response_data_i[440]
memory_response_data_i[441]
memory_response_data_i[442]
memory_response_data_i[443]
memory_response_data_i[444]
memory_response_data_i[445]
memory_response_data_i[446]
memory_response_data_i[447]
memory_response_data_i[448]
memory_response_data_i[449]
memory_response_data_i[44]
memory_response_data_i[450]
memory_response_data_i[451]
memory_response_data_i[452]
memory_response_data_i[453]
memory_response_data_i[454]
memory_response_data_i[455]
memory_response_data_i[456]
memory_response_data_i[457]
memory_response_data_i[458]
memory_response_data_i[459]
memory_response_data_i[45]
memory_response_data_i[460]
memory_response_data_i[461]
memory_response_data_i[462]
memory_response_data_i[463]
memory_response_data_i[464]
memory_response_data_i[465]
memory_response_data_i[466]
memory_response_data_i[467]
memory_response_data_i[468]
memory_response_data_i[469]
memory_response_data_i[46]
memory_response_data_i[470]
memory_response_data_i[471]
memory_response_data_i[472]
memory_response_data_i[473]
memory_response_data_i[474]
memory_response_data_i[475]
memory_response_data_i[476]
memory_response_data_i[477]
memory_response_data_i[478]
memory_response_data_i[479]
memory_response_data_i[47]
memory_response_data_i[480]
memory_response_data_i[481]
memory_response_data_i[482]
memory_response_data_i[483]
memory_response_data_i[484]
memory_response_data_i[485]
memory_response_data_i[486]
memory_response_data_i[487]
memory_response_data_i[488]
memory_response_data_i[489]
memory_response_data_i[48]
memory_response_data_i[490]
memory_response_data_i[491]
memory_response_data_i[492]
memory_response_data_i[493]
memory_response_data_i[494]
memory_response_data_i[495]
memory_response_data_i[496]
memory_response_data_i[497]
memory_response_data_i[498]
memory_response_data_i[499]
memory_response_data_i[49]
memory_response_data_i[4]
memory_response_data_i[500]
memory_response_data_i[501]
memory_response_data_i[502]
memory_response_data_i[503]
memory_response_data_i[504]
memory_response_data_i[505]
memory_response_data_i[506]
memory_response_data_i[507]
memory_response_data_i[508]
memory_response_data_i[509]
memory_response_data_i[50]
memory_response_data_i[510]
memory_response_data_i[511]
memory_response_data_i[51]
memory_response_data_i[52]
memory_response_data_i[53]
memory_response_data_i[54]
memory_response_data_i[55]
memory_response_data_i[56]
memory_response_data_i[57]
memory_response_data_i[58]
memory_response_data_i[59]
memory_response_data_i[5]
memory_response_data_i[60]
memory_response_data_i[61]
memory_response_data_i[62]
memory_response_data_i[63]
memory_response_data_i[64]
memory_response_data_i[65]
memory_response_data_i[66]
memory_response_data_i[67]
memory_response_data_i[68]
memory_response_data_i[69]
memory_response_data_i[6]
memory_response_data_i[70]
memory_response_data_i[71]
memory_response_data_i[72]
memory_response_data_i[73]
memory_response_data_i[74]
memory_response_data_i[75]
memory_response_data_i[76]
memory_response_data_i[77]
memory_response_data_i[78]
memory_response_data_i[79]
memory_response_data_i[7]
memory_response_data_i[80]
memory_response_data_i[81]
memory_response_data_i[82]
memory_response_data_i[83]
memory_response_data_i[84]
memory_response_data_i[85]
memory_response_data_i[86]
memory_response_data_i[87]
memory_response_data_i[88]
memory_response_data_i[89]
memory_response_data_i[8]
memory_response_data_i[90]
memory_response_data_i[91]
memory_response_data_i[92]
memory_response_data_i[93]
memory_response_data_i[94]
memory_response_data_i[95]
memory_response_data_i[96]
memory_response_data_i[97]
memory_response_data_i[98]
memory_response_data_i[99]
memory_response_data_i[9]
memory_response_error_i
memory_response_valid_i
rst_ni
soft_reset_i
start_valid_i
task_base_i[0]
task_base_i[10]
task_base_i[11]
task_base_i[12]
task_base_i[13]
task_base_i[14]
task_base_i[15]
task_base_i[16]
task_base_i[17]
task_base_i[18]
task_base_i[19]
task_base_i[1]
task_base_i[20]
task_base_i[21]
task_base_i[22]
task_base_i[23]
task_base_i[24]
task_base_i[25]
task_base_i[26]
task_base_i[27]
task_base_i[28]
task_base_i[29]
task_base_i[2]
task_base_i[30]
task_base_i[31]
task_base_i[32]
task_base_i[33]
task_base_i[34]
task_base_i[35]
task_base_i[36]
task_base_i[37]
task_base_i[38]
task_base_i[39]
task_base_i[3]
task_base_i[40]
task_base_i[41]
task_base_i[42]
task_base_i[43]
task_base_i[44]
task_base_i[45]
task_base_i[46]
task_base_i[47]
task_base_i[48]
task_base_i[49]
task_base_i[4]
task_base_i[50]
task_base_i[51]
task_base_i[52]
task_base_i[53]
task_base_i[54]
task_base_i[55]
task_base_i[56]
task_base_i[57]
task_base_i[58]
task_base_i[59]
task_base_i[5]
task_base_i[60]
task_base_i[61]
task_base_i[62]
task_base_i[63]
task_base_i[6]
task_base_i[7]
task_base_i[8]
task_base_i[9]
task_bytes_i[0]
task_bytes_i[10]
task_bytes_i[11]
task_bytes_i[12]
task_bytes_i[13]
task_bytes_i[14]
task_bytes_i[15]
task_bytes_i[16]
task_bytes_i[17]
task_bytes_i[18]
task_bytes_i[19]
task_bytes_i[1]
task_bytes_i[20]
task_bytes_i[21]
task_bytes_i[22]
task_bytes_i[23]
task_bytes_i[24]
task_bytes_i[25]
task_bytes_i[26]
task_bytes_i[27]
task_bytes_i[28]
task_bytes_i[29]
task_bytes_i[2]
task_bytes_i[30]
task_bytes_i[31]
task_bytes_i[3]
task_bytes_i[4]
task_bytes_i[5]
task_bytes_i[6]
task_bytes_i[7]
task_bytes_i[8]
task_bytes_i[9]

 There are 0 input ports with no input delay but user has a false path constraint.


6. checking no_output_delay (774)
---------------------------------
 There are 774 ports with no output delay specified. (HIGH)

activation_base_o[0]
activation_base_o[10]
activation_base_o[11]
activation_base_o[12]
activation_base_o[13]
activation_base_o[14]
activation_base_o[15]
activation_base_o[16]
activation_base_o[17]
activation_base_o[18]
activation_base_o[19]
activation_base_o[1]
activation_base_o[20]
activation_base_o[21]
activation_base_o[22]
activation_base_o[23]
activation_base_o[24]
activation_base_o[25]
activation_base_o[26]
activation_base_o[27]
activation_base_o[28]
activation_base_o[29]
activation_base_o[2]
activation_base_o[30]
activation_base_o[31]
activation_base_o[32]
activation_base_o[33]
activation_base_o[34]
activation_base_o[35]
activation_base_o[36]
activation_base_o[37]
activation_base_o[38]
activation_base_o[39]
activation_base_o[3]
activation_base_o[40]
activation_base_o[41]
activation_base_o[42]
activation_base_o[43]
activation_base_o[44]
activation_base_o[45]
activation_base_o[46]
activation_base_o[47]
activation_base_o[48]
activation_base_o[49]
activation_base_o[4]
activation_base_o[50]
activation_base_o[51]
activation_base_o[52]
activation_base_o[53]
activation_base_o[54]
activation_base_o[55]
activation_base_o[56]
activation_base_o[57]
activation_base_o[58]
activation_base_o[59]
activation_base_o[5]
activation_base_o[60]
activation_base_o[61]
activation_base_o[62]
activation_base_o[63]
activation_base_o[6]
activation_base_o[7]
activation_base_o[8]
activation_base_o[9]
bias_base_o[0]
bias_base_o[10]
bias_base_o[11]
bias_base_o[12]
bias_base_o[13]
bias_base_o[14]
bias_base_o[15]
bias_base_o[16]
bias_base_o[17]
bias_base_o[18]
bias_base_o[19]
bias_base_o[1]
bias_base_o[20]
bias_base_o[21]
bias_base_o[22]
bias_base_o[23]
bias_base_o[24]
bias_base_o[25]
bias_base_o[26]
bias_base_o[27]
bias_base_o[28]
bias_base_o[29]
bias_base_o[2]
bias_base_o[30]
bias_base_o[31]
bias_base_o[32]
bias_base_o[33]
bias_base_o[34]
bias_base_o[35]
bias_base_o[36]
bias_base_o[37]
bias_base_o[38]
bias_base_o[39]
bias_base_o[3]
bias_base_o[40]
bias_base_o[41]
bias_base_o[42]
bias_base_o[43]
bias_base_o[44]
bias_base_o[45]
bias_base_o[46]
bias_base_o[47]
bias_base_o[48]
bias_base_o[49]
bias_base_o[4]
bias_base_o[50]
bias_base_o[51]
bias_base_o[52]
bias_base_o[53]
bias_base_o[54]
bias_base_o[55]
bias_base_o[56]
bias_base_o[57]
bias_base_o[58]
bias_base_o[59]
bias_base_o[5]
bias_base_o[60]
bias_base_o[61]
bias_base_o[62]
bias_base_o[63]
bias_base_o[6]
bias_base_o[7]
bias_base_o[8]
bias_base_o[9]
busy_o
command_base_o[0]
command_base_o[10]
command_base_o[11]
command_base_o[12]
command_base_o[13]
command_base_o[14]
command_base_o[15]
command_base_o[16]
command_base_o[17]
command_base_o[18]
command_base_o[19]
command_base_o[1]
command_base_o[20]
command_base_o[21]
command_base_o[22]
command_base_o[23]
command_base_o[24]
command_base_o[25]
command_base_o[26]
command_base_o[27]
command_base_o[28]
command_base_o[29]
command_base_o[2]
command_base_o[30]
command_base_o[31]
command_base_o[32]
command_base_o[33]
command_base_o[34]
command_base_o[35]
command_base_o[36]
command_base_o[37]
command_base_o[38]
command_base_o[39]
command_base_o[3]
command_base_o[40]
command_base_o[41]
command_base_o[42]
command_base_o[43]
command_base_o[44]
command_base_o[45]
command_base_o[46]
command_base_o[47]
command_base_o[48]
command_base_o[49]
command_base_o[4]
command_base_o[50]
command_base_o[51]
command_base_o[52]
command_base_o[53]
command_base_o[54]
command_base_o[55]
command_base_o[56]
command_base_o[57]
command_base_o[58]
command_base_o[59]
command_base_o[5]
command_base_o[60]
command_base_o[61]
command_base_o[62]
command_base_o[63]
command_base_o[6]
command_base_o[7]
command_base_o[8]
command_base_o[9]
command_bytes_o[0]
command_bytes_o[10]
command_bytes_o[11]
command_bytes_o[12]
command_bytes_o[13]
command_bytes_o[14]
command_bytes_o[15]
command_bytes_o[16]
command_bytes_o[17]
command_bytes_o[18]
command_bytes_o[19]
command_bytes_o[1]
command_bytes_o[20]
command_bytes_o[21]
command_bytes_o[22]
command_bytes_o[23]
command_bytes_o[24]
command_bytes_o[25]
command_bytes_o[26]
command_bytes_o[27]
command_bytes_o[28]
command_bytes_o[29]
command_bytes_o[2]
command_bytes_o[30]
command_bytes_o[31]
command_bytes_o[3]
command_bytes_o[4]
command_bytes_o[5]
command_bytes_o[6]
command_bytes_o[7]
command_bytes_o[8]
command_bytes_o[9]
command_count_o[0]
command_count_o[10]
command_count_o[11]
command_count_o[12]
command_count_o[13]
command_count_o[14]
command_count_o[15]
command_count_o[16]
command_count_o[17]
command_count_o[18]
command_count_o[19]
command_count_o[1]
command_count_o[20]
command_count_o[21]
command_count_o[22]
command_count_o[23]
command_count_o[24]
command_count_o[25]
command_count_o[26]
command_count_o[27]
command_count_o[28]
command_count_o[29]
command_count_o[2]
command_count_o[30]
command_count_o[31]
command_count_o[3]
command_count_o[4]
command_count_o[5]
command_count_o[6]
command_count_o[7]
command_count_o[8]
command_count_o[9]
done_pulse_o
error_pulse_o
error_reason_o[0]
error_reason_o[1]
error_reason_o[2]
input_tensor_o[0]
input_tensor_o[10]
input_tensor_o[11]
input_tensor_o[12]
input_tensor_o[13]
input_tensor_o[14]
input_tensor_o[15]
input_tensor_o[1]
input_tensor_o[2]
input_tensor_o[3]
input_tensor_o[4]
input_tensor_o[5]
input_tensor_o[6]
input_tensor_o[7]
input_tensor_o[8]
input_tensor_o[9]
lut_write_address_o[0]
lut_write_address_o[10]
lut_write_address_o[11]
lut_write_address_o[1]
lut_write_address_o[2]
lut_write_address_o[3]
lut_write_address_o[4]
lut_write_address_o[5]
lut_write_address_o[6]
lut_write_address_o[7]
lut_write_address_o[8]
lut_write_address_o[9]
lut_write_data_o[0]
lut_write_data_o[10]
lut_write_data_o[11]
lut_write_data_o[12]
lut_write_data_o[13]
lut_write_data_o[14]
lut_write_data_o[15]
lut_write_data_o[1]
lut_write_data_o[2]
lut_write_data_o[3]
lut_write_data_o[4]
lut_write_data_o[5]
lut_write_data_o[6]
lut_write_data_o[7]
lut_write_data_o[8]
lut_write_data_o[9]
lut_write_valid_o
memory_request_address_o[0]
memory_request_address_o[10]
memory_request_address_o[11]
memory_request_address_o[12]
memory_request_address_o[13]
memory_request_address_o[14]
memory_request_address_o[15]
memory_request_address_o[16]
memory_request_address_o[17]
memory_request_address_o[18]
memory_request_address_o[19]
memory_request_address_o[1]
memory_request_address_o[20]
memory_request_address_o[21]
memory_request_address_o[22]
memory_request_address_o[23]
memory_request_address_o[24]
memory_request_address_o[25]
memory_request_address_o[26]
memory_request_address_o[27]
memory_request_address_o[28]
memory_request_address_o[29]
memory_request_address_o[2]
memory_request_address_o[30]
memory_request_address_o[31]
memory_request_address_o[32]
memory_request_address_o[33]
memory_request_address_o[34]
memory_request_address_o[35]
memory_request_address_o[36]
memory_request_address_o[37]
memory_request_address_o[38]
memory_request_address_o[39]
memory_request_address_o[3]
memory_request_address_o[40]
memory_request_address_o[41]
memory_request_address_o[42]
memory_request_address_o[43]
memory_request_address_o[44]
memory_request_address_o[45]
memory_request_address_o[46]
memory_request_address_o[47]
memory_request_address_o[48]
memory_request_address_o[49]
memory_request_address_o[4]
memory_request_address_o[50]
memory_request_address_o[51]
memory_request_address_o[52]
memory_request_address_o[53]
memory_request_address_o[54]
memory_request_address_o[55]
memory_request_address_o[56]
memory_request_address_o[57]
memory_request_address_o[58]
memory_request_address_o[59]
memory_request_address_o[5]
memory_request_address_o[60]
memory_request_address_o[61]
memory_request_address_o[62]
memory_request_address_o[63]
memory_request_address_o[6]
memory_request_address_o[7]
memory_request_address_o[8]
memory_request_address_o[9]
memory_request_valid_o
memory_response_ready_o
operator_desc_base_o[0]
operator_desc_base_o[10]
operator_desc_base_o[11]
operator_desc_base_o[12]
operator_desc_base_o[13]
operator_desc_base_o[14]
operator_desc_base_o[15]
operator_desc_base_o[16]
operator_desc_base_o[17]
operator_desc_base_o[18]
operator_desc_base_o[19]
operator_desc_base_o[1]
operator_desc_base_o[20]
operator_desc_base_o[21]
operator_desc_base_o[22]
operator_desc_base_o[23]
operator_desc_base_o[24]
operator_desc_base_o[25]
operator_desc_base_o[26]
operator_desc_base_o[27]
operator_desc_base_o[28]
operator_desc_base_o[29]
operator_desc_base_o[2]
operator_desc_base_o[30]
operator_desc_base_o[31]
operator_desc_base_o[32]
operator_desc_base_o[33]
operator_desc_base_o[34]
operator_desc_base_o[35]
operator_desc_base_o[36]
operator_desc_base_o[37]
operator_desc_base_o[38]
operator_desc_base_o[39]
operator_desc_base_o[3]
operator_desc_base_o[40]
operator_desc_base_o[41]
operator_desc_base_o[42]
operator_desc_base_o[43]
operator_desc_base_o[44]
operator_desc_base_o[45]
operator_desc_base_o[46]
operator_desc_base_o[47]
operator_desc_base_o[48]
operator_desc_base_o[49]
operator_desc_base_o[4]
operator_desc_base_o[50]
operator_desc_base_o[51]
operator_desc_base_o[52]
operator_desc_base_o[53]
operator_desc_base_o[54]
operator_desc_base_o[55]
operator_desc_base_o[56]
operator_desc_base_o[57]
operator_desc_base_o[58]
operator_desc_base_o[59]
operator_desc_base_o[5]
operator_desc_base_o[60]
operator_desc_base_o[61]
operator_desc_base_o[62]
operator_desc_base_o[63]
operator_desc_base_o[6]
operator_desc_base_o[7]
operator_desc_base_o[8]
operator_desc_base_o[9]
output_tensor_o[0]
output_tensor_o[10]
output_tensor_o[11]
output_tensor_o[12]
output_tensor_o[13]
output_tensor_o[14]
output_tensor_o[15]
output_tensor_o[1]
output_tensor_o[2]
output_tensor_o[3]
output_tensor_o[4]
output_tensor_o[5]
output_tensor_o[6]
output_tensor_o[7]
output_tensor_o[8]
output_tensor_o[9]
quant_desc_base_o[0]
quant_desc_base_o[10]
quant_desc_base_o[11]
quant_desc_base_o[12]
quant_desc_base_o[13]
quant_desc_base_o[14]
quant_desc_base_o[15]
quant_desc_base_o[16]
quant_desc_base_o[17]
quant_desc_base_o[18]
quant_desc_base_o[19]
quant_desc_base_o[1]
quant_desc_base_o[20]
quant_desc_base_o[21]
quant_desc_base_o[22]
quant_desc_base_o[23]
quant_desc_base_o[24]
quant_desc_base_o[25]
quant_desc_base_o[26]
quant_desc_base_o[27]
quant_desc_base_o[28]
quant_desc_base_o[29]
quant_desc_base_o[2]
quant_desc_base_o[30]
quant_desc_base_o[31]
quant_desc_base_o[32]
quant_desc_base_o[33]
quant_desc_base_o[34]
quant_desc_base_o[35]
quant_desc_base_o[36]
quant_desc_base_o[37]
quant_desc_base_o[38]
quant_desc_base_o[39]
quant_desc_base_o[3]
quant_desc_base_o[40]
quant_desc_base_o[41]
quant_desc_base_o[42]
quant_desc_base_o[43]
quant_desc_base_o[44]
quant_desc_base_o[45]
quant_desc_base_o[46]
quant_desc_base_o[47]
quant_desc_base_o[48]
quant_desc_base_o[49]
quant_desc_base_o[4]
quant_desc_base_o[50]
quant_desc_base_o[51]
quant_desc_base_o[52]
quant_desc_base_o[53]
quant_desc_base_o[54]
quant_desc_base_o[55]
quant_desc_base_o[56]
quant_desc_base_o[57]
quant_desc_base_o[58]
quant_desc_base_o[59]
quant_desc_base_o[5]
quant_desc_base_o[60]
quant_desc_base_o[61]
quant_desc_base_o[62]
quant_desc_base_o[63]
quant_desc_base_o[6]
quant_desc_base_o[7]
quant_desc_base_o[8]
quant_desc_base_o[9]
quant_param_base_o[0]
quant_param_base_o[10]
quant_param_base_o[11]
quant_param_base_o[12]
quant_param_base_o[13]
quant_param_base_o[14]
quant_param_base_o[15]
quant_param_base_o[16]
quant_param_base_o[17]
quant_param_base_o[18]
quant_param_base_o[19]
quant_param_base_o[1]
quant_param_base_o[20]
quant_param_base_o[21]
quant_param_base_o[22]
quant_param_base_o[23]
quant_param_base_o[24]
quant_param_base_o[25]
quant_param_base_o[26]
quant_param_base_o[27]
quant_param_base_o[28]
quant_param_base_o[29]
quant_param_base_o[2]
quant_param_base_o[30]
quant_param_base_o[31]
quant_param_base_o[32]
quant_param_base_o[33]
quant_param_base_o[34]
quant_param_base_o[35]
quant_param_base_o[36]
quant_param_base_o[37]
quant_param_base_o[38]
quant_param_base_o[39]
quant_param_base_o[3]
quant_param_base_o[40]
quant_param_base_o[41]
quant_param_base_o[42]
quant_param_base_o[43]
quant_param_base_o[44]
quant_param_base_o[45]
quant_param_base_o[46]
quant_param_base_o[47]
quant_param_base_o[48]
quant_param_base_o[49]
quant_param_base_o[4]
quant_param_base_o[50]
quant_param_base_o[51]
quant_param_base_o[52]
quant_param_base_o[53]
quant_param_base_o[54]
quant_param_base_o[55]
quant_param_base_o[56]
quant_param_base_o[57]
quant_param_base_o[58]
quant_param_base_o[59]
quant_param_base_o[5]
quant_param_base_o[60]
quant_param_base_o[61]
quant_param_base_o[62]
quant_param_base_o[63]
quant_param_base_o[6]
quant_param_base_o[7]
quant_param_base_o[8]
quant_param_base_o[9]
segment_desc_base_o[0]
segment_desc_base_o[10]
segment_desc_base_o[11]
segment_desc_base_o[12]
segment_desc_base_o[13]
segment_desc_base_o[14]
segment_desc_base_o[15]
segment_desc_base_o[16]
segment_desc_base_o[17]
segment_desc_base_o[18]
segment_desc_base_o[19]
segment_desc_base_o[1]
segment_desc_base_o[20]
segment_desc_base_o[21]
segment_desc_base_o[22]
segment_desc_base_o[23]
segment_desc_base_o[24]
segment_desc_base_o[25]
segment_desc_base_o[26]
segment_desc_base_o[27]
segment_desc_base_o[28]
segment_desc_base_o[29]
segment_desc_base_o[2]
segment_desc_base_o[30]
segment_desc_base_o[31]
segment_desc_base_o[32]
segment_desc_base_o[33]
segment_desc_base_o[34]
segment_desc_base_o[35]
segment_desc_base_o[36]
segment_desc_base_o[37]
segment_desc_base_o[38]
segment_desc_base_o[39]
segment_desc_base_o[3]
segment_desc_base_o[40]
segment_desc_base_o[41]
segment_desc_base_o[42]
segment_desc_base_o[43]
segment_desc_base_o[44]
segment_desc_base_o[45]
segment_desc_base_o[46]
segment_desc_base_o[47]
segment_desc_base_o[48]
segment_desc_base_o[49]
segment_desc_base_o[4]
segment_desc_base_o[50]
segment_desc_base_o[51]
segment_desc_base_o[52]
segment_desc_base_o[53]
segment_desc_base_o[54]
segment_desc_base_o[55]
segment_desc_base_o[56]
segment_desc_base_o[57]
segment_desc_base_o[58]
segment_desc_base_o[59]
segment_desc_base_o[5]
segment_desc_base_o[60]
segment_desc_base_o[61]
segment_desc_base_o[62]
segment_desc_base_o[63]
segment_desc_base_o[6]
segment_desc_base_o[7]
segment_desc_base_o[8]
segment_desc_base_o[9]
start_ready_o
tensor_desc_base_o[0]
tensor_desc_base_o[10]
tensor_desc_base_o[11]
tensor_desc_base_o[12]
tensor_desc_base_o[13]
tensor_desc_base_o[14]
tensor_desc_base_o[15]
tensor_desc_base_o[16]
tensor_desc_base_o[17]
tensor_desc_base_o[18]
tensor_desc_base_o[19]
tensor_desc_base_o[1]
tensor_desc_base_o[20]
tensor_desc_base_o[21]
tensor_desc_base_o[22]
tensor_desc_base_o[23]
tensor_desc_base_o[24]
tensor_desc_base_o[25]
tensor_desc_base_o[26]
tensor_desc_base_o[27]
tensor_desc_base_o[28]
tensor_desc_base_o[29]
tensor_desc_base_o[2]
tensor_desc_base_o[30]
tensor_desc_base_o[31]
tensor_desc_base_o[32]
tensor_desc_base_o[33]
tensor_desc_base_o[34]
tensor_desc_base_o[35]
tensor_desc_base_o[36]
tensor_desc_base_o[37]
tensor_desc_base_o[38]
tensor_desc_base_o[39]
tensor_desc_base_o[3]
tensor_desc_base_o[40]
tensor_desc_base_o[41]
tensor_desc_base_o[42]
tensor_desc_base_o[43]
tensor_desc_base_o[44]
tensor_desc_base_o[45]
tensor_desc_base_o[46]
tensor_desc_base_o[47]
tensor_desc_base_o[48]
tensor_desc_base_o[49]
tensor_desc_base_o[4]
tensor_desc_base_o[50]
tensor_desc_base_o[51]
tensor_desc_base_o[52]
tensor_desc_base_o[53]
tensor_desc_base_o[54]
tensor_desc_base_o[55]
tensor_desc_base_o[56]
tensor_desc_base_o[57]
tensor_desc_base_o[58]
tensor_desc_base_o[59]
tensor_desc_base_o[5]
tensor_desc_base_o[60]
tensor_desc_base_o[61]
tensor_desc_base_o[62]
tensor_desc_base_o[63]
tensor_desc_base_o[6]
tensor_desc_base_o[7]
tensor_desc_base_o[8]
tensor_desc_base_o[9]
weight_base_o[0]
weight_base_o[10]
weight_base_o[11]
weight_base_o[12]
weight_base_o[13]
weight_base_o[14]
weight_base_o[15]
weight_base_o[16]
weight_base_o[17]
weight_base_o[18]
weight_base_o[19]
weight_base_o[1]
weight_base_o[20]
weight_base_o[21]
weight_base_o[22]
weight_base_o[23]
weight_base_o[24]
weight_base_o[25]
weight_base_o[26]
weight_base_o[27]
weight_base_o[28]
weight_base_o[29]
weight_base_o[2]
weight_base_o[30]
weight_base_o[31]
weight_base_o[32]
weight_base_o[33]
weight_base_o[34]
weight_base_o[35]
weight_base_o[36]
weight_base_o[37]
weight_base_o[38]
weight_base_o[39]
weight_base_o[3]
weight_base_o[40]
weight_base_o[41]
weight_base_o[42]
weight_base_o[43]
weight_base_o[44]
weight_base_o[45]
weight_base_o[46]
weight_base_o[47]
weight_base_o[48]
weight_base_o[49]
weight_base_o[4]
weight_base_o[50]
weight_base_o[51]
weight_base_o[52]
weight_base_o[53]
weight_base_o[54]
weight_base_o[55]
weight_base_o[56]
weight_base_o[57]
weight_base_o[58]
weight_base_o[59]
weight_base_o[5]
weight_base_o[60]
weight_base_o[61]
weight_base_o[62]
weight_base_o[63]
weight_base_o[6]
weight_base_o[7]
weight_base_o[8]
weight_base_o[9]

 There are 0 ports with no output delay but user has a false path constraint

 There are 0 ports with no output delay but with a timing clock defined on it or propagating through it


7. checking multiple_clock (0)
------------------------------
 There are 0 register/latch pins with multiple clocks.


8. checking generated_clocks (0)
--------------------------------
 There are 0 generated clocks that are not connected to a clock source.


9. checking loops (0)
---------------------
 There are 0 combinational loops in the design.


10. checking partial_input_delay (0)
------------------------------------
 There are 0 input ports with partial input delay specified.


11. checking partial_output_delay (0)
-------------------------------------
 There are 0 ports with partial output delay specified.


12. checking latch_loops (0)
----------------------------
 There are 0 combinational latch loops in the design through latch input


