Copyright 1986-2022 Xilinx, Inc. All Rights Reserved. Copyright 2022-2026 Advanced Micro Devices, Inc. All Rights Reserved.
---------------------------------------------------------------------------------------------------------------------------------------------
| Tool Version : Vivado v.2026.1 (win64) Build 6511674 Tue Jun 16 11:02:23 MDT 2026
| Date         : Tue Sep 15 00:32:44 2026
| Host         : RAW2332 running 64-bit major release  (build 9200)
| Command      : check_timing -verbose -file D:/WORKBUDDY/STEM/npu-stem-repo/hardware/reports/vivado_2026_1/npu_scratchpad/check_timing.rpt
| Design       : npu_scratchpad
| Device       : 7z020-clg400
| Speed File   : -1  PRODUCTION 1.12 2019-11-22
| Design State : Synthesized
---------------------------------------------------------------------------------------------------------------------------------------------


check_timing report

Table of Contents
-----------------
1. checking no_clock (0)
2. checking constant_clock (0)
3. checking pulse_width_clock (0)
4. checking unconstrained_internal_endpoints (0)
5. checking no_input_delay (781)
6. checking no_output_delay (580)
7. checking multiple_clock (0)
8. checking generated_clocks (0)
9. checking loops (0)
10. checking partial_input_delay (0)
11. checking partial_output_delay (0)
12. checking latch_loops (0)

1. checking no_clock (0)
------------------------
 There are 0 register/latch pins with no clock.


2. checking constant_clock (0)
------------------------------
 There are 0 register/latch pins with constant_clock.


3. checking pulse_width_clock (0)
---------------------------------
 There are 0 register/latch pins which need pulse_width check


4. checking unconstrained_internal_endpoints (0)
------------------------------------------------
 There are 0 pins that are not constrained for maximum delay.

 There are 0 pins that are not constrained for maximum delay due to constant clock.


5. checking no_input_delay (781)
--------------------------------
 There are 781 input ports with no input delay specified. (HIGH)

accelerator_read_address_i[10]
accelerator_read_address_i[11]
accelerator_read_address_i[12]
accelerator_read_address_i[13]
accelerator_read_address_i[14]
accelerator_read_address_i[15]
accelerator_read_address_i[16]
accelerator_read_address_i[17]
accelerator_read_address_i[18]
accelerator_read_address_i[19]
accelerator_read_address_i[20]
accelerator_read_address_i[21]
accelerator_read_address_i[22]
accelerator_read_address_i[23]
accelerator_read_address_i[24]
accelerator_read_address_i[25]
accelerator_read_address_i[26]
accelerator_read_address_i[27]
accelerator_read_address_i[28]
accelerator_read_address_i[29]
accelerator_read_address_i[30]
accelerator_read_address_i[31]
accelerator_read_address_i[4]
accelerator_read_address_i[5]
accelerator_read_address_i[6]
accelerator_read_address_i[7]
accelerator_read_address_i[8]
accelerator_read_address_i[9]
accelerator_read_bank_i
accelerator_read_kind_i[0]
accelerator_read_kind_i[1]
accelerator_read_request_valid_i
accelerator_read_response_ready_i
accelerator_write_address_i[10]
accelerator_write_address_i[11]
accelerator_write_address_i[12]
accelerator_write_address_i[13]
accelerator_write_address_i[14]
accelerator_write_address_i[15]
accelerator_write_address_i[16]
accelerator_write_address_i[17]
accelerator_write_address_i[18]
accelerator_write_address_i[19]
accelerator_write_address_i[20]
accelerator_write_address_i[21]
accelerator_write_address_i[22]
accelerator_write_address_i[23]
accelerator_write_address_i[24]
accelerator_write_address_i[25]
accelerator_write_address_i[26]
accelerator_write_address_i[27]
accelerator_write_address_i[28]
accelerator_write_address_i[29]
accelerator_write_address_i[30]
accelerator_write_address_i[31]
accelerator_write_address_i[4]
accelerator_write_address_i[5]
accelerator_write_address_i[6]
accelerator_write_address_i[7]
accelerator_write_address_i[8]
accelerator_write_address_i[9]
accelerator_write_bank_i
accelerator_write_data_i[0]
accelerator_write_data_i[100]
accelerator_write_data_i[101]
accelerator_write_data_i[102]
accelerator_write_data_i[103]
accelerator_write_data_i[104]
accelerator_write_data_i[105]
accelerator_write_data_i[106]
accelerator_write_data_i[107]
accelerator_write_data_i[108]
accelerator_write_data_i[109]
accelerator_write_data_i[10]
accelerator_write_data_i[110]
accelerator_write_data_i[111]
accelerator_write_data_i[112]
accelerator_write_data_i[113]
accelerator_write_data_i[114]
accelerator_write_data_i[115]
accelerator_write_data_i[116]
accelerator_write_data_i[117]
accelerator_write_data_i[118]
accelerator_write_data_i[119]
accelerator_write_data_i[11]
accelerator_write_data_i[120]
accelerator_write_data_i[121]
accelerator_write_data_i[122]
accelerator_write_data_i[123]
accelerator_write_data_i[124]
accelerator_write_data_i[125]
accelerator_write_data_i[126]
accelerator_write_data_i[127]
accelerator_write_data_i[128]
accelerator_write_data_i[129]
accelerator_write_data_i[12]
accelerator_write_data_i[130]
accelerator_write_data_i[131]
accelerator_write_data_i[132]
accelerator_write_data_i[133]
accelerator_write_data_i[134]
accelerator_write_data_i[135]
accelerator_write_data_i[136]
accelerator_write_data_i[137]
accelerator_write_data_i[138]
accelerator_write_data_i[139]
accelerator_write_data_i[13]
accelerator_write_data_i[140]
accelerator_write_data_i[141]
accelerator_write_data_i[142]
accelerator_write_data_i[143]
accelerator_write_data_i[144]
accelerator_write_data_i[145]
accelerator_write_data_i[146]
accelerator_write_data_i[147]
accelerator_write_data_i[148]
accelerator_write_data_i[149]
accelerator_write_data_i[14]
accelerator_write_data_i[150]
accelerator_write_data_i[151]
accelerator_write_data_i[152]
accelerator_write_data_i[153]
accelerator_write_data_i[154]
accelerator_write_data_i[155]
accelerator_write_data_i[156]
accelerator_write_data_i[157]
accelerator_write_data_i[158]
accelerator_write_data_i[159]
accelerator_write_data_i[15]
accelerator_write_data_i[160]
accelerator_write_data_i[161]
accelerator_write_data_i[162]
accelerator_write_data_i[163]
accelerator_write_data_i[164]
accelerator_write_data_i[165]
accelerator_write_data_i[166]
accelerator_write_data_i[167]
accelerator_write_data_i[168]
accelerator_write_data_i[169]
accelerator_write_data_i[16]
accelerator_write_data_i[170]
accelerator_write_data_i[171]
accelerator_write_data_i[172]
accelerator_write_data_i[173]
accelerator_write_data_i[174]
accelerator_write_data_i[175]
accelerator_write_data_i[176]
accelerator_write_data_i[177]
accelerator_write_data_i[178]
accelerator_write_data_i[179]
accelerator_write_data_i[17]
accelerator_write_data_i[180]
accelerator_write_data_i[181]
accelerator_write_data_i[182]
accelerator_write_data_i[183]
accelerator_write_data_i[184]
accelerator_write_data_i[185]
accelerator_write_data_i[186]
accelerator_write_data_i[187]
accelerator_write_data_i[188]
accelerator_write_data_i[189]
accelerator_write_data_i[18]
accelerator_write_data_i[190]
accelerator_write_data_i[191]
accelerator_write_data_i[192]
accelerator_write_data_i[193]
accelerator_write_data_i[194]
accelerator_write_data_i[195]
accelerator_write_data_i[196]
accelerator_write_data_i[197]
accelerator_write_data_i[198]
accelerator_write_data_i[199]
accelerator_write_data_i[19]
accelerator_write_data_i[1]
accelerator_write_data_i[200]
accelerator_write_data_i[201]
accelerator_write_data_i[202]
accelerator_write_data_i[203]
accelerator_write_data_i[204]
accelerator_write_data_i[205]
accelerator_write_data_i[206]
accelerator_write_data_i[207]
accelerator_write_data_i[208]
accelerator_write_data_i[209]
accelerator_write_data_i[20]
accelerator_write_data_i[210]
accelerator_write_data_i[211]
accelerator_write_data_i[212]
accelerator_write_data_i[213]
accelerator_write_data_i[214]
accelerator_write_data_i[215]
accelerator_write_data_i[216]
accelerator_write_data_i[217]
accelerator_write_data_i[218]
accelerator_write_data_i[219]
accelerator_write_data_i[21]
accelerator_write_data_i[220]
accelerator_write_data_i[221]
accelerator_write_data_i[222]
accelerator_write_data_i[223]
accelerator_write_data_i[224]
accelerator_write_data_i[225]
accelerator_write_data_i[226]
accelerator_write_data_i[227]
accelerator_write_data_i[228]
accelerator_write_data_i[229]
accelerator_write_data_i[22]
accelerator_write_data_i[230]
accelerator_write_data_i[231]
accelerator_write_data_i[232]
accelerator_write_data_i[233]
accelerator_write_data_i[234]
accelerator_write_data_i[235]
accelerator_write_data_i[236]
accelerator_write_data_i[237]
accelerator_write_data_i[238]
accelerator_write_data_i[239]
accelerator_write_data_i[23]
accelerator_write_data_i[240]
accelerator_write_data_i[241]
accelerator_write_data_i[242]
accelerator_write_data_i[243]
accelerator_write_data_i[244]
accelerator_write_data_i[245]
accelerator_write_data_i[246]
accelerator_write_data_i[247]
accelerator_write_data_i[248]
accelerator_write_data_i[249]
accelerator_write_data_i[24]
accelerator_write_data_i[250]
accelerator_write_data_i[251]
accelerator_write_data_i[252]
accelerator_write_data_i[253]
accelerator_write_data_i[254]
accelerator_write_data_i[255]
accelerator_write_data_i[256]
accelerator_write_data_i[257]
accelerator_write_data_i[258]
accelerator_write_data_i[259]
accelerator_write_data_i[25]
accelerator_write_data_i[260]
accelerator_write_data_i[261]
accelerator_write_data_i[262]
accelerator_write_data_i[263]
accelerator_write_data_i[264]
accelerator_write_data_i[265]
accelerator_write_data_i[266]
accelerator_write_data_i[267]
accelerator_write_data_i[268]
accelerator_write_data_i[269]
accelerator_write_data_i[26]
accelerator_write_data_i[270]
accelerator_write_data_i[271]
accelerator_write_data_i[272]
accelerator_write_data_i[273]
accelerator_write_data_i[274]
accelerator_write_data_i[275]
accelerator_write_data_i[276]
accelerator_write_data_i[277]
accelerator_write_data_i[278]
accelerator_write_data_i[279]
accelerator_write_data_i[27]
accelerator_write_data_i[280]
accelerator_write_data_i[281]
accelerator_write_data_i[282]
accelerator_write_data_i[283]
accelerator_write_data_i[284]
accelerator_write_data_i[285]
accelerator_write_data_i[286]
accelerator_write_data_i[287]
accelerator_write_data_i[288]
accelerator_write_data_i[289]
accelerator_write_data_i[28]
accelerator_write_data_i[290]
accelerator_write_data_i[291]
accelerator_write_data_i[292]
accelerator_write_data_i[293]
accelerator_write_data_i[294]
accelerator_write_data_i[295]
accelerator_write_data_i[296]
accelerator_write_data_i[297]
accelerator_write_data_i[298]
accelerator_write_data_i[299]
accelerator_write_data_i[29]
accelerator_write_data_i[2]
accelerator_write_data_i[300]
accelerator_write_data_i[301]
accelerator_write_data_i[302]
accelerator_write_data_i[303]
accelerator_write_data_i[304]
accelerator_write_data_i[305]
accelerator_write_data_i[306]
accelerator_write_data_i[307]
accelerator_write_data_i[308]
accelerator_write_data_i[309]
accelerator_write_data_i[30]
accelerator_write_data_i[310]
accelerator_write_data_i[311]
accelerator_write_data_i[312]
accelerator_write_data_i[313]
accelerator_write_data_i[314]
accelerator_write_data_i[315]
accelerator_write_data_i[316]
accelerator_write_data_i[317]
accelerator_write_data_i[318]
accelerator_write_data_i[319]
accelerator_write_data_i[31]
accelerator_write_data_i[320]
accelerator_write_data_i[321]
accelerator_write_data_i[322]
accelerator_write_data_i[323]
accelerator_write_data_i[324]
accelerator_write_data_i[325]
accelerator_write_data_i[326]
accelerator_write_data_i[327]
accelerator_write_data_i[328]
accelerator_write_data_i[329]
accelerator_write_data_i[32]
accelerator_write_data_i[330]
accelerator_write_data_i[331]
accelerator_write_data_i[332]
accelerator_write_data_i[333]
accelerator_write_data_i[334]
accelerator_write_data_i[335]
accelerator_write_data_i[336]
accelerator_write_data_i[337]
accelerator_write_data_i[338]
accelerator_write_data_i[339]
accelerator_write_data_i[33]
accelerator_write_data_i[340]
accelerator_write_data_i[341]
accelerator_write_data_i[342]
accelerator_write_data_i[343]
accelerator_write_data_i[344]
accelerator_write_data_i[345]
accelerator_write_data_i[346]
accelerator_write_data_i[347]
accelerator_write_data_i[348]
accelerator_write_data_i[349]
accelerator_write_data_i[34]
accelerator_write_data_i[350]
accelerator_write_data_i[351]
accelerator_write_data_i[352]
accelerator_write_data_i[353]
accelerator_write_data_i[354]
accelerator_write_data_i[355]
accelerator_write_data_i[356]
accelerator_write_data_i[357]
accelerator_write_data_i[358]
accelerator_write_data_i[359]
accelerator_write_data_i[35]
accelerator_write_data_i[360]
accelerator_write_data_i[361]
accelerator_write_data_i[362]
accelerator_write_data_i[363]
accelerator_write_data_i[364]
accelerator_write_data_i[365]
accelerator_write_data_i[366]
accelerator_write_data_i[367]
accelerator_write_data_i[368]
accelerator_write_data_i[369]
accelerator_write_data_i[36]
accelerator_write_data_i[370]
accelerator_write_data_i[371]
accelerator_write_data_i[372]
accelerator_write_data_i[373]
accelerator_write_data_i[374]
accelerator_write_data_i[375]
accelerator_write_data_i[376]
accelerator_write_data_i[377]
accelerator_write_data_i[378]
accelerator_write_data_i[379]
accelerator_write_data_i[37]
accelerator_write_data_i[380]
accelerator_write_data_i[381]
accelerator_write_data_i[382]
accelerator_write_data_i[383]
accelerator_write_data_i[384]
accelerator_write_data_i[385]
accelerator_write_data_i[386]
accelerator_write_data_i[387]
accelerator_write_data_i[388]
accelerator_write_data_i[389]
accelerator_write_data_i[38]
accelerator_write_data_i[390]
accelerator_write_data_i[391]
accelerator_write_data_i[392]
accelerator_write_data_i[393]
accelerator_write_data_i[394]
accelerator_write_data_i[395]
accelerator_write_data_i[396]
accelerator_write_data_i[397]
accelerator_write_data_i[398]
accelerator_write_data_i[399]
accelerator_write_data_i[39]
accelerator_write_data_i[3]
accelerator_write_data_i[400]
accelerator_write_data_i[401]
accelerator_write_data_i[402]
accelerator_write_data_i[403]
accelerator_write_data_i[404]
accelerator_write_data_i[405]
accelerator_write_data_i[406]
accelerator_write_data_i[407]
accelerator_write_data_i[408]
accelerator_write_data_i[409]
accelerator_write_data_i[40]
accelerator_write_data_i[410]
accelerator_write_data_i[411]
accelerator_write_data_i[412]
accelerator_write_data_i[413]
accelerator_write_data_i[414]
accelerator_write_data_i[415]
accelerator_write_data_i[416]
accelerator_write_data_i[417]
accelerator_write_data_i[418]
accelerator_write_data_i[419]
accelerator_write_data_i[41]
accelerator_write_data_i[420]
accelerator_write_data_i[421]
accelerator_write_data_i[422]
accelerator_write_data_i[423]
accelerator_write_data_i[424]
accelerator_write_data_i[425]
accelerator_write_data_i[426]
accelerator_write_data_i[427]
accelerator_write_data_i[428]
accelerator_write_data_i[429]
accelerator_write_data_i[42]
accelerator_write_data_i[430]
accelerator_write_data_i[431]
accelerator_write_data_i[432]
accelerator_write_data_i[433]
accelerator_write_data_i[434]
accelerator_write_data_i[435]
accelerator_write_data_i[436]
accelerator_write_data_i[437]
accelerator_write_data_i[438]
accelerator_write_data_i[439]
accelerator_write_data_i[43]
accelerator_write_data_i[440]
accelerator_write_data_i[441]
accelerator_write_data_i[442]
accelerator_write_data_i[443]
accelerator_write_data_i[444]
accelerator_write_data_i[445]
accelerator_write_data_i[446]
accelerator_write_data_i[447]
accelerator_write_data_i[448]
accelerator_write_data_i[449]
accelerator_write_data_i[44]
accelerator_write_data_i[450]
accelerator_write_data_i[451]
accelerator_write_data_i[452]
accelerator_write_data_i[453]
accelerator_write_data_i[454]
accelerator_write_data_i[455]
accelerator_write_data_i[456]
accelerator_write_data_i[457]
accelerator_write_data_i[458]
accelerator_write_data_i[459]
accelerator_write_data_i[45]
accelerator_write_data_i[460]
accelerator_write_data_i[461]
accelerator_write_data_i[462]
accelerator_write_data_i[463]
accelerator_write_data_i[464]
accelerator_write_data_i[465]
accelerator_write_data_i[466]
accelerator_write_data_i[467]
accelerator_write_data_i[468]
accelerator_write_data_i[469]
accelerator_write_data_i[46]
accelerator_write_data_i[470]
accelerator_write_data_i[471]
accelerator_write_data_i[472]
accelerator_write_data_i[473]
accelerator_write_data_i[474]
accelerator_write_data_i[475]
accelerator_write_data_i[476]
accelerator_write_data_i[477]
accelerator_write_data_i[478]
accelerator_write_data_i[479]
accelerator_write_data_i[47]
accelerator_write_data_i[480]
accelerator_write_data_i[481]
accelerator_write_data_i[482]
accelerator_write_data_i[483]
accelerator_write_data_i[484]
accelerator_write_data_i[485]
accelerator_write_data_i[486]
accelerator_write_data_i[487]
accelerator_write_data_i[488]
accelerator_write_data_i[489]
accelerator_write_data_i[48]
accelerator_write_data_i[490]
accelerator_write_data_i[491]
accelerator_write_data_i[492]
accelerator_write_data_i[493]
accelerator_write_data_i[494]
accelerator_write_data_i[495]
accelerator_write_data_i[496]
accelerator_write_data_i[497]
accelerator_write_data_i[498]
accelerator_write_data_i[499]
accelerator_write_data_i[49]
accelerator_write_data_i[4]
accelerator_write_data_i[500]
accelerator_write_data_i[501]
accelerator_write_data_i[502]
accelerator_write_data_i[503]
accelerator_write_data_i[504]
accelerator_write_data_i[505]
accelerator_write_data_i[506]
accelerator_write_data_i[507]
accelerator_write_data_i[508]
accelerator_write_data_i[509]
accelerator_write_data_i[50]
accelerator_write_data_i[510]
accelerator_write_data_i[511]
accelerator_write_data_i[51]
accelerator_write_data_i[52]
accelerator_write_data_i[53]
accelerator_write_data_i[54]
accelerator_write_data_i[55]
accelerator_write_data_i[56]
accelerator_write_data_i[57]
accelerator_write_data_i[58]
accelerator_write_data_i[59]
accelerator_write_data_i[5]
accelerator_write_data_i[60]
accelerator_write_data_i[61]
accelerator_write_data_i[62]
accelerator_write_data_i[63]
accelerator_write_data_i[64]
accelerator_write_data_i[65]
accelerator_write_data_i[66]
accelerator_write_data_i[67]
accelerator_write_data_i[68]
accelerator_write_data_i[69]
accelerator_write_data_i[6]
accelerator_write_data_i[70]
accelerator_write_data_i[71]
accelerator_write_data_i[72]
accelerator_write_data_i[73]
accelerator_write_data_i[74]
accelerator_write_data_i[75]
accelerator_write_data_i[76]
accelerator_write_data_i[77]
accelerator_write_data_i[78]
accelerator_write_data_i[79]
accelerator_write_data_i[7]
accelerator_write_data_i[80]
accelerator_write_data_i[81]
accelerator_write_data_i[82]
accelerator_write_data_i[83]
accelerator_write_data_i[84]
accelerator_write_data_i[85]
accelerator_write_data_i[86]
accelerator_write_data_i[87]
accelerator_write_data_i[88]
accelerator_write_data_i[89]
accelerator_write_data_i[8]
accelerator_write_data_i[90]
accelerator_write_data_i[91]
accelerator_write_data_i[92]
accelerator_write_data_i[93]
accelerator_write_data_i[94]
accelerator_write_data_i[95]
accelerator_write_data_i[96]
accelerator_write_data_i[97]
accelerator_write_data_i[98]
accelerator_write_data_i[99]
accelerator_write_data_i[9]
accelerator_write_kind_i[0]
accelerator_write_kind_i[1]
accelerator_write_strobe_i[0]
accelerator_write_strobe_i[10]
accelerator_write_strobe_i[11]
accelerator_write_strobe_i[12]
accelerator_write_strobe_i[13]
accelerator_write_strobe_i[14]
accelerator_write_strobe_i[15]
accelerator_write_strobe_i[16]
accelerator_write_strobe_i[17]
accelerator_write_strobe_i[18]
accelerator_write_strobe_i[19]
accelerator_write_strobe_i[1]
accelerator_write_strobe_i[20]
accelerator_write_strobe_i[21]
accelerator_write_strobe_i[22]
accelerator_write_strobe_i[23]
accelerator_write_strobe_i[24]
accelerator_write_strobe_i[25]
accelerator_write_strobe_i[26]
accelerator_write_strobe_i[27]
accelerator_write_strobe_i[28]
accelerator_write_strobe_i[29]
accelerator_write_strobe_i[2]
accelerator_write_strobe_i[30]
accelerator_write_strobe_i[31]
accelerator_write_strobe_i[32]
accelerator_write_strobe_i[33]
accelerator_write_strobe_i[34]
accelerator_write_strobe_i[35]
accelerator_write_strobe_i[36]
accelerator_write_strobe_i[37]
accelerator_write_strobe_i[38]
accelerator_write_strobe_i[39]
accelerator_write_strobe_i[3]
accelerator_write_strobe_i[40]
accelerator_write_strobe_i[41]
accelerator_write_strobe_i[42]
accelerator_write_strobe_i[43]
accelerator_write_strobe_i[44]
accelerator_write_strobe_i[45]
accelerator_write_strobe_i[46]
accelerator_write_strobe_i[47]
accelerator_write_strobe_i[48]
accelerator_write_strobe_i[49]
accelerator_write_strobe_i[4]
accelerator_write_strobe_i[50]
accelerator_write_strobe_i[51]
accelerator_write_strobe_i[52]
accelerator_write_strobe_i[53]
accelerator_write_strobe_i[54]
accelerator_write_strobe_i[55]
accelerator_write_strobe_i[56]
accelerator_write_strobe_i[57]
accelerator_write_strobe_i[58]
accelerator_write_strobe_i[59]
accelerator_write_strobe_i[5]
accelerator_write_strobe_i[60]
accelerator_write_strobe_i[61]
accelerator_write_strobe_i[62]
accelerator_write_strobe_i[63]
accelerator_write_strobe_i[6]
accelerator_write_strobe_i[7]
accelerator_write_strobe_i[8]
accelerator_write_strobe_i[9]
accelerator_write_valid_i
dma_read_address_i[10]
dma_read_address_i[11]
dma_read_address_i[12]
dma_read_address_i[13]
dma_read_address_i[14]
dma_read_address_i[15]
dma_read_address_i[16]
dma_read_address_i[17]
dma_read_address_i[18]
dma_read_address_i[19]
dma_read_address_i[20]
dma_read_address_i[21]
dma_read_address_i[22]
dma_read_address_i[23]
dma_read_address_i[24]
dma_read_address_i[25]
dma_read_address_i[26]
dma_read_address_i[27]
dma_read_address_i[28]
dma_read_address_i[29]
dma_read_address_i[30]
dma_read_address_i[31]
dma_read_address_i[3]
dma_read_address_i[4]
dma_read_address_i[5]
dma_read_address_i[6]
dma_read_address_i[7]
dma_read_address_i[8]
dma_read_address_i[9]
dma_read_bank_i
dma_read_kind_i[0]
dma_read_kind_i[1]
dma_read_request_valid_i
dma_read_response_ready_i
dma_write_address_i[10]
dma_write_address_i[11]
dma_write_address_i[12]
dma_write_address_i[13]
dma_write_address_i[14]
dma_write_address_i[15]
dma_write_address_i[16]
dma_write_address_i[17]
dma_write_address_i[18]
dma_write_address_i[19]
dma_write_address_i[20]
dma_write_address_i[21]
dma_write_address_i[22]
dma_write_address_i[23]
dma_write_address_i[24]
dma_write_address_i[25]
dma_write_address_i[26]
dma_write_address_i[27]
dma_write_address_i[28]
dma_write_address_i[29]
dma_write_address_i[30]
dma_write_address_i[31]
dma_write_address_i[3]
dma_write_address_i[4]
dma_write_address_i[5]
dma_write_address_i[6]
dma_write_address_i[7]
dma_write_address_i[8]
dma_write_address_i[9]
dma_write_bank_i
dma_write_data_i[0]
dma_write_data_i[10]
dma_write_data_i[11]
dma_write_data_i[12]
dma_write_data_i[13]
dma_write_data_i[14]
dma_write_data_i[15]
dma_write_data_i[16]
dma_write_data_i[17]
dma_write_data_i[18]
dma_write_data_i[19]
dma_write_data_i[1]
dma_write_data_i[20]
dma_write_data_i[21]
dma_write_data_i[22]
dma_write_data_i[23]
dma_write_data_i[24]
dma_write_data_i[25]
dma_write_data_i[26]
dma_write_data_i[27]
dma_write_data_i[28]
dma_write_data_i[29]
dma_write_data_i[2]
dma_write_data_i[30]
dma_write_data_i[31]
dma_write_data_i[32]
dma_write_data_i[33]
dma_write_data_i[34]
dma_write_data_i[35]
dma_write_data_i[36]
dma_write_data_i[37]
dma_write_data_i[38]
dma_write_data_i[39]
dma_write_data_i[3]
dma_write_data_i[40]
dma_write_data_i[41]
dma_write_data_i[42]
dma_write_data_i[43]
dma_write_data_i[44]
dma_write_data_i[45]
dma_write_data_i[46]
dma_write_data_i[47]
dma_write_data_i[48]
dma_write_data_i[49]
dma_write_data_i[4]
dma_write_data_i[50]
dma_write_data_i[51]
dma_write_data_i[52]
dma_write_data_i[53]
dma_write_data_i[54]
dma_write_data_i[55]
dma_write_data_i[56]
dma_write_data_i[57]
dma_write_data_i[58]
dma_write_data_i[59]
dma_write_data_i[5]
dma_write_data_i[60]
dma_write_data_i[61]
dma_write_data_i[62]
dma_write_data_i[63]
dma_write_data_i[6]
dma_write_data_i[7]
dma_write_data_i[8]
dma_write_data_i[9]
dma_write_kind_i[0]
dma_write_kind_i[1]
dma_write_strobe_i[0]
dma_write_strobe_i[1]
dma_write_strobe_i[2]
dma_write_strobe_i[3]
dma_write_strobe_i[4]
dma_write_strobe_i[5]
dma_write_strobe_i[6]
dma_write_strobe_i[7]
dma_write_valid_i
rst_ni

 There are 0 input ports with no input delay but user has a false path constraint.


6. checking no_output_delay (580)
---------------------------------
 There are 580 ports with no output delay specified. (HIGH)

accelerator_read_request_ready_o
accelerator_read_response_data_o[0]
accelerator_read_response_data_o[100]
accelerator_read_response_data_o[101]
accelerator_read_response_data_o[102]
accelerator_read_response_data_o[103]
accelerator_read_response_data_o[104]
accelerator_read_response_data_o[105]
accelerator_read_response_data_o[106]
accelerator_read_response_data_o[107]
accelerator_read_response_data_o[108]
accelerator_read_response_data_o[109]
accelerator_read_response_data_o[10]
accelerator_read_response_data_o[110]
accelerator_read_response_data_o[111]
accelerator_read_response_data_o[112]
accelerator_read_response_data_o[113]
accelerator_read_response_data_o[114]
accelerator_read_response_data_o[115]
accelerator_read_response_data_o[116]
accelerator_read_response_data_o[117]
accelerator_read_response_data_o[118]
accelerator_read_response_data_o[119]
accelerator_read_response_data_o[11]
accelerator_read_response_data_o[120]
accelerator_read_response_data_o[121]
accelerator_read_response_data_o[122]
accelerator_read_response_data_o[123]
accelerator_read_response_data_o[124]
accelerator_read_response_data_o[125]
accelerator_read_response_data_o[126]
accelerator_read_response_data_o[127]
accelerator_read_response_data_o[128]
accelerator_read_response_data_o[129]
accelerator_read_response_data_o[12]
accelerator_read_response_data_o[130]
accelerator_read_response_data_o[131]
accelerator_read_response_data_o[132]
accelerator_read_response_data_o[133]
accelerator_read_response_data_o[134]
accelerator_read_response_data_o[135]
accelerator_read_response_data_o[136]
accelerator_read_response_data_o[137]
accelerator_read_response_data_o[138]
accelerator_read_response_data_o[139]
accelerator_read_response_data_o[13]
accelerator_read_response_data_o[140]
accelerator_read_response_data_o[141]
accelerator_read_response_data_o[142]
accelerator_read_response_data_o[143]
accelerator_read_response_data_o[144]
accelerator_read_response_data_o[145]
accelerator_read_response_data_o[146]
accelerator_read_response_data_o[147]
accelerator_read_response_data_o[148]
accelerator_read_response_data_o[149]
accelerator_read_response_data_o[14]
accelerator_read_response_data_o[150]
accelerator_read_response_data_o[151]
accelerator_read_response_data_o[152]
accelerator_read_response_data_o[153]
accelerator_read_response_data_o[154]
accelerator_read_response_data_o[155]
accelerator_read_response_data_o[156]
accelerator_read_response_data_o[157]
accelerator_read_response_data_o[158]
accelerator_read_response_data_o[159]
accelerator_read_response_data_o[15]
accelerator_read_response_data_o[160]
accelerator_read_response_data_o[161]
accelerator_read_response_data_o[162]
accelerator_read_response_data_o[163]
accelerator_read_response_data_o[164]
accelerator_read_response_data_o[165]
accelerator_read_response_data_o[166]
accelerator_read_response_data_o[167]
accelerator_read_response_data_o[168]
accelerator_read_response_data_o[169]
accelerator_read_response_data_o[16]
accelerator_read_response_data_o[170]
accelerator_read_response_data_o[171]
accelerator_read_response_data_o[172]
accelerator_read_response_data_o[173]
accelerator_read_response_data_o[174]
accelerator_read_response_data_o[175]
accelerator_read_response_data_o[176]
accelerator_read_response_data_o[177]
accelerator_read_response_data_o[178]
accelerator_read_response_data_o[179]
accelerator_read_response_data_o[17]
accelerator_read_response_data_o[180]
accelerator_read_response_data_o[181]
accelerator_read_response_data_o[182]
accelerator_read_response_data_o[183]
accelerator_read_response_data_o[184]
accelerator_read_response_data_o[185]
accelerator_read_response_data_o[186]
accelerator_read_response_data_o[187]
accelerator_read_response_data_o[188]
accelerator_read_response_data_o[189]
accelerator_read_response_data_o[18]
accelerator_read_response_data_o[190]
accelerator_read_response_data_o[191]
accelerator_read_response_data_o[192]
accelerator_read_response_data_o[193]
accelerator_read_response_data_o[194]
accelerator_read_response_data_o[195]
accelerator_read_response_data_o[196]
accelerator_read_response_data_o[197]
accelerator_read_response_data_o[198]
accelerator_read_response_data_o[199]
accelerator_read_response_data_o[19]
accelerator_read_response_data_o[1]
accelerator_read_response_data_o[200]
accelerator_read_response_data_o[201]
accelerator_read_response_data_o[202]
accelerator_read_response_data_o[203]
accelerator_read_response_data_o[204]
accelerator_read_response_data_o[205]
accelerator_read_response_data_o[206]
accelerator_read_response_data_o[207]
accelerator_read_response_data_o[208]
accelerator_read_response_data_o[209]
accelerator_read_response_data_o[20]
accelerator_read_response_data_o[210]
accelerator_read_response_data_o[211]
accelerator_read_response_data_o[212]
accelerator_read_response_data_o[213]
accelerator_read_response_data_o[214]
accelerator_read_response_data_o[215]
accelerator_read_response_data_o[216]
accelerator_read_response_data_o[217]
accelerator_read_response_data_o[218]
accelerator_read_response_data_o[219]
accelerator_read_response_data_o[21]
accelerator_read_response_data_o[220]
accelerator_read_response_data_o[221]
accelerator_read_response_data_o[222]
accelerator_read_response_data_o[223]
accelerator_read_response_data_o[224]
accelerator_read_response_data_o[225]
accelerator_read_response_data_o[226]
accelerator_read_response_data_o[227]
accelerator_read_response_data_o[228]
accelerator_read_response_data_o[229]
accelerator_read_response_data_o[22]
accelerator_read_response_data_o[230]
accelerator_read_response_data_o[231]
accelerator_read_response_data_o[232]
accelerator_read_response_data_o[233]
accelerator_read_response_data_o[234]
accelerator_read_response_data_o[235]
accelerator_read_response_data_o[236]
accelerator_read_response_data_o[237]
accelerator_read_response_data_o[238]
accelerator_read_response_data_o[239]
accelerator_read_response_data_o[23]
accelerator_read_response_data_o[240]
accelerator_read_response_data_o[241]
accelerator_read_response_data_o[242]
accelerator_read_response_data_o[243]
accelerator_read_response_data_o[244]
accelerator_read_response_data_o[245]
accelerator_read_response_data_o[246]
accelerator_read_response_data_o[247]
accelerator_read_response_data_o[248]
accelerator_read_response_data_o[249]
accelerator_read_response_data_o[24]
accelerator_read_response_data_o[250]
accelerator_read_response_data_o[251]
accelerator_read_response_data_o[252]
accelerator_read_response_data_o[253]
accelerator_read_response_data_o[254]
accelerator_read_response_data_o[255]
accelerator_read_response_data_o[256]
accelerator_read_response_data_o[257]
accelerator_read_response_data_o[258]
accelerator_read_response_data_o[259]
accelerator_read_response_data_o[25]
accelerator_read_response_data_o[260]
accelerator_read_response_data_o[261]
accelerator_read_response_data_o[262]
accelerator_read_response_data_o[263]
accelerator_read_response_data_o[264]
accelerator_read_response_data_o[265]
accelerator_read_response_data_o[266]
accelerator_read_response_data_o[267]
accelerator_read_response_data_o[268]
accelerator_read_response_data_o[269]
accelerator_read_response_data_o[26]
accelerator_read_response_data_o[270]
accelerator_read_response_data_o[271]
accelerator_read_response_data_o[272]
accelerator_read_response_data_o[273]
accelerator_read_response_data_o[274]
accelerator_read_response_data_o[275]
accelerator_read_response_data_o[276]
accelerator_read_response_data_o[277]
accelerator_read_response_data_o[278]
accelerator_read_response_data_o[279]
accelerator_read_response_data_o[27]
accelerator_read_response_data_o[280]
accelerator_read_response_data_o[281]
accelerator_read_response_data_o[282]
accelerator_read_response_data_o[283]
accelerator_read_response_data_o[284]
accelerator_read_response_data_o[285]
accelerator_read_response_data_o[286]
accelerator_read_response_data_o[287]
accelerator_read_response_data_o[288]
accelerator_read_response_data_o[289]
accelerator_read_response_data_o[28]
accelerator_read_response_data_o[290]
accelerator_read_response_data_o[291]
accelerator_read_response_data_o[292]
accelerator_read_response_data_o[293]
accelerator_read_response_data_o[294]
accelerator_read_response_data_o[295]
accelerator_read_response_data_o[296]
accelerator_read_response_data_o[297]
accelerator_read_response_data_o[298]
accelerator_read_response_data_o[299]
accelerator_read_response_data_o[29]
accelerator_read_response_data_o[2]
accelerator_read_response_data_o[300]
accelerator_read_response_data_o[301]
accelerator_read_response_data_o[302]
accelerator_read_response_data_o[303]
accelerator_read_response_data_o[304]
accelerator_read_response_data_o[305]
accelerator_read_response_data_o[306]
accelerator_read_response_data_o[307]
accelerator_read_response_data_o[308]
accelerator_read_response_data_o[309]
accelerator_read_response_data_o[30]
accelerator_read_response_data_o[310]
accelerator_read_response_data_o[311]
accelerator_read_response_data_o[312]
accelerator_read_response_data_o[313]
accelerator_read_response_data_o[314]
accelerator_read_response_data_o[315]
accelerator_read_response_data_o[316]
accelerator_read_response_data_o[317]
accelerator_read_response_data_o[318]
accelerator_read_response_data_o[319]
accelerator_read_response_data_o[31]
accelerator_read_response_data_o[320]
accelerator_read_response_data_o[321]
accelerator_read_response_data_o[322]
accelerator_read_response_data_o[323]
accelerator_read_response_data_o[324]
accelerator_read_response_data_o[325]
accelerator_read_response_data_o[326]
accelerator_read_response_data_o[327]
accelerator_read_response_data_o[328]
accelerator_read_response_data_o[329]
accelerator_read_response_data_o[32]
accelerator_read_response_data_o[330]
accelerator_read_response_data_o[331]
accelerator_read_response_data_o[332]
accelerator_read_response_data_o[333]
accelerator_read_response_data_o[334]
accelerator_read_response_data_o[335]
accelerator_read_response_data_o[336]
accelerator_read_response_data_o[337]
accelerator_read_response_data_o[338]
accelerator_read_response_data_o[339]
accelerator_read_response_data_o[33]
accelerator_read_response_data_o[340]
accelerator_read_response_data_o[341]
accelerator_read_response_data_o[342]
accelerator_read_response_data_o[343]
accelerator_read_response_data_o[344]
accelerator_read_response_data_o[345]
accelerator_read_response_data_o[346]
accelerator_read_response_data_o[347]
accelerator_read_response_data_o[348]
accelerator_read_response_data_o[349]
accelerator_read_response_data_o[34]
accelerator_read_response_data_o[350]
accelerator_read_response_data_o[351]
accelerator_read_response_data_o[352]
accelerator_read_response_data_o[353]
accelerator_read_response_data_o[354]
accelerator_read_response_data_o[355]
accelerator_read_response_data_o[356]
accelerator_read_response_data_o[357]
accelerator_read_response_data_o[358]
accelerator_read_response_data_o[359]
accelerator_read_response_data_o[35]
accelerator_read_response_data_o[360]
accelerator_read_response_data_o[361]
accelerator_read_response_data_o[362]
accelerator_read_response_data_o[363]
accelerator_read_response_data_o[364]
accelerator_read_response_data_o[365]
accelerator_read_response_data_o[366]
accelerator_read_response_data_o[367]
accelerator_read_response_data_o[368]
accelerator_read_response_data_o[369]
accelerator_read_response_data_o[36]
accelerator_read_response_data_o[370]
accelerator_read_response_data_o[371]
accelerator_read_response_data_o[372]
accelerator_read_response_data_o[373]
accelerator_read_response_data_o[374]
accelerator_read_response_data_o[375]
accelerator_read_response_data_o[376]
accelerator_read_response_data_o[377]
accelerator_read_response_data_o[378]
accelerator_read_response_data_o[379]
accelerator_read_response_data_o[37]
accelerator_read_response_data_o[380]
accelerator_read_response_data_o[381]
accelerator_read_response_data_o[382]
accelerator_read_response_data_o[383]
accelerator_read_response_data_o[384]
accelerator_read_response_data_o[385]
accelerator_read_response_data_o[386]
accelerator_read_response_data_o[387]
accelerator_read_response_data_o[388]
accelerator_read_response_data_o[389]
accelerator_read_response_data_o[38]
accelerator_read_response_data_o[390]
accelerator_read_response_data_o[391]
accelerator_read_response_data_o[392]
accelerator_read_response_data_o[393]
accelerator_read_response_data_o[394]
accelerator_read_response_data_o[395]
accelerator_read_response_data_o[396]
accelerator_read_response_data_o[397]
accelerator_read_response_data_o[398]
accelerator_read_response_data_o[399]
accelerator_read_response_data_o[39]
accelerator_read_response_data_o[3]
accelerator_read_response_data_o[400]
accelerator_read_response_data_o[401]
accelerator_read_response_data_o[402]
accelerator_read_response_data_o[403]
accelerator_read_response_data_o[404]
accelerator_read_response_data_o[405]
accelerator_read_response_data_o[406]
accelerator_read_response_data_o[407]
accelerator_read_response_data_o[408]
accelerator_read_response_data_o[409]
accelerator_read_response_data_o[40]
accelerator_read_response_data_o[410]
accelerator_read_response_data_o[411]
accelerator_read_response_data_o[412]
accelerator_read_response_data_o[413]
accelerator_read_response_data_o[414]
accelerator_read_response_data_o[415]
accelerator_read_response_data_o[416]
accelerator_read_response_data_o[417]
accelerator_read_response_data_o[418]
accelerator_read_response_data_o[419]
accelerator_read_response_data_o[41]
accelerator_read_response_data_o[420]
accelerator_read_response_data_o[421]
accelerator_read_response_data_o[422]
accelerator_read_response_data_o[423]
accelerator_read_response_data_o[424]
accelerator_read_response_data_o[425]
accelerator_read_response_data_o[426]
accelerator_read_response_data_o[427]
accelerator_read_response_data_o[428]
accelerator_read_response_data_o[429]
accelerator_read_response_data_o[42]
accelerator_read_response_data_o[430]
accelerator_read_response_data_o[431]
accelerator_read_response_data_o[432]
accelerator_read_response_data_o[433]
accelerator_read_response_data_o[434]
accelerator_read_response_data_o[435]
accelerator_read_response_data_o[436]
accelerator_read_response_data_o[437]
accelerator_read_response_data_o[438]
accelerator_read_response_data_o[439]
accelerator_read_response_data_o[43]
accelerator_read_response_data_o[440]
accelerator_read_response_data_o[441]
accelerator_read_response_data_o[442]
accelerator_read_response_data_o[443]
accelerator_read_response_data_o[444]
accelerator_read_response_data_o[445]
accelerator_read_response_data_o[446]
accelerator_read_response_data_o[447]
accelerator_read_response_data_o[448]
accelerator_read_response_data_o[449]
accelerator_read_response_data_o[44]
accelerator_read_response_data_o[450]
accelerator_read_response_data_o[451]
accelerator_read_response_data_o[452]
accelerator_read_response_data_o[453]
accelerator_read_response_data_o[454]
accelerator_read_response_data_o[455]
accelerator_read_response_data_o[456]
accelerator_read_response_data_o[457]
accelerator_read_response_data_o[458]
accelerator_read_response_data_o[459]
accelerator_read_response_data_o[45]
accelerator_read_response_data_o[460]
accelerator_read_response_data_o[461]
accelerator_read_response_data_o[462]
accelerator_read_response_data_o[463]
accelerator_read_response_data_o[464]
accelerator_read_response_data_o[465]
accelerator_read_response_data_o[466]
accelerator_read_response_data_o[467]
accelerator_read_response_data_o[468]
accelerator_read_response_data_o[469]
accelerator_read_response_data_o[46]
accelerator_read_response_data_o[470]
accelerator_read_response_data_o[471]
accelerator_read_response_data_o[472]
accelerator_read_response_data_o[473]
accelerator_read_response_data_o[474]
accelerator_read_response_data_o[475]
accelerator_read_response_data_o[476]
accelerator_read_response_data_o[477]
accelerator_read_response_data_o[478]
accelerator_read_response_data_o[479]
accelerator_read_response_data_o[47]
accelerator_read_response_data_o[480]
accelerator_read_response_data_o[481]
accelerator_read_response_data_o[482]
accelerator_read_response_data_o[483]
accelerator_read_response_data_o[484]
accelerator_read_response_data_o[485]
accelerator_read_response_data_o[486]
accelerator_read_response_data_o[487]
accelerator_read_response_data_o[488]
accelerator_read_response_data_o[489]
accelerator_read_response_data_o[48]
accelerator_read_response_data_o[490]
accelerator_read_response_data_o[491]
accelerator_read_response_data_o[492]
accelerator_read_response_data_o[493]
accelerator_read_response_data_o[494]
accelerator_read_response_data_o[495]
accelerator_read_response_data_o[496]
accelerator_read_response_data_o[497]
accelerator_read_response_data_o[498]
accelerator_read_response_data_o[499]
accelerator_read_response_data_o[49]
accelerator_read_response_data_o[4]
accelerator_read_response_data_o[500]
accelerator_read_response_data_o[501]
accelerator_read_response_data_o[502]
accelerator_read_response_data_o[503]
accelerator_read_response_data_o[504]
accelerator_read_response_data_o[505]
accelerator_read_response_data_o[506]
accelerator_read_response_data_o[507]
accelerator_read_response_data_o[508]
accelerator_read_response_data_o[509]
accelerator_read_response_data_o[50]
accelerator_read_response_data_o[510]
accelerator_read_response_data_o[511]
accelerator_read_response_data_o[51]
accelerator_read_response_data_o[52]
accelerator_read_response_data_o[53]
accelerator_read_response_data_o[54]
accelerator_read_response_data_o[55]
accelerator_read_response_data_o[56]
accelerator_read_response_data_o[57]
accelerator_read_response_data_o[58]
accelerator_read_response_data_o[59]
accelerator_read_response_data_o[5]
accelerator_read_response_data_o[60]
accelerator_read_response_data_o[61]
accelerator_read_response_data_o[62]
accelerator_read_response_data_o[63]
accelerator_read_response_data_o[64]
accelerator_read_response_data_o[65]
accelerator_read_response_data_o[66]
accelerator_read_response_data_o[67]
accelerator_read_response_data_o[68]
accelerator_read_response_data_o[69]
accelerator_read_response_data_o[6]
accelerator_read_response_data_o[70]
accelerator_read_response_data_o[71]
accelerator_read_response_data_o[72]
accelerator_read_response_data_o[73]
accelerator_read_response_data_o[74]
accelerator_read_response_data_o[75]
accelerator_read_response_data_o[76]
accelerator_read_response_data_o[77]
accelerator_read_response_data_o[78]
accelerator_read_response_data_o[79]
accelerator_read_response_data_o[7]
accelerator_read_response_data_o[80]
accelerator_read_response_data_o[81]
accelerator_read_response_data_o[82]
accelerator_read_response_data_o[83]
accelerator_read_response_data_o[84]
accelerator_read_response_data_o[85]
accelerator_read_response_data_o[86]
accelerator_read_response_data_o[87]
accelerator_read_response_data_o[88]
accelerator_read_response_data_o[89]
accelerator_read_response_data_o[8]
accelerator_read_response_data_o[90]
accelerator_read_response_data_o[91]
accelerator_read_response_data_o[92]
accelerator_read_response_data_o[93]
accelerator_read_response_data_o[94]
accelerator_read_response_data_o[95]
accelerator_read_response_data_o[96]
accelerator_read_response_data_o[97]
accelerator_read_response_data_o[98]
accelerator_read_response_data_o[99]
accelerator_read_response_data_o[9]
accelerator_read_response_valid_o
dma_read_request_ready_o
dma_read_response_data_o[0]
dma_read_response_data_o[10]
dma_read_response_data_o[11]
dma_read_response_data_o[12]
dma_read_response_data_o[13]
dma_read_response_data_o[14]
dma_read_response_data_o[15]
dma_read_response_data_o[16]
dma_read_response_data_o[17]
dma_read_response_data_o[18]
dma_read_response_data_o[19]
dma_read_response_data_o[1]
dma_read_response_data_o[20]
dma_read_response_data_o[21]
dma_read_response_data_o[22]
dma_read_response_data_o[23]
dma_read_response_data_o[24]
dma_read_response_data_o[25]
dma_read_response_data_o[26]
dma_read_response_data_o[27]
dma_read_response_data_o[28]
dma_read_response_data_o[29]
dma_read_response_data_o[2]
dma_read_response_data_o[30]
dma_read_response_data_o[31]
dma_read_response_data_o[32]
dma_read_response_data_o[33]
dma_read_response_data_o[34]
dma_read_response_data_o[35]
dma_read_response_data_o[36]
dma_read_response_data_o[37]
dma_read_response_data_o[38]
dma_read_response_data_o[39]
dma_read_response_data_o[3]
dma_read_response_data_o[40]
dma_read_response_data_o[41]
dma_read_response_data_o[42]
dma_read_response_data_o[43]
dma_read_response_data_o[44]
dma_read_response_data_o[45]
dma_read_response_data_o[46]
dma_read_response_data_o[47]
dma_read_response_data_o[48]
dma_read_response_data_o[49]
dma_read_response_data_o[4]
dma_read_response_data_o[50]
dma_read_response_data_o[51]
dma_read_response_data_o[52]
dma_read_response_data_o[53]
dma_read_response_data_o[54]
dma_read_response_data_o[55]
dma_read_response_data_o[56]
dma_read_response_data_o[57]
dma_read_response_data_o[58]
dma_read_response_data_o[59]
dma_read_response_data_o[5]
dma_read_response_data_o[60]
dma_read_response_data_o[61]
dma_read_response_data_o[62]
dma_read_response_data_o[63]
dma_read_response_data_o[6]
dma_read_response_data_o[7]
dma_read_response_data_o[8]
dma_read_response_data_o[9]
dma_read_response_valid_o

 There are 0 ports with no output delay but user has a false path constraint

 There are 0 ports with no output delay but with a timing clock defined on it or propagating through it


7. checking multiple_clock (0)
------------------------------
 There are 0 register/latch pins with multiple clocks.


8. checking generated_clocks (0)
--------------------------------
 There are 0 generated clocks that are not connected to a clock source.


9. checking loops (0)
---------------------
 There are 0 combinational loops in the design.


10. checking partial_input_delay (0)
------------------------------------
 There are 0 input ports with partial input delay specified.


11. checking partial_output_delay (0)
-------------------------------------
 There are 0 ports with partial output delay specified.


12. checking latch_loops (0)
----------------------------
 There are 0 combinational latch loops in the design through latch input


